Command line invocation:
    /Applications/Xcode.app/Contents/Developer/usr/bin/xcodebuild test -project Havital.xcodeproj -scheme Havital -destination "platform=iOS Simulator,name=iPhone 17 Pro" -configuration Debug -enableCodeCoverage YES -parallel-testing-enabled NO "-skip-testing:HavitalUITests" "-skip-testing:HavitalTests/TrainingPlanRepositoryIntegrationTests" "-skip-testing:HavitalTests/TrainingPlanUseCaseIntegrationTests" "-skip-testing:HavitalTests/TrainingPlanFlowIntegrationTests" "-skip-testing:HavitalTests/TrainingPlanViewModelIntegrationTests" "-skip-testing:HavitalTests/TargetToOverviewIntegrationTests" -derivedDataPath /tmp/havital-xcodebuild/derivedData -skipPackageUpdates

Resolve Package Graph


Resolved source packages:
  GTMAppAuth: https://github.com/google/GTMAppAuth.git @ 4.1.1
  AppCheck: https://github.com/google/app-check.git @ 11.3.1
  GoogleAdsOnDeviceConversion: https://github.com/googleads/google-ads-on-device-conversion-ios-sdk @ 2.3.0
  nanopb: https://github.com/firebase/nanopb.git @ 2.30910.1
  GoogleUtilities: https://github.com/google/GoogleUtilities.git @ 8.1.2
  Promises: https://github.com/google/promises.git @ 2.4.1
  Firebase: https://github.com/firebase/firebase-ios-sdk @ 11.15.0
  GTMSessionFetcher: https://github.com/google/gtm-session-fetcher.git @ 3.5.0
  InteropForGoogle: https://github.com/google/interop-ios-for-google-sdks.git @ 101.0.0
  GoogleAppMeasurement: https://github.com/google/GoogleAppMeasurement.git @ 11.15.0
  gRPC: https://github.com/google/grpc-binary.git @ 1.69.1
  SwiftProtobuf: https://github.com/apple/swift-protobuf.git @ 1.38.1
  generative-ai-swift: https://github.com/google/generative-ai-swift @ 0.5.6
  abseil: https://github.com/google/abseil-cpp-binary.git @ 1.2024072200.0
  GoogleDataTransport: https://github.com/google/GoogleDataTransport.git @ 10.1.1
  AppAuth: https://github.com/openid/AppAuth-iOS.git @ 1.7.6
  GoogleSignIn: https://github.com/google/GoogleSignIn-iOS.git @ 8.0.0
  RevenueCat: https://github.com/RevenueCat/purchases-ios @ 5.85.0
  leveldb: https://github.com/firebase/leveldb.git @ 1.22.5

ComputePackagePrebuildTargetDependencyGraph

Prepare packages

CreateBuildRequest

SendProjectDescription

CreateBuildOperation

ComputeTargetDependencyGraph
note: Building targets in dependency order
note: Target dependency graph (122 targets)
    Target 'HavitalUITests' in project 'Havital'
        ➜ Explicit dependency on target 'Havital' in project 'Havital'
    Target 'HavitalTests' in project 'Havital'
        ➜ Explicit dependency on target 'Havital' in project 'Havital'
        ➜ Explicit dependency on target 'GoogleGenerativeAI' in project 'generative-ai-swift'
    Target 'Havital' in project 'Havital'
        ➜ Explicit dependency on target 'HavitalWatch' in project 'Havital'
        ➜ Explicit dependency on target 'FirebaseMessaging' in project 'Firebase'
        ➜ Explicit dependency on target 'FirebaseAnalytics' in project 'Firebase'
        ➜ Explicit dependency on target 'RevenueCat' in project 'RevenueCat'
        ➜ Explicit dependency on target 'FirebaseCore' in project 'Firebase'
        ➜ Explicit dependency on target 'FirebaseAppCheck' in project 'Firebase'
        ➜ Explicit dependency on target 'GoogleGenerativeAI' in project 'generative-ai-swift'
        ➜ Explicit dependency on target 'FirebaseStorage' in project 'Firebase'
        ➜ Explicit dependency on target 'GoogleSignIn' in project 'GoogleSignIn'
        ➜ Explicit dependency on target 'FirebaseAuth' in project 'Firebase'
        ➜ Explicit dependency on target 'FirebaseFirestore' in project 'Firebase'
        ➜ Explicit dependency on target 'FirebaseRemoteConfig' in project 'Firebase'
        ➜ Explicit dependency on target 'GoogleSignInSwift' in project 'GoogleSignIn'
    Target 'GoogleSignInSwift' in project 'GoogleSignIn'
        ➜ Explicit dependency on target 'GoogleSignInSwift' in project 'GoogleSignIn'
        ➜ Explicit dependency on target 'GoogleSignIn_GoogleSignInSwift' in project 'GoogleSignIn'
        ➜ Explicit dependency on target 'GoogleSignIn' in project 'GoogleSignIn'
        ➜ Explicit dependency on target 'AppAuth' in project 'AppAuth'
        ➜ Explicit dependency on target 'AppCheckCore' in project 'AppCheck'
        ➜ Explicit dependency on target 'GTMAppAuth' in project 'GTMAppAuth'
        ➜ Explicit dependency on target 'GTMSessionFetcherCore' in project 'GTMSessionFetcher'
    Target 'GoogleSignInSwift' in project 'GoogleSignIn'
        ➜ Explicit dependency on target 'GoogleSignIn_GoogleSignInSwift' in project 'GoogleSignIn'
        ➜ Explicit dependency on target 'GoogleSignIn' in project 'GoogleSignIn'
        ➜ Explicit dependency on target 'AppAuth' in project 'AppAuth'
        ➜ Explicit dependency on target 'AppCheckCore' in project 'AppCheck'
        ➜ Explicit dependency on target 'GTMAppAuth' in project 'GTMAppAuth'
        ➜ Explicit dependency on target 'GTMSessionFetcherCore' in project 'GTMSessionFetcher'
    Target 'GoogleSignIn_GoogleSignInSwift' in project 'GoogleSignIn' (no dependencies)
    Target 'FirebaseRemoteConfig' in project 'Firebase'
        ➜ Explicit dependency on target 'FirebaseRemoteConfig' in project 'Firebase'
        ➜ Explicit dependency on target 'Firebase_FirebaseRemoteConfig' in project 'Firebase'
        ➜ Explicit dependency on target 'Firebase' in project 'Firebase'
        ➜ Explicit dependency on target 'FirebaseCoreInternal' in project 'Firebase'
        ➜ Explicit dependency on target 'FirebaseCore' in project 'Firebase'
        ➜ Explicit dependency on target 'FirebaseABTesting' in project 'Firebase'
        ➜ Explicit dependency on target 'FirebaseInstallations' in project 'Firebase'
        ➜ Explicit dependency on target 'FirebaseRemoteConfigInterop' in project 'Firebase'
        ➜ Explicit dependency on target 'FirebaseRemoteConfigInternal' in project 'Firebase'
        ➜ Explicit dependency on target 'FirebaseSharedSwift' in project 'Firebase'
        ➜ Explicit dependency on target 'GULNSData' in project 'GoogleUtilities'
        ➜ Explicit dependency on target 'GULEnvironment' in project 'GoogleUtilities'
        ➜ Explicit dependency on target 'GULLogger' in project 'GoogleUtilities'
        ➜ Explicit dependency on target 'FBLPromises' in project 'Promises'
        ➜ Explicit dependency on target 'GULUserDefaults' in project 'GoogleUtilities'
    Target 'FirebaseRemoteConfig' in project 'Firebase'
        ➜ Explicit dependency on target 'Firebase_FirebaseRemoteConfig' in project 'Firebase'
        ➜ Explicit dependency on target 'Firebase' in project 'Firebase'
        ➜ Explicit dependency on target 'FirebaseCoreInternal' in project 'Firebase'
        ➜ Explicit dependency on target 'FirebaseCore' in project 'Firebase'
        ➜ Explicit dependency on target 'FirebaseABTesting' in project 'Firebase'
        ➜ Explicit dependency on target 'FirebaseInstallations' in project 'Firebase'
        ➜ Explicit dependency on target 'FirebaseRemoteConfigInterop' in project 'Firebase'
        ➜ Explicit dependency on target 'FirebaseRemoteConfigInternal' in project 'Firebase'
        ➜ Explicit dependency on target 'FirebaseSharedSwift' in project 'Firebase'
        ➜ Explicit dependency on target 'GULNSData' in project 'GoogleUtilities'
        ➜ Explicit dependency on target 'GULEnvironment' in project 'GoogleUtilities'
        ➜ Explicit dependency on target 'GULLogger' in project 'GoogleUtilities'
        ➜ Explicit dependency on target 'FBLPromises' in project 'Promises'
        ➜ Explicit dependency on target 'GULUserDefaults' in project 'GoogleUtilities'
    Target 'FirebaseRemoteConfigInternal' in project 'Firebase'
        ➜ Explicit dependency on target 'Firebase' in project 'Firebase'
        ➜ Explicit dependency on target 'FirebaseCoreInternal' in project 'Firebase'
        ➜ Explicit dependency on target 'FirebaseCore' in project 'Firebase'
        ➜ Explicit dependency on target 'FirebaseABTesting' in project 'Firebase'
        ➜ Explicit dependency on target 'FirebaseInstallations' in project 'Firebase'
        ➜ Explicit dependency on target 'FirebaseRemoteConfigInterop' in project 'Firebase'
        ➜ Explicit dependency on target 'GULNSData' in project 'GoogleUtilities'
        ➜ Explicit dependency on target 'GULEnvironment' in project 'GoogleUtilities'
        ➜ Explicit dependency on target 'GULLogger' in project 'GoogleUtilities'
        ➜ Explicit dependency on target 'FBLPromises' in project 'Promises'
        ➜ Explicit dependency on target 'GULUserDefaults' in project 'GoogleUtilities'
    Target 'FirebaseRemoteConfigInterop' in project 'Firebase' (no dependencies)
    Target 'FirebaseABTesting' in project 'Firebase'
        ➜ Explicit dependency on target 'Firebase_FirebaseABTesting' in project 'Firebase'
        ➜ Explicit dependency on target 'Firebase' in project 'Firebase'
        ➜ Explicit dependency on target 'FirebaseCoreInternal' in project 'Firebase'
        ➜ Explicit dependency on target 'FirebaseCore' in project 'Firebase'
        ➜ Explicit dependency on target 'GULNSData' in project 'GoogleUtilities'
        ➜ Explicit dependency on target 'GULEnvironment' in project 'GoogleUtilities'
        ➜ Explicit dependency on target 'GULLogger' in project 'GoogleUtilities'
    Target 'Firebase_FirebaseABTesting' in project 'Firebase' (no dependencies)
    Target 'Firebase_FirebaseRemoteConfig' in project 'Firebase' (no dependencies)
    Target 'FirebaseFirestore' in project 'Firebase'
        ➜ Explicit dependency on target 'FirebaseFirestoreTarget' in project 'Firebase'
        ➜ Explicit dependency on target 'FirebaseFirestoreInternalWrapper' in project 'Firebase'
        ➜ Explicit dependency on target 'FirebaseAppCheckInterop' in project 'Firebase'
        ➜ Explicit dependency on target 'Firebase' in project 'Firebase'
        ➜ Explicit dependency on target 'FirebaseCoreInternal' in project 'Firebase'
        ➜ Explicit dependency on target 'FirebaseCore' in project 'Firebase'
        ➜ Explicit dependency on target 'FirebaseCoreExtension' in project 'Firebase'
        ➜ Explicit dependency on target 'FirebaseSharedSwift' in project 'Firebase'
        ➜ Explicit dependency on target 'FirebaseFirestore' in project 'Firebase'
        ➜ Explicit dependency on target 'GULNSData' in project 'GoogleUtilities'
        ➜ Explicit dependency on target 'GULEnvironment' in project 'GoogleUtilities'
        ➜ Explicit dependency on target 'GULLogger' in project 'GoogleUtilities'
        ➜ Explicit dependency on target 'abseil' in project 'abseil'
        ➜ Explicit dependency on target 'gRPC-C++' in project 'gRPC'
        ➜ Explicit dependency on target 'nanopb' in project 'nanopb'
        ➜ Explicit dependency on target 'leveldb' in project 'leveldb'
    Target 'FirebaseFirestoreTarget' in project 'Firebase'
        ➜ Explicit dependency on target 'FirebaseFirestoreInternalWrapper' in project 'Firebase'
        ➜ Explicit dependency on target 'FirebaseAppCheckInterop' in project 'Firebase'
        ➜ Explicit dependency on target 'Firebase' in project 'Firebase'
        ➜ Explicit dependency on target 'FirebaseCoreInternal' in project 'Firebase'
        ➜ Explicit dependency on target 'FirebaseCore' in project 'Firebase'
        ➜ Explicit dependency on target 'FirebaseCoreExtension' in project 'Firebase'
        ➜ Explicit dependency on target 'FirebaseSharedSwift' in project 'Firebase'
        ➜ Explicit dependency on target 'FirebaseFirestore' in project 'Firebase'
        ➜ Explicit dependency on target 'GULNSData' in project 'GoogleUtilities'
        ➜ Explicit dependency on target 'GULEnvironment' in project 'GoogleUtilities'
        ➜ Explicit dependency on target 'GULLogger' in project 'GoogleUtilities'
        ➜ Explicit dependency on target 'abseil' in project 'abseil'
        ➜ Explicit dependency on target 'gRPC-C++' in project 'gRPC'
        ➜ Explicit dependency on target 'nanopb' in project 'nanopb'
        ➜ Explicit dependency on target 'leveldb' in project 'leveldb'
    Target 'FirebaseFirestore' in project 'Firebase'
        ➜ Explicit dependency on target 'Firebase_FirebaseFirestore' in project 'Firebase'
        ➜ Explicit dependency on target 'FirebaseFirestoreInternalWrapper' in project 'Firebase'
        ➜ Explicit dependency on target 'FirebaseAppCheckInterop' in project 'Firebase'
        ➜ Explicit dependency on target 'Firebase' in project 'Firebase'
        ➜ Explicit dependency on target 'FirebaseCoreInternal' in project 'Firebase'
        ➜ Explicit dependency on target 'FirebaseCore' in project 'Firebase'
        ➜ Explicit dependency on target 'FirebaseCoreExtension' in project 'Firebase'
        ➜ Explicit dependency on target 'FirebaseSharedSwift' in project 'Firebase'
        ➜ Explicit dependency on target 'GULNSData' in project 'GoogleUtilities'
        ➜ Explicit dependency on target 'GULEnvironment' in project 'GoogleUtilities'
        ➜ Explicit dependency on target 'GULLogger' in project 'GoogleUtilities'
        ➜ Explicit dependency on target 'abseil' in project 'abseil'
        ➜ Explicit dependency on target 'gRPC-C++' in project 'gRPC'
        ➜ Explicit dependency on target 'nanopb' in project 'nanopb'
        ➜ Explicit dependency on target 'leveldb' in project 'leveldb'
    Target 'leveldb' in project 'leveldb'
        ➜ Explicit dependency on target 'leveldb' in project 'leveldb'
        ➜ Explicit dependency on target 'leveldb_leveldb' in project 'leveldb'
    Target 'leveldb' in project 'leveldb'
        ➜ Explicit dependency on target 'leveldb_leveldb' in project 'leveldb'
    Target 'leveldb_leveldb' in project 'leveldb' (no dependencies)
    Target 'gRPC-C++' in project 'gRPC'
        ➜ Explicit dependency on target 'grpcppWrapper' in project 'gRPC'
        ➜ Explicit dependency on target 'gRPC_grpcppWrapper' in project 'gRPC'
        ➜ Explicit dependency on target 'grpcWrapper' in project 'gRPC'
        ➜ Explicit dependency on target 'opensslWrapper' in project 'gRPC'
        ➜ Explicit dependency on target 'abseil' in project 'abseil'
    Target 'grpcppWrapper' in project 'gRPC'
        ➜ Explicit dependency on target 'gRPC_grpcppWrapper' in project 'gRPC'
        ➜ Explicit dependency on target 'grpcWrapper' in project 'gRPC'
        ➜ Explicit dependency on target 'opensslWrapper' in project 'gRPC'
        ➜ Explicit dependency on target 'abseil' in project 'abseil'
    Target 'opensslWrapper' in project 'gRPC'
        ➜ Explicit dependency on target 'gRPC_opensslWrapper' in project 'gRPC'
    Target 'gRPC_opensslWrapper' in project 'gRPC' (no dependencies)
    Target 'grpcWrapper' in project 'gRPC'
        ➜ Explicit dependency on target 'gRPC_grpcWrapper' in project 'gRPC'
    Target 'gRPC_grpcWrapper' in project 'gRPC' (no dependencies)
    Target 'gRPC_grpcppWrapper' in project 'gRPC' (no dependencies)
    Target 'abseil' in project 'abseil'
        ➜ Explicit dependency on target 'abslWrapper' in project 'abseil'
        ➜ Explicit dependency on target 'abseil_abslWrapper' in project 'abseil'
    Target 'abslWrapper' in project 'abseil'
        ➜ Explicit dependency on target 'abseil_abslWrapper' in project 'abseil'
    Target 'abseil_abslWrapper' in project 'abseil' (no dependencies)
    Target 'Firebase_FirebaseFirestore' in project 'Firebase' (no dependencies)
    Target 'FirebaseSharedSwift' in project 'Firebase' (no dependencies)
    Target 'FirebaseFirestoreInternalWrapper' in project 'Firebase' (no dependencies)
    Target 'FirebaseAuth' in project 'Firebase'
        ➜ Explicit dependency on target 'FirebaseAuth' in project 'Firebase'
        ➜ Explicit dependency on target 'Firebase_FirebaseAuth' in project 'Firebase'
        ➜ Explicit dependency on target 'FirebaseAppCheckInterop' in project 'Firebase'
        ➜ Explicit dependency on target 'FirebaseAuthInterop' in project 'Firebase'
        ➜ Explicit dependency on target 'FirebaseAuthInternal' in project 'Firebase'
        ➜ Explicit dependency on target 'Firebase' in project 'Firebase'
        ➜ Explicit dependency on target 'FirebaseCoreInternal' in project 'Firebase'
        ➜ Explicit dependency on target 'FirebaseCore' in project 'Firebase'
        ➜ Explicit dependency on target 'FirebaseCoreExtension' in project 'Firebase'
        ➜ Explicit dependency on target 'RecaptchaInterop' in project 'InteropForGoogle'
        ➜ Explicit dependency on target 'GULNSData' in project 'GoogleUtilities'
        ➜ Explicit dependency on target 'GULEnvironment' in project 'GoogleUtilities'
        ➜ Explicit dependency on target 'GULLogger' in project 'GoogleUtilities'
        ➜ Explicit dependency on target 'GULAppDelegateSwizzler' in project 'GoogleUtilities'
        ➜ Explicit dependency on target 'GTMSessionFetcherCore' in project 'GTMSessionFetcher'
    Target 'FirebaseAuth' in project 'Firebase'
        ➜ Explicit dependency on target 'Firebase_FirebaseAuth' in project 'Firebase'
        ➜ Explicit dependency on target 'FirebaseAppCheckInterop' in project 'Firebase'
        ➜ Explicit dependency on target 'FirebaseAuthInterop' in project 'Firebase'
        ➜ Explicit dependency on target 'FirebaseAuthInternal' in project 'Firebase'
        ➜ Explicit dependency on target 'Firebase' in project 'Firebase'
        ➜ Explicit dependency on target 'FirebaseCoreInternal' in project 'Firebase'
        ➜ Explicit dependency on target 'FirebaseCore' in project 'Firebase'
        ➜ Explicit dependency on target 'FirebaseCoreExtension' in project 'Firebase'
        ➜ Explicit dependency on target 'RecaptchaInterop' in project 'InteropForGoogle'
        ➜ Explicit dependency on target 'GULNSData' in project 'GoogleUtilities'
        ➜ Explicit dependency on target 'GULEnvironment' in project 'GoogleUtilities'
        ➜ Explicit dependency on target 'GULLogger' in project 'GoogleUtilities'
        ➜ Explicit dependency on target 'GULAppDelegateSwizzler' in project 'GoogleUtilities'
        ➜ Explicit dependency on target 'GTMSessionFetcherCore' in project 'GTMSessionFetcher'
    Target 'FirebaseAuthInternal' in project 'Firebase'
        ➜ Explicit dependency on target 'RecaptchaInterop' in project 'InteropForGoogle'
    Target 'RecaptchaInterop' in project 'InteropForGoogle'
        ➜ Explicit dependency on target 'RecaptchaInterop' in project 'InteropForGoogle'
    Target 'RecaptchaInterop' in project 'InteropForGoogle' (no dependencies)
    Target 'Firebase_FirebaseAuth' in project 'Firebase' (no dependencies)
    Target 'GoogleSignIn' in project 'GoogleSignIn'
        ➜ Explicit dependency on target 'GoogleSignIn' in project 'GoogleSignIn'
        ➜ Explicit dependency on target 'GoogleSignIn_GoogleSignIn' in project 'GoogleSignIn'
        ➜ Explicit dependency on target 'AppAuth' in project 'AppAuth'
        ➜ Explicit dependency on target 'AppCheckCore' in project 'AppCheck'
        ➜ Explicit dependency on target 'GTMAppAuth' in project 'GTMAppAuth'
        ➜ Explicit dependency on target 'GTMSessionFetcherCore' in project 'GTMSessionFetcher'
    Target 'GoogleSignIn' in project 'GoogleSignIn'
        ➜ Explicit dependency on target 'GoogleSignIn_GoogleSignIn' in project 'GoogleSignIn'
        ➜ Explicit dependency on target 'AppAuth' in project 'AppAuth'
        ➜ Explicit dependency on target 'AppCheckCore' in project 'AppCheck'
        ➜ Explicit dependency on target 'GTMAppAuth' in project 'GTMAppAuth'
        ➜ Explicit dependency on target 'GTMSessionFetcherCore' in project 'GTMSessionFetcher'
    Target 'GTMAppAuth' in project 'GTMAppAuth'
        ➜ Explicit dependency on target 'GTMAppAuth' in project 'GTMAppAuth'
        ➜ Explicit dependency on target 'GTMAppAuth_GTMAppAuth' in project 'GTMAppAuth'
        ➜ Explicit dependency on target 'GTMSessionFetcherCore' in project 'GTMSessionFetcher'
        ➜ Explicit dependency on target 'AppAuthCore' in project 'AppAuth'
    Target 'GTMAppAuth' in project 'GTMAppAuth'
        ➜ Explicit dependency on target 'GTMAppAuth_GTMAppAuth' in project 'GTMAppAuth'
        ➜ Explicit dependency on target 'GTMSessionFetcherCore' in project 'GTMSessionFetcher'
        ➜ Explicit dependency on target 'AppAuthCore' in project 'AppAuth'
    Target 'AppAuthCore' in project 'AppAuth'
        ➜ Explicit dependency on target 'AppAuthCore' in project 'AppAuth'
        ➜ Explicit dependency on target 'AppAuth_AppAuthCore' in project 'AppAuth'
    Target 'GTMAppAuth_GTMAppAuth' in project 'GTMAppAuth' (no dependencies)
    Target 'AppAuth' in project 'AppAuth'
        ➜ Explicit dependency on target 'AppAuth' in project 'AppAuth'
        ➜ Explicit dependency on target 'AppAuth_AppAuth' in project 'AppAuth'
        ➜ Explicit dependency on target 'AppAuthCore' in project 'AppAuth'
    Target 'AppAuth' in project 'AppAuth'
        ➜ Explicit dependency on target 'AppAuth_AppAuth' in project 'AppAuth'
        ➜ Explicit dependency on target 'AppAuthCore' in project 'AppAuth'
    Target 'AppAuthCore' in project 'AppAuth'
        ➜ Explicit dependency on target 'AppAuth_AppAuthCore' in project 'AppAuth'
    Target 'AppAuth_AppAuthCore' in project 'AppAuth' (no dependencies)
    Target 'AppAuth_AppAuth' in project 'AppAuth' (no dependencies)
    Target 'GoogleSignIn_GoogleSignIn' in project 'GoogleSignIn' (no dependencies)
    Target 'FirebaseStorage' in project 'Firebase'
        ➜ Explicit dependency on target 'FirebaseStorage' in project 'Firebase'
        ➜ Explicit dependency on target 'FirebaseAppCheckInterop' in project 'Firebase'
        ➜ Explicit dependency on target 'FirebaseAuthInterop' in project 'Firebase'
        ➜ Explicit dependency on target 'Firebase' in project 'Firebase'
        ➜ Explicit dependency on target 'FirebaseCoreInternal' in project 'Firebase'
        ➜ Explicit dependency on target 'FirebaseCore' in project 'Firebase'
        ➜ Explicit dependency on target 'FirebaseCoreExtension' in project 'Firebase'
        ➜ Explicit dependency on target 'GULNSData' in project 'GoogleUtilities'
        ➜ Explicit dependency on target 'GULEnvironment' in project 'GoogleUtilities'
        ➜ Explicit dependency on target 'GULLogger' in project 'GoogleUtilities'
        ➜ Explicit dependency on target 'GTMSessionFetcherCore' in project 'GTMSessionFetcher'
    Target 'FirebaseStorage' in project 'Firebase'
        ➜ Explicit dependency on target 'FirebaseAppCheckInterop' in project 'Firebase'
        ➜ Explicit dependency on target 'FirebaseAuthInterop' in project 'Firebase'
        ➜ Explicit dependency on target 'Firebase' in project 'Firebase'
        ➜ Explicit dependency on target 'FirebaseCoreInternal' in project 'Firebase'
        ➜ Explicit dependency on target 'FirebaseCore' in project 'Firebase'
        ➜ Explicit dependency on target 'FirebaseCoreExtension' in project 'Firebase'
        ➜ Explicit dependency on target 'GULNSData' in project 'GoogleUtilities'
        ➜ Explicit dependency on target 'GULEnvironment' in project 'GoogleUtilities'
        ➜ Explicit dependency on target 'GULLogger' in project 'GoogleUtilities'
        ➜ Explicit dependency on target 'GTMSessionFetcherCore' in project 'GTMSessionFetcher'
    Target 'GTMSessionFetcherCore' in project 'GTMSessionFetcher'
        ➜ Explicit dependency on target 'GTMSessionFetcherCore' in project 'GTMSessionFetcher'
        ➜ Explicit dependency on target 'GTMSessionFetcher_GTMSessionFetcherCore' in project 'GTMSessionFetcher'
    Target 'GTMSessionFetcherCore' in project 'GTMSessionFetcher'
        ➜ Explicit dependency on target 'GTMSessionFetcher_GTMSessionFetcherCore' in project 'GTMSessionFetcher'
    Target 'GTMSessionFetcher_GTMSessionFetcherCore' in project 'GTMSessionFetcher' (no dependencies)
    Target 'FirebaseCoreExtension' in project 'Firebase'
        ➜ Explicit dependency on target 'Firebase_FirebaseCoreExtension' in project 'Firebase'
    Target 'Firebase_FirebaseCoreExtension' in project 'Firebase' (no dependencies)
    Target 'FirebaseAuthInterop' in project 'Firebase' (no dependencies)
    Target 'GoogleGenerativeAI' in project 'generative-ai-swift'
        ➜ Explicit dependency on target 'GoogleGenerativeAI' in project 'generative-ai-swift'
    Target 'GoogleGenerativeAI' in project 'generative-ai-swift' (no dependencies)
    Target 'FirebaseAppCheck' in project 'Firebase'
        ➜ Explicit dependency on target 'FirebaseAppCheck' in project 'Firebase'
        ➜ Explicit dependency on target 'FirebaseAppCheckInterop' in project 'Firebase'
        ➜ Explicit dependency on target 'Firebase' in project 'Firebase'
        ➜ Explicit dependency on target 'FirebaseCoreInternal' in project 'Firebase'
        ➜ Explicit dependency on target 'FirebaseCore' in project 'Firebase'
        ➜ Explicit dependency on target 'GULNSData' in project 'GoogleUtilities'
        ➜ Explicit dependency on target 'GULEnvironment' in project 'GoogleUtilities'
        ➜ Explicit dependency on target 'GULLogger' in project 'GoogleUtilities'
        ➜ Explicit dependency on target 'AppCheckCore' in project 'AppCheck'
        ➜ Explicit dependency on target 'GULUserDefaults' in project 'GoogleUtilities'
    Target 'FirebaseAppCheck' in project 'Firebase'
        ➜ Explicit dependency on target 'FirebaseAppCheckInterop' in project 'Firebase'
        ➜ Explicit dependency on target 'Firebase' in project 'Firebase'
        ➜ Explicit dependency on target 'FirebaseCoreInternal' in project 'Firebase'
        ➜ Explicit dependency on target 'FirebaseCore' in project 'Firebase'
        ➜ Explicit dependency on target 'GULNSData' in project 'GoogleUtilities'
        ➜ Explicit dependency on target 'GULEnvironment' in project 'GoogleUtilities'
        ➜ Explicit dependency on target 'GULLogger' in project 'GoogleUtilities'
        ➜ Explicit dependency on target 'AppCheckCore' in project 'AppCheck'
        ➜ Explicit dependency on target 'GULUserDefaults' in project 'GoogleUtilities'
    Target 'AppCheckCore' in project 'AppCheck'
        ➜ Explicit dependency on target 'AppCheckCore' in project 'AppCheck'
        ➜ Explicit dependency on target 'FBLPromises' in project 'Promises'
        ➜ Explicit dependency on target 'GULEnvironment' in project 'GoogleUtilities'
        ➜ Explicit dependency on target 'GULUserDefaults' in project 'GoogleUtilities'
    Target 'AppCheckCore' in project 'AppCheck'
        ➜ Explicit dependency on target 'FBLPromises' in project 'Promises'
        ➜ Explicit dependency on target 'GULEnvironment' in project 'GoogleUtilities'
        ➜ Explicit dependency on target 'GULUserDefaults' in project 'GoogleUtilities'
    Target 'FirebaseAppCheckInterop' in project 'Firebase' (no dependencies)
    Target 'FirebaseCore' in project 'Firebase'
        ➜ Explicit dependency on target 'FirebaseCore' in project 'Firebase'
        ➜ Explicit dependency on target 'Firebase_FirebaseCore' in project 'Firebase'
        ➜ Explicit dependency on target 'Firebase' in project 'Firebase'
        ➜ Explicit dependency on target 'FirebaseCoreInternal' in project 'Firebase'
        ➜ Explicit dependency on target 'GULNSData' in project 'GoogleUtilities'
        ➜ Explicit dependency on target 'GULEnvironment' in project 'GoogleUtilities'
        ➜ Explicit dependency on target 'GULLogger' in project 'GoogleUtilities'
    Target 'RevenueCat' in project 'RevenueCat'
        ➜ Explicit dependency on target 'RevenueCat' in project 'RevenueCat'
        ➜ Explicit dependency on target 'RevenueCat_RevenueCat' in project 'RevenueCat'
    Target 'RevenueCat' in project 'RevenueCat'
        ➜ Explicit dependency on target 'RevenueCat_RevenueCat' in project 'RevenueCat'
    Target 'RevenueCat_RevenueCat' in project 'RevenueCat' (no dependencies)
    Target 'FirebaseAnalytics' in project 'Firebase'
        ➜ Explicit dependency on target 'FirebaseAnalyticsTarget' in project 'Firebase'
        ➜ Explicit dependency on target 'Firebase' in project 'Firebase'
        ➜ Explicit dependency on target 'FirebaseCoreInternal' in project 'Firebase'
        ➜ Explicit dependency on target 'FirebaseCore' in project 'Firebase'
        ➜ Explicit dependency on target 'FirebaseInstallations' in project 'Firebase'
        ➜ Explicit dependency on target 'FirebaseAnalyticsWrapper' in project 'Firebase'
        ➜ Explicit dependency on target 'GULNSData' in project 'GoogleUtilities'
        ➜ Explicit dependency on target 'GULEnvironment' in project 'GoogleUtilities'
        ➜ Explicit dependency on target 'GULLogger' in project 'GoogleUtilities'
        ➜ Explicit dependency on target 'FBLPromises' in project 'Promises'
        ➜ Explicit dependency on target 'GULUserDefaults' in project 'GoogleUtilities'
        ➜ Explicit dependency on target 'GoogleAppMeasurement' in project 'GoogleAppMeasurement'
        ➜ Explicit dependency on target 'GULAppDelegateSwizzler' in project 'GoogleUtilities'
        ➜ Explicit dependency on target 'GULMethodSwizzler' in project 'GoogleUtilities'
        ➜ Explicit dependency on target 'GULNetwork' in project 'GoogleUtilities'
        ➜ Explicit dependency on target 'nanopb' in project 'nanopb'
    Target 'FirebaseAnalyticsTarget' in project 'Firebase'
        ➜ Explicit dependency on target 'Firebase' in project 'Firebase'
        ➜ Explicit dependency on target 'FirebaseCoreInternal' in project 'Firebase'
        ➜ Explicit dependency on target 'FirebaseCore' in project 'Firebase'
        ➜ Explicit dependency on target 'FirebaseInstallations' in project 'Firebase'
        ➜ Explicit dependency on target 'FirebaseAnalyticsWrapper' in project 'Firebase'
        ➜ Explicit dependency on target 'GULNSData' in project 'GoogleUtilities'
        ➜ Explicit dependency on target 'GULEnvironment' in project 'GoogleUtilities'
        ➜ Explicit dependency on target 'GULLogger' in project 'GoogleUtilities'
        ➜ Explicit dependency on target 'FBLPromises' in project 'Promises'
        ➜ Explicit dependency on target 'GULUserDefaults' in project 'GoogleUtilities'
        ➜ Explicit dependency on target 'GoogleAppMeasurement' in project 'GoogleAppMeasurement'
        ➜ Explicit dependency on target 'GULAppDelegateSwizzler' in project 'GoogleUtilities'
        ➜ Explicit dependency on target 'GULMethodSwizzler' in project 'GoogleUtilities'
        ➜ Explicit dependency on target 'GULNetwork' in project 'GoogleUtilities'
        ➜ Explicit dependency on target 'nanopb' in project 'nanopb'
    Target 'FirebaseAnalyticsWrapper' in project 'Firebase'
        ➜ Explicit dependency on target 'Firebase' in project 'Firebase'
        ➜ Explicit dependency on target 'FirebaseCoreInternal' in project 'Firebase'
        ➜ Explicit dependency on target 'FirebaseCore' in project 'Firebase'
        ➜ Explicit dependency on target 'FirebaseInstallations' in project 'Firebase'
        ➜ Explicit dependency on target 'GULNSData' in project 'GoogleUtilities'
        ➜ Explicit dependency on target 'GULEnvironment' in project 'GoogleUtilities'
        ➜ Explicit dependency on target 'GULLogger' in project 'GoogleUtilities'
        ➜ Explicit dependency on target 'FBLPromises' in project 'Promises'
        ➜ Explicit dependency on target 'GULUserDefaults' in project 'GoogleUtilities'
        ➜ Explicit dependency on target 'GoogleAppMeasurement' in project 'GoogleAppMeasurement'
        ➜ Explicit dependency on target 'GULAppDelegateSwizzler' in project 'GoogleUtilities'
        ➜ Explicit dependency on target 'GULMethodSwizzler' in project 'GoogleUtilities'
        ➜ Explicit dependency on target 'GULNetwork' in project 'GoogleUtilities'
        ➜ Explicit dependency on target 'nanopb' in project 'nanopb'
    Target 'GoogleAppMeasurement' in project 'GoogleAppMeasurement'
        ➜ Explicit dependency on target 'GoogleAppMeasurementTarget' in project 'GoogleAppMeasurement'
        ➜ Explicit dependency on target 'GULAppDelegateSwizzler' in project 'GoogleUtilities'
        ➜ Explicit dependency on target 'GULMethodSwizzler' in project 'GoogleUtilities'
        ➜ Explicit dependency on target 'GULNSData' in project 'GoogleUtilities'
        ➜ Explicit dependency on target 'GULNetwork' in project 'GoogleUtilities'
        ➜ Explicit dependency on target 'nanopb' in project 'nanopb'
        ➜ Explicit dependency on target 'GoogleAdsOnDeviceConversion' in project 'GoogleAdsOnDeviceConversion'
    Target 'GoogleAppMeasurementTarget' in project 'GoogleAppMeasurement'
        ➜ Explicit dependency on target 'GULAppDelegateSwizzler' in project 'GoogleUtilities'
        ➜ Explicit dependency on target 'GULMethodSwizzler' in project 'GoogleUtilities'
        ➜ Explicit dependency on target 'GULNSData' in project 'GoogleUtilities'
        ➜ Explicit dependency on target 'GULNetwork' in project 'GoogleUtilities'
        ➜ Explicit dependency on target 'nanopb' in project 'nanopb'
        ➜ Explicit dependency on target 'GoogleAdsOnDeviceConversion' in project 'GoogleAdsOnDeviceConversion'
    Target 'GoogleAdsOnDeviceConversion' in project 'GoogleAdsOnDeviceConversion'
        ➜ Explicit dependency on target 'GoogleAdsOnDeviceConversionTarget' in project 'GoogleAdsOnDeviceConversion'
        ➜ Explicit dependency on target 'GULLogger' in project 'GoogleUtilities'
        ➜ Explicit dependency on target 'GULNetwork' in project 'GoogleUtilities'
        ➜ Explicit dependency on target 'nanopb' in project 'nanopb'
    Target 'GoogleAdsOnDeviceConversionTarget' in project 'GoogleAdsOnDeviceConversion'
        ➜ Explicit dependency on target 'GULLogger' in project 'GoogleUtilities'
        ➜ Explicit dependency on target 'GULNetwork' in project 'GoogleUtilities'
        ➜ Explicit dependency on target 'nanopb' in project 'nanopb'
    Target 'GULNetwork' in project 'GoogleUtilities'
        ➜ Explicit dependency on target 'GoogleUtilities-Network' in project 'GoogleUtilities'
        ➜ Explicit dependency on target 'GoogleUtilities_GoogleUtilities-Network' in project 'GoogleUtilities'
        ➜ Explicit dependency on target 'third-party-IsAppEncrypted' in project 'GoogleUtilities'
        ➜ Explicit dependency on target 'GoogleUtilities-Environment' in project 'GoogleUtilities'
        ➜ Explicit dependency on target 'GoogleUtilities-Logger' in project 'GoogleUtilities'
        ➜ Explicit dependency on target 'GoogleUtilities-NSData' in project 'GoogleUtilities'
        ➜ Explicit dependency on target 'GoogleUtilities-Reachability' in project 'GoogleUtilities'
    Target 'GULMethodSwizzler' in project 'GoogleUtilities'
        ➜ Explicit dependency on target 'GoogleUtilities-MethodSwizzler' in project 'GoogleUtilities'
        ➜ Explicit dependency on target 'GoogleUtilities_GoogleUtilities-MethodSwizzler' in project 'GoogleUtilities'
        ➜ Explicit dependency on target 'third-party-IsAppEncrypted' in project 'GoogleUtilities'
        ➜ Explicit dependency on target 'GoogleUtilities-Environment' in project 'GoogleUtilities'
        ➜ Explicit dependency on target 'GoogleUtilities-Logger' in project 'GoogleUtilities'
    Target 'GoogleUtilities-MethodSwizzler' in project 'GoogleUtilities'
        ➜ Explicit dependency on target 'GoogleUtilities_GoogleUtilities-MethodSwizzler' in project 'GoogleUtilities'
        ➜ Explicit dependency on target 'third-party-IsAppEncrypted' in project 'GoogleUtilities'
        ➜ Explicit dependency on target 'GoogleUtilities-Environment' in project 'GoogleUtilities'
        ➜ Explicit dependency on target 'GoogleUtilities-Logger' in project 'GoogleUtilities'
    Target 'GoogleUtilities_GoogleUtilities-MethodSwizzler' in project 'GoogleUtilities' (no dependencies)
    Target 'FirebaseMessaging' in project 'Firebase'
        ➜ Explicit dependency on target 'FirebaseMessaging' in project 'Firebase'
        ➜ Explicit dependency on target 'Firebase_FirebaseMessaging' in project 'Firebase'
        ➜ Explicit dependency on target 'Firebase' in project 'Firebase'
        ➜ Explicit dependency on target 'FirebaseCoreInternal' in project 'Firebase'
        ➜ Explicit dependency on target 'FirebaseCore' in project 'Firebase'
        ➜ Explicit dependency on target 'FirebaseInstallations' in project 'Firebase'
        ➜ Explicit dependency on target 'GULNSData' in project 'GoogleUtilities'
        ➜ Explicit dependency on target 'GULEnvironment' in project 'GoogleUtilities'
        ➜ Explicit dependency on target 'GULLogger' in project 'GoogleUtilities'
        ➜ Explicit dependency on target 'FBLPromises' in project 'Promises'
        ➜ Explicit dependency on target 'GULUserDefaults' in project 'GoogleUtilities'
        ➜ Explicit dependency on target 'GULAppDelegateSwizzler' in project 'GoogleUtilities'
        ➜ Explicit dependency on target 'GULReachability' in project 'GoogleUtilities'
        ➜ Explicit dependency on target 'GoogleDataTransport' in project 'GoogleDataTransport'
        ➜ Explicit dependency on target 'nanopb' in project 'nanopb'
    Target 'FirebaseMessaging' in project 'Firebase'
        ➜ Explicit dependency on target 'Firebase_FirebaseMessaging' in project 'Firebase'
        ➜ Explicit dependency on target 'Firebase' in project 'Firebase'
        ➜ Explicit dependency on target 'FirebaseCoreInternal' in project 'Firebase'
        ➜ Explicit dependency on target 'FirebaseCore' in project 'Firebase'
        ➜ Explicit dependency on target 'FirebaseInstallations' in project 'Firebase'
        ➜ Explicit dependency on target 'GULNSData' in project 'GoogleUtilities'
        ➜ Explicit dependency on target 'GULEnvironment' in project 'GoogleUtilities'
        ➜ Explicit dependency on target 'GULLogger' in project 'GoogleUtilities'
        ➜ Explicit dependency on target 'FBLPromises' in project 'Promises'
        ➜ Explicit dependency on target 'GULUserDefaults' in project 'GoogleUtilities'
        ➜ Explicit dependency on target 'GULAppDelegateSwizzler' in project 'GoogleUtilities'
        ➜ Explicit dependency on target 'GULReachability' in project 'GoogleUtilities'
        ➜ Explicit dependency on target 'GoogleDataTransport' in project 'GoogleDataTransport'
        ➜ Explicit dependency on target 'nanopb' in project 'nanopb'
    Target 'GoogleDataTransport' in project 'GoogleDataTransport'
        ➜ Explicit dependency on target 'GoogleDataTransport' in project 'GoogleDataTransport'
        ➜ Explicit dependency on target 'GoogleDataTransport_GoogleDataTransport' in project 'GoogleDataTransport'
        ➜ Explicit dependency on target 'nanopb' in project 'nanopb'
        ➜ Explicit dependency on target 'FBLPromises' in project 'Promises'
    Target 'GoogleDataTransport' in project 'GoogleDataTransport'
        ➜ Explicit dependency on target 'GoogleDataTransport_GoogleDataTransport' in project 'GoogleDataTransport'
        ➜ Explicit dependency on target 'nanopb' in project 'nanopb'
        ➜ Explicit dependency on target 'FBLPromises' in project 'Promises'
    Target 'nanopb' in project 'nanopb'
        ➜ Explicit dependency on target 'nanopb' in project 'nanopb'
        ➜ Explicit dependency on target 'nanopb_nanopb' in project 'nanopb'
    Target 'nanopb' in project 'nanopb'
        ➜ Explicit dependency on target 'nanopb_nanopb' in project 'nanopb'
    Target 'nanopb_nanopb' in project 'nanopb' (no dependencies)
    Target 'GoogleDataTransport_GoogleDataTransport' in project 'GoogleDataTransport' (no dependencies)
    Target 'GULReachability' in project 'GoogleUtilities'
        ➜ Explicit dependency on target 'GoogleUtilities-Reachability' in project 'GoogleUtilities'
        ➜ Explicit dependency on target 'GoogleUtilities_GoogleUtilities-Reachability' in project 'GoogleUtilities'
        ➜ Explicit dependency on target 'third-party-IsAppEncrypted' in project 'GoogleUtilities'
        ➜ Explicit dependency on target 'GoogleUtilities-Environment' in project 'GoogleUtilities'
        ➜ Explicit dependency on target 'GoogleUtilities-Logger' in project 'GoogleUtilities'
    Target 'GULAppDelegateSwizzler' in project 'GoogleUtilities'
        ➜ Explicit dependency on target 'GoogleUtilities-AppDelegateSwizzler' in project 'GoogleUtilities'
        ➜ Explicit dependency on target 'GoogleUtilities_GoogleUtilities-AppDelegateSwizzler' in project 'GoogleUtilities'
        ➜ Explicit dependency on target 'third-party-IsAppEncrypted' in project 'GoogleUtilities'
        ➜ Explicit dependency on target 'GoogleUtilities-Environment' in project 'GoogleUtilities'
        ➜ Explicit dependency on target 'GoogleUtilities-Logger' in project 'GoogleUtilities'
        ➜ Explicit dependency on target 'GoogleUtilities-NSData' in project 'GoogleUtilities'
        ➜ Explicit dependency on target 'GoogleUtilities-Reachability' in project 'GoogleUtilities'
        ➜ Explicit dependency on target 'GoogleUtilities-Network' in project 'GoogleUtilities'
    Target 'GoogleUtilities-AppDelegateSwizzler' in project 'GoogleUtilities'
        ➜ Explicit dependency on target 'GoogleUtilities_GoogleUtilities-AppDelegateSwizzler' in project 'GoogleUtilities'
        ➜ Explicit dependency on target 'third-party-IsAppEncrypted' in project 'GoogleUtilities'
        ➜ Explicit dependency on target 'GoogleUtilities-Environment' in project 'GoogleUtilities'
        ➜ Explicit dependency on target 'GoogleUtilities-Logger' in project 'GoogleUtilities'
        ➜ Explicit dependency on target 'GoogleUtilities-NSData' in project 'GoogleUtilities'
        ➜ Explicit dependency on target 'GoogleUtilities-Reachability' in project 'GoogleUtilities'
        ➜ Explicit dependency on target 'GoogleUtilities-Network' in project 'GoogleUtilities'
    Target 'GoogleUtilities-Network' in project 'GoogleUtilities'
        ➜ Explicit dependency on target 'GoogleUtilities_GoogleUtilities-Network' in project 'GoogleUtilities'
        ➜ Explicit dependency on target 'third-party-IsAppEncrypted' in project 'GoogleUtilities'
        ➜ Explicit dependency on target 'GoogleUtilities-Environment' in project 'GoogleUtilities'
        ➜ Explicit dependency on target 'GoogleUtilities-Logger' in project 'GoogleUtilities'
        ➜ Explicit dependency on target 'GoogleUtilities-NSData' in project 'GoogleUtilities'
        ➜ Explicit dependency on target 'GoogleUtilities-Reachability' in project 'GoogleUtilities'
    Target 'GoogleUtilities_GoogleUtilities-Network' in project 'GoogleUtilities' (no dependencies)
    Target 'GoogleUtilities-Reachability' in project 'GoogleUtilities'
        ➜ Explicit dependency on target 'GoogleUtilities_GoogleUtilities-Reachability' in project 'GoogleUtilities'
        ➜ Explicit dependency on target 'third-party-IsAppEncrypted' in project 'GoogleUtilities'
        ➜ Explicit dependency on target 'GoogleUtilities-Environment' in project 'GoogleUtilities'
        ➜ Explicit dependency on target 'GoogleUtilities-Logger' in project 'GoogleUtilities'
    Target 'GoogleUtilities_GoogleUtilities-Reachability' in project 'GoogleUtilities' (no dependencies)
    Target 'GoogleUtilities_GoogleUtilities-AppDelegateSwizzler' in project 'GoogleUtilities' (no dependencies)
    Target 'FirebaseInstallations' in project 'Firebase'
        ➜ Explicit dependency on target 'Firebase_FirebaseInstallations' in project 'Firebase'
        ➜ Explicit dependency on target 'Firebase' in project 'Firebase'
        ➜ Explicit dependency on target 'FirebaseCoreInternal' in project 'Firebase'
        ➜ Explicit dependency on target 'FirebaseCore' in project 'Firebase'
        ➜ Explicit dependency on target 'GULNSData' in project 'GoogleUtilities'
        ➜ Explicit dependency on target 'GULEnvironment' in project 'GoogleUtilities'
        ➜ Explicit dependency on target 'GULLogger' in project 'GoogleUtilities'
        ➜ Explicit dependency on target 'FBLPromises' in project 'Promises'
        ➜ Explicit dependency on target 'GULUserDefaults' in project 'GoogleUtilities'
    Target 'GULUserDefaults' in project 'GoogleUtilities'
        ➜ Explicit dependency on target 'GoogleUtilities-UserDefaults' in project 'GoogleUtilities'
        ➜ Explicit dependency on target 'GoogleUtilities_GoogleUtilities-UserDefaults' in project 'GoogleUtilities'
        ➜ Explicit dependency on target 'third-party-IsAppEncrypted' in project 'GoogleUtilities'
        ➜ Explicit dependency on target 'GoogleUtilities-Environment' in project 'GoogleUtilities'
        ➜ Explicit dependency on target 'GoogleUtilities-Logger' in project 'GoogleUtilities'
    Target 'GoogleUtilities-UserDefaults' in project 'GoogleUtilities'
        ➜ Explicit dependency on target 'GoogleUtilities_GoogleUtilities-UserDefaults' in project 'GoogleUtilities'
        ➜ Explicit dependency on target 'third-party-IsAppEncrypted' in project 'GoogleUtilities'
        ➜ Explicit dependency on target 'GoogleUtilities-Environment' in project 'GoogleUtilities'
        ➜ Explicit dependency on target 'GoogleUtilities-Logger' in project 'GoogleUtilities'
    Target 'GoogleUtilities_GoogleUtilities-UserDefaults' in project 'GoogleUtilities' (no dependencies)
    Target 'FBLPromises' in project 'Promises'
        ➜ Explicit dependency on target 'FBLPromises' in project 'Promises'
        ➜ Explicit dependency on target 'Promises_FBLPromises' in project 'Promises'
    Target 'FBLPromises' in project 'Promises'
        ➜ Explicit dependency on target 'Promises_FBLPromises' in project 'Promises'
    Target 'Promises_FBLPromises' in project 'Promises' (no dependencies)
    Target 'Firebase_FirebaseInstallations' in project 'Firebase' (no dependencies)
    Target 'FirebaseCore' in project 'Firebase'
        ➜ Explicit dependency on target 'Firebase_FirebaseCore' in project 'Firebase'
        ➜ Explicit dependency on target 'Firebase' in project 'Firebase'
        ➜ Explicit dependency on target 'FirebaseCoreInternal' in project 'Firebase'
        ➜ Explicit dependency on target 'GULNSData' in project 'GoogleUtilities'
        ➜ Explicit dependency on target 'GULEnvironment' in project 'GoogleUtilities'
        ➜ Explicit dependency on target 'GULLogger' in project 'GoogleUtilities'
    Target 'GULLogger' in project 'GoogleUtilities'
        ➜ Explicit dependency on target 'GoogleUtilities-Logger' in project 'GoogleUtilities'
        ➜ Explicit dependency on target 'GoogleUtilities_GoogleUtilities-Logger' in project 'GoogleUtilities'
        ➜ Explicit dependency on target 'third-party-IsAppEncrypted' in project 'GoogleUtilities'
        ➜ Explicit dependency on target 'GoogleUtilities-Environment' in project 'GoogleUtilities'
    Target 'GoogleUtilities-Logger' in project 'GoogleUtilities'
        ➜ Explicit dependency on target 'GoogleUtilities_GoogleUtilities-Logger' in project 'GoogleUtilities'
        ➜ Explicit dependency on target 'third-party-IsAppEncrypted' in project 'GoogleUtilities'
        ➜ Explicit dependency on target 'GoogleUtilities-Environment' in project 'GoogleUtilities'
    Target 'GoogleUtilities_GoogleUtilities-Logger' in project 'GoogleUtilities' (no dependencies)
    Target 'GULEnvironment' in project 'GoogleUtilities'
        ➜ Explicit dependency on target 'GoogleUtilities-Environment' in project 'GoogleUtilities'
        ➜ Explicit dependency on target 'GoogleUtilities_GoogleUtilities-Environment' in project 'GoogleUtilities'
        ➜ Explicit dependency on target 'third-party-IsAppEncrypted' in project 'GoogleUtilities'
    Target 'GoogleUtilities-Environment' in project 'GoogleUtilities'
        ➜ Explicit dependency on target 'GoogleUtilities_GoogleUtilities-Environment' in project 'GoogleUtilities'
        ➜ Explicit dependency on target 'third-party-IsAppEncrypted' in project 'GoogleUtilities'
    Target 'third-party-IsAppEncrypted' in project 'GoogleUtilities' (no dependencies)
    Target 'GoogleUtilities_GoogleUtilities-Environment' in project 'GoogleUtilities' (no dependencies)
    Target 'Firebase_FirebaseCore' in project 'Firebase' (no dependencies)
    Target 'FirebaseCoreInternal' in project 'Firebase'
        ➜ Explicit dependency on target 'Firebase_FirebaseCoreInternal' in project 'Firebase'
        ➜ Explicit dependency on target 'GULNSData' in project 'GoogleUtilities'
    Target 'GULNSData' in project 'GoogleUtilities'
        ➜ Explicit dependency on target 'GoogleUtilities-NSData' in project 'GoogleUtilities'
        ➜ Explicit dependency on target 'GoogleUtilities_GoogleUtilities-NSData' in project 'GoogleUtilities'
    Target 'GoogleUtilities-NSData' in project 'GoogleUtilities'
        ➜ Explicit dependency on target 'GoogleUtilities_GoogleUtilities-NSData' in project 'GoogleUtilities'
    Target 'GoogleUtilities_GoogleUtilities-NSData' in project 'GoogleUtilities' (no dependencies)
    Target 'Firebase_FirebaseCoreInternal' in project 'Firebase' (no dependencies)
    Target 'Firebase' in project 'Firebase' (no dependencies)
    Target 'Firebase_FirebaseMessaging' in project 'Firebase' (no dependencies)
    Target 'HavitalWatch' in project 'Havital'
        ➜ Explicit dependency on target 'HavitalWatchComplication' in project 'Havital'
    Target 'HavitalWatchComplication' in project 'Havital' (no dependencies)

GatherProvisioningInputs

CreateBuildDescription

ExecuteExternalTool /Applications/Xcode.app/Contents/Developer/Toolchains/XcodeDefault.xctoolchain/usr/bin/swiftc --version

ExecuteExternalTool /Applications/Xcode.app/Contents/Developer/Toolchains/XcodeDefault.xctoolchain/usr/bin/clang -v -E -dM -arch arm64 -isysroot /Applications/Xcode.app/Contents/Developer/Platforms/iPhoneSimulator.platform/Developer/SDKs/iPhoneSimulator26.5.sdk -x objective-c -c /dev/null

ExecuteExternalTool /Applications/Xcode.app/Contents/Developer/usr/bin/actool --print-asset-tag-combinations --output-format xml1 /Users/wubaizong/havital/apps/ios/Havital/.worktrees/t0306-app2-skeleton/HavitalWatch/Assets.xcassets

ExecuteExternalTool /Applications/Xcode.app/Contents/Developer/Toolchains/XcodeDefault.xctoolchain/usr/bin/clang -v -E -dM -arch arm64 -isysroot /Applications/Xcode.app/Contents/Developer/Platforms/iPhoneSimulator.platform/Developer/SDKs/iPhoneSimulator26.5.sdk -x c -c /dev/null

ExecuteExternalTool /Applications/Xcode.app/Contents/Developer/Toolchains/XcodeDefault.xctoolchain/usr/bin/clang -v -E -dM -arch arm64 -isysroot /Applications/Xcode.app/Contents/Developer/Platforms/iPhoneSimulator.platform/Developer/SDKs/iPhoneSimulator26.5.sdk -x c++ -c /dev/null

ExecuteExternalTool /Applications/Xcode.app/Contents/Developer/Toolchains/XcodeDefault.xctoolchain/usr/bin/clang -v -E -dM -isysroot /Applications/Xcode.app/Contents/Developer/Platforms/iPhoneSimulator.platform/Developer/SDKs/iPhoneSimulator26.5.sdk -x c -c /dev/null

ExecuteExternalTool /Applications/Xcode.app/Contents/Developer/Toolchains/XcodeDefault.xctoolchain/usr/bin/clang -v -E -dM -isysroot /Applications/Xcode.app/Contents/Developer/Platforms/WatchSimulator.platform/Developer/SDKs/WatchSimulator26.5.sdk -x c -c /dev/null

ExecuteExternalTool /Applications/Xcode.app/Contents/Developer/Toolchains/XcodeDefault.xctoolchain/usr/bin/ld -version_details

ExecuteExternalTool /Applications/Xcode.app/Contents/Developer/usr/bin/actool --print-asset-tag-combinations --output-format xml1 /Users/wubaizong/havital/apps/ios/Havital/.worktrees/t0306-app2-skeleton/Havital/Preview Content/Preview Assets.xcassets /Users/wubaizong/havital/apps/ios/Havital/.worktrees/t0306-app2-skeleton/Havital/Assets.xcassets

ReadFileContents /Applications/Xcode.app/Contents/Developer/Toolchains/XcodeDefault.xctoolchain/usr/share/docc/features.json

ExecuteExternalTool /Applications/Xcode.app/Contents/Developer/usr/bin/actool --version --output-format xml1

Build description signature: 3ff52fa29cb5ec5d181a54127a88eb1b
Build description path: /tmp/havital-xcodebuild/derivedData/Build/Intermediates.noindex/XCBuildData/3ff52fa29cb5ec5d181a54127a88eb1b.xcbuilddata
ClangStatCache /Applications/Xcode.app/Contents/Developer/Toolchains/XcodeDefault.xctoolchain/usr/bin/clang-stat-cache /Applications/Xcode.app/Contents/Developer/Platforms/WatchSimulator.platform/Developer/SDKs/WatchSimulator26.5.sdk /tmp/havital-xcodebuild/derivedData/SDKStatCaches.noindex/watchsimulator26.5-23T570-1651579a441f1322ae888f0ed545cb80.sdkstatcache
    cd /Users/wubaizong/havital/apps/ios/Havital/.worktrees/t0306-app2-skeleton/Havital.xcodeproj
    /Applications/Xcode.app/Contents/Developer/Toolchains/XcodeDefault.xctoolchain/usr/bin/clang-stat-cache /Applications/Xcode.app/Contents/Developer/Platforms/WatchSimulator.platform/Developer/SDKs/WatchSimulator26.5.sdk -o /tmp/havital-xcodebuild/derivedData/SDKStatCaches.noindex/watchsimulator26.5-23T570-1651579a441f1322ae888f0ed545cb80.sdkstatcache

ProcessInfoPlistFile /tmp/havital-xcodebuild/derivedData/Build/Products/Debug-watchsimulator/HavitalWatchComplication.appex/Info.plist /Users/wubaizong/havital/apps/ios/Havital/.worktrees/t0306-app2-skeleton/HavitalWatchComplication/Info.plist (in target 'HavitalWatchComplication' from project 'Havital')
    cd /Users/wubaizong/havital/apps/ios/Havital/.worktrees/t0306-app2-skeleton
    builtin-infoPlistUtility /Users/wubaizong/havital/apps/ios/Havital/.worktrees/t0306-app2-skeleton/HavitalWatchComplication/Info.plist -producttype com.apple.product-type.app-extension -expandbuildsettings -format binary -platform watchsimulator -o /tmp/havital-xcodebuild/derivedData/Build/Products/Debug-watchsimulator/HavitalWatchComplication.appex/Info.plist

ClangStatCache /Applications/Xcode.app/Contents/Developer/Toolchains/XcodeDefault.xctoolchain/usr/bin/clang-stat-cache /Applications/Xcode.app/Contents/Developer/Platforms/iPhoneSimulator.platform/Developer/SDKs/iPhoneSimulator26.5.sdk /tmp/havital-xcodebuild/derivedData/SDKStatCaches.noindex/iphonesimulator26.5-23F81a-6cfe768891a92b912361537c460fe42b.sdkstatcache
    cd /Users/wubaizong/havital/apps/ios/Havital/.worktrees/t0306-app2-skeleton/Havital.xcodeproj
    /Applications/Xcode.app/Contents/Developer/Toolchains/XcodeDefault.xctoolchain/usr/bin/clang-stat-cache /Applications/Xcode.app/Contents/Developer/Platforms/iPhoneSimulator.platform/Developer/SDKs/iPhoneSimulator26.5.sdk -o /tmp/havital-xcodebuild/derivedData/SDKStatCaches.noindex/iphonesimulator26.5-23F81a-6cfe768891a92b912361537c460fe42b.sdkstatcache

ProcessInfoPlistFile /tmp/havital-xcodebuild/derivedData/Build/Products/Debug-iphonesimulator/nanopb_nanopb.bundle/Info.plist /tmp/havital-xcodebuild/derivedData/Build/Intermediates.noindex/nanopb.build/Debug-iphonesimulator/nanopb_nanopb.build/empty-nanopb_nanopb.plist (in target 'nanopb_nanopb' from project 'nanopb')
    cd /tmp/havital-xcodebuild/derivedData/SourcePackages/checkouts/nanopb
    builtin-infoPlistUtility /tmp/havital-xcodebuild/derivedData/Build/Intermediates.noindex/nanopb.build/Debug-iphonesimulator/nanopb_nanopb.build/empty-nanopb_nanopb.plist -producttype com.apple.product-type.bundle -expandbuildsettings -format binary -platform iphonesimulator -o /tmp/havital-xcodebuild/derivedData/Build/Products/Debug-iphonesimulator/nanopb_nanopb.bundle/Info.plist

ProcessInfoPlistFile /tmp/havital-xcodebuild/derivedData/Build/Products/Debug-iphonesimulator/leveldb_leveldb.bundle/Info.plist /tmp/havital-xcodebuild/derivedData/Build/Intermediates.noindex/leveldb.build/Debug-iphonesimulator/leveldb_leveldb.build/empty-leveldb_leveldb.plist (in target 'leveldb_leveldb' from project 'leveldb')
    cd /tmp/havital-xcodebuild/derivedData/SourcePackages/checkouts/leveldb
    builtin-infoPlistUtility /tmp/havital-xcodebuild/derivedData/Build/Intermediates.noindex/leveldb.build/Debug-iphonesimulator/leveldb_leveldb.build/empty-leveldb_leveldb.plist -producttype com.apple.product-type.bundle -expandbuildsettings -format binary -platform iphonesimulator -o /tmp/havital-xcodebuild/derivedData/Build/Products/Debug-iphonesimulator/leveldb_leveldb.bundle/Info.plist

ProcessInfoPlistFile /tmp/havital-xcodebuild/derivedData/Build/Products/Debug-iphonesimulator/gRPC_opensslWrapper.bundle/Info.plist /tmp/havital-xcodebuild/derivedData/Build/Intermediates.noindex/gRPC.build/Debug-iphonesimulator/gRPC_opensslWrapper.build/empty-gRPC_opensslWrapper.plist (in target 'gRPC_opensslWrapper' from project 'gRPC')
    cd /tmp/havital-xcodebuild/derivedData/SourcePackages/checkouts/grpc-binary
    builtin-infoPlistUtility /tmp/havital-xcodebuild/derivedData/Build/Intermediates.noindex/gRPC.build/Debug-iphonesimulator/gRPC_opensslWrapper.build/empty-gRPC_opensslWrapper.plist -producttype com.apple.product-type.bundle -expandbuildsettings -format binary -platform iphonesimulator -o /tmp/havital-xcodebuild/derivedData/Build/Products/Debug-iphonesimulator/gRPC_opensslWrapper.bundle/Info.plist

ProcessInfoPlistFile /tmp/havital-xcodebuild/derivedData/Build/Products/Debug-iphonesimulator/gRPC_grpcppWrapper.bundle/Info.plist /tmp/havital-xcodebuild/derivedData/Build/Intermediates.noindex/gRPC.build/Debug-iphonesimulator/gRPC_grpcppWrapper.build/empty-gRPC_grpcppWrapper.plist (in target 'gRPC_grpcppWrapper' from project 'gRPC')
    cd /tmp/havital-xcodebuild/derivedData/SourcePackages/checkouts/grpc-binary
    builtin-infoPlistUtility /tmp/havital-xcodebuild/derivedData/Build/Intermediates.noindex/gRPC.build/Debug-iphonesimulator/gRPC_grpcppWrapper.build/empty-gRPC_grpcppWrapper.plist -producttype com.apple.product-type.bundle -expandbuildsettings -format binary -platform iphonesimulator -o /tmp/havital-xcodebuild/derivedData/Build/Products/Debug-iphonesimulator/gRPC_grpcppWrapper.bundle/Info.plist

ProcessInfoPlistFile /tmp/havital-xcodebuild/derivedData/Build/Products/Debug-iphonesimulator/abseil_abslWrapper.bundle/Info.plist /tmp/havital-xcodebuild/derivedData/Build/Intermediates.noindex/abseil.build/Debug-iphonesimulator/abseil_abslWrapper.build/empty-abseil_abslWrapper.plist (in target 'abseil_abslWrapper' from project 'abseil')
    cd /tmp/havital-xcodebuild/derivedData/SourcePackages/checkouts/abseil-cpp-binary
    builtin-infoPlistUtility /tmp/havital-xcodebuild/derivedData/Build/Intermediates.noindex/abseil.build/Debug-iphonesimulator/abseil_abslWrapper.build/empty-abseil_abslWrapper.plist -producttype com.apple.product-type.bundle -expandbuildsettings -format binary -platform iphonesimulator -o /tmp/havital-xcodebuild/derivedData/Build/Products/Debug-iphonesimulator/abseil_abslWrapper.bundle/Info.plist

ProcessInfoPlistFile /tmp/havital-xcodebuild/derivedData/Build/Products/Debug-iphonesimulator/gRPC_grpcWrapper.bundle/Info.plist /tmp/havital-xcodebuild/derivedData/Build/Intermediates.noindex/gRPC.build/Debug-iphonesimulator/gRPC_grpcWrapper.build/empty-gRPC_grpcWrapper.plist (in target 'gRPC_grpcWrapper' from project 'gRPC')
    cd /tmp/havital-xcodebuild/derivedData/SourcePackages/checkouts/grpc-binary
    builtin-infoPlistUtility /tmp/havital-xcodebuild/derivedData/Build/Intermediates.noindex/gRPC.build/Debug-iphonesimulator/gRPC_grpcWrapper.build/empty-gRPC_grpcWrapper.plist -producttype com.apple.product-type.bundle -expandbuildsettings -format binary -platform iphonesimulator -o /tmp/havital-xcodebuild/derivedData/Build/Products/Debug-iphonesimulator/gRPC_grpcWrapper.bundle/Info.plist

ProcessInfoPlistFile /tmp/havital-xcodebuild/derivedData/Build/Products/Debug-iphonesimulator/RevenueCat_RevenueCat.bundle/Info.plist /tmp/havital-xcodebuild/derivedData/Build/Intermediates.noindex/RevenueCat.build/Debug-iphonesimulator/RevenueCat_RevenueCat.build/empty-RevenueCat_RevenueCat.plist (in target 'RevenueCat_RevenueCat' from project 'RevenueCat')
    cd /tmp/havital-xcodebuild/derivedData/SourcePackages/checkouts/purchases-ios
    builtin-infoPlistUtility /tmp/havital-xcodebuild/derivedData/Build/Intermediates.noindex/RevenueCat.build/Debug-iphonesimulator/RevenueCat_RevenueCat.build/empty-RevenueCat_RevenueCat.plist -producttype com.apple.product-type.bundle -expandbuildsettings -format binary -platform iphonesimulator -o /tmp/havital-xcodebuild/derivedData/Build/Products/Debug-iphonesimulator/RevenueCat_RevenueCat.bundle/Info.plist

ProcessInfoPlistFile /tmp/havital-xcodebuild/derivedData/Build/Products/Debug-iphonesimulator/Promises_FBLPromises.bundle/Info.plist /tmp/havital-xcodebuild/derivedData/Build/Intermediates.noindex/Promises.build/Debug-iphonesimulator/Promises_FBLPromises.build/empty-Promises_FBLPromises.plist (in target 'Promises_FBLPromises' from project 'Promises')
    cd /tmp/havital-xcodebuild/derivedData/SourcePackages/checkouts/promises
    builtin-infoPlistUtility /tmp/havital-xcodebuild/derivedData/Build/Intermediates.noindex/Promises.build/Debug-iphonesimulator/Promises_FBLPromises.build/empty-Promises_FBLPromises.plist -producttype com.apple.product-type.bundle -expandbuildsettings -format binary -platform iphonesimulator -o /tmp/havital-xcodebuild/derivedData/Build/Products/Debug-iphonesimulator/Promises_FBLPromises.bundle/Info.plist

ProcessInfoPlistFile /tmp/havital-xcodebuild/derivedData/Build/Products/Debug-iphonesimulator/GoogleUtilities_GoogleUtilities-UserDefaults.bundle/Info.plist /tmp/havital-xcodebuild/derivedData/Build/Intermediates.noindex/GoogleUtilities.build/Debug-iphonesimulator/GoogleUtilities_GoogleUtilities-UserDefaults.build/empty-GoogleUtilities_GoogleUtilities-UserDefaults.plist (in target 'GoogleUtilities_GoogleUtilities-UserDefaults' from project 'GoogleUtilities')
    cd /tmp/havital-xcodebuild/derivedData/SourcePackages/checkouts/GoogleUtilities
    builtin-infoPlistUtility /tmp/havital-xcodebuild/derivedData/Build/Intermediates.noindex/GoogleUtilities.build/Debug-iphonesimulator/GoogleUtilities_GoogleUtilities-UserDefaults.build/empty-GoogleUtilities_GoogleUtilities-UserDefaults.plist -producttype com.apple.product-type.bundle -expandbuildsettings -format binary -platform iphonesimulator -o /tmp/havital-xcodebuild/derivedData/Build/Products/Debug-iphonesimulator/GoogleUtilities_GoogleUtilities-UserDefaults.bundle/Info.plist

ProcessInfoPlistFile /tmp/havital-xcodebuild/derivedData/Build/Products/Debug-iphonesimulator/GoogleUtilities_GoogleUtilities-Reachability.bundle/Info.plist /tmp/havital-xcodebuild/derivedData/Build/Intermediates.noindex/GoogleUtilities.build/Debug-iphonesimulator/GoogleUtilities_GoogleUtilities-Reachability.build/empty-GoogleUtilities_GoogleUtilities-Reachability.plist (in target 'GoogleUtilities_GoogleUtilities-Reachability' from project 'GoogleUtilities')
    cd /tmp/havital-xcodebuild/derivedData/SourcePackages/checkouts/GoogleUtilities
    builtin-infoPlistUtility /tmp/havital-xcodebuild/derivedData/Build/Intermediates.noindex/GoogleUtilities.build/Debug-iphonesimulator/GoogleUtilities_GoogleUtilities-Reachability.build/empty-GoogleUtilities_GoogleUtilities-Reachability.plist -producttype com.apple.product-type.bundle -expandbuildsettings -format binary -platform iphonesimulator -o /tmp/havital-xcodebuild/derivedData/Build/Products/Debug-iphonesimulator/GoogleUtilities_GoogleUtilities-Reachability.bundle/Info.plist

ProcessInfoPlistFile /tmp/havital-xcodebuild/derivedData/Build/Products/Debug-iphonesimulator/GoogleUtilities_GoogleUtilities-Network.bundle/Info.plist /tmp/havital-xcodebuild/derivedData/Build/Intermediates.noindex/GoogleUtilities.build/Debug-iphonesimulator/GoogleUtilities_GoogleUtilities-Network.build/empty-GoogleUtilities_GoogleUtilities-Network.plist (in target 'GoogleUtilities_GoogleUtilities-Network' from project 'GoogleUtilities')
    cd /tmp/havital-xcodebuild/derivedData/SourcePackages/checkouts/GoogleUtilities
    builtin-infoPlistUtility /tmp/havital-xcodebuild/derivedData/Build/Intermediates.noindex/GoogleUtilities.build/Debug-iphonesimulator/GoogleUtilities_GoogleUtilities-Network.build/empty-GoogleUtilities_GoogleUtilities-Network.plist -producttype com.apple.product-type.bundle -expandbuildsettings -format binary -platform iphonesimulator -o /tmp/havital-xcodebuild/derivedData/Build/Products/Debug-iphonesimulator/GoogleUtilities_GoogleUtilities-Network.bundle/Info.plist

ProcessInfoPlistFile /tmp/havital-xcodebuild/derivedData/Build/Products/Debug-iphonesimulator/GoogleUtilities_GoogleUtilities-NSData.bundle/Info.plist /tmp/havital-xcodebuild/derivedData/Build/Intermediates.noindex/GoogleUtilities.build/Debug-iphonesimulator/GoogleUtilities_GoogleUtilities-NSData.build/empty-GoogleUtilities_GoogleUtilities-NSData.plist (in target 'GoogleUtilities_GoogleUtilities-NSData' from project 'GoogleUtilities')
    cd /tmp/havital-xcodebuild/derivedData/SourcePackages/checkouts/GoogleUtilities
    builtin-infoPlistUtility /tmp/havital-xcodebuild/derivedData/Build/Intermediates.noindex/GoogleUtilities.build/Debug-iphonesimulator/GoogleUtilities_GoogleUtilities-NSData.build/empty-GoogleUtilities_GoogleUtilities-NSData.plist -producttype com.apple.product-type.bundle -expandbuildsettings -format binary -platform iphonesimulator -o /tmp/havital-xcodebuild/derivedData/Build/Products/Debug-iphonesimulator/GoogleUtilities_GoogleUtilities-NSData.bundle/Info.plist

ProcessInfoPlistFile /tmp/havital-xcodebuild/derivedData/Build/Products/Debug-iphonesimulator/GoogleUtilities_GoogleUtilities-MethodSwizzler.bundle/Info.plist /tmp/havital-xcodebuild/derivedData/Build/Intermediates.noindex/GoogleUtilities.build/Debug-iphonesimulator/GoogleUtilities_GoogleUtilities-MethodSwizzler.build/empty-GoogleUtilities_GoogleUtilities-MethodSwizzler.plist (in target 'GoogleUtilities_GoogleUtilities-MethodSwizzler' from project 'GoogleUtilities')
    cd /tmp/havital-xcodebuild/derivedData/SourcePackages/checkouts/GoogleUtilities
    builtin-infoPlistUtility /tmp/havital-xcodebuild/derivedData/Build/Intermediates.noindex/GoogleUtilities.build/Debug-iphonesimulator/GoogleUtilities_GoogleUtilities-MethodSwizzler.build/empty-GoogleUtilities_GoogleUtilities-MethodSwizzler.plist -producttype com.apple.product-type.bundle -expandbuildsettings -format binary -platform iphonesimulator -o /tmp/havital-xcodebuild/derivedData/Build/Products/Debug-iphonesimulator/GoogleUtilities_GoogleUtilities-MethodSwizzler.bundle/Info.plist

ProcessInfoPlistFile /tmp/havital-xcodebuild/derivedData/Build/Products/Debug-iphonesimulator/GoogleUtilities_GoogleUtilities-Logger.bundle/Info.plist /tmp/havital-xcodebuild/derivedData/Build/Intermediates.noindex/GoogleUtilities.build/Debug-iphonesimulator/GoogleUtilities_GoogleUtilities-Logger.build/empty-GoogleUtilities_GoogleUtilities-Logger.plist (in target 'GoogleUtilities_GoogleUtilities-Logger' from project 'GoogleUtilities')
    cd /tmp/havital-xcodebuild/derivedData/SourcePackages/checkouts/GoogleUtilities
    builtin-infoPlistUtility /tmp/havital-xcodebuild/derivedData/Build/Intermediates.noindex/GoogleUtilities.build/Debug-iphonesimulator/GoogleUtilities_GoogleUtilities-Logger.build/empty-GoogleUtilities_GoogleUtilities-Logger.plist -producttype com.apple.product-type.bundle -expandbuildsettings -format binary -platform iphonesimulator -o /tmp/havital-xcodebuild/derivedData/Build/Products/Debug-iphonesimulator/GoogleUtilities_GoogleUtilities-Logger.bundle/Info.plist

ProcessInfoPlistFile /tmp/havital-xcodebuild/derivedData/Build/Products/Debug-iphonesimulator/GoogleUtilities_GoogleUtilities-Environment.bundle/Info.plist /tmp/havital-xcodebuild/derivedData/Build/Intermediates.noindex/GoogleUtilities.build/Debug-iphonesimulator/GoogleUtilities_GoogleUtilities-Environment.build/empty-GoogleUtilities_GoogleUtilities-Environment.plist (in target 'GoogleUtilities_GoogleUtilities-Environment' from project 'GoogleUtilities')
    cd /tmp/havital-xcodebuild/derivedData/SourcePackages/checkouts/GoogleUtilities
    builtin-infoPlistUtility /tmp/havital-xcodebuild/derivedData/Build/Intermediates.noindex/GoogleUtilities.build/Debug-iphonesimulator/GoogleUtilities_GoogleUtilities-Environment.build/empty-GoogleUtilities_GoogleUtilities-Environment.plist -producttype com.apple.product-type.bundle -expandbuildsettings -format binary -platform iphonesimulator -o /tmp/havital-xcodebuild/derivedData/Build/Products/Debug-iphonesimulator/GoogleUtilities_GoogleUtilities-Environment.bundle/Info.plist

ProcessInfoPlistFile /tmp/havital-xcodebuild/derivedData/Build/Products/Debug-iphonesimulator/GoogleSignIn_GoogleSignInSwift.bundle/Info.plist /tmp/havital-xcodebuild/derivedData/Build/Intermediates.noindex/GoogleSignIn.build/Debug-iphonesimulator/GoogleSignIn_GoogleSignInSwift.build/empty-GoogleSignIn_GoogleSignInSwift.plist (in target 'GoogleSignIn_GoogleSignInSwift' from project 'GoogleSignIn')
    cd /tmp/havital-xcodebuild/derivedData/SourcePackages/checkouts/GoogleSignIn-iOS
    builtin-infoPlistUtility /tmp/havital-xcodebuild/derivedData/Build/Intermediates.noindex/GoogleSignIn.build/Debug-iphonesimulator/GoogleSignIn_GoogleSignInSwift.build/empty-GoogleSignIn_GoogleSignInSwift.plist -producttype com.apple.product-type.bundle -expandbuildsettings -format binary -platform iphonesimulator -o /tmp/havital-xcodebuild/derivedData/Build/Products/Debug-iphonesimulator/GoogleSignIn_GoogleSignInSwift.bundle/Info.plist

ProcessInfoPlistFile /tmp/havital-xcodebuild/derivedData/Build/Products/Debug-iphonesimulator/GoogleSignIn_GoogleSignIn.bundle/Info.plist /tmp/havital-xcodebuild/derivedData/Build/Intermediates.noindex/GoogleSignIn.build/Debug-iphonesimulator/GoogleSignIn_GoogleSignIn.build/empty-GoogleSignIn_GoogleSignIn.plist (in target 'GoogleSignIn_GoogleSignIn' from project 'GoogleSignIn')
    cd /tmp/havital-xcodebuild/derivedData/SourcePackages/checkouts/GoogleSignIn-iOS
    builtin-infoPlistUtility /tmp/havital-xcodebuild/derivedData/Build/Intermediates.noindex/GoogleSignIn.build/Debug-iphonesimulator/GoogleSignIn_GoogleSignIn.build/empty-GoogleSignIn_GoogleSignIn.plist -producttype com.apple.product-type.bundle -expandbuildsettings -format binary -platform iphonesimulator -o /tmp/havital-xcodebuild/derivedData/Build/Products/Debug-iphonesimulator/GoogleSignIn_GoogleSignIn.bundle/Info.plist

ProcessInfoPlistFile /tmp/havital-xcodebuild/derivedData/Build/Products/Debug-iphonesimulator/GoogleUtilities_GoogleUtilities-AppDelegateSwizzler.bundle/Info.plist /tmp/havital-xcodebuild/derivedData/Build/Intermediates.noindex/GoogleUtilities.build/Debug-iphonesimulator/GoogleUtilities_GoogleUtilities-AppDelegateSwizzler.build/empty-GoogleUtilities_GoogleUtilities-AppDelegateSwizzler.plist (in target 'GoogleUtilities_GoogleUtilities-AppDelegateSwizzler' from project 'GoogleUtilities')
    cd /tmp/havital-xcodebuild/derivedData/SourcePackages/checkouts/GoogleUtilities
    builtin-infoPlistUtility /tmp/havital-xcodebuild/derivedData/Build/Intermediates.noindex/GoogleUtilities.build/Debug-iphonesimulator/GoogleUtilities_GoogleUtilities-AppDelegateSwizzler.build/empty-GoogleUtilities_GoogleUtilities-AppDelegateSwizzler.plist -producttype com.apple.product-type.bundle -expandbuildsettings -format binary -platform iphonesimulator -o /tmp/havital-xcodebuild/derivedData/Build/Products/Debug-iphonesimulator/GoogleUtilities_GoogleUtilities-AppDelegateSwizzler.bundle/Info.plist

ProcessInfoPlistFile /tmp/havital-xcodebuild/derivedData/Build/Products/Debug-iphonesimulator/PackageFrameworks/GoogleGenerativeAI_-4C4CE9247ECAF4FD_PackageProduct.framework/Info.plist /tmp/havital-xcodebuild/derivedData/Build/Intermediates.noindex/generative-ai-swift.build/Debug-iphonesimulator/GoogleGenerativeAI\ product.build/empty-GoogleGenerativeAI_-4C4CE9247ECAF4FD_PackageProduct.plist (in target 'GoogleGenerativeAI' from project 'generative-ai-swift')
    cd /tmp/havital-xcodebuild/derivedData/SourcePackages/checkouts/generative-ai-swift
    builtin-infoPlistUtility /tmp/havital-xcodebuild/derivedData/Build/Intermediates.noindex/generative-ai-swift.build/Debug-iphonesimulator/GoogleGenerativeAI\ product.build/empty-GoogleGenerativeAI_-4C4CE9247ECAF4FD_PackageProduct.plist -producttype com.apple.product-type.framework -expandbuildsettings -format binary -platform iphonesimulator -o /tmp/havital-xcodebuild/derivedData/Build/Products/Debug-iphonesimulator/PackageFrameworks/GoogleGenerativeAI_-4C4CE9247ECAF4FD_PackageProduct.framework/Info.plist

ProcessInfoPlistFile /tmp/havital-xcodebuild/derivedData/Build/Products/Debug-iphonesimulator/GoogleDataTransport_GoogleDataTransport.bundle/Info.plist /tmp/havital-xcodebuild/derivedData/Build/Intermediates.noindex/GoogleDataTransport.build/Debug-iphonesimulator/GoogleDataTransport_GoogleDataTransport.build/empty-GoogleDataTransport_GoogleDataTransport.plist (in target 'GoogleDataTransport_GoogleDataTransport' from project 'GoogleDataTransport')
    cd /tmp/havital-xcodebuild/derivedData/SourcePackages/checkouts/GoogleDataTransport
    builtin-infoPlistUtility /tmp/havital-xcodebuild/derivedData/Build/Intermediates.noindex/GoogleDataTransport.build/Debug-iphonesimulator/GoogleDataTransport_GoogleDataTransport.build/empty-GoogleDataTransport_GoogleDataTransport.plist -producttype com.apple.product-type.bundle -expandbuildsettings -format binary -platform iphonesimulator -o /tmp/havital-xcodebuild/derivedData/Build/Products/Debug-iphonesimulator/GoogleDataTransport_GoogleDataTransport.bundle/Info.plist

ProcessInfoPlistFile /tmp/havital-xcodebuild/derivedData/Build/Products/Debug-iphonesimulator/GTMSessionFetcher_GTMSessionFetcherCore.bundle/Info.plist /tmp/havital-xcodebuild/derivedData/Build/Intermediates.noindex/GTMSessionFetcher.build/Debug-iphonesimulator/GTMSessionFetcher_GTMSessionFetcherCore.build/empty-GTMSessionFetcher_GTMSessionFetcherCore.plist (in target 'GTMSessionFetcher_GTMSessionFetcherCore' from project 'GTMSessionFetcher')
    cd /tmp/havital-xcodebuild/derivedData/SourcePackages/checkouts/gtm-session-fetcher
    builtin-infoPlistUtility /tmp/havital-xcodebuild/derivedData/Build/Intermediates.noindex/GTMSessionFetcher.build/Debug-iphonesimulator/GTMSessionFetcher_GTMSessionFetcherCore.build/empty-GTMSessionFetcher_GTMSessionFetcherCore.plist -producttype com.apple.product-type.bundle -expandbuildsettings -format binary -platform iphonesimulator -o /tmp/havital-xcodebuild/derivedData/Build/Products/Debug-iphonesimulator/GTMSessionFetcher_GTMSessionFetcherCore.bundle/Info.plist

ProcessInfoPlistFile /tmp/havital-xcodebuild/derivedData/Build/Products/Debug-iphonesimulator/GTMAppAuth_GTMAppAuth.bundle/Info.plist /tmp/havital-xcodebuild/derivedData/Build/Intermediates.noindex/GTMAppAuth.build/Debug-iphonesimulator/GTMAppAuth_GTMAppAuth.build/empty-GTMAppAuth_GTMAppAuth.plist (in target 'GTMAppAuth_GTMAppAuth' from project 'GTMAppAuth')
    cd /tmp/havital-xcodebuild/derivedData/SourcePackages/checkouts/GTMAppAuth
    builtin-infoPlistUtility /tmp/havital-xcodebuild/derivedData/Build/Intermediates.noindex/GTMAppAuth.build/Debug-iphonesimulator/GTMAppAuth_GTMAppAuth.build/empty-GTMAppAuth_GTMAppAuth.plist -producttype com.apple.product-type.bundle -expandbuildsettings -format binary -platform iphonesimulator -o /tmp/havital-xcodebuild/derivedData/Build/Products/Debug-iphonesimulator/GTMAppAuth_GTMAppAuth.bundle/Info.plist

ProcessInfoPlistFile /tmp/havital-xcodebuild/derivedData/Build/Products/Debug-iphonesimulator/Firebase_FirebaseRemoteConfig.bundle/Info.plist /tmp/havital-xcodebuild/derivedData/Build/Intermediates.noindex/Firebase.build/Debug-iphonesimulator/Firebase_FirebaseRemoteConfig.build/empty-Firebase_FirebaseRemoteConfig.plist (in target 'Firebase_FirebaseRemoteConfig' from project 'Firebase')
    cd /tmp/havital-xcodebuild/derivedData/SourcePackages/checkouts/firebase-ios-sdk
    builtin-infoPlistUtility /tmp/havital-xcodebuild/derivedData/Build/Intermediates.noindex/Firebase.build/Debug-iphonesimulator/Firebase_FirebaseRemoteConfig.build/empty-Firebase_FirebaseRemoteConfig.plist -producttype com.apple.product-type.bundle -expandbuildsettings -format binary -platform iphonesimulator -o /tmp/havital-xcodebuild/derivedData/Build/Products/Debug-iphonesimulator/Firebase_FirebaseRemoteConfig.bundle/Info.plist

ProcessInfoPlistFile /tmp/havital-xcodebuild/derivedData/Build/Products/Debug-iphonesimulator/Firebase_FirebaseMessaging.bundle/Info.plist /tmp/havital-xcodebuild/derivedData/Build/Intermediates.noindex/Firebase.build/Debug-iphonesimulator/Firebase_FirebaseMessaging.build/empty-Firebase_FirebaseMessaging.plist (in target 'Firebase_FirebaseMessaging' from project 'Firebase')
    cd /tmp/havital-xcodebuild/derivedData/SourcePackages/checkouts/firebase-ios-sdk
    builtin-infoPlistUtility /tmp/havital-xcodebuild/derivedData/Build/Intermediates.noindex/Firebase.build/Debug-iphonesimulator/Firebase_FirebaseMessaging.build/empty-Firebase_FirebaseMessaging.plist -producttype com.apple.product-type.bundle -expandbuildsettings -format binary -platform iphonesimulator -o /tmp/havital-xcodebuild/derivedData/Build/Products/Debug-iphonesimulator/Firebase_FirebaseMessaging.bundle/Info.plist

ProcessInfoPlistFile /tmp/havital-xcodebuild/derivedData/Build/Products/Debug-iphonesimulator/Firebase_FirebaseInstallations.bundle/Info.plist /tmp/havital-xcodebuild/derivedData/Build/Intermediates.noindex/Firebase.build/Debug-iphonesimulator/Firebase_FirebaseInstallations.build/empty-Firebase_FirebaseInstallations.plist (in target 'Firebase_FirebaseInstallations' from project 'Firebase')
    cd /tmp/havital-xcodebuild/derivedData/SourcePackages/checkouts/firebase-ios-sdk
    builtin-infoPlistUtility /tmp/havital-xcodebuild/derivedData/Build/Intermediates.noindex/Firebase.build/Debug-iphonesimulator/Firebase_FirebaseInstallations.build/empty-Firebase_FirebaseInstallations.plist -producttype com.apple.product-type.bundle -expandbuildsettings -format binary -platform iphonesimulator -o /tmp/havital-xcodebuild/derivedData/Build/Products/Debug-iphonesimulator/Firebase_FirebaseInstallations.bundle/Info.plist

ProcessInfoPlistFile /tmp/havital-xcodebuild/derivedData/Build/Products/Debug-iphonesimulator/Firebase_FirebaseCoreInternal.bundle/Info.plist /tmp/havital-xcodebuild/derivedData/Build/Intermediates.noindex/Firebase.build/Debug-iphonesimulator/Firebase_FirebaseCoreInternal.build/empty-Firebase_FirebaseCoreInternal.plist (in target 'Firebase_FirebaseCoreInternal' from project 'Firebase')
    cd /tmp/havital-xcodebuild/derivedData/SourcePackages/checkouts/firebase-ios-sdk
    builtin-infoPlistUtility /tmp/havital-xcodebuild/derivedData/Build/Intermediates.noindex/Firebase.build/Debug-iphonesimulator/Firebase_FirebaseCoreInternal.build/empty-Firebase_FirebaseCoreInternal.plist -producttype com.apple.product-type.bundle -expandbuildsettings -format binary -platform iphonesimulator -o /tmp/havital-xcodebuild/derivedData/Build/Products/Debug-iphonesimulator/Firebase_FirebaseCoreInternal.bundle/Info.plist

ProcessInfoPlistFile /tmp/havital-xcodebuild/derivedData/Build/Products/Debug-iphonesimulator/Firebase_FirebaseCoreExtension.bundle/Info.plist /tmp/havital-xcodebuild/derivedData/Build/Intermediates.noindex/Firebase.build/Debug-iphonesimulator/Firebase_FirebaseCoreExtension.build/empty-Firebase_FirebaseCoreExtension.plist (in target 'Firebase_FirebaseCoreExtension' from project 'Firebase')
    cd /tmp/havital-xcodebuild/derivedData/SourcePackages/checkouts/firebase-ios-sdk
    builtin-infoPlistUtility /tmp/havital-xcodebuild/derivedData/Build/Intermediates.noindex/Firebase.build/Debug-iphonesimulator/Firebase_FirebaseCoreExtension.build/empty-Firebase_FirebaseCoreExtension.plist -producttype com.apple.product-type.bundle -expandbuildsettings -format binary -platform iphonesimulator -o /tmp/havital-xcodebuild/derivedData/Build/Products/Debug-iphonesimulator/Firebase_FirebaseCoreExtension.bundle/Info.plist

ProcessInfoPlistFile /tmp/havital-xcodebuild/derivedData/Build/Products/Debug-iphonesimulator/Firebase_FirebaseCore.bundle/Info.plist /tmp/havital-xcodebuild/derivedData/Build/Intermediates.noindex/Firebase.build/Debug-iphonesimulator/Firebase_FirebaseCore.build/empty-Firebase_FirebaseCore.plist (in target 'Firebase_FirebaseCore' from project 'Firebase')
    cd /tmp/havital-xcodebuild/derivedData/SourcePackages/checkouts/firebase-ios-sdk
    builtin-infoPlistUtility /tmp/havital-xcodebuild/derivedData/Build/Intermediates.noindex/Firebase.build/Debug-iphonesimulator/Firebase_FirebaseCore.build/empty-Firebase_FirebaseCore.plist -producttype com.apple.product-type.bundle -expandbuildsettings -format binary -platform iphonesimulator -o /tmp/havital-xcodebuild/derivedData/Build/Products/Debug-iphonesimulator/Firebase_FirebaseCore.bundle/Info.plist

ProcessInfoPlistFile /tmp/havital-xcodebuild/derivedData/Build/Products/Debug-iphonesimulator/Firebase_FirebaseAuth.bundle/Info.plist /tmp/havital-xcodebuild/derivedData/Build/Intermediates.noindex/Firebase.build/Debug-iphonesimulator/Firebase_FirebaseAuth.build/empty-Firebase_FirebaseAuth.plist (in target 'Firebase_FirebaseAuth' from project 'Firebase')
    cd /tmp/havital-xcodebuild/derivedData/SourcePackages/checkouts/firebase-ios-sdk
    builtin-infoPlistUtility /tmp/havital-xcodebuild/derivedData/Build/Intermediates.noindex/Firebase.build/Debug-iphonesimulator/Firebase_FirebaseAuth.build/empty-Firebase_FirebaseAuth.plist -producttype com.apple.product-type.bundle -expandbuildsettings -format binary -platform iphonesimulator -o /tmp/havital-xcodebuild/derivedData/Build/Products/Debug-iphonesimulator/Firebase_FirebaseAuth.bundle/Info.plist

ProcessInfoPlistFile /tmp/havital-xcodebuild/derivedData/Build/Products/Debug-iphonesimulator/Firebase_FirebaseABTesting.bundle/Info.plist /tmp/havital-xcodebuild/derivedData/Build/Intermediates.noindex/Firebase.build/Debug-iphonesimulator/Firebase_FirebaseABTesting.build/empty-Firebase_FirebaseABTesting.plist (in target 'Firebase_FirebaseABTesting' from project 'Firebase')
    cd /tmp/havital-xcodebuild/derivedData/SourcePackages/checkouts/firebase-ios-sdk
    builtin-infoPlistUtility /tmp/havital-xcodebuild/derivedData/Build/Intermediates.noindex/Firebase.build/Debug-iphonesimulator/Firebase_FirebaseABTesting.build/empty-Firebase_FirebaseABTesting.plist -producttype com.apple.product-type.bundle -expandbuildsettings -format binary -platform iphonesimulator -o /tmp/havital-xcodebuild/derivedData/Build/Products/Debug-iphonesimulator/Firebase_FirebaseABTesting.bundle/Info.plist

CopySwiftLibs /tmp/havital-xcodebuild/derivedData/Build/Products/Debug-watchsimulator/HavitalWatch.app (in target 'HavitalWatch' from project 'Havital')
    cd /Users/wubaizong/havital/apps/ios/Havital/.worktrees/t0306-app2-skeleton
    builtin-swiftStdLibTool --copy --verbose --sign - --scan-executable /tmp/havital-xcodebuild/derivedData/Build/Products/Debug-watchsimulator/HavitalWatch.app/HavitalWatch.debug.dylib --scan-folder /tmp/havital-xcodebuild/derivedData/Build/Products/Debug-watchsimulator/HavitalWatch.app/Frameworks --scan-folder /tmp/havital-xcodebuild/derivedData/Build/Products/Debug-watchsimulator/HavitalWatch.app/PlugIns --scan-folder /tmp/havital-xcodebuild/derivedData/Build/Products/Debug-watchsimulator/HavitalWatch.app/SystemExtensions --scan-folder /tmp/havital-xcodebuild/derivedData/Build/Products/Debug-watchsimulator/HavitalWatch.app/Extensions --platform watchsimulator --toolchain /Applications/Xcode.app/Contents/Developer/Toolchains/XcodeDefault.xctoolchain --destination /tmp/havital-xcodebuild/derivedData/Build/Products/Debug-watchsimulator/HavitalWatch.app/Frameworks --strip-bitcode --strip-bitcode-tool /Applications/Xcode.app/Contents/Developer/Toolchains/XcodeDefault.xctoolchain/usr/bin/bitcode_strip --emit-dependency-info /tmp/havital-xcodebuild/derivedData/Build/Intermediates.noindex/Havital.build/Debug-watchsimulator/HavitalWatch.build/SwiftStdLibToolInputDependencies.dep --filter-for-swift-os --back-deploy-swift-span

ProcessInfoPlistFile /tmp/havital-xcodebuild/derivedData/Build/Products/Debug-iphonesimulator/Firebase_FirebaseFirestore.bundle/Info.plist /tmp/havital-xcodebuild/derivedData/Build/Intermediates.noindex/Firebase.build/Debug-iphonesimulator/Firebase_FirebaseFirestore.build/empty-Firebase_FirebaseFirestore.plist (in target 'Firebase_FirebaseFirestore' from project 'Firebase')
    cd /tmp/havital-xcodebuild/derivedData/SourcePackages/checkouts/firebase-ios-sdk
    builtin-infoPlistUtility /tmp/havital-xcodebuild/derivedData/Build/Intermediates.noindex/Firebase.build/Debug-iphonesimulator/Firebase_FirebaseFirestore.build/empty-Firebase_FirebaseFirestore.plist -producttype com.apple.product-type.bundle -expandbuildsettings -format binary -platform iphonesimulator -o /tmp/havital-xcodebuild/derivedData/Build/Products/Debug-iphonesimulator/Firebase_FirebaseFirestore.bundle/Info.plist

ProcessInfoPlistFile /tmp/havital-xcodebuild/derivedData/Build/Products/Debug-iphonesimulator/AppAuth_AppAuthCore.bundle/Info.plist /tmp/havital-xcodebuild/derivedData/Build/Intermediates.noindex/AppAuth.build/Debug-iphonesimulator/AppAuth_AppAuthCore.build/empty-AppAuth_AppAuthCore.plist (in target 'AppAuth_AppAuthCore' from project 'AppAuth')
    cd /tmp/havital-xcodebuild/derivedData/SourcePackages/checkouts/AppAuth-iOS
    builtin-infoPlistUtility /tmp/havital-xcodebuild/derivedData/Build/Intermediates.noindex/AppAuth.build/Debug-iphonesimulator/AppAuth_AppAuthCore.build/empty-AppAuth_AppAuthCore.plist -producttype com.apple.product-type.bundle -expandbuildsettings -format binary -platform iphonesimulator -o /tmp/havital-xcodebuild/derivedData/Build/Products/Debug-iphonesimulator/AppAuth_AppAuthCore.bundle/Info.plist

ProcessInfoPlistFile /tmp/havital-xcodebuild/derivedData/Build/Products/Debug-iphonesimulator/AppAuth_AppAuth.bundle/Info.plist /tmp/havital-xcodebuild/derivedData/Build/Intermediates.noindex/AppAuth.build/Debug-iphonesimulator/AppAuth_AppAuth.build/empty-AppAuth_AppAuth.plist (in target 'AppAuth_AppAuth' from project 'AppAuth')
    cd /tmp/havital-xcodebuild/derivedData/SourcePackages/checkouts/AppAuth-iOS
    builtin-infoPlistUtility /tmp/havital-xcodebuild/derivedData/Build/Intermediates.noindex/AppAuth.build/Debug-iphonesimulator/AppAuth_AppAuth.build/empty-AppAuth_AppAuth.plist -producttype com.apple.product-type.bundle -expandbuildsettings -format binary -platform iphonesimulator -o /tmp/havital-xcodebuild/derivedData/Build/Products/Debug-iphonesimulator/AppAuth_AppAuth.bundle/Info.plist

SwiftDriver HavitalTests normal arm64 com.apple.xcode.tools.swift.compiler (in target 'HavitalTests' from project 'Havital')
    cd /Users/wubaizong/havital/apps/ios/Havital/.worktrees/t0306-app2-skeleton
    builtin-SwiftDriver -- /Applications/Xcode.app/Contents/Developer/Toolchains/XcodeDefault.xctoolchain/usr/bin/swiftc -module-name HavitalTests -Onone @/tmp/havital-xcodebuild/derivedData/Build/Intermediates.noindex/Havital.build/Debug-iphonesimulator/HavitalTests.build/Objects-normal/arm64/HavitalTests.SwiftFileList -DDEBUG -Xcc -fmodule-map-file\=/tmp/havital-xcodebuild/derivedData/Build/Intermediates.noindex/GeneratedModuleMaps-iphonesimulator/GoogleDataTransport.modulemap -Xcc -fmodule-map-file\=/tmp/havital-xcodebuild/derivedData/Build/Intermediates.noindex/GeneratedModuleMaps-iphonesimulator/FirebaseMessaging.modulemap -Xcc -fmodule-map-file\=/tmp/havital-xcodebuild/derivedData/Build/Intermediates.noindex/GeneratedModuleMaps-iphonesimulator/GoogleAdsOnDeviceConversionTarget.modulemap -Xcc -fmodule-map-file\=/tmp/havital-xcodebuild/derivedData/Build/Intermediates.noindex/GeneratedModuleMaps-iphonesimulator/GoogleAppMeasurementTarget.modulemap -Xcc -fmodule-map-file\=/tmp/havital-xcodebuild/derivedData/Build/Intermediates.noindex/GeneratedModuleMaps-iphonesimulator/GoogleUtilities-MethodSwizzler.modulemap -Xcc -fmodule-map-file\=/tmp/havital-xcodebuild/derivedData/Build/Intermediates.noindex/GeneratedModuleMaps-iphonesimulator/FirebaseAnalyticsWrapper.modulemap -Xcc -fmodule-map-file\=/tmp/havital-xcodebuild/derivedData/Build/Intermediates.noindex/GeneratedModuleMaps-iphonesimulator/FirebaseAnalyticsTarget.modulemap -Xcc -fmodule-map-file\=/tmp/havital-xcodebuild/derivedData/Build/Intermediates.noindex/GeneratedModuleMaps-iphonesimulator/FirebaseAppCheck.modulemap -Xcc -fmodule-map-file\=/tmp/havital-xcodebuild/derivedData/Build/Intermediates.noindex/GeneratedModuleMaps-iphonesimulator/RecaptchaInterop.modulemap -Xcc -fmodule-map-file\=/tmp/havital-xcodebuild/derivedData/Build/Intermediates.noindex/GeneratedModuleMaps-iphonesimulator/GoogleUtilities-Network.modulemap -Xcc -fmodule-map-file\=/tmp/havital-xcodebuild/derivedData/Build/Intermediates.noindex/GeneratedModuleMaps-iphonesimulator/GoogleUtilities-Reachability.modulemap -Xcc -fmodule-map-file\=/tmp/havital-xcodebuild/derivedData/Build/Intermediates.noindex/GeneratedModuleMaps-iphonesimulator/GoogleUtilities-AppDelegateSwizzler.modulemap -Xcc -fmodule-map-file\=/tmp/havital-xcodebuild/derivedData/Build/Intermediates.noindex/GeneratedModuleMaps-iphonesimulator/FirebaseAuthInternal.modulemap -Xcc -fmodule-map-file\=/tmp/havital-xcodebuild/derivedData/Build/Intermediates.noindex/GeneratedModuleMaps-iphonesimulator/FirebaseAuthInterop.modulemap -Xcc -fmodule-map-file\=/tmp/havital-xcodebuild/derivedData/Build/Intermediates.noindex/GeneratedModuleMaps-iphonesimulator/abslWrapper.modulemap -Xcc -fmodule-map-file\=/tmp/havital-xcodebuild/derivedData/Build/Intermediates.noindex/GeneratedModuleMaps-iphonesimulator/opensslWrapper.modulemap -Xcc -fmodule-map-file\=/tmp/havital-xcodebuild/derivedData/Build/Intermediates.noindex/GeneratedModuleMaps-iphonesimulator/grpcWrapper.modulemap -Xcc -fmodule-map-file\=/tmp/havital-xcodebuild/derivedData/Build/Intermediates.noindex/GeneratedModuleMaps-iphonesimulator/grpcppWrapper.modulemap -Xcc -fmodule-map-file\=/tmp/havital-xcodebuild/derivedData/Build/Intermediates.noindex/GeneratedModuleMaps-iphonesimulator/nanopb.modulemap -Xcc -fmodule-map-file\=/tmp/havital-xcodebuild/derivedData/Build/Intermediates.noindex/GeneratedModuleMaps-iphonesimulator/leveldb.modulemap -Xcc -fmodule-map-file\=/tmp/havital-xcodebuild/derivedData/Build/Intermediates.noindex/GeneratedModuleMaps-iphonesimulator/FirebaseCoreExtension.modulemap -Xcc -fmodule-map-file\=/tmp/havital-xcodebuild/derivedData/Build/Intermediates.noindex/GeneratedModuleMaps-iphonesimulator/FirebaseAppCheckInterop.modulemap -Xcc -fmodule-map-file\=/tmp/havital-xcodebuild/derivedData/Build/Intermediates.noindex/GeneratedModuleMaps-iphonesimulator/FirebaseFirestoreInternalWrapper.modulemap -Xcc -fmodule-map-file\=/tmp/havital-xcodebuild/derivedData/Build/Intermediates.noindex/GeneratedModuleMaps-iphonesimulator/FirebaseFirestoreTarget.modulemap -Xcc -fmodule-map-file\=/tmp/havital-xcodebuild/derivedData/Build/Intermediates.noindex/GeneratedModuleMaps-iphonesimulator/GoogleUtilities-NSData.modulemap -Xcc -fmodule-map-file\=/tmp/havital-xcodebuild/derivedData/Build/Intermediates.noindex/GeneratedModuleMaps-iphonesimulator/FirebaseRemoteConfigInternal.modulemap -Xcc -fmodule-map-file\=/tmp/havital-xcodebuild/derivedData/Build/Intermediates.noindex/GeneratedModuleMaps-iphonesimulator/FirebaseInstallations.modulemap -Xcc -fmodule-map-file\=/tmp/havital-xcodebuild/derivedData/Build/Intermediates.noindex/GeneratedModuleMaps-iphonesimulator/FirebaseABTesting.modulemap -Xcc -fmodule-map-file\=/tmp/havital-xcodebuild/derivedData/Build/Intermediates.noindex/GeneratedModuleMaps-iphonesimulator/FirebaseCore.modulemap -Xcc -fmodule-map-file\=/tmp/havital-xcodebuild/derivedData/Build/Intermediates.noindex/GeneratedModuleMaps-iphonesimulator/AppAuth.modulemap -Xcc -fmodule-map-file\=/tmp/havital-xcodebuild/derivedData/Build/Intermediates.noindex/GeneratedModuleMaps-iphonesimulator/GoogleUtilities-Logger.modulemap -Xcc -fmodule-map-file\=/tmp/havital-xcodebuild/derivedData/Build/Intermediates.noindex/GeneratedModuleMaps-iphonesimulator/GoogleUtilities-Environment.modulemap -Xcc -fmodule-map-file\=/tmp/havital-xcodebuild/derivedData/Build/Intermediates.noindex/GeneratedModuleMaps-iphonesimulator/third-party-IsAppEncrypted.modulemap -Xcc -fmodule-map-file\=/tmp/havital-xcodebuild/derivedData/Build/Intermediates.noindex/GeneratedModuleMaps-iphonesimulator/GoogleUtilities-UserDefaults.modulemap -Xcc -fmodule-map-file\=/tmp/havital-xcodebuild/derivedData/Build/Intermediates.noindex/GeneratedModuleMaps-iphonesimulator/AppCheckCore.modulemap -Xcc -fmodule-map-file\=/tmp/havital-xcodebuild/derivedData/Build/Intermediates.noindex/GeneratedModuleMaps-iphonesimulator/AppAuthCore.modulemap -Xcc -fmodule-map-file\=/tmp/havital-xcodebuild/derivedData/Build/Intermediates.noindex/GeneratedModuleMaps-iphonesimulator/GTMSessionFetcherCore.modulemap -Xcc -fmodule-map-file\=/tmp/havital-xcodebuild/derivedData/Build/Intermediates.noindex/GeneratedModuleMaps-iphonesimulator/GoogleSignIn.modulemap -plugin-path /Applications/Xcode.app/Contents/Developer/Toolchains/XcodeDefault.xctoolchain/usr/lib/swift/host/plugins/testing -enable-bare-slash-regex -enable-experimental-feature DebugDescriptionMacro -sdk /Applications/Xcode.app/Contents/Developer/Platforms/iPhoneSimulator.platform/Developer/SDKs/iPhoneSimulator26.5.sdk -target arm64-apple-ios18.0-simulator -g -module-cache-path /tmp/havital-xcodebuild/derivedData/ModuleCache.noindex -Xfrontend -serialize-debugging-options -profile-coverage-mapping -profile-generate -enable-testing -index-store-path /tmp/havital-xcodebuild/derivedData/Index.noindex/DataStore -Xcc -D_LIBCPP_HARDENING_MODE\=_LIBCPP_HARDENING_MODE_DEBUG -swift-version 5 -I /tmp/havital-xcodebuild/derivedData/Build/Products/Debug-iphonesimulator -Isystem /Applications/Xcode.app/Contents/Developer/Platforms/iPhoneSimulator.platform/Developer/usr/lib -F /tmp/havital-xcodebuild/derivedData/Build/Products/Debug-iphonesimulator/PackageFrameworks -F /tmp/havital-xcodebuild/derivedData/Build/Products/Debug-iphonesimulator/PackageFrameworks -F /tmp/havital-xcodebuild/derivedData/Build/Products/Debug-iphonesimulator/PackageFrameworks -F /tmp/havital-xcodebuild/derivedData/Build/Products/Debug-iphonesimulator/PackageFrameworks -F /tmp/havital-xcodebuild/derivedData/Build/Products/Debug-iphonesimulator/PackageFrameworks -F /tmp/havital-xcodebuild/derivedData/Build/Products/Debug-iphonesimulator/PackageFrameworks -F /tmp/havital-xcodebuild/derivedData/Build/Products/Debug-iphonesimulator/PackageFrameworks -F /tmp/havital-xcodebuild/derivedData/Build/Products/Debug-iphonesimulator/PackageFrameworks -F /tmp/havital-xcodebuild/derivedData/Build/Products/Debug-iphonesimulator/PackageFrameworks -F /tmp/havital-xcodebuild/derivedData/Build/Products/Debug-iphonesimulator/PackageFrameworks -F /tmp/havital-xcodebuild/derivedData/Build/Products/Debug-iphonesimulator/PackageFrameworks -F /tmp/havital-xcodebuild/derivedData/Build/Products/Debug-iphonesimulator/PackageFrameworks -F /tmp/havital-xcodebuild/derivedData/Build/Products/Debug-iphonesimulator/PackageFrameworks -F /tmp/havital-xcodebuild/derivedData/Build/Products/Debug-iphonesimulator/PackageFrameworks -F /tmp/havital-xcodebuild/derivedData/Build/Products/Debug-iphonesimulator/PackageFrameworks -F /tmp/havital-xcodebuild/derivedData/Build/Products/Debug-iphonesimulator/PackageFrameworks -F /tmp/havital-xcodebuild/derivedData/Build/Products/Debug-iphonesimulator/PackageFrameworks -F /tmp/havital-xcodebuild/derivedData/Build/Products/Debug-iphonesimulator/PackageFrameworks -F /tmp/havital-xcodebuild/derivedData/Build/Products/Debug-iphonesimulator/PackageFrameworks -F /tmp/havital-xcodebuild/derivedData/Build/Products/Debug-iphonesimulator/PackageFrameworks -F /tmp/havital-xcodebuild/derivedData/Build/Products/Debug-iphonesimulator/PackageFrameworks -F /tmp/havital-xcodebuild/derivedData/Build/Products/Debug-iphonesimulator/PackageFrameworks -F /tmp/havital-xcodebuild/derivedData/Build/Products/Debug-iphonesimulator/PackageFrameworks -F /tmp/havital-xcodebuild/derivedData/Build/Products/Debug-iphonesimulator/PackageFrameworks -F /tmp/havital-xcodebuild/derivedData/Build/Products/Debug-iphonesimulator/PackageFrameworks -F /tmp/havital-xcodebuild/derivedData/Build/Products/Debug-iphonesimulator/PackageFrameworks -F /tmp/havital-xcodebuild/derivedData/Build/Products/Debug-iphonesimulator/PackageFrameworks -F /tmp/havital-xcodebuild/derivedData/Build/Products/Debug-iphonesimulator/PackageFrameworks -F /tmp/havital-xcodebuild/derivedData/Build/Products/Debug-iphonesimulator/PackageFrameworks -F /tmp/havital-xcodebuild/derivedData/Build/Products/Debug-iphonesimulator/PackageFrameworks -F /tmp/havital-xcodebuild/derivedData/Build/Products/Debug-iphonesimulator/PackageFrameworks -F /tmp/havital-xcodebuild/derivedData/Build/Products/Debug-iphonesimulator/PackageFrameworks -F /tmp/havital-xcodebuild/derivedData/Build/Products/Debug-iphonesimulator/PackageFrameworks -F /tmp/havital-xcodebuild/derivedData/Build/Products/Debug-iphonesimulator/PackageFrameworks -F /tmp/havital-xcodebuild/derivedData/Build/Products/Debug-iphonesimulator/PackageFrameworks -F /tmp/havital-xcodebuild/derivedData/Build/Products/Debug-iphonesimulator/PackageFrameworks -F /tmp/havital-xcodebuild/derivedData/Build/Products/Debug-iphonesimulator/PackageFrameworks -F /tmp/havital-xcodebuild/derivedData/Build/Products/Debug-iphonesimulator/PackageFrameworks -F /tmp/havital-xcodebuild/derivedData/Build/Products/Debug-iphonesimulator/PackageFrameworks -F /tmp/havital-xcodebuild/derivedData/Build/Products/Debug-iphonesimulator/PackageFrameworks -F /tmp/havital-xcodebuild/derivedData/Build/Products/Debug-iphonesimulator/PackageFrameworks -F /tmp/havital-xcodebuild/derivedData/Build/Products/Debug-iphonesimulator/PackageFrameworks -F /tmp/havital-xcodebuild/derivedData/Build/Products/Debug-iphonesimulator/PackageFrameworks -F /tmp/havital-xcodebuild/derivedData/Build/Products/Debug-iphonesimulator/PackageFrameworks -F /tmp/havital-xcodebuild/derivedData/Build/Products/Debug-iphonesimulator/PackageFrameworks -F /tmp/havital-xcodebuild/derivedData/Build/Products/Debug-iphonesimulator/PackageFrameworks -F /tmp/havital-xcodebuild/derivedData/Build/Products/Debug-iphonesimulator/PackageFrameworks -F /tmp/havital-xcodebuild/derivedData/Build/Products/Debug-iphonesimulator/PackageFrameworks -F /tmp/havital-xcodebuild/derivedData/Build/Products/Debug-iphonesimulator/PackageFrameworks -F /tmp/havital-xcodebuild/derivedData/Build/Products/Debug-iphonesimulator/PackageFrameworks -F /tmp/havital-xcodebuild/derivedData/Build/Products/Debug-iphonesimulator/PackageFrameworks -F /tmp/havital-xcodebuild/derivedData/Build/Products/Debug-iphonesimulator/PackageFrameworks -F /tmp/havital-xcodebuild/derivedData/Build/Products/Debug-iphonesimulator -F /Applications/Xcode.app/Contents/Developer/Platforms/iPhoneSimulator.platform/Developer/Library/Frameworks -F /Applications/Xcode.app/Contents/Developer/Platforms/iPhoneSimulator.platform/Developer/SDKs/iPhoneSimulator26.5.sdk/Developer/Library/Frameworks -c -j10 -enable-batch-mode -incremental -Xcc -ivfsstatcache -Xcc /tmp/havital-xcodebuild/derivedData/SDKStatCaches.noindex/iphonesimulator26.5-23F81a-6cfe768891a92b912361537c460fe42b.sdkstatcache -output-file-map /tmp/havital-xcodebuild/derivedData/Build/Intermediates.noindex/Havital.build/Debug-iphonesimulator/HavitalTests.build/Objects-normal/arm64/HavitalTests-OutputFileMap.json -use-frontend-parseable-output -save-temps -no-color-diagnostics -explicit-module-build -module-cache-path /tmp/havital-xcodebuild/derivedData/Build/Intermediates.noindex/SwiftExplicitPrecompiledModules -clang-scanner-module-cache-path /tmp/havital-xcodebuild/derivedData/ModuleCache.noindex -sdk-module-cache-path /tmp/havital-xcodebuild/derivedData/ModuleCache.noindex -serialize-diagnostics -emit-dependencies -emit-module -emit-module-path /tmp/havital-xcodebuild/derivedData/Build/Intermediates.noindex/Havital.build/Debug-iphonesimulator/HavitalTests.build/Objects-normal/arm64/HavitalTests.swiftmodule -validate-clang-modules-once -clang-build-session-file /tmp/havital-xcodebuild/derivedData/ModuleCache.noindex/Session.modulevalidation -Xcc -I/tmp/havital-xcodebuild/derivedData/Build/Intermediates.noindex/Havital.build/Debug-iphonesimulator/HavitalTests.build/swift-overrides.hmap -emit-const-values -Xfrontend -const-gather-protocols-file -Xfrontend /tmp/havital-xcodebuild/derivedData/Build/Intermediates.noindex/Havital.build/Debug-iphonesimulator/HavitalTests.build/Objects-normal/arm64/HavitalTests_const_extract_protocols.json -Xcc -iquote -Xcc /tmp/havital-xcodebuild/derivedData/Build/Intermediates.noindex/Havital.build/Debug-iphonesimulator/HavitalTests.build/HavitalTests-generated-files.hmap -Xcc -I/tmp/havital-xcodebuild/derivedData/Build/Intermediates.noindex/Havital.build/Debug-iphonesimulator/HavitalTests.build/HavitalTests-own-target-headers.hmap -Xcc -I/tmp/havital-xcodebuild/derivedData/Build/Intermediates.noindex/Havital.build/Debug-iphonesimulator/HavitalTests.build/HavitalTests-all-non-framework-target-headers.hmap -Xcc -ivfsoverlay -Xcc /tmp/havital-xcodebuild/derivedData/Build/Intermediates.noindex/Havital.build/Debug-iphonesimulator/Havital-82ed0ad413eda5ea026b0d4aed613207-VFS-iphonesimulator/all-product-headers.yaml -Xcc -iquote -Xcc /tmp/havital-xcodebuild/derivedData/Build/Intermediates.noindex/Havital.build/Debug-iphonesimulator/HavitalTests.build/HavitalTests-project-headers.hmap -Xcc -I/tmp/havital-xcodebuild/derivedData/SourcePackages/checkouts/GoogleDataTransport/GoogleDataTransport/GDTCORLibrary/Public -Xcc -I/tmp/havital-xcodebuild/derivedData/SourcePackages/checkouts/firebase-ios-sdk/FirebaseMessaging/Sources/Public -Xcc -I/tmp/havital-xcodebuild/derivedData/SourcePackages/checkouts/google-ads-on-device-conversion-ios-sdk/GoogleAdsOnDeviceConversionWrapper/include -Xcc -I/tmp/havital-xcodebuild/derivedData/SourcePackages/checkouts/GoogleAppMeasurement/GoogleAppMeasurementWrapper/include -Xcc -I/tmp/havital-xcodebuild/derivedData/SourcePackages/checkouts/GoogleUtilities/GoogleUtilities/MethodSwizzler/Public -Xcc -I/tmp/havital-xcodebuild/derivedData/SourcePackages/checkouts/firebase-ios-sdk/FirebaseAnalyticsWrapper/include -Xcc -I/tmp/havital-xcodebuild/derivedData/SourcePackages/checkouts/firebase-ios-sdk/SwiftPM-PlatformExclude/FirebaseAnalyticsWrap/include -Xcc -I/tmp/havital-xcodebuild/derivedData/SourcePackages/checkouts/firebase-ios-sdk/FirebaseAppCheck/Sources/Public -Xcc -I/tmp/havital-xcodebuild/derivedData/SourcePackages/checkouts/interop-ios-for-google-sdks/RecaptchaEnterprise/RecaptchaInterop/Public -Xcc -I/tmp/havital-xcodebuild/derivedData/SourcePackages/checkouts/GoogleUtilities/GoogleUtilities/Network/Public -Xcc -I/tmp/havital-xcodebuild/derivedData/SourcePackages/checkouts/GoogleUtilities/GoogleUtilities/Reachability/Public -Xcc -I/tmp/havital-xcodebuild/derivedData/SourcePackages/checkouts/GoogleUtilities/GoogleUtilities/AppDelegateSwizzler/Public -Xcc -I/tmp/havital-xcodebuild/derivedData/SourcePackages/checkouts/firebase-ios-sdk/FirebaseAuth/Sources/Public -Xcc -I/tmp/havital-xcodebuild/derivedData/SourcePackages/checkouts/firebase-ios-sdk/FirebaseAuth/Interop/Public -Xcc -I/tmp/havital-xcodebuild/derivedData/SourcePackages/checkouts/abseil-cpp-binary/absl-Wrapper/include -Xcc -I/tmp/havital-xcodebuild/derivedData/SourcePackages/checkouts/grpc-binary/openssl-grpc-Wrapper/include -Xcc -I/tmp/havital-xcodebuild/derivedData/SourcePackages/checkouts/grpc-binary/grpc-Wrapper/include -Xcc -I/tmp/havital-xcodebuild/derivedData/SourcePackages/checkouts/grpc-binary/grpcpp-Wrapper/include -Xcc -I/tmp/havital-xcodebuild/derivedData/SourcePackages/checkouts/nanopb/spm_headers -Xcc -I/tmp/havital-xcodebuild/derivedData/SourcePackages/checkouts/leveldb/include -Xcc -I/tmp/havital-xcodebuild/derivedData/SourcePackages/checkouts/firebase-ios-sdk/FirebaseCore/Extension -Xcc -I/tmp/havital-xcodebuild/derivedData/SourcePackages/checkouts/firebase-ios-sdk/FirebaseAppCheck/Interop/Public -Xcc -I/tmp/havital-xcodebuild/derivedData/SourcePackages/checkouts/firebase-ios-sdk/FirebaseFirestoreInternal -Xcc -I/tmp/havital-xcodebuild/derivedData/SourcePackages/checkouts/firebase-ios-sdk/SwiftPM-PlatformExclude/FirebaseFirestoreWrap/include -Xcc -I/tmp/havital-xcodebuild/derivedData/SourcePackages/checkouts/GoogleUtilities/GoogleUtilities/NSData+zlib/Public -Xcc -I/tmp/havital-xcodebuild/derivedData/SourcePackages/checkouts/firebase-ios-sdk/FirebaseRemoteConfig/Sources/Public -Xcc -I/tmp/havital-xcodebuild/derivedData/SourcePackages/checkouts/firebase-ios-sdk/FirebaseInstallations/Source/Library/Public -Xcc -I/tmp/havital-xcodebuild/derivedData/SourcePackages/checkouts/firebase-ios-sdk/FirebaseABTesting/Sources/Public -Xcc -I/tmp/havital-xcodebuild/derivedData/SourcePackages/checkouts/firebase-ios-sdk/FirebaseCore/Sources/Public -Xcc -I/tmp/havital-xcodebuild/derivedData/SourcePackages/checkouts/firebase-ios-sdk/CoreOnly/Sources -Xcc -I/tmp/havital-xcodebuild/derivedData/SourcePackages/checkouts/AppAuth-iOS/Sources/AppAuth -Xcc -I/tmp/havital-xcodebuild/derivedData/SourcePackages/checkouts/promises/Sources/FBLPromises/include -Xcc -I/tmp/havital-xcodebuild/derivedData/SourcePackages/checkouts/GoogleUtilities/GoogleUtilities/Logger/Public -Xcc -I/tmp/havital-xcodebuild/derivedData/SourcePackages/checkouts/GoogleUtilities/GoogleUtilities/Environment/Public -Xcc -I/tmp/havital-xcodebuild/derivedData/SourcePackages/checkouts/GoogleUtilities/third_party/IsAppEncrypted/Public -Xcc -I/tmp/havital-xcodebuild/derivedData/SourcePackages/checkouts/GoogleUtilities/GoogleUtilities/UserDefaults/Public -Xcc -I/tmp/havital-xcodebuild/derivedData/SourcePackages/checkouts/app-check/AppCheckCore/Sources/Public -Xcc -I/tmp/havital-xcodebuild/derivedData/SourcePackages/checkouts/AppAuth-iOS/Sources/AppAuthCore -Xcc -I/tmp/havital-xcodebuild/derivedData/SourcePackages/checkouts/gtm-session-fetcher/Sources/Core/Public -Xcc -I/tmp/havital-xcodebuild/derivedData/SourcePackages/checkouts/GoogleSignIn-iOS/GoogleSignIn/Sources/Public -Xcc -I/tmp/havital-xcodebuild/derivedData/Build/Products/Debug-iphonesimulator/include -Xcc -I/tmp/havital-xcodebuild/derivedData/Build/Intermediates.noindex/Havital.build/Debug-iphonesimulator/HavitalTests.build/DerivedSources-normal/arm64 -Xcc -I/tmp/havital-xcodebuild/derivedData/Build/Intermediates.noindex/Havital.build/Debug-iphonesimulator/HavitalTests.build/DerivedSources/arm64 -Xcc -I/tmp/havital-xcodebuild/derivedData/Build/Intermediates.noindex/Havital.build/Debug-iphonesimulator/HavitalTests.build/DerivedSources -Xcc -DDEBUG\=1 -emit-objc-header -emit-objc-header-path /tmp/havital-xcodebuild/derivedData/Build/Intermediates.noindex/Havital.build/Debug-iphonesimulator/HavitalTests.build/Objects-normal/arm64/HavitalTests-Swift.h -working-directory /Users/wubaizong/havital/apps/ios/Havital/.worktrees/t0306-app2-skeleton -experimental-emit-module-separately -disable-cmo

ProcessInfoPlistFile /tmp/havital-xcodebuild/derivedData/Build/Products/Debug-watchsimulator/HavitalWatch.app/Info.plist /tmp/havital-xcodebuild/derivedData/Build/Intermediates.noindex/Havital.build/Debug-watchsimulator/HavitalWatch.build/empty-HavitalWatch.plist (in target 'HavitalWatch' from project 'Havital')
    cd /Users/wubaizong/havital/apps/ios/Havital/.worktrees/t0306-app2-skeleton
    builtin-infoPlistUtility /tmp/havital-xcodebuild/derivedData/Build/Intermediates.noindex/Havital.build/Debug-watchsimulator/HavitalWatch.build/empty-HavitalWatch.plist -producttype com.apple.product-type.application -genpkginfo /tmp/havital-xcodebuild/derivedData/Build/Products/Debug-watchsimulator/HavitalWatch.app/PkgInfo -expandbuildsettings -format binary -platform watchsimulator -additionalcontentfile /tmp/havital-xcodebuild/derivedData/Build/Intermediates.noindex/Havital.build/Debug-watchsimulator/HavitalWatch.build/assetcatalog_generated_info.plist -scanforprivacyfile /tmp/havital-xcodebuild/derivedData/Build/Products/Debug-watchsimulator/HavitalWatch.app/PlugIns/HavitalWatchComplication.appex -o /tmp/havital-xcodebuild/derivedData/Build/Products/Debug-watchsimulator/HavitalWatch.app/Info.plist

PhaseScriptExecution Run\ Script /tmp/havital-xcodebuild/derivedData/Build/Intermediates.noindex/Havital.build/Debug-iphonesimulator/Havital.build/Script-CF3CDD642DEB216600B6AE66.sh (in target 'Havital' from project 'Havital')
    cd /Users/wubaizong/havital/apps/ios/Havital/.worktrees/t0306-app2-skeleton
    export ACTION\=build
    export AD_HOC_CODE_SIGNING_ALLOWED\=YES
    export AGGREGATE_TRACKED_DOMAINS\=YES
    export ALLOW_BUILD_REQUEST_OVERRIDES\=NO
    export ALLOW_TARGET_PLATFORM_SPECIALIZATION\=NO
    export ALTERNATE_GROUP\=staff
    export ALTERNATE_MODE\=u+w,go-w,a+rX
    export ALTERNATE_OWNER\=wubaizong
    export ALTERNATIVE_DISTRIBUTION_WEB\=NO
    export ALWAYS_EMBED_SWIFT_STANDARD_LIBRARIES\=NO
    export ALWAYS_SEARCH_USER_PATHS\=NO
    export ALWAYS_USE_SEPARATE_HEADERMAPS\=NO
    export APPLICATION_EXTENSION_API_ONLY\=NO
    export APPLY_RULES_IN_COPY_FILES\=NO
    export APPLY_RULES_IN_COPY_HEADERS\=NO
    export APP_SHORTCUTS_ENABLE_FLEXIBLE_MATCHING\=YES
    export ARCHS\=arm64
    export ARCHS_BASE\=arm64
    export ARCHS_STANDARD\=arm64\ x86_64
    export ARCHS_STANDARD_32_64_BIT\=arm64\ x86_64
    export ARCHS_STANDARD_64_BIT\=arm64\ x86_64
    export ARCHS_STANDARD_INCLUDING_64_BIT\=arm64\ x86_64
    export ARCHS_UNIVERSAL_IPHONE_OS\=arm64\ x86_64
    export ASSETCATALOG_COMPILER_APPICON_NAME\=AppIcon
    export ASSETCATALOG_COMPILER_GENERATE_SWIFT_ASSET_SYMBOL_EXTENSIONS\=YES
    export ASSETCATALOG_COMPILER_GLOBAL_ACCENT_COLOR_NAME\=AccentColor
    export ASSETCATALOG_FILTER_FOR_DEVICE_MODEL\=iPhone18,1
    export ASSETCATALOG_FILTER_FOR_DEVICE_OS_VERSION\=26.5
    export ASSETCATALOG_FILTER_FOR_THINNING_DEVICE_CONFIGURATION\=iPhone18,1
    export AUTOMATICALLY_MERGE_DEPENDENCIES\=NO
    export AUTOMATION_APPLE_EVENTS\=NO
    export AVAILABLE_PLATFORMS\=android\ appletvos\ appletvsimulator\ driverkit\ freebsd\ iphoneos\ iphonesimulator\ linux\ macosx\ none\ openbsd\ qnx\ watchos\ watchsimulator\ webassembly\ xros\ xrsimulator
    export AppIdentifierPrefix\=779277J4JQ.
    export BUILD_ACTIVE_RESOURCES_ONLY\=YES
    export BUILD_COMPONENTS\=headers\ build
    export BUILD_DIR\=/tmp/havital-xcodebuild/derivedData/Build/Products
    export BUILD_LIBRARY_FOR_DISTRIBUTION\=NO
    export BUILD_ONLY_KNOWN_LOCALIZATIONS\=NO
    export BUILD_ROOT\=/tmp/havital-xcodebuild/derivedData/Build/Products
    export BUILD_STYLE\=
    export BUILD_VARIANTS\=normal
    export BUILT_PRODUCTS_DIR\=/tmp/havital-xcodebuild/derivedData/Build/Products/Debug-iphonesimulator
    export BUNDLE_CONTENTS_FOLDER_PATH_deep\=Contents/
    export BUNDLE_EXECUTABLE_FOLDER_NAME_deep\=MacOS
    export BUNDLE_EXTENSIONS_FOLDER_PATH\=Extensions
    export BUNDLE_FORMAT\=shallow
    export BUNDLE_FRAMEWORKS_FOLDER_PATH\=Frameworks
    export BUNDLE_PLUGINS_FOLDER_PATH\=PlugIns
    export BUNDLE_PRIVATE_HEADERS_FOLDER_PATH\=PrivateHeaders
    export BUNDLE_PUBLIC_HEADERS_FOLDER_PATH\=Headers
    export CACHE_ROOT\=/var/folders/yw/0fw5n4hs4r75vjh6qy18lm0w0000gp/C/com.apple.DeveloperTools/26.6-17F113/Xcode
    export CCHROOT\=/var/folders/yw/0fw5n4hs4r75vjh6qy18lm0w0000gp/C/com.apple.DeveloperTools/26.6-17F113/Xcode
    export CHMOD\=/bin/chmod
    export CHOWN\=chown
    export CLANG_ANALYZER_NONNULL\=YES
    export CLANG_ANALYZER_NUMBER_OBJECT_CONVERSION\=YES_AGGRESSIVE
    export CLANG_CACHE_FINE_GRAINED_OUTPUTS\=YES
    export CLANG_COVERAGE_MAPPING\=YES
    export CLANG_CXX_LANGUAGE_STANDARD\=gnu++20
    export CLANG_ENABLE_EXPLICIT_MODULES\=YES
    export CLANG_ENABLE_MODULES\=YES
    export CLANG_ENABLE_OBJC_ARC\=YES
    export CLANG_ENABLE_OBJC_WEAK\=YES
    export CLANG_MODULES_BUILD_SESSION_FILE\=/tmp/havital-xcodebuild/derivedData/ModuleCache.noindex/Session.modulevalidation
    export CLANG_PROFILE_DATA_DIRECTORY\=/tmp/havital-xcodebuild/derivedData/Build/ProfileData
    export CLANG_WARN_BLOCK_CAPTURE_AUTORELEASING\=YES
    export CLANG_WARN_BOOL_CONVERSION\=YES
    export CLANG_WARN_COMMA\=YES
    export CLANG_WARN_CONSTANT_CONVERSION\=YES
    export CLANG_WARN_DEPRECATED_OBJC_IMPLEMENTATIONS\=YES
    export CLANG_WARN_DIRECT_OBJC_ISA_USAGE\=YES_ERROR
    export CLANG_WARN_DOCUMENTATION_COMMENTS\=YES
    export CLANG_WARN_EMPTY_BODY\=YES
    export CLANG_WARN_ENUM_CONVERSION\=YES
    export CLANG_WARN_INFINITE_RECURSION\=YES
    export CLANG_WARN_INT_CONVERSION\=YES
    export CLANG_WARN_NON_LITERAL_NULL_CONVERSION\=YES
    export CLANG_WARN_OBJC_IMPLICIT_RETAIN_SELF\=YES
    export CLANG_WARN_OBJC_LITERAL_CONVERSION\=YES
    export CLANG_WARN_OBJC_ROOT_CLASS\=YES_ERROR
    export CLANG_WARN_QUOTED_INCLUDE_IN_FRAMEWORK_HEADER\=YES
    export CLANG_WARN_RANGE_LOOP_ANALYSIS\=YES
    export CLANG_WARN_STRICT_PROTOTYPES\=YES
    export CLANG_WARN_SUSPICIOUS_MOVE\=YES
    export CLANG_WARN_UNGUARDED_AVAILABILITY\=YES_AGGRESSIVE
    export CLANG_WARN_UNREACHABLE_CODE\=YES
    export CLANG_WARN__DUPLICATE_METHOD_MATCH\=YES
    export CLASS_FILE_DIR\=/tmp/havital-xcodebuild/derivedData/Build/Intermediates.noindex/Havital.build/Debug-iphonesimulator/Havital.build/JavaClasses
    export CLEAN_PRECOMPS\=YES
    export CLONE_HEADERS\=NO
    export CODESIGNING_FOLDER_PATH\=/tmp/havital-xcodebuild/derivedData/Build/Products/Debug-iphonesimulator/paceriz_dev.app
    export CODE_SIGNING_ALLOWED\=YES
    export CODE_SIGNING_REQUIRED\=YES
    export CODE_SIGN_CONTEXT_CLASS\=XCiPhoneSimulatorCodeSignContext
    export CODE_SIGN_ENTITLEMENTS\=Havital/Havital.entitlements
    export CODE_SIGN_IDENTITY\=-
    export CODE_SIGN_INJECT_BASE_ENTITLEMENTS\=YES
    export CODE_SIGN_STYLE\=Automatic
    export COLOR_DIAGNOSTICS\=NO
    export COMBINE_HIDPI_IMAGES\=NO
    export COMPILATION_CACHE_CAS_PATH\=/tmp/havital-xcodebuild/derivedData/CompilationCache.noindex
    export COMPILATION_CACHE_KEEP_CAS_DIRECTORY\=YES
    export COMPILER_INDEX_STORE_ENABLE\=Default
    export COMPOSITE_SDK_DIRS\=/tmp/havital-xcodebuild/derivedData/Build/Intermediates.noindex/CompositeSDKs
    export COMPRESS_PNG_FILES\=YES
    export CONFIGURATION\=Debug
    export CONFIGURATION_BUILD_DIR\=/tmp/havital-xcodebuild/derivedData/Build/Products/Debug-iphonesimulator
    export CONFIGURATION_TEMP_DIR\=/tmp/havital-xcodebuild/derivedData/Build/Intermediates.noindex/Havital.build/Debug-iphonesimulator
    export CONTENTS_FOLDER_PATH\=paceriz_dev.app
    export CONTENTS_FOLDER_PATH_SHALLOW_BUNDLE_NO\=paceriz_dev.app/Contents
    export CONTENTS_FOLDER_PATH_SHALLOW_BUNDLE_YES\=paceriz_dev.app
    export COPYING_PRESERVES_HFS_DATA\=NO
    export COPY_HEADERS_RUN_UNIFDEF\=NO
    export COPY_PHASE_STRIP\=NO
    export CORRESPONDING_DEVICE_PLATFORM_DIR\=/Applications/Xcode.app/Contents/Developer/Platforms/iPhoneOS.platform
    export CORRESPONDING_DEVICE_PLATFORM_NAME\=iphoneos
    export CORRESPONDING_DEVICE_SDK_DIR\=/Applications/Xcode.app/Contents/Developer/Platforms/iPhoneOS.platform/Developer/SDKs/iPhoneOS26.5.sdk
    export CORRESPONDING_DEVICE_SDK_NAME\=iphoneos26.5
    export CP\=/bin/cp
    export CREATE_INFOPLIST_SECTION_IN_BINARY\=NO
    export CURRENT_ARCH\=undefined_arch
    export CURRENT_PROJECT_VERSION\=0
    export CURRENT_VARIANT\=normal
    export DEAD_CODE_STRIPPING\=YES
    export DEBUGGING_SYMBOLS\=YES
    export DEBUG_INFORMATION_FORMAT\=dwarf
    export DEBUG_INFORMATION_VERSION\=compiler-default
    export DEFAULT_COMPILER\=com.apple.compilers.llvm.clang.1_0
    export DEFAULT_DEXT_INSTALL_PATH\=/System/Library/DriverExtensions
    export DEFAULT_KEXT_INSTALL_PATH\=/System/Library/Extensions
    export DEFINES_MODULE\=NO
    export DEPLOYMENT_LOCATION\=NO
    export DEPLOYMENT_POSTPROCESSING\=NO
    export DEPLOYMENT_TARGET_SETTING_NAME\=IPHONEOS_DEPLOYMENT_TARGET
    export DEPLOYMENT_TARGET_SUGGESTED_VALUES\=12.0\ 12.1\ 12.2\ 12.3\ 12.4\ 13.0\ 13.1\ 13.2\ 13.3\ 13.4\ 13.5\ 13.6\ 14.0\ 14.1\ 14.2\ 14.3\ 14.4\ 14.5\ 14.6\ 14.7\ 15.0\ 15.1\ 15.2\ 15.3\ 15.4\ 15.5\ 15.6\ 16.0\ 16.1\ 16.2\ 16.3\ 16.4\ 16.5\ 16.6\ 17.0\ 17.1\ 17.2\ 17.3\ 17.4\ 17.5\ 17.6\ 18.0\ 18.1\ 18.2\ 18.3\ 18.4\ 18.5\ 18.6\ 26.0\ 26.2\ 26.3\ 26.4\ 26.5
    export DERIVED_FILES_DIR\=/tmp/havital-xcodebuild/derivedData/Build/Intermediates.noindex/Havital.build/Debug-iphonesimulator/Havital.build/DerivedSources
    export DERIVED_FILE_DIR\=/tmp/havital-xcodebuild/derivedData/Build/Intermediates.noindex/Havital.build/Debug-iphonesimulator/Havital.build/DerivedSources
    export DERIVED_SOURCES_DIR\=/tmp/havital-xcodebuild/derivedData/Build/Intermediates.noindex/Havital.build/Debug-iphonesimulator/Havital.build/DerivedSources
    export DEVELOPER_APPLICATIONS_DIR\=/Applications/Xcode.app/Contents/Developer/Applications
    export DEVELOPER_BIN_DIR\=/Applications/Xcode.app/Contents/Developer/usr/bin
    export DEVELOPER_DIR\=/Applications/Xcode.app/Contents/Developer
    export DEVELOPER_FRAMEWORKS_DIR\=/Applications/Xcode.app/Contents/Developer/Library/Frameworks
    export DEVELOPER_FRAMEWORKS_DIR_QUOTED\=/Applications/Xcode.app/Contents/Developer/Library/Frameworks
    export DEVELOPER_LIBRARY_DIR\=/Applications/Xcode.app/Contents/Developer/Library
    export DEVELOPER_SDK_DIR\=/Applications/Xcode.app/Contents/Developer/Platforms/MacOSX.platform/Developer/SDKs
    export DEVELOPER_TOOLS_DIR\=/Applications/Xcode.app/Contents/Developer/Tools
    export DEVELOPER_USR_DIR\=/Applications/Xcode.app/Contents/Developer/usr
    export DEVELOPMENT_ASSET_PATHS\=\"Havital/Preview\ Content\"
    export DEVELOPMENT_LANGUAGE\=en
    export DEVELOPMENT_TEAM\=779277J4JQ
    export DIAGNOSE_MISSING_TARGET_DEPENDENCIES\=YES
    export DIFF\=/usr/bin/diff
    export DOCUMENTATION_FOLDER_PATH\=paceriz_dev.app/en.lproj/Documentation
    export DONT_GENERATE_INFOPLIST_FILE\=NO
    export DSTROOT\=/tmp/Havital.dst
    export DT_TOOLCHAIN_DIR\=/Applications/Xcode.app/Contents/Developer/Toolchains/XcodeDefault.xctoolchain
    export DUMP_DEPENDENCIES\=NO
    export DUMP_DEPENDENCIES_OUTPUT_PATH\=/tmp/havital-xcodebuild/derivedData/Build/Intermediates.noindex/Havital.build/Debug-iphonesimulator/Havital.build/Havital-BuildDependencyInfo.json
    export DWARF_DSYM_FILE_NAME\=paceriz_dev.app.dSYM
    export DWARF_DSYM_FILE_SHOULD_ACCOMPANY_PRODUCT\=NO
    export DWARF_DSYM_FOLDER_PATH\=/tmp/havital-xcodebuild/derivedData/Build/Products/Debug-iphonesimulator
    export DYNAMIC_LIBRARY_EXTENSION\=dylib
    export EAGER_COMPILATION_ALLOW_SCRIPTS\=YES
    export EAGER_LINKING\=NO
    export EFFECTIVE_PLATFORM_NAME\=-iphonesimulator
    export EFFECTIVE_SWIFT_VERSION\=5
    export EMBEDDED_CONTENT_CONTAINS_SWIFT\=NO
    export EMBED_ASSET_PACKS_IN_PRODUCT_BUNDLE\=NO
    export EMBED_PACKAGE_RESOURCE_BUNDLE_NAMES\=\ GoogleSignIn_GoogleSignInSwift\ GoogleSignIn_GoogleSignIn\ GTMSessionFetcher_GTMSessionFetcherCore\ GTMAppAuth_GTMAppAuth\ AppAuth_AppAuthCore\ GoogleUtilities_GoogleUtilities-UserDefaults\ GoogleUtilities_GoogleUtilities-Environment\ GoogleUtilities_GoogleUtilities-Logger\ Promises_FBLPromises\ AppAuth_AppAuth\ Firebase_FirebaseRemoteConfig\ Firebase_FirebaseCoreInternal\ Firebase_FirebaseCore\ Firebase_FirebaseABTesting\ Firebase_FirebaseInstallations\ GoogleUtilities_GoogleUtilities-NSData\ Firebase_FirebaseCoreExtension\ Firebase_FirebaseFirestore\ leveldb_leveldb\ nanopb_nanopb\ gRPC_grpcppWrapper\ gRPC_grpcWrapper\ gRPC_opensslWrapper\ abseil_abslWrapper\ Firebase_FirebaseAuth\ GoogleUtilities_GoogleUtilities-AppDelegateSwizzler\ GoogleUtilities_GoogleUtilities-Reachability\ GoogleUtilities_GoogleUtilities-Network\ RevenueCat_RevenueCat\ GoogleUtilities_GoogleUtilities-MethodSwizzler\ Firebase_FirebaseMessaging\ GoogleDataTransport_GoogleDataTransport
    export ENABLE_APP_SANDBOX\=NO
    export ENABLE_CODE_COVERAGE\=YES
    export ENABLE_COHORT_ARCHS\=NO
    export ENABLE_CPLUSPLUS_BOUNDS_SAFE_BUFFERS\=NO
    export ENABLE_C_BOUNDS_SAFETY\=NO
    export ENABLE_DEBUG_DYLIB\=YES
    export ENABLE_DEFAULT_HEADER_SEARCH_PATHS\=YES
    export ENABLE_DEFAULT_SEARCH_PATHS\=YES
    export ENABLE_ENHANCED_SECURITY\=NO
    export ENABLE_HARDENED_RUNTIME\=NO
    export ENABLE_HEADER_DEPENDENCIES\=YES
    export ENABLE_INCOMING_NETWORK_CONNECTIONS\=NO
    export ENABLE_ON_DEMAND_RESOURCES\=YES
    export ENABLE_OUTGOING_NETWORK_CONNECTIONS\=NO
    export ENABLE_POINTER_AUTHENTICATION\=NO
    export ENABLE_PREVIEWS\=NO
    export ENABLE_RESOURCE_ACCESS_AUDIO_INPUT\=NO
    export ENABLE_RESOURCE_ACCESS_BLUETOOTH\=NO
    export ENABLE_RESOURCE_ACCESS_CALENDARS\=NO
    export ENABLE_RESOURCE_ACCESS_CAMERA\=NO
    export ENABLE_RESOURCE_ACCESS_CONTACTS\=NO
    export ENABLE_RESOURCE_ACCESS_LOCATION\=NO
    export ENABLE_RESOURCE_ACCESS_PHOTO_LIBRARY\=NO
    export ENABLE_RESOURCE_ACCESS_PRINTING\=NO
    export ENABLE_RESOURCE_ACCESS_USB\=NO
    export ENABLE_SDK_IMPORTS\=NO
    export ENABLE_SECURITY_COMPILER_WARNINGS\=NO
    export ENABLE_STRICT_OBJC_MSGSEND\=YES
    export ENABLE_TESTABILITY\=YES
    export ENABLE_TESTING_SEARCH_PATHS\=NO
    export ENABLE_USER_SCRIPT_SANDBOXING\=YES
    export ENABLE_XOJIT_PREVIEWS\=YES
    export ENFORCE_VALID_ARCHS\=YES
    export ENTITLEMENTS_ALLOWED\=NO
    export ENTITLEMENTS_DESTINATION\=__entitlements
    export ENTITLEMENTS_REQUIRED\=NO
    export EXCLUDED_INSTALLSRC_SUBDIRECTORY_PATTERNS\=.DS_Store\ .svn\ .git\ .hg\ CVS
    export EXCLUDED_RECURSIVE_SEARCH_PATH_SUBDIRECTORIES\=\*.nib\ \*.lproj\ \*.framework\ \*.gch\ \*.xcode\*\ \*.xcassets\ \*.icon\ \(\*\)\ .DS_Store\ CVS\ .svn\ .git\ .hg\ \*.pbproj\ \*.pbxproj
    export EXECUTABLES_FOLDER_PATH\=paceriz_dev.app/Executables
    export EXECUTABLE_BLANK_INJECTION_DYLIB_PATH\=paceriz_dev.app/__preview.dylib
    export EXECUTABLE_DEBUG_DYLIB_INSTALL_NAME\=@rpath/paceriz_dev.debug.dylib
    export EXECUTABLE_DEBUG_DYLIB_PATH\=paceriz_dev.app/paceriz_dev.debug.dylib
    export EXECUTABLE_FOLDER_PATH\=paceriz_dev.app
    export EXECUTABLE_FOLDER_PATH_SHALLOW_BUNDLE_NO\=paceriz_dev.app/MacOS
    export EXECUTABLE_FOLDER_PATH_SHALLOW_BUNDLE_YES\=paceriz_dev.app
    export EXECUTABLE_NAME\=paceriz_dev
    export EXECUTABLE_PATH\=paceriz_dev.app/paceriz_dev
    export EXPANDED_CODE_SIGN_IDENTITY\=-
    export EXPANDED_CODE_SIGN_IDENTITY_NAME\=Sign\ to\ Run\ Locally
    export EXTENSIONS_FOLDER_PATH\=paceriz_dev.app/Extensions
    export FILE_LIST\=/tmp/havital-xcodebuild/derivedData/Build/Intermediates.noindex/Havital.build/Debug-iphonesimulator/Havital.build/Objects/LinkFileList
    export FIXED_FILES_DIR\=/tmp/havital-xcodebuild/derivedData/Build/Intermediates.noindex/Havital.build/Debug-iphonesimulator/Havital.build/FixedFiles
    export FRAMEWORKS_FOLDER_PATH\=paceriz_dev.app/Frameworks
    export FRAMEWORK_FLAG_PREFIX\=-framework
    export FRAMEWORK_SEARCH_PATHS\=/tmp/havital-xcodebuild/derivedData/Build/Products/Debug-iphonesimulator/PackageFrameworks\ /tmp/havital-xcodebuild/derivedData/Build/Products/Debug-iphonesimulator/PackageFrameworks\ /tmp/havital-xcodebuild/derivedData/Build/Products/Debug-iphonesimulator/PackageFrameworks\ /tmp/havital-xcodebuild/derivedData/Build/Products/Debug-iphonesimulator/PackageFrameworks\ /tmp/havital-xcodebuild/derivedData/Build/Products/Debug-iphonesimulator/PackageFrameworks\ /tmp/havital-xcodebuild/derivedData/Build/Products/Debug-iphonesimulator/PackageFrameworks\ /tmp/havital-xcodebuild/derivedData/Build/Products/Debug-iphonesimulator/PackageFrameworks\ /tmp/havital-xcodebuild/derivedData/Build/Products/Debug-iphonesimulator/PackageFrameworks\ /tmp/havital-xcodebuild/derivedData/Build/Products/Debug-iphonesimulator/PackageFrameworks\ /tmp/havital-xcodebuild/derivedData/Build/Products/Debug-iphonesimulator/PackageFrameworks\ /tmp/havital-xcodebuild/derivedData/Build/Products/Debug-iphonesimulator/PackageFrameworks\ /tmp/havital-xcodebuild/derivedData/Build/Products/Debug-iphonesimulator/PackageFrameworks\ /tmp/havital-xcodebuild/derivedData/Build/Products/Debug-iphonesimulator/PackageFrameworks\ /tmp/havital-xcodebuild/derivedData/Build/Products/Debug-iphonesimulator/PackageFrameworks\ /tmp/havital-xcodebuild/derivedData/Build/Products/Debug-iphonesimulator/PackageFrameworks\ /tmp/havital-xcodebuild/derivedData/Build/Products/Debug-iphonesimulator/PackageFrameworks\ /tmp/havital-xcodebuild/derivedData/Build/Products/Debug-iphonesimulator/PackageFrameworks\ /tmp/havital-xcodebuild/derivedData/Build/Products/Debug-iphonesimulator/PackageFrameworks\ /tmp/havital-xcodebuild/derivedData/Build/Products/Debug-iphonesimulator/PackageFrameworks\ /tmp/havital-xcodebuild/derivedData/Build/Products/Debug-iphonesimulator/PackageFrameworks\ /tmp/havital-xcodebuild/derivedData/Build/Products/Debug-iphonesimulator/PackageFrameworks\ /tmp/havital-xcodebuild/derivedData/Build/Products/Debug-iphonesimulator/PackageFrameworks\ /tmp/havital-xcodebuild/derivedData/Build/Products/Debug-iphonesimulator/PackageFrameworks\ /tmp/havital-xcodebuild/derivedData/Build/Products/Debug-iphonesimulator/PackageFrameworks\ /tmp/havital-xcodebuild/derivedData/Build/Products/Debug-iphonesimulator/PackageFrameworks\ /tmp/havital-xcodebuild/derivedData/Build/Products/Debug-iphonesimulator/PackageFrameworks\ /tmp/havital-xcodebuild/derivedData/Build/Products/Debug-iphonesimulator/PackageFrameworks\ /tmp/havital-xcodebuild/derivedData/Build/Products/Debug-iphonesimulator/PackageFrameworks\ /tmp/havital-xcodebuild/derivedData/Build/Products/Debug-iphonesimulator/PackageFrameworks\ /tmp/havital-xcodebuild/derivedData/Build/Products/Debug-iphonesimulator/PackageFrameworks\ /tmp/havital-xcodebuild/derivedData/Build/Products/Debug-iphonesimulator/PackageFrameworks\ /tmp/havital-xcodebuild/derivedData/Build/Products/Debug-iphonesimulator/PackageFrameworks\ /tmp/havital-xcodebuild/derivedData/Build/Products/Debug-iphonesimulator/PackageFrameworks\ /tmp/havital-xcodebuild/derivedData/Build/Products/Debug-iphonesimulator/PackageFrameworks\ /tmp/havital-xcodebuild/derivedData/Build/Products/Debug-iphonesimulator/PackageFrameworks\ /tmp/havital-xcodebuild/derivedData/Build/Products/Debug-iphonesimulator/PackageFrameworks\ /tmp/havital-xcodebuild/derivedData/Build/Products/Debug-iphonesimulator/PackageFrameworks\ /tmp/havital-xcodebuild/derivedData/Build/Products/Debug-iphonesimulator/PackageFrameworks\ /tmp/havital-xcodebuild/derivedData/Build/Products/Debug-iphonesimulator/PackageFrameworks\ /tmp/havital-xcodebuild/derivedData/Build/Products/Debug-iphonesimulator/PackageFrameworks\ /tmp/havital-xcodebuild/derivedData/Build/Products/Debug-iphonesimulator/PackageFrameworks\ /tmp/havital-xcodebuild/derivedData/Build/Products/Debug-iphonesimulator/PackageFrameworks\ /tmp/havital-xcodebuild/derivedData/Build/Products/Debug-iphonesimulator/PackageFrameworks\ /tmp/havital-xcodebuild/derivedData/Build/Products/Debug-iphonesimulator/PackageFrameworks\ /tmp/havital-xcodebuild/derivedData/Build/Products/Debug-iphonesimulator/PackageFrameworks\ /tmp/havital-xcodebuild/derivedData/Build/Products/Debug-iphonesimulator/PackageFrameworks\ /tmp/havital-xcodebuild/derivedData/Build/Products/Debug-iphonesimulator/PackageFrameworks\ /tmp/havital-xcodebuild/derivedData/Build/Products/Debug-iphonesimulator/PackageFrameworks\ /tmp/havital-xcodebuild/derivedData/Build/Products/Debug-iphonesimulator/PackageFrameworks\ /tmp/havital-xcodebuild/derivedData/Build/Products/Debug-iphonesimulator/PackageFrameworks\ /tmp/havital-xcodebuild/derivedData/Build/Products/Debug-iphonesimulator/PackageFrameworks\ /tmp/havital-xcodebuild/derivedData/Build/Products/Debug-iphonesimulator\ 
    export FRAMEWORK_VERSION\=A
    export FULL_PRODUCT_NAME\=paceriz_dev.app
    export FUSE_BUILD_PHASES\=YES
    export FUSE_BUILD_SCRIPT_PHASES\=NO
    export GCC3_VERSION\=3.3
    export GCC_C_LANGUAGE_STANDARD\=gnu17
    export GCC_DYNAMIC_NO_PIC\=NO
    export GCC_INLINES_ARE_PRIVATE_EXTERN\=YES
    export GCC_NO_COMMON_BLOCKS\=YES
    export GCC_OBJC_LEGACY_DISPATCH\=YES
    export GCC_OPTIMIZATION_LEVEL\=0
    export GCC_PFE_FILE_C_DIALECTS\=c\ objective-c\ c++\ objective-c++
    export GCC_PREPROCESSOR_DEFINITIONS\=DEBUG\=1\ 
    export GCC_SYMBOLS_PRIVATE_EXTERN\=NO
    export GCC_TREAT_WARNINGS_AS_ERRORS\=NO
    export GCC_VERSION\=com.apple.compilers.llvm.clang.1_0
    export GCC_VERSION_IDENTIFIER\=com_apple_compilers_llvm_clang_1_0
    export GCC_WARN_64_TO_32_BIT_CONVERSION\=YES
    export GCC_WARN_ABOUT_RETURN_TYPE\=YES_ERROR
    export GCC_WARN_UNDECLARED_SELECTOR\=YES
    export GCC_WARN_UNINITIALIZED_AUTOS\=YES_AGGRESSIVE
    export GCC_WARN_UNUSED_FUNCTION\=YES
    export GCC_WARN_UNUSED_VARIABLE\=YES
    export GENERATED_MODULEMAP_DIR\=/tmp/havital-xcodebuild/derivedData/Build/Intermediates.noindex/GeneratedModuleMaps-iphonesimulator
    export GENERATE_INFOPLIST_FILE\=NO
    export GENERATE_INTERMEDIATE_TEXT_BASED_STUBS\=YES
    export GENERATE_PKGINFO_FILE\=YES
    export GENERATE_PRELINK_OBJECT_FILE\=NO
    export GENERATE_PROFILING_CODE\=NO
    export GENERATE_TEXT_BASED_STUBS\=NO
    export GID\=20
    export GROUP\=staff
    export HEADERMAP_INCLUDES_FLAT_ENTRIES_FOR_TARGET_BEING_BUILT\=YES
    export HEADERMAP_INCLUDES_FRAMEWORK_ENTRIES_FOR_ALL_PRODUCT_TYPES\=YES
    export HEADERMAP_INCLUDES_FRAMEWORK_ENTRIES_FOR_TARGETS_NOT_BEING_BUILT\=YES
    export HEADERMAP_INCLUDES_NONPUBLIC_NONPRIVATE_HEADERS\=YES
    export HEADERMAP_INCLUDES_PROJECT_HEADERS\=YES
    export HEADERMAP_USES_FRAMEWORK_PREFIX_ENTRIES\=YES
    export HEADERMAP_USES_VFS\=NO
    export HEADER_SEARCH_PATHS\=/tmp/havital-xcodebuild/derivedData/SourcePackages/checkouts/GoogleDataTransport/GoogleDataTransport/GDTCORLibrary/Public\ /tmp/havital-xcodebuild/derivedData/SourcePackages/checkouts/firebase-ios-sdk/FirebaseMessaging/Sources/Public\ /tmp/havital-xcodebuild/derivedData/SourcePackages/checkouts/google-ads-on-device-conversion-ios-sdk/GoogleAdsOnDeviceConversionWrapper/include\ /tmp/havital-xcodebuild/derivedData/SourcePackages/checkouts/GoogleAppMeasurement/GoogleAppMeasurementWrapper/include\ /tmp/havital-xcodebuild/derivedData/SourcePackages/checkouts/GoogleUtilities/GoogleUtilities/MethodSwizzler/Public\ /tmp/havital-xcodebuild/derivedData/SourcePackages/checkouts/firebase-ios-sdk/FirebaseAnalyticsWrapper/include\ /tmp/havital-xcodebuild/derivedData/SourcePackages/checkouts/firebase-ios-sdk/SwiftPM-PlatformExclude/FirebaseAnalyticsWrap/include\ /tmp/havital-xcodebuild/derivedData/SourcePackages/checkouts/firebase-ios-sdk/FirebaseAppCheck/Sources/Public\ /tmp/havital-xcodebuild/derivedData/SourcePackages/checkouts/interop-ios-for-google-sdks/RecaptchaEnterprise/RecaptchaInterop/Public\ /tmp/havital-xcodebuild/derivedData/SourcePackages/checkouts/GoogleUtilities/GoogleUtilities/Network/Public\ /tmp/havital-xcodebuild/derivedData/SourcePackages/checkouts/GoogleUtilities/GoogleUtilities/Reachability/Public\ /tmp/havital-xcodebuild/derivedData/SourcePackages/checkouts/GoogleUtilities/GoogleUtilities/AppDelegateSwizzler/Public\ /tmp/havital-xcodebuild/derivedData/SourcePackages/checkouts/firebase-ios-sdk/FirebaseAuth/Sources/Public\ /tmp/havital-xcodebuild/derivedData/SourcePackages/checkouts/firebase-ios-sdk/FirebaseAuth/Interop/Public\ /tmp/havital-xcodebuild/derivedData/SourcePackages/checkouts/abseil-cpp-binary/absl-Wrapper/include\ /tmp/havital-xcodebuild/derivedData/SourcePackages/checkouts/grpc-binary/openssl-grpc-Wrapper/include\ /tmp/havital-xcodebuild/derivedData/SourcePackages/checkouts/grpc-binary/grpc-Wrapper/include\ /tmp/havital-xcodebuild/derivedData/SourcePackages/checkouts/grpc-binary/grpcpp-Wrapper/include\ /tmp/havital-xcodebuild/derivedData/SourcePackages/checkouts/nanopb/spm_headers\ /tmp/havital-xcodebuild/derivedData/SourcePackages/checkouts/leveldb/include\ /tmp/havital-xcodebuild/derivedData/SourcePackages/checkouts/firebase-ios-sdk/FirebaseCore/Extension/.\ /tmp/havital-xcodebuild/derivedData/SourcePackages/checkouts/firebase-ios-sdk/FirebaseAppCheck/Interop/Public\ /tmp/havital-xcodebuild/derivedData/SourcePackages/checkouts/firebase-ios-sdk/FirebaseFirestoreInternal/.\ /tmp/havital-xcodebuild/derivedData/SourcePackages/checkouts/firebase-ios-sdk/SwiftPM-PlatformExclude/FirebaseFirestoreWrap/include\ /tmp/havital-xcodebuild/derivedData/SourcePackages/checkouts/GoogleUtilities/GoogleUtilities/NSData+zlib/Public\ /tmp/havital-xcodebuild/derivedData/SourcePackages/checkouts/firebase-ios-sdk/FirebaseRemoteConfig/Sources/Public\ /tmp/havital-xcodebuild/derivedData/SourcePackages/checkouts/firebase-ios-sdk/FirebaseInstallations/Source/Library/Public\ /tmp/havital-xcodebuild/derivedData/SourcePackages/checkouts/firebase-ios-sdk/FirebaseABTesting/Sources/Public\ /tmp/havital-xcodebuild/derivedData/SourcePackages/checkouts/firebase-ios-sdk/FirebaseCore/Sources/Public\ /tmp/havital-xcodebuild/derivedData/SourcePackages/checkouts/firebase-ios-sdk/CoreOnly/Sources/.\ /tmp/havital-xcodebuild/derivedData/SourcePackages/checkouts/AppAuth-iOS/Sources/AppAuth/.\ /tmp/havital-xcodebuild/derivedData/SourcePackages/checkouts/promises/Sources/FBLPromises/include\ /tmp/havital-xcodebuild/derivedData/SourcePackages/checkouts/GoogleUtilities/GoogleUtilities/Logger/Public\ /tmp/havital-xcodebuild/derivedData/SourcePackages/checkouts/GoogleUtilities/GoogleUtilities/Environment/Public\ /tmp/havital-xcodebuild/derivedData/SourcePackages/checkouts/GoogleUtilities/third_party/IsAppEncrypted/Public\ /tmp/havital-xcodebuild/derivedData/SourcePackages/checkouts/GoogleUtilities/GoogleUtilities/UserDefaults/Public\ /tmp/havital-xcodebuild/derivedData/SourcePackages/checkouts/app-check/AppCheckCore/Sources/Public\ /tmp/havital-xcodebuild/derivedData/SourcePackages/checkouts/AppAuth-iOS/Sources/AppAuthCore/.\ /tmp/havital-xcodebuild/derivedData/SourcePackages/checkouts/gtm-session-fetcher/Sources/Core/Public\ /tmp/havital-xcodebuild/derivedData/SourcePackages/checkouts/GoogleSignIn-iOS/GoogleSignIn/Sources/Public\ /tmp/havital-xcodebuild/derivedData/Build/Products/Debug-iphonesimulator/include\ 
    export HOME\=/Users/wubaizong
    export HOST_ARCH\=arm64
    export HOST_PLATFORM\=macosx
    export ICONV\=/usr/bin/iconv
    export IMPLICIT_DEPENDENCY_DOMAIN\=default
    export INDEX_STORE_COMPRESS\=NO
    export INDEX_STORE_ONLY_PROJECT_FILES\=NO
    export INFOPLIST_ENABLE_CFBUNDLEICONS_MERGE\=YES
    export INFOPLIST_EXPAND_BUILD_SETTINGS\=YES
    export INFOPLIST_FILE\=Havital/info.plist
    export INFOPLIST_KEY_CFBundleDisplayName\=Paceriz
    export INFOPLIST_KEY_LSApplicationCategoryType\=public.app-category.healthcare-fitness
    export INFOPLIST_KEY_NSHealthShareUsageDescription\=請允許分享HealthKit資料
    export INFOPLIST_KEY_UIApplicationSceneManifest_Generation\=YES
    export INFOPLIST_KEY_UIApplicationSupportsIndirectInputEvents\=YES
    export INFOPLIST_KEY_UILaunchScreen_Generation\=YES
    export INFOPLIST_KEY_UISupportedInterfaceOrientations_iPad\=UIInterfaceOrientationPortrait\ UIInterfaceOrientationPortraitUpsideDown\ UIInterfaceOrientationLandscapeLeft\ UIInterfaceOrientationLandscapeRight
    export INFOPLIST_KEY_UISupportedInterfaceOrientations_iPhone\=UIInterfaceOrientationPortrait\ UIInterfaceOrientationLandscapeLeft\ UIInterfaceOrientationLandscapeRight
    export INFOPLIST_OUTPUT_FORMAT\=binary
    export INFOPLIST_PATH\=paceriz_dev.app/Info.plist
    export INFOPLIST_PREPROCESS\=NO
    export INFOSTRINGS_PATH\=paceriz_dev.app/en.lproj/InfoPlist.strings
    export INLINE_PRIVATE_FRAMEWORKS\=NO
    export INSTALLAPI_IGNORE_SKIP_INSTALL\=YES
    export INSTALLHDRS_COPY_PHASE\=NO
    export INSTALLHDRS_SCRIPT_PHASE\=NO
    export INSTALL_DIR\=/tmp/Havital.dst/Applications
    export INSTALL_GROUP\=staff
    export INSTALL_MODE_FLAG\=u+w,go-w,a+rX
    export INSTALL_OWNER\=wubaizong
    export INSTALL_PATH\=/Applications
    export INSTALL_ROOT\=/tmp/Havital.dst
    export IPHONEOS_DEPLOYMENT_TARGET\=18.0
    export IS_UNOPTIMIZED_BUILD\=YES
    export JAVAC_DEFAULT_FLAGS\=-J-Xms64m\ -J-XX:NewSize\=4M\ -J-Dfile.encoding\=UTF8
    export JAVA_APP_STUB\=/System/Library/Frameworks/JavaVM.framework/Resources/MacOS/JavaApplicationStub
    export JAVA_ARCHIVE_CLASSES\=YES
    export JAVA_ARCHIVE_TYPE\=JAR
    export JAVA_COMPILER\=/usr/bin/javac
    export JAVA_FOLDER_PATH\=paceriz_dev.app/Java
    export JAVA_FRAMEWORK_RESOURCES_DIRS\=Resources
    export JAVA_JAR_FLAGS\=cv
    export JAVA_SOURCE_SUBDIR\=.
    export JAVA_USE_DEPENDENCIES\=YES
    export JAVA_ZIP_FLAGS\=-urg
    export JIKES_DEFAULT_FLAGS\=+E\ +OLDCSO
    export KEEP_PRIVATE_EXTERNS\=NO
    export LD_DEPENDENCY_INFO_FILE\=/tmp/havital-xcodebuild/derivedData/Build/Intermediates.noindex/Havital.build/Debug-iphonesimulator/Havital.build/Objects-normal/undefined_arch/paceriz_dev_dependency_info.dat
    export LD_ENTITLEMENTS_SECTION\=/tmp/havital-xcodebuild/derivedData/Build/Intermediates.noindex/Havital.build/Debug-iphonesimulator/Havital.build/paceriz_dev.app-Simulated.xcent
    export LD_ENTITLEMENTS_SECTION_DER\=/tmp/havital-xcodebuild/derivedData/Build/Intermediates.noindex/Havital.build/Debug-iphonesimulator/Havital.build/paceriz_dev.app-Simulated.xcent.der
    export LD_EXPORT_SYMBOLS\=YES
    export LD_GENERATE_MAP_FILE\=NO
    export LD_MAP_FILE_PATH\=/tmp/havital-xcodebuild/derivedData/Build/Intermediates.noindex/Havital.build/Debug-iphonesimulator/Havital.build/paceriz_dev-LinkMap-normal-undefined_arch.txt
    export LD_NO_PIE\=NO
    export LD_QUOTE_LINKER_ARGUMENTS_FOR_COMPILER_DRIVER\=YES
    export LD_RUNPATH_SEARCH_PATHS\=/tmp/havital-xcodebuild/derivedData/Build/Products/Debug-iphonesimulator/PackageFrameworks\ /tmp/havital-xcodebuild/derivedData/Build/Products/Debug-iphonesimulator/PackageFrameworks\ /tmp/havital-xcodebuild/derivedData/Build/Products/Debug-iphonesimulator/PackageFrameworks\ /tmp/havital-xcodebuild/derivedData/Build/Products/Debug-iphonesimulator/PackageFrameworks\ /tmp/havital-xcodebuild/derivedData/Build/Products/Debug-iphonesimulator/PackageFrameworks\ /tmp/havital-xcodebuild/derivedData/Build/Products/Debug-iphonesimulator/PackageFrameworks\ /tmp/havital-xcodebuild/derivedData/Build/Products/Debug-iphonesimulator/PackageFrameworks\ /tmp/havital-xcodebuild/derivedData/Build/Products/Debug-iphonesimulator/PackageFrameworks\ /tmp/havital-xcodebuild/derivedData/Build/Products/Debug-iphonesimulator/PackageFrameworks\ /tmp/havital-xcodebuild/derivedData/Build/Products/Debug-iphonesimulator/PackageFrameworks\ /tmp/havital-xcodebuild/derivedData/Build/Products/Debug-iphonesimulator/PackageFrameworks\ /tmp/havital-xcodebuild/derivedData/Build/Products/Debug-iphonesimulator/PackageFrameworks\ /tmp/havital-xcodebuild/derivedData/Build/Products/Debug-iphonesimulator/PackageFrameworks\ /tmp/havital-xcodebuild/derivedData/Build/Products/Debug-iphonesimulator/PackageFrameworks\ /tmp/havital-xcodebuild/derivedData/Build/Products/Debug-iphonesimulator/PackageFrameworks\ /tmp/havital-xcodebuild/derivedData/Build/Products/Debug-iphonesimulator/PackageFrameworks\ /tmp/havital-xcodebuild/derivedData/Build/Products/Debug-iphonesimulator/PackageFrameworks\ /tmp/havital-xcodebuild/derivedData/Build/Products/Debug-iphonesimulator/PackageFrameworks\ /tmp/havital-xcodebuild/derivedData/Build/Products/Debug-iphonesimulator/PackageFrameworks\ /tmp/havital-xcodebuild/derivedData/Build/Products/Debug-iphonesimulator/PackageFrameworks\ /tmp/havital-xcodebuild/derivedData/Build/Products/Debug-iphonesimulator/PackageFrameworks\ /tmp/havital-xcodebuild/derivedData/Build/Products/Debug-iphonesimulator/PackageFrameworks\ /tmp/havital-xcodebuild/derivedData/Build/Products/Debug-iphonesimulator/PackageFrameworks\ /tmp/havital-xcodebuild/derivedData/Build/Products/Debug-iphonesimulator/PackageFrameworks\ /tmp/havital-xcodebuild/derivedData/Build/Products/Debug-iphonesimulator/PackageFrameworks\ /tmp/havital-xcodebuild/derivedData/Build/Products/Debug-iphonesimulator/PackageFrameworks\ /tmp/havital-xcodebuild/derivedData/Build/Products/Debug-iphonesimulator/PackageFrameworks\ /tmp/havital-xcodebuild/derivedData/Build/Products/Debug-iphonesimulator/PackageFrameworks\ /tmp/havital-xcodebuild/derivedData/Build/Products/Debug-iphonesimulator/PackageFrameworks\ /tmp/havital-xcodebuild/derivedData/Build/Products/Debug-iphonesimulator/PackageFrameworks\ /tmp/havital-xcodebuild/derivedData/Build/Products/Debug-iphonesimulator/PackageFrameworks\ /tmp/havital-xcodebuild/derivedData/Build/Products/Debug-iphonesimulator/PackageFrameworks\ /tmp/havital-xcodebuild/derivedData/Build/Products/Debug-iphonesimulator/PackageFrameworks\ /tmp/havital-xcodebuild/derivedData/Build/Products/Debug-iphonesimulator/PackageFrameworks\ /tmp/havital-xcodebuild/derivedData/Build/Products/Debug-iphonesimulator/PackageFrameworks\ /tmp/havital-xcodebuild/derivedData/Build/Products/Debug-iphonesimulator/PackageFrameworks\ /tmp/havital-xcodebuild/derivedData/Build/Products/Debug-iphonesimulator/PackageFrameworks\ /tmp/havital-xcodebuild/derivedData/Build/Products/Debug-iphonesimulator/PackageFrameworks\ /tmp/havital-xcodebuild/derivedData/Build/Products/Debug-iphonesimulator/PackageFrameworks\ /tmp/havital-xcodebuild/derivedData/Build/Products/Debug-iphonesimulator/PackageFrameworks\ /tmp/havital-xcodebuild/derivedData/Build/Products/Debug-iphonesimulator/PackageFrameworks\ /tmp/havital-xcodebuild/derivedData/Build/Products/Debug-iphonesimulator/PackageFrameworks\ /tmp/havital-xcodebuild/derivedData/Build/Products/Debug-iphonesimulator/PackageFrameworks\ /tmp/havital-xcodebuild/derivedData/Build/Products/Debug-iphonesimulator/PackageFrameworks\ /tmp/havital-xcodebuild/derivedData/Build/Products/Debug-iphonesimulator/PackageFrameworks\ /tmp/havital-xcodebuild/derivedData/Build/Products/Debug-iphonesimulator/PackageFrameworks\ /tmp/havital-xcodebuild/derivedData/Build/Products/Debug-iphonesimulator/PackageFrameworks\ /tmp/havital-xcodebuild/derivedData/Build/Products/Debug-iphonesimulator/PackageFrameworks\ /tmp/havital-xcodebuild/derivedData/Build/Products/Debug-iphonesimulator/PackageFrameworks\ /tmp/havital-xcodebuild/derivedData/Build/Products/Debug-iphonesimulator/PackageFrameworks\ /tmp/havital-xcodebuild/derivedData/Build/Products/Debug-iphonesimulator/PackageFrameworks\ \ @executable_path/Frameworks
    export LD_RUNPATH_SEARCH_PATHS_YES\=@loader_path/../Frameworks
    export LD_SHARED_CACHE_ELIGIBLE\=Automatic
    export LD_WARN_DUPLICATE_LIBRARIES\=NO
    export LD_WARN_UNUSED_DYLIBS\=NO
    export LEGACY_DEVELOPER_DIR\=/Applications/Xcode.app/Contents/PlugIns/Xcode3Core.ideplugin/Contents/SharedSupport/Developer
    export LEX\=lex
    export LIBRARY_DEXT_INSTALL_PATH\=/Library/DriverExtensions
    export LIBRARY_FLAG_NOSPACE\=YES
    export LIBRARY_FLAG_PREFIX\=-l
    export LIBRARY_KEXT_INSTALL_PATH\=/Library/Extensions
    export LIBRARY_SEARCH_PATHS\=/tmp/havital-xcodebuild/derivedData/Build/Products/Debug-iphonesimulator\ 
    export LINKER_DISPLAYS_MANGLED_NAMES\=NO
    export LINK_FILE_LIST_normal_arm64\=/tmp/havital-xcodebuild/derivedData/Build/Intermediates.noindex/Havital.build/Debug-iphonesimulator/Havital.build/Objects-normal/arm64/paceriz_dev.LinkFileList
    export LINK_OBJC_RUNTIME\=YES
    export LINK_WITH_STANDARD_LIBRARIES\=YES
    export LLVM_TARGET_TRIPLE_OS_VERSION\=ios18.0
    export LLVM_TARGET_TRIPLE_SUFFIX\=-simulator
    export LLVM_TARGET_TRIPLE_VENDOR\=apple
    export LM_AUX_CONST_METADATA_LIST_PATH_normal_arm64\=/tmp/havital-xcodebuild/derivedData/Build/Intermediates.noindex/Havital.build/Debug-iphonesimulator/Havital.build/Objects-normal/arm64/paceriz_dev.SwiftConstValuesFileList
    export LOCALIZATION_EXPORT_SUPPORTED\=YES
    export LOCALIZATION_PREFERS_STRING_CATALOGS\=YES
    export LOCALIZED_RESOURCES_FOLDER_PATH\=paceriz_dev.app/en.lproj
    export LOCALIZED_STRING_CODE_COMMENTS\=NO
    export LOCALIZED_STRING_MACRO_NAMES\=NSLocalizedString\ CFCopyLocalizedString
    export LOCALIZED_STRING_SWIFTUI_SUPPORT\=YES
    export LOCAL_ADMIN_APPS_DIR\=/Applications/Utilities
    export LOCAL_APPS_DIR\=/Applications
    export LOCAL_DEVELOPER_DIR\=/Library/Developer
    export LOCAL_LIBRARY_DIR\=/Library
    export LOCROOT\=/Users/wubaizong/havital/apps/ios/Havital/.worktrees/t0306-app2-skeleton
    export LOCSYMROOT\=/Users/wubaizong/havital/apps/ios/Havital/.worktrees/t0306-app2-skeleton
    export MACH_O_TYPE\=mh_execute
    export MAC_OS_X_PRODUCT_BUILD_VERSION\=25F84
    export MAC_OS_X_VERSION_ACTUAL\=260502
    export MAC_OS_X_VERSION_MAJOR\=260000
    export MAC_OS_X_VERSION_MINOR\=260500
    export MAKE_MERGEABLE\=NO
    export MARKETING_VERSION\=2.0.0
    export MERGEABLE_LIBRARY\=NO
    export MERGED_BINARY_TYPE\=none
    export MERGE_LINKED_LIBRARIES\=NO
    export METAL_LIBRARY_FILE_BASE\=default
    export METAL_LIBRARY_OUTPUT_DIR\=/tmp/havital-xcodebuild/derivedData/Build/Products/Debug-iphonesimulator/paceriz_dev.app
    export MODULES_FOLDER_PATH\=paceriz_dev.app/Modules
    export MODULE_CACHE_DIR\=/tmp/havital-xcodebuild/derivedData/ModuleCache.noindex
    export MTL_ENABLE_DEBUG_INFO\=INCLUDE_SOURCE
    export MTL_FAST_MATH\=YES
    export NATIVE_ARCH\=arm64
    export NATIVE_ARCH_32_BIT\=arm
    export NATIVE_ARCH_64_BIT\=arm64
    export NATIVE_ARCH_ACTUAL\=arm64
    export NO_COMMON\=YES
    export OBJC_ABI_VERSION\=2
    export OBJECT_FILE_DIR\=/tmp/havital-xcodebuild/derivedData/Build/Intermediates.noindex/Havital.build/Debug-iphonesimulator/Havital.build/Objects
    export OBJECT_FILE_DIR_normal\=/tmp/havital-xcodebuild/derivedData/Build/Intermediates.noindex/Havital.build/Debug-iphonesimulator/Havital.build/Objects-normal
    export OBJROOT\=/tmp/havital-xcodebuild/derivedData/Build/Intermediates.noindex
    export ONLY_ACTIVE_ARCH\=YES
    export OS\=MACOS
    export OSAC\=/usr/bin/osacompile
    export OTHER_CFLAGS\=-fmodule-map-file\=/tmp/havital-xcodebuild/derivedData/Build/Intermediates.noindex/GeneratedModuleMaps-iphonesimulator/GoogleDataTransport.modulemap\ -fmodule-map-file\=/tmp/havital-xcodebuild/derivedData/Build/Intermediates.noindex/GeneratedModuleMaps-iphonesimulator/FirebaseMessaging.modulemap\ -fmodule-map-file\=/tmp/havital-xcodebuild/derivedData/Build/Intermediates.noindex/GeneratedModuleMaps-iphonesimulator/GoogleAdsOnDeviceConversionTarget.modulemap\ -fmodule-map-file\=/tmp/havital-xcodebuild/derivedData/Build/Intermediates.noindex/GeneratedModuleMaps-iphonesimulator/GoogleAppMeasurementTarget.modulemap\ -fmodule-map-file\=/tmp/havital-xcodebuild/derivedData/Build/Intermediates.noindex/GeneratedModuleMaps-iphonesimulator/GoogleUtilities-MethodSwizzler.modulemap\ -fmodule-map-file\=/tmp/havital-xcodebuild/derivedData/Build/Intermediates.noindex/GeneratedModuleMaps-iphonesimulator/FirebaseAnalyticsWrapper.modulemap\ -fmodule-map-file\=/tmp/havital-xcodebuild/derivedData/Build/Intermediates.noindex/GeneratedModuleMaps-iphonesimulator/FirebaseAnalyticsTarget.modulemap\ -fmodule-map-file\=/tmp/havital-xcodebuild/derivedData/Build/Intermediates.noindex/GeneratedModuleMaps-iphonesimulator/RevenueCat.modulemap\ -fmodule-map-file\=/tmp/havital-xcodebuild/derivedData/Build/Intermediates.noindex/GeneratedModuleMaps-iphonesimulator/FirebaseAppCheck.modulemap\ -fmodule-map-file\=/tmp/havital-xcodebuild/derivedData/Build/Intermediates.noindex/GeneratedModuleMaps-iphonesimulator/GoogleGenerativeAI.modulemap\ -fmodule-map-file\=/tmp/havital-xcodebuild/derivedData/Build/Intermediates.noindex/GeneratedModuleMaps-iphonesimulator/FirebaseStorage.modulemap\ -fmodule-map-file\=/tmp/havital-xcodebuild/derivedData/Build/Intermediates.noindex/GeneratedModuleMaps-iphonesimulator/RecaptchaInterop.modulemap\ -fmodule-map-file\=/tmp/havital-xcodebuild/derivedData/Build/Intermediates.noindex/GeneratedModuleMaps-iphonesimulator/GoogleUtilities-Network.modulemap\ -fmodule-map-file\=/tmp/havital-xcodebuild/derivedData/Build/Intermediates.noindex/GeneratedModuleMaps-iphonesimulator/GoogleUtilities-Reachability.modulemap\ -fmodule-map-file\=/tmp/havital-xcodebuild/derivedData/Build/Intermediates.noindex/GeneratedModuleMaps-iphonesimulator/GoogleUtilities-AppDelegateSwizzler.modulemap\ -fmodule-map-file\=/tmp/havital-xcodebuild/derivedData/Build/Intermediates.noindex/GeneratedModuleMaps-iphonesimulator/FirebaseAuthInternal.modulemap\ -fmodule-map-file\=/tmp/havital-xcodebuild/derivedData/Build/Intermediates.noindex/GeneratedModuleMaps-iphonesimulator/FirebaseAuthInterop.modulemap\ -fmodule-map-file\=/tmp/havital-xcodebuild/derivedData/Build/Intermediates.noindex/GeneratedModuleMaps-iphonesimulator/FirebaseAuth.modulemap\ -fmodule-map-file\=/tmp/havital-xcodebuild/derivedData/Build/Intermediates.noindex/GeneratedModuleMaps-iphonesimulator/abslWrapper.modulemap\ -fmodule-map-file\=/tmp/havital-xcodebuild/derivedData/Build/Intermediates.noindex/GeneratedModuleMaps-iphonesimulator/opensslWrapper.modulemap\ -fmodule-map-file\=/tmp/havital-xcodebuild/derivedData/Build/Intermediates.noindex/GeneratedModuleMaps-iphonesimulator/grpcWrapper.modulemap\ -fmodule-map-file\=/tmp/havital-xcodebuild/derivedData/Build/Intermediates.noindex/GeneratedModuleMaps-iphonesimulator/grpcppWrapper.modulemap\ -fmodule-map-file\=/tmp/havital-xcodebuild/derivedData/Build/Intermediates.noindex/GeneratedModuleMaps-iphonesimulator/nanopb.modulemap\ -fmodule-map-file\=/tmp/havital-xcodebuild/derivedData/Build/Intermediates.noindex/GeneratedModuleMaps-iphonesimulator/leveldb.modulemap\ -fmodule-map-file\=/tmp/havital-xcodebuild/derivedData/Build/Intermediates.noindex/GeneratedModuleMaps-iphonesimulator/FirebaseFirestore.modulemap\ -fmodule-map-file\=/tmp/havital-xcodebuild/derivedData/Build/Intermediates.noindex/GeneratedModuleMaps-iphonesimulator/FirebaseCoreExtension.modulemap\ -fmodule-map-file\=/tmp/havital-xcodebuild/derivedData/Build/Intermediates.noindex/GeneratedModuleMaps-iphonesimulator/FirebaseAppCheckInterop.modulemap\ -fmodule-map-file\=/tmp/havital-xcodebuild/derivedData/Build/Intermediates.noindex/GeneratedModuleMaps-iphonesimulator/FirebaseFirestoreInternalWrapper.modulemap\ -fmodule-map-file\=/tmp/havital-xcodebuild/derivedData/Build/Intermediates.noindex/GeneratedModuleMaps-iphonesimulator/FirebaseFirestoreTarget.modulemap\ -fmodule-map-file\=/tmp/havital-xcodebuild/derivedData/Build/Intermediates.noindex/GeneratedModuleMaps-iphonesimulator/GoogleUtilities-NSData.modulemap\ -fmodule-map-file\=/tmp/havital-xcodebuild/derivedData/Build/Intermediates.noindex/GeneratedModuleMaps-iphonesimulator/FirebaseSharedSwift.modulemap\ -fmodule-map-file\=/tmp/havital-xcodebuild/derivedData/Build/Intermediates.noindex/GeneratedModuleMaps-iphonesimulator/FirebaseRemoteConfigInternal.modulemap\ -fmodule-map-file\=/tmp/havital-xcodebuild/derivedData/Build/Intermediates.noindex/GeneratedModuleMaps-iphonesimulator/FirebaseRemoteConfigInterop.modulemap\ -fmodule-map-file\=/tmp/havital-xcodebuild/derivedData/Build/Intermediates.noindex/GeneratedModuleMaps-iphonesimulator/FirebaseInstallations.modulemap\ -fmodule-map-file\=/tmp/havital-xcodebuild/derivedData/Build/Intermediates.noindex/GeneratedModuleMaps-iphonesimulator/FirebaseABTesting.modulemap\ -fmodule-map-file\=/tmp/havital-xcodebuild/derivedData/Build/Intermediates.noindex/GeneratedModuleMaps-iphonesimulator/FirebaseCore.modulemap\ -fmodule-map-file\=/tmp/havital-xcodebuild/derivedData/Build/Intermediates.noindex/GeneratedModuleMaps-iphonesimulator/FirebaseCoreInternal.modulemap\ -fmodule-map-file\=/tmp/havital-xcodebuild/derivedData/Build/Intermediates.noindex/GeneratedModuleMaps-iphonesimulator/FirebaseRemoteConfig.modulemap\ -fmodule-map-file\=/tmp/havital-xcodebuild/derivedData/Build/Intermediates.noindex/GeneratedModuleMaps-iphonesimulator/AppAuth.modulemap\ -fmodule-map-file\=/tmp/havital-xcodebuild/derivedData/Build/Intermediates.noindex/GeneratedModuleMaps-iphonesimulator/GoogleUtilities-Logger.modulemap\ -fmodule-map-file\=/tmp/havital-xcodebuild/derivedData/Build/Intermediates.noindex/GeneratedModuleMaps-iphonesimulator/GoogleUtilities-Environment.modulemap\ -fmodule-map-file\=/tmp/havital-xcodebuild/derivedData/Build/Intermediates.noindex/GeneratedModuleMaps-iphonesimulator/third-party-IsAppEncrypted.modulemap\ -fmodule-map-file\=/tmp/havital-xcodebuild/derivedData/Build/Intermediates.noindex/GeneratedModuleMaps-iphonesimulator/GoogleUtilities-UserDefaults.modulemap\ -fmodule-map-file\=/tmp/havital-xcodebuild/derivedData/Build/Intermediates.noindex/GeneratedModuleMaps-iphonesimulator/AppCheckCore.modulemap\ -fmodule-map-file\=/tmp/havital-xcodebuild/derivedData/Build/Intermediates.noindex/GeneratedModuleMaps-iphonesimulator/AppAuthCore.modulemap\ -fmodule-map-file\=/tmp/havital-xcodebuild/derivedData/Build/Intermediates.noindex/GeneratedModuleMaps-iphonesimulator/GTMAppAuth.modulemap\ -fmodule-map-file\=/tmp/havital-xcodebuild/derivedData/Build/Intermediates.noindex/GeneratedModuleMaps-iphonesimulator/GTMSessionFetcherCore.modulemap\ -fmodule-map-file\=/tmp/havital-xcodebuild/derivedData/Build/Intermediates.noindex/GeneratedModuleMaps-iphonesimulator/GoogleSignIn.modulemap\ -fmodule-map-file\=/tmp/havital-xcodebuild/derivedData/Build/Intermediates.noindex/GeneratedModuleMaps-iphonesimulator/GoogleSignInSwift.modulemap\ 
    export OTHER_CPLUSPLUSFLAGS\=-fmodule-map-file\=/tmp/havital-xcodebuild/derivedData/Build/Intermediates.noindex/GeneratedModuleMaps-iphonesimulator/GoogleDataTransport.modulemap\ -fmodule-map-file\=/tmp/havital-xcodebuild/derivedData/Build/Intermediates.noindex/GeneratedModuleMaps-iphonesimulator/FirebaseMessaging.modulemap\ -fmodule-map-file\=/tmp/havital-xcodebuild/derivedData/Build/Intermediates.noindex/GeneratedModuleMaps-iphonesimulator/GoogleAdsOnDeviceConversionTarget.modulemap\ -fmodule-map-file\=/tmp/havital-xcodebuild/derivedData/Build/Intermediates.noindex/GeneratedModuleMaps-iphonesimulator/GoogleAppMeasurementTarget.modulemap\ -fmodule-map-file\=/tmp/havital-xcodebuild/derivedData/Build/Intermediates.noindex/GeneratedModuleMaps-iphonesimulator/GoogleUtilities-MethodSwizzler.modulemap\ -fmodule-map-file\=/tmp/havital-xcodebuild/derivedData/Build/Intermediates.noindex/GeneratedModuleMaps-iphonesimulator/FirebaseAnalyticsWrapper.modulemap\ -fmodule-map-file\=/tmp/havital-xcodebuild/derivedData/Build/Intermediates.noindex/GeneratedModuleMaps-iphonesimulator/FirebaseAnalyticsTarget.modulemap\ -fmodule-map-file\=/tmp/havital-xcodebuild/derivedData/Build/Intermediates.noindex/GeneratedModuleMaps-iphonesimulator/RevenueCat.modulemap\ -fmodule-map-file\=/tmp/havital-xcodebuild/derivedData/Build/Intermediates.noindex/GeneratedModuleMaps-iphonesimulator/FirebaseAppCheck.modulemap\ -fmodule-map-file\=/tmp/havital-xcodebuild/derivedData/Build/Intermediates.noindex/GeneratedModuleMaps-iphonesimulator/GoogleGenerativeAI.modulemap\ -fmodule-map-file\=/tmp/havital-xcodebuild/derivedData/Build/Intermediates.noindex/GeneratedModuleMaps-iphonesimulator/FirebaseStorage.modulemap\ -fmodule-map-file\=/tmp/havital-xcodebuild/derivedData/Build/Intermediates.noindex/GeneratedModuleMaps-iphonesimulator/RecaptchaInterop.modulemap\ -fmodule-map-file\=/tmp/havital-xcodebuild/derivedData/Build/Intermediates.noindex/GeneratedModuleMaps-iphonesimulator/GoogleUtilities-Network.modulemap\ -fmodule-map-file\=/tmp/havital-xcodebuild/derivedData/Build/Intermediates.noindex/GeneratedModuleMaps-iphonesimulator/GoogleUtilities-Reachability.modulemap\ -fmodule-map-file\=/tmp/havital-xcodebuild/derivedData/Build/Intermediates.noindex/GeneratedModuleMaps-iphonesimulator/GoogleUtilities-AppDelegateSwizzler.modulemap\ -fmodule-map-file\=/tmp/havital-xcodebuild/derivedData/Build/Intermediates.noindex/GeneratedModuleMaps-iphonesimulator/FirebaseAuthInternal.modulemap\ -fmodule-map-file\=/tmp/havital-xcodebuild/derivedData/Build/Intermediates.noindex/GeneratedModuleMaps-iphonesimulator/FirebaseAuthInterop.modulemap\ -fmodule-map-file\=/tmp/havital-xcodebuild/derivedData/Build/Intermediates.noindex/GeneratedModuleMaps-iphonesimulator/FirebaseAuth.modulemap\ -fmodule-map-file\=/tmp/havital-xcodebuild/derivedData/Build/Intermediates.noindex/GeneratedModuleMaps-iphonesimulator/abslWrapper.modulemap\ -fmodule-map-file\=/tmp/havital-xcodebuild/derivedData/Build/Intermediates.noindex/GeneratedModuleMaps-iphonesimulator/opensslWrapper.modulemap\ -fmodule-map-file\=/tmp/havital-xcodebuild/derivedData/Build/Intermediates.noindex/GeneratedModuleMaps-iphonesimulator/grpcWrapper.modulemap\ -fmodule-map-file\=/tmp/havital-xcodebuild/derivedData/Build/Intermediates.noindex/GeneratedModuleMaps-iphonesimulator/grpcppWrapper.modulemap\ -fmodule-map-file\=/tmp/havital-xcodebuild/derivedData/Build/Intermediates.noindex/GeneratedModuleMaps-iphonesimulator/nanopb.modulemap\ -fmodule-map-file\=/tmp/havital-xcodebuild/derivedData/Build/Intermediates.noindex/GeneratedModuleMaps-iphonesimulator/leveldb.modulemap\ -fmodule-map-file\=/tmp/havital-xcodebuild/derivedData/Build/Intermediates.noindex/GeneratedModuleMaps-iphonesimulator/FirebaseFirestore.modulemap\ -fmodule-map-file\=/tmp/havital-xcodebuild/derivedData/Build/Intermediates.noindex/GeneratedModuleMaps-iphonesimulator/FirebaseCoreExtension.modulemap\ -fmodule-map-file\=/tmp/havital-xcodebuild/derivedData/Build/Intermediates.noindex/GeneratedModuleMaps-iphonesimulator/FirebaseAppCheckInterop.modulemap\ -fmodule-map-file\=/tmp/havital-xcodebuild/derivedData/Build/Intermediates.noindex/GeneratedModuleMaps-iphonesimulator/FirebaseFirestoreInternalWrapper.modulemap\ -fmodule-map-file\=/tmp/havital-xcodebuild/derivedData/Build/Intermediates.noindex/GeneratedModuleMaps-iphonesimulator/FirebaseFirestoreTarget.modulemap\ -fmodule-map-file\=/tmp/havital-xcodebuild/derivedData/Build/Intermediates.noindex/GeneratedModuleMaps-iphonesimulator/GoogleUtilities-NSData.modulemap\ -fmodule-map-file\=/tmp/havital-xcodebuild/derivedData/Build/Intermediates.noindex/GeneratedModuleMaps-iphonesimulator/FirebaseSharedSwift.modulemap\ -fmodule-map-file\=/tmp/havital-xcodebuild/derivedData/Build/Intermediates.noindex/GeneratedModuleMaps-iphonesimulator/FirebaseRemoteConfigInternal.modulemap\ -fmodule-map-file\=/tmp/havital-xcodebuild/derivedData/Build/Intermediates.noindex/GeneratedModuleMaps-iphonesimulator/FirebaseRemoteConfigInterop.modulemap\ -fmodule-map-file\=/tmp/havital-xcodebuild/derivedData/Build/Intermediates.noindex/GeneratedModuleMaps-iphonesimulator/FirebaseInstallations.modulemap\ -fmodule-map-file\=/tmp/havital-xcodebuild/derivedData/Build/Intermediates.noindex/GeneratedModuleMaps-iphonesimulator/FirebaseABTesting.modulemap\ -fmodule-map-file\=/tmp/havital-xcodebuild/derivedData/Build/Intermediates.noindex/GeneratedModuleMaps-iphonesimulator/FirebaseCore.modulemap\ -fmodule-map-file\=/tmp/havital-xcodebuild/derivedData/Build/Intermediates.noindex/GeneratedModuleMaps-iphonesimulator/FirebaseCoreInternal.modulemap\ -fmodule-map-file\=/tmp/havital-xcodebuild/derivedData/Build/Intermediates.noindex/GeneratedModuleMaps-iphonesimulator/FirebaseRemoteConfig.modulemap\ -fmodule-map-file\=/tmp/havital-xcodebuild/derivedData/Build/Intermediates.noindex/GeneratedModuleMaps-iphonesimulator/AppAuth.modulemap\ -fmodule-map-file\=/tmp/havital-xcodebuild/derivedData/Build/Intermediates.noindex/GeneratedModuleMaps-iphonesimulator/GoogleUtilities-Logger.modulemap\ -fmodule-map-file\=/tmp/havital-xcodebuild/derivedData/Build/Intermediates.noindex/GeneratedModuleMaps-iphonesimulator/GoogleUtilities-Environment.modulemap\ -fmodule-map-file\=/tmp/havital-xcodebuild/derivedData/Build/Intermediates.noindex/GeneratedModuleMaps-iphonesimulator/third-party-IsAppEncrypted.modulemap\ -fmodule-map-file\=/tmp/havital-xcodebuild/derivedData/Build/Intermediates.noindex/GeneratedModuleMaps-iphonesimulator/GoogleUtilities-UserDefaults.modulemap\ -fmodule-map-file\=/tmp/havital-xcodebuild/derivedData/Build/Intermediates.noindex/GeneratedModuleMaps-iphonesimulator/AppCheckCore.modulemap\ -fmodule-map-file\=/tmp/havital-xcodebuild/derivedData/Build/Intermediates.noindex/GeneratedModuleMaps-iphonesimulator/AppAuthCore.modulemap\ -fmodule-map-file\=/tmp/havital-xcodebuild/derivedData/Build/Intermediates.noindex/GeneratedModuleMaps-iphonesimulator/GTMAppAuth.modulemap\ -fmodule-map-file\=/tmp/havital-xcodebuild/derivedData/Build/Intermediates.noindex/GeneratedModuleMaps-iphonesimulator/GTMSessionFetcherCore.modulemap\ -fmodule-map-file\=/tmp/havital-xcodebuild/derivedData/Build/Intermediates.noindex/GeneratedModuleMaps-iphonesimulator/GoogleSignIn.modulemap\ -fmodule-map-file\=/tmp/havital-xcodebuild/derivedData/Build/Intermediates.noindex/GeneratedModuleMaps-iphonesimulator/GoogleSignInSwift.modulemap\ 
    export OTHER_LDFLAGS\=-Wl,-no_warn_duplicate_libraries\ -Wl,-no_warn_duplicate_libraries\ -Wl,-no_warn_duplicate_libraries\ -Wl,-no_warn_duplicate_libraries\ -Wl,-no_warn_duplicate_libraries\ -Wl,-no_warn_duplicate_libraries\ -Wl,-no_warn_duplicate_libraries\ -Wl,-no_warn_duplicate_libraries\ -Wl,-no_warn_duplicate_libraries\ -Wl,-no_warn_duplicate_libraries\ -Wl,-no_warn_duplicate_libraries\ -Wl,-no_warn_duplicate_libraries\ -Wl,-no_warn_duplicate_libraries\ -Wl,-no_warn_duplicate_libraries\ -Wl,-no_warn_duplicate_libraries\ -Wl,-no_warn_duplicate_libraries\ -Wl,-no_warn_duplicate_libraries\ -Wl,-no_warn_duplicate_libraries\ -Wl,-no_warn_duplicate_libraries\ -Wl,-no_warn_duplicate_libraries\ -Wl,-no_warn_duplicate_libraries\ -Wl,-no_warn_duplicate_libraries\ -Wl,-no_warn_duplicate_libraries\ -lc++\ -Wl,-no_warn_duplicate_libraries\ -Wl,-no_warn_duplicate_libraries\ -Wl,-no_warn_duplicate_libraries\ -Wl,-no_warn_duplicate_libraries\ -Wl,-no_warn_duplicate_libraries\ -Wl,-no_warn_duplicate_libraries\ -Wl,-no_warn_duplicate_libraries\ -Wl,-no_warn_duplicate_libraries\ -Wl,-no_warn_duplicate_libraries\ -Wl,-no_warn_duplicate_libraries\ -Wl,-no_warn_duplicate_libraries\ -Wl,-no_warn_duplicate_libraries\ -Wl,-no_warn_duplicate_libraries\ -Wl,-no_warn_duplicate_libraries\ -Wl,-no_warn_duplicate_libraries\ -Wl,-no_warn_duplicate_libraries\ -Wl,-no_warn_duplicate_libraries\ -Wl,-no_warn_duplicate_libraries\ -Wl,-no_warn_duplicate_libraries\ -Wl,-no_warn_duplicate_libraries\ -Wl,-no_warn_duplicate_libraries\ -Wl,-no_warn_duplicate_libraries\ -Wl,-no_warn_duplicate_libraries\ -Wl,-no_warn_duplicate_libraries\ -Wl,-no_warn_duplicate_libraries\ -Wl,-no_warn_duplicate_libraries\ -Wl,-no_warn_duplicate_libraries\ -Wl,-no_warn_duplicate_libraries\ \ -framework\ CoreGraphics\ -framework\ CoreText\ -framework\ Foundation\ -framework\ LocalAuthentication\ -framework\ Security\ -framework\ UIKit\ -framework\ Security\ -framework\ DeviceCheck\ -framework\ UIKit\ -framework\ Security\ -lz\ -lc++\ -framework\ SystemConfiguration\ -framework\ UIKit\ -framework\ Security\ -framework\ SafariServices\ -framework\ DeviceCheck\ -lsqlite3\ -lc++\ -lz\ -framework\ StoreKit\ -framework\ StoreKit\ -lsqlite3\ -lc++\ -lz\ -lc++\ -framework\ SystemConfiguration\ -framework\ SystemConfiguration\ -framework\ CoreTelephony
    export OTHER_SWIFT_FLAGS\=-Xcc\ -fmodule-map-file\=/tmp/havital-xcodebuild/derivedData/Build/Intermediates.noindex/GeneratedModuleMaps-iphonesimulator/GoogleDataTransport.modulemap\ -Xcc\ -fmodule-map-file\=/tmp/havital-xcodebuild/derivedData/Build/Intermediates.noindex/GeneratedModuleMaps-iphonesimulator/FirebaseMessaging.modulemap\ -Xcc\ -fmodule-map-file\=/tmp/havital-xcodebuild/derivedData/Build/Intermediates.noindex/GeneratedModuleMaps-iphonesimulator/GoogleAdsOnDeviceConversionTarget.modulemap\ -Xcc\ -fmodule-map-file\=/tmp/havital-xcodebuild/derivedData/Build/Intermediates.noindex/GeneratedModuleMaps-iphonesimulator/GoogleAppMeasurementTarget.modulemap\ -Xcc\ -fmodule-map-file\=/tmp/havital-xcodebuild/derivedData/Build/Intermediates.noindex/GeneratedModuleMaps-iphonesimulator/GoogleUtilities-MethodSwizzler.modulemap\ -Xcc\ -fmodule-map-file\=/tmp/havital-xcodebuild/derivedData/Build/Intermediates.noindex/GeneratedModuleMaps-iphonesimulator/FirebaseAnalyticsWrapper.modulemap\ -Xcc\ -fmodule-map-file\=/tmp/havital-xcodebuild/derivedData/Build/Intermediates.noindex/GeneratedModuleMaps-iphonesimulator/FirebaseAnalyticsTarget.modulemap\ -Xcc\ -fmodule-map-file\=/tmp/havital-xcodebuild/derivedData/Build/Intermediates.noindex/GeneratedModuleMaps-iphonesimulator/FirebaseAppCheck.modulemap\ -Xcc\ -fmodule-map-file\=/tmp/havital-xcodebuild/derivedData/Build/Intermediates.noindex/GeneratedModuleMaps-iphonesimulator/RecaptchaInterop.modulemap\ -Xcc\ -fmodule-map-file\=/tmp/havital-xcodebuild/derivedData/Build/Intermediates.noindex/GeneratedModuleMaps-iphonesimulator/GoogleUtilities-Network.modulemap\ -Xcc\ -fmodule-map-file\=/tmp/havital-xcodebuild/derivedData/Build/Intermediates.noindex/GeneratedModuleMaps-iphonesimulator/GoogleUtilities-Reachability.modulemap\ -Xcc\ -fmodule-map-file\=/tmp/havital-xcodebuild/derivedData/Build/Intermediates.noindex/GeneratedModuleMaps-iphonesimulator/GoogleUtilities-AppDelegateSwizzler.modulemap\ -Xcc\ -fmodule-map-file\=/tmp/havital-xcodebuild/derivedData/Build/Intermediates.noindex/GeneratedModuleMaps-iphonesimulator/FirebaseAuthInternal.modulemap\ -Xcc\ -fmodule-map-file\=/tmp/havital-xcodebuild/derivedData/Build/Intermediates.noindex/GeneratedModuleMaps-iphonesimulator/FirebaseAuthInterop.modulemap\ -Xcc\ -fmodule-map-file\=/tmp/havital-xcodebuild/derivedData/Build/Intermediates.noindex/GeneratedModuleMaps-iphonesimulator/abslWrapper.modulemap\ -Xcc\ -fmodule-map-file\=/tmp/havital-xcodebuild/derivedData/Build/Intermediates.noindex/GeneratedModuleMaps-iphonesimulator/opensslWrapper.modulemap\ -Xcc\ -fmodule-map-file\=/tmp/havital-xcodebuild/derivedData/Build/Intermediates.noindex/GeneratedModuleMaps-iphonesimulator/grpcWrapper.modulemap\ -Xcc\ -fmodule-map-file\=/tmp/havital-xcodebuild/derivedData/Build/Intermediates.noindex/GeneratedModuleMaps-iphonesimulator/grpcppWrapper.modulemap\ -Xcc\ -fmodule-map-file\=/tmp/havital-xcodebuild/derivedData/Build/Intermediates.noindex/GeneratedModuleMaps-iphonesimulator/nanopb.modulemap\ -Xcc\ -fmodule-map-file\=/tmp/havital-xcodebuild/derivedData/Build/Intermediates.noindex/GeneratedModuleMaps-iphonesimulator/leveldb.modulemap\ -Xcc\ -fmodule-map-file\=/tmp/havital-xcodebuild/derivedData/Build/Intermediates.noindex/GeneratedModuleMaps-iphonesimulator/FirebaseCoreExtension.modulemap\ -Xcc\ -fmodule-map-file\=/tmp/havital-xcodebuild/derivedData/Build/Intermediates.noindex/GeneratedModuleMaps-iphonesimulator/FirebaseAppCheckInterop.modulemap\ -Xcc\ -fmodule-map-file\=/tmp/havital-xcodebuild/derivedData/Build/Intermediates.noindex/GeneratedModuleMaps-iphonesimulator/FirebaseFirestoreInternalWrapper.modulemap\ -Xcc\ -fmodule-map-file\=/tmp/havital-xcodebuild/derivedData/Build/Intermediates.noindex/GeneratedModuleMaps-iphonesimulator/FirebaseFirestoreTarget.modulemap\ -Xcc\ -fmodule-map-file\=/tmp/havital-xcodebuild/derivedData/Build/Intermediates.noindex/GeneratedModuleMaps-iphonesimulator/GoogleUtilities-NSData.modulemap\ -Xcc\ -fmodule-map-file\=/tmp/havital-xcodebuild/derivedData/Build/Intermediates.noindex/GeneratedModuleMaps-iphonesimulator/FirebaseRemoteConfigInternal.modulemap\ -Xcc\ -fmodule-map-file\=/tmp/havital-xcodebuild/derivedData/Build/Intermediates.noindex/GeneratedModuleMaps-iphonesimulator/FirebaseInstallations.modulemap\ -Xcc\ -fmodule-map-file\=/tmp/havital-xcodebuild/derivedData/Build/Intermediates.noindex/GeneratedModuleMaps-iphonesimulator/FirebaseABTesting.modulemap\ -Xcc\ -fmodule-map-file\=/tmp/havital-xcodebuild/derivedData/Build/Intermediates.noindex/GeneratedModuleMaps-iphonesimulator/FirebaseCore.modulemap\ -Xcc\ -fmodule-map-file\=/tmp/havital-xcodebuild/derivedData/Build/Intermediates.noindex/GeneratedModuleMaps-iphonesimulator/AppAuth.modulemap\ -Xcc\ -fmodule-map-file\=/tmp/havital-xcodebuild/derivedData/Build/Intermediates.noindex/GeneratedModuleMaps-iphonesimulator/GoogleUtilities-Logger.modulemap\ -Xcc\ -fmodule-map-file\=/tmp/havital-xcodebuild/derivedData/Build/Intermediates.noindex/GeneratedModuleMaps-iphonesimulator/GoogleUtilities-Environment.modulemap\ -Xcc\ -fmodule-map-file\=/tmp/havital-xcodebuild/derivedData/Build/Intermediates.noindex/GeneratedModuleMaps-iphonesimulator/third-party-IsAppEncrypted.modulemap\ -Xcc\ -fmodule-map-file\=/tmp/havital-xcodebuild/derivedData/Build/Intermediates.noindex/GeneratedModuleMaps-iphonesimulator/GoogleUtilities-UserDefaults.modulemap\ -Xcc\ -fmodule-map-file\=/tmp/havital-xcodebuild/derivedData/Build/Intermediates.noindex/GeneratedModuleMaps-iphonesimulator/AppCheckCore.modulemap\ -Xcc\ -fmodule-map-file\=/tmp/havital-xcodebuild/derivedData/Build/Intermediates.noindex/GeneratedModuleMaps-iphonesimulator/AppAuthCore.modulemap\ -Xcc\ -fmodule-map-file\=/tmp/havital-xcodebuild/derivedData/Build/Intermediates.noindex/GeneratedModuleMaps-iphonesimulator/GTMSessionFetcherCore.modulemap\ -Xcc\ -fmodule-map-file\=/tmp/havital-xcodebuild/derivedData/Build/Intermediates.noindex/GeneratedModuleMaps-iphonesimulator/GoogleSignIn.modulemap\ 
    export PACKAGE_TYPE\=com.apple.package-type.wrapper.application
    export PASCAL_STRINGS\=YES
    export PATH\=/Applications/Xcode.app/Contents/SharedFrameworks/SwiftBuild.framework/Versions/A/PlugIns/SWBBuildService.bundle/Contents/PlugIns/SWBUniversalPlatformPlugin.bundle/Contents/Frameworks/SWBUniversalPlatform.framework/Resources:/Applications/Xcode.app/Contents/Developer/Toolchains/XcodeDefault.xctoolchain/usr/bin:/Applications/Xcode.app/Contents/Developer/Toolchains/XcodeDefault.xctoolchain/usr/local/bin:/Applications/Xcode.app/Contents/Developer/Toolchains/XcodeDefault.xctoolchain/usr/libexec:/Applications/Xcode.app/Contents/Developer/Platforms/iPhoneSimulator.platform/usr/bin:/Applications/Xcode.app/Contents/Developer/Platforms/iPhoneSimulator.platform/usr/local/bin:/Applications/Xcode.app/Contents/Developer/Platforms/iPhoneSimulator.platform/Developer/usr/bin:/Applications/Xcode.app/Contents/Developer/Platforms/iPhoneSimulator.platform/Developer/usr/local/bin:/Applications/Xcode.app/Contents/Developer/usr/bin:/Applications/Xcode.app/Contents/Developer/usr/local/bin:/Users/wubaizong/.grok/bin:/Users/wubaizong/.local/bin:/Users/wubaizong/.rbenv/bin:/Users/wubaizong/.rbenv/shims:/Users/wubaizong/.antigravity/antigravity/bin:/Users/wubaizong/flutter/flutter/bin:/Users/wubaizong/.codeium/windsurf/bin:/opt/homebrew/opt/mysql-client/bin:/usr/local/mysql/bin:/usr/local/opt/mysql-client/bin:/Users/wubaizong/.yarn/bin:/Users/wubaizong/.config/yarn/global/node_modules/.bin:/opt/homebrew/bin:/usr/local/bin:/System/Cryptexes/App/usr/bin:/usr/bin:/bin:/usr/sbin:/sbin:/var/run/com.apple.security.cryptexd/codex.system/bootstrap/usr/local/bin:/var/run/com.apple.security.cryptexd/codex.system/bootstrap/usr/bin:/var/run/com.apple.security.cryptexd/codex.system/bootstrap/usr/appleinternal/bin:/pkg/env/global/bin:/Library/Apple/usr/bin:/usr/local/sbin:/opt/homebrew/Caskroom/miniforge/base/bin:/opt/homebrew/Caskroom/miniforge/base/condabin:/Applications/Ghostty.app/Contents/MacOS:/Users/wubaizong/.maestro/bin:/Users/wubaizong/.claude/plugins/cache/xai-grok-build/grok-build/0.2.0/bin:/Users/wubaizong/clients/ZenOS/marketplace/plugins/zenos/bin:/Users/wubaizong/.claude/plugins/cache/openai-codex/codex/1.0.6/bin
    export PATH_PREFIXES_EXCLUDED_FROM_HEADER_DEPENDENCIES\=/usr/include\ /usr/local/include\ /System/Library/Frameworks\ /System/Library/PrivateFrameworks\ /Applications/Xcode.app/Contents/Developer/Headers\ /Applications/Xcode.app/Contents/Developer/SDKs\ /Applications/Xcode.app/Contents/Developer/Platforms
    export PBDEVELOPMENTPLIST_PATH\=paceriz_dev.app/pbdevelopment.plist
    export PER_ARCH_MODULE_FILE_DIR\=/tmp/havital-xcodebuild/derivedData/Build/Intermediates.noindex/Havital.build/Debug-iphonesimulator/Havital.build/Objects-normal/undefined_arch
    export PER_ARCH_OBJECT_FILE_DIR\=/tmp/havital-xcodebuild/derivedData/Build/Intermediates.noindex/Havital.build/Debug-iphonesimulator/Havital.build/Objects-normal/undefined_arch
    export PER_VARIANT_OBJECT_FILE_DIR\=/tmp/havital-xcodebuild/derivedData/Build/Intermediates.noindex/Havital.build/Debug-iphonesimulator/Havital.build/Objects-normal
    export PKGINFO_FILE_PATH\=/tmp/havital-xcodebuild/derivedData/Build/Intermediates.noindex/Havital.build/Debug-iphonesimulator/Havital.build/PkgInfo
    export PKGINFO_PATH\=paceriz_dev.app/PkgInfo
    export PLATFORM_DEVELOPER_APPLICATIONS_DIR\=/Applications/Xcode.app/Contents/Developer/Platforms/iPhoneSimulator.platform/Developer/Applications
    export PLATFORM_DEVELOPER_BIN_DIR\=/Applications/Xcode.app/Contents/Developer/Platforms/iPhoneSimulator.platform/Developer/usr/bin
    export PLATFORM_DEVELOPER_LIBRARY_DIR\=/Applications/Xcode.app/Contents/Developer/Platforms/iPhoneSimulator.platform/Developer/Library
    export PLATFORM_DEVELOPER_SDK_DIR\=/Applications/Xcode.app/Contents/Developer/Platforms/iPhoneSimulator.platform/Developer/SDKs
    export PLATFORM_DEVELOPER_TOOLS_DIR\=/Applications/Xcode.app/Contents/Developer/Platforms/iPhoneSimulator.platform/Developer/Tools
    export PLATFORM_DEVELOPER_USR_DIR\=/Applications/Xcode.app/Contents/Developer/Platforms/iPhoneSimulator.platform/Developer/usr
    export PLATFORM_DIR\=/Applications/Xcode.app/Contents/Developer/Platforms/iPhoneSimulator.platform
    export PLATFORM_DISPLAY_NAME\=iOS\ Simulator
    export PLATFORM_FAMILY_NAME\=iOS
    export PLATFORM_NAME\=iphonesimulator
    export PLATFORM_PREFERRED_ARCH\=x86_64
    export PLATFORM_PRODUCT_BUILD_VERSION\=23F81a
    export PLATFORM_REQUIRES_SWIFT_AUTOLINK_EXTRACT\=NO
    export PLATFORM_REQUIRES_SWIFT_MODULEWRAP\=NO
    export PLATFORM_USES_DSYMS\=YES
    export PLIST_FILE_OUTPUT_FORMAT\=binary
    export PLUGINS_FOLDER_PATH\=paceriz_dev.app/PlugIns
    export PRECOMPS_INCLUDE_HEADERS_FROM_BUILT_PRODUCTS_DIR\=YES
    export PRECOMP_DESTINATION_DIR\=/tmp/havital-xcodebuild/derivedData/Build/Intermediates.noindex/Havital.build/Debug-iphonesimulator/Havital.build/PrefixHeaders
    export PRIVATE_HEADERS_FOLDER_PATH\=paceriz_dev.app/PrivateHeaders
    export PROCESSED_INFOPLIST_PATH\=/tmp/havital-xcodebuild/derivedData/Build/Intermediates.noindex/Havital.build/Debug-iphonesimulator/Havital.build/Objects-normal/undefined_arch/Processed-Info.plist
    export PRODUCT_BUNDLE_IDENTIFIER\=com.havital.Havital.dev
    export PRODUCT_BUNDLE_PACKAGE_TYPE\=APPL
    export PRODUCT_MODULE_NAME\=paceriz_dev
    export PRODUCT_NAME\=paceriz_dev
    export PRODUCT_SETTINGS_PATH\=/Users/wubaizong/havital/apps/ios/Havital/.worktrees/t0306-app2-skeleton/Havital/info.plist
    export PRODUCT_TYPE\=com.apple.product-type.application
    export PROFILING_CODE\=NO
    export PROJECT\=Havital
    export PROJECT_DERIVED_FILE_DIR\=/tmp/havital-xcodebuild/derivedData/Build/Intermediates.noindex/Havital.build/DerivedSources
    export PROJECT_DIR\=/Users/wubaizong/havital/apps/ios/Havital/.worktrees/t0306-app2-skeleton
    export PROJECT_FILE_PATH\=/Users/wubaizong/havital/apps/ios/Havital/.worktrees/t0306-app2-skeleton/Havital.xcodeproj
    export PROJECT_GUID\=82ed0ad413eda5ea026b0d4aed613207
    export PROJECT_NAME\=Havital
    export PROJECT_TEMP_DIR\=/tmp/havital-xcodebuild/derivedData/Build/Intermediates.noindex/Havital.build
    export PROJECT_TEMP_ROOT\=/tmp/havital-xcodebuild/derivedData/Build/Intermediates.noindex
    export PROVISIONING_PROFILE_REQUIRED\=NO
    export PROVISIONING_PROFILE_REQUIRED_YES_YES\=YES
    export PROVISIONING_PROFILE_SUPPORTED\=YES
    export PUBLIC_HEADERS_FOLDER_PATH\=paceriz_dev.app/Headers
    export RECOMMENDED_IPHONEOS_DEPLOYMENT_TARGET\=15.0
    export RECURSIVE_SEARCH_PATHS_FOLLOW_SYMLINKS\=YES
    export REMOVE_CVS_FROM_RESOURCES\=YES
    export REMOVE_GIT_FROM_RESOURCES\=YES
    export REMOVE_HEADERS_FROM_EMBEDDED_BUNDLES\=YES
    export REMOVE_HG_FROM_RESOURCES\=YES
    export REMOVE_STATIC_EXECUTABLES_FROM_EMBEDDED_BUNDLES\=YES
    export REMOVE_SVN_FROM_RESOURCES\=YES
    export RESCHEDULE_INDEPENDENT_HEADERS_PHASES\=YES
    export REVENUECAT_API_KEY\=appl_goEmxlWDniAtziTzdXeOpmgNkEt
    export REVENUECAT_PREMIUM_ENTITLEMENT\=Paceriz\ Premium
    export REZ_COLLECTOR_DIR\=/tmp/havital-xcodebuild/derivedData/Build/Intermediates.noindex/Havital.build/Debug-iphonesimulator/Havital.build/ResourceManagerResources
    export REZ_OBJECTS_DIR\=/tmp/havital-xcodebuild/derivedData/Build/Intermediates.noindex/Havital.build/Debug-iphonesimulator/Havital.build/ResourceManagerResources/Objects
    export REZ_SEARCH_PATHS\=/tmp/havital-xcodebuild/derivedData/Build/Products/Debug-iphonesimulator\ 
    export RPATH_ORIGIN\=@loader_path
    export RUNTIME_EXCEPTION_ALLOW_DYLD_ENVIRONMENT_VARIABLES\=NO
    export RUNTIME_EXCEPTION_ALLOW_JIT\=NO
    export RUNTIME_EXCEPTION_ALLOW_UNSIGNED_EXECUTABLE_MEMORY\=NO
    export RUNTIME_EXCEPTION_DEBUGGING_TOOL\=NO
    export RUNTIME_EXCEPTION_DISABLE_EXECUTABLE_PAGE_PROTECTION\=NO
    export RUNTIME_EXCEPTION_DISABLE_LIBRARY_VALIDATION\=NO
    export SCANNING_PCM_KEEP_CACHE_DIRECTORY\=YES
    export SCAN_ALL_SOURCE_FILES_FOR_INCLUDES\=NO
    export SCRIPTS_FOLDER_PATH\=paceriz_dev.app/Scripts
    export SCRIPT_INPUT_FILE_COUNT\=0
    export SCRIPT_INPUT_FILE_LIST_COUNT\=0
    export SCRIPT_OUTPUT_FILE_COUNT\=0
    export SCRIPT_OUTPUT_FILE_LIST_COUNT\=0
    export SDKROOT\=/Applications/Xcode.app/Contents/Developer/Platforms/iPhoneSimulator.platform/Developer/SDKs/iPhoneSimulator26.5.sdk
    export SDK_DIR\=/Applications/Xcode.app/Contents/Developer/Platforms/iPhoneSimulator.platform/Developer/SDKs/iPhoneSimulator26.5.sdk
    export SDK_DIR_iphonesimulator\=/Applications/Xcode.app/Contents/Developer/Platforms/iPhoneSimulator.platform/Developer/SDKs/iPhoneSimulator26.5.sdk
    export SDK_DIR_iphonesimulator26_5\=/Applications/Xcode.app/Contents/Developer/Platforms/iPhoneSimulator.platform/Developer/SDKs/iPhoneSimulator26.5.sdk
    export SDK_NAME\=iphonesimulator26.5
    export SDK_NAMES\=iphonesimulator26.5
    export SDK_PRODUCT_BUILD_VERSION\=23F81a
    export SDK_STAT_CACHE_DIR\=/tmp/havital-xcodebuild/derivedData
    export SDK_STAT_CACHE_ENABLE\=YES
    export SDK_STAT_CACHE_PATH\=/tmp/havital-xcodebuild/derivedData/SDKStatCaches.noindex/iphonesimulator26.5-23F81a-6cfe768891a92b912361537c460fe42b.sdkstatcache
    export SDK_VERSION\=26.5
    export SDK_VERSION_ACTUAL\=260500
    export SDK_VERSION_MAJOR\=260000
    export SDK_VERSION_MINOR\=260500
    export SED\=/usr/bin/sed
    export SEPARATE_STRIP\=NO
    export SEPARATE_SYMBOL_EDIT\=NO
    export SET_DIR_MODE_OWNER_GROUP\=YES
    export SET_FILE_MODE_OWNER_GROUP\=NO
    export SHALLOW_BUNDLE\=YES
    export SHALLOW_BUNDLE_TRIPLE\=ios-simulator
    export SHALLOW_BUNDLE_ios_macabi\=NO
    export SHALLOW_BUNDLE_macos\=NO
    export SHARED_DERIVED_FILE_DIR\=/tmp/havital-xcodebuild/derivedData/Build/Products/Debug-iphonesimulator/DerivedSources
    export SHARED_FRAMEWORKS_FOLDER_PATH\=paceriz_dev.app/SharedFrameworks
    export SHARED_PRECOMPS_DIR\=/tmp/havital-xcodebuild/derivedData/Build/Intermediates.noindex/PrecompiledHeaders
    export SHARED_SUPPORT_FOLDER_PATH\=paceriz_dev.app/SharedSupport
    export SKIP_INSTALL\=NO
    export SKIP_MERGEABLE_LIBRARY_BUNDLE_HOOK\=NO
    export SOURCE_ROOT\=/Users/wubaizong/havital/apps/ios/Havital/.worktrees/t0306-app2-skeleton
    export SRCROOT\=/Users/wubaizong/havital/apps/ios/Havital/.worktrees/t0306-app2-skeleton
    export STRINGSDATA_DIR\=/tmp/havital-xcodebuild/derivedData/Build/Intermediates.noindex/Havital.build/Debug-iphonesimulator/Havital.build/Objects-normal/undefined_arch
    export STRINGSDATA_ROOT\=/tmp/havital-xcodebuild/derivedData/Build/Intermediates.noindex/Havital.build/Debug-iphonesimulator/Havital.build
    export STRINGS_FILE_INFOPLIST_RENAME\=YES
    export STRINGS_FILE_OUTPUT_ENCODING\=binary
    export STRING_CATALOG_GENERATE_SYMBOLS\=NO
    export STRIP_BITCODE_FROM_COPIED_FILES\=NO
    export STRIP_INSTALLED_PRODUCT\=NO
    export STRIP_STYLE\=all
    export STRIP_SWIFT_SYMBOLS\=YES
    export SUPPORTED_DEVICE_FAMILIES\=1,2
    export SUPPORTED_PLATFORMS\=iphoneos\ iphonesimulator
    export SUPPORTS_MACCATALYST\=NO
    export SUPPORTS_ON_DEMAND_RESOURCES\=YES
    export SUPPORTS_TEXT_BASED_API\=NO
    export SUPPRESS_WARNINGS\=NO
    export SWIFT_ACTIVE_COMPILATION_CONDITIONS\=DEBUG\ 
    export SWIFT_EMIT_CONST_VALUE_PROTOCOLS\=AnyResolverProviding\ AppEntity\ AppEnum\ AppExtension\ AppIntent\ AppIntentsPackage\ AppShortcutProviding\ AppShortcutsProvider\ AppUnionValue\ AppUnionValueCasesProviding\ DynamicOptionsProvider\ EntityQuery\ ExtensionPointDefining\ IntentValueQuery\ Resolver\ TransientEntity\ _AssistantIntentsProvider\ _GenerativeFunctionExtractable\ _IntentValueRepresentable
    export SWIFT_EMIT_LOC_STRINGS\=YES
    export SWIFT_ENABLE_EXPLICIT_MODULES\=YES
    export SWIFT_OPTIMIZATION_LEVEL\=-Onone
    export SWIFT_PLATFORM_TARGET_PREFIX\=ios
    export SWIFT_RESPONSE_FILE_PATH_normal_arm64\=/tmp/havital-xcodebuild/derivedData/Build/Intermediates.noindex/Havital.build/Debug-iphonesimulator/Havital.build/Objects-normal/arm64/paceriz_dev.SwiftFileList
    export SWIFT_VERSION\=5.0
    export SYMROOT\=/tmp/havital-xcodebuild/derivedData/Build/Products
    export SYSTEM_ADMIN_APPS_DIR\=/Applications/Utilities
    export SYSTEM_APPS_DIR\=/Applications
    export SYSTEM_CORE_SERVICES_DIR\=/System/Library/CoreServices
    export SYSTEM_DEMOS_DIR\=/Applications/Extras
    export SYSTEM_DEVELOPER_APPS_DIR\=/Applications/Xcode.app/Contents/Developer/Applications
    export SYSTEM_DEVELOPER_BIN_DIR\=/Applications/Xcode.app/Contents/Developer/usr/bin
    export SYSTEM_DEVELOPER_DEMOS_DIR\=/Applications/Xcode.app/Contents/Developer/Applications/Utilities/Built\ Examples
    export SYSTEM_DEVELOPER_DIR\=/Applications/Xcode.app/Contents/Developer
    export SYSTEM_DEVELOPER_DOC_DIR\=/Applications/Xcode.app/Contents/Developer/ADC\ Reference\ Library
    export SYSTEM_DEVELOPER_GRAPHICS_TOOLS_DIR\=/Applications/Xcode.app/Contents/Developer/Applications/Graphics\ Tools
    export SYSTEM_DEVELOPER_JAVA_TOOLS_DIR\=/Applications/Xcode.app/Contents/Developer/Applications/Java\ Tools
    export SYSTEM_DEVELOPER_PERFORMANCE_TOOLS_DIR\=/Applications/Xcode.app/Contents/Developer/Applications/Performance\ Tools
    export SYSTEM_DEVELOPER_RELEASENOTES_DIR\=/Applications/Xcode.app/Contents/Developer/ADC\ Reference\ Library/releasenotes
    export SYSTEM_DEVELOPER_TOOLS\=/Applications/Xcode.app/Contents/Developer/Tools
    export SYSTEM_DEVELOPER_TOOLS_DOC_DIR\=/Applications/Xcode.app/Contents/Developer/ADC\ Reference\ Library/documentation/DeveloperTools
    export SYSTEM_DEVELOPER_TOOLS_RELEASENOTES_DIR\=/Applications/Xcode.app/Contents/Developer/ADC\ Reference\ Library/releasenotes/DeveloperTools
    export SYSTEM_DEVELOPER_USR_DIR\=/Applications/Xcode.app/Contents/Developer/usr
    export SYSTEM_DEVELOPER_UTILITIES_DIR\=/Applications/Xcode.app/Contents/Developer/Applications/Utilities
    export SYSTEM_DEXT_INSTALL_PATH\=/System/Library/DriverExtensions
    export SYSTEM_DOCUMENTATION_DIR\=/Library/Documentation
    export SYSTEM_EXTENSIONS_FOLDER_PATH\=paceriz_dev.app/SystemExtensions
    export SYSTEM_EXTENSIONS_FOLDER_PATH_SHALLOW_BUNDLE_NO\=paceriz_dev.app/Library/SystemExtensions
    export SYSTEM_EXTENSIONS_FOLDER_PATH_SHALLOW_BUNDLE_YES\=paceriz_dev.app/SystemExtensions
    export SYSTEM_KEXT_INSTALL_PATH\=/System/Library/Extensions
    export SYSTEM_LIBRARY_DIR\=/System/Library
    export TAPI_DEMANGLE\=YES
    export TAPI_ENABLE_PROJECT_HEADERS\=NO
    export TAPI_LANGUAGE\=objective-c
    export TAPI_LANGUAGE_STANDARD\=compiler-default
    export TAPI_USE_SRCROOT\=YES
    export TAPI_VERIFY_MODE\=Pedantic
    export TARGETED_DEVICE_FAMILY\=1,2
    export TARGETNAME\=Havital
    export TARGET_BUILD_DIR\=/tmp/havital-xcodebuild/derivedData/Build/Products/Debug-iphonesimulator
    export TARGET_DEVICE_IDENTIFIER\=E8E035CC-59AC-450F-A779-9633C3DB6E10
    export TARGET_DEVICE_MODEL\=iPhone18,1
    export TARGET_DEVICE_OS_VERSION\=26.5
    export TARGET_DEVICE_PLATFORM_NAME\=iphonesimulator
    export TARGET_NAME\=Havital
    export TARGET_TEMP_DIR\=/tmp/havital-xcodebuild/derivedData/Build/Intermediates.noindex/Havital.build/Debug-iphonesimulator/Havital.build
    export TEMP_DIR\=/tmp/havital-xcodebuild/derivedData/Build/Intermediates.noindex/Havital.build/Debug-iphonesimulator/Havital.build
    export TEMP_FILES_DIR\=/tmp/havital-xcodebuild/derivedData/Build/Intermediates.noindex/Havital.build/Debug-iphonesimulator/Havital.build
    export TEMP_FILE_DIR\=/tmp/havital-xcodebuild/derivedData/Build/Intermediates.noindex/Havital.build/Debug-iphonesimulator/Havital.build
    export TEMP_ROOT\=/tmp/havital-xcodebuild/derivedData/Build/Intermediates.noindex
    export TEMP_SANDBOX_DIR\=/tmp/havital-xcodebuild/derivedData/Build/Intermediates.noindex/TemporaryTaskSandboxes
    export TEST_FRAMEWORK_SEARCH_PATHS\=\ /Applications/Xcode.app/Contents/Developer/Platforms/iPhoneSimulator.platform/Developer/Library/Frameworks\ /Applications/Xcode.app/Contents/Developer/Platforms/iPhoneSimulator.platform/Developer/SDKs/iPhoneSimulator26.5.sdk/Developer/Library/Frameworks
    export TEST_LIBRARY_SEARCH_PATHS\=\ /Applications/Xcode.app/Contents/Developer/Platforms/iPhoneSimulator.platform/Developer/usr/lib
    export TOOLCHAINS\=com.apple.dt.toolchain.XcodeDefault
    export TOOLCHAIN_DIR\=/Applications/Xcode.app/Contents/Developer/Toolchains/XcodeDefault.xctoolchain
    export TREAT_MISSING_BASELINES_AS_TEST_FAILURES\=NO
    export TREAT_MISSING_SCRIPT_PHASE_OUTPUTS_AS_ERRORS\=NO
    export TeamIdentifierPrefix\=779277J4JQ.
    export UID\=502
    export UNINSTALLED_PRODUCTS_DIR\=/tmp/havital-xcodebuild/derivedData/Build/Intermediates.noindex/UninstalledProducts
    export UNLOCALIZED_RESOURCES_FOLDER_PATH\=paceriz_dev.app
    export UNLOCALIZED_RESOURCES_FOLDER_PATH_SHALLOW_BUNDLE_NO\=paceriz_dev.app/Resources
    export UNLOCALIZED_RESOURCES_FOLDER_PATH_SHALLOW_BUNDLE_YES\=paceriz_dev.app
    export UNSTRIPPED_PRODUCT\=NO
    export USER\=wubaizong
    export USER_APPS_DIR\=/Users/wubaizong/Applications
    export USER_LIBRARY_DIR\=/Users/wubaizong/Library
    export USE_DYNAMIC_NO_PIC\=YES
    export USE_HEADERMAP\=YES
    export USE_HEADER_SYMLINKS\=NO
    export VALIDATE_DEVELOPMENT_ASSET_PATHS\=YES_ERROR
    export VALIDATE_PRODUCT\=NO
    export VALID_ARCHS\=arm64\ x86_64
    export VERBOSE_PBXCP\=NO
    export VERSIONPLIST_PATH\=paceriz_dev.app/version.plist
    export VERSION_INFO_BUILDER\=wubaizong
    export VERSION_INFO_FILE\=paceriz_dev_vers.c
    export VERSION_INFO_STRING\=\"@\(\#\)PROGRAM:paceriz_dev\ \ PROJECT:Havital-0\"
    export VERSION_SUFFIX\=-dev
    export WORKSPACE_DIR\=/Users/wubaizong/havital/apps/ios/Havital/.worktrees/t0306-app2-skeleton/Havital.xcodeproj
    export WRAPPER_EXTENSION\=app
    export WRAPPER_NAME\=paceriz_dev.app
    export WRAPPER_SUFFIX\=.app
    export WRAP_ASSET_PACKS_IN_SEPARATE_DIRECTORIES\=NO
    export XCODE_APP_SUPPORT_DIR\=/Applications/Xcode.app/Contents/Developer/Library/Xcode
    export XCODE_PRODUCT_BUILD_VERSION\=17F113
    export XCODE_VERSION_ACTUAL\=2660
    export XCODE_VERSION_MAJOR\=2600
    export XCODE_VERSION_MINOR\=2660
    export XPCSERVICES_FOLDER_PATH\=paceriz_dev.app/XPCServices
    export YACC\=yacc
    export _DISCOVER_COMMAND_LINE_LINKER_INPUTS\=YES
    export _DISCOVER_COMMAND_LINE_LINKER_INPUTS_INCLUDE_WL\=YES
    export _LD_MULTIARCH\=YES
    export _WRAPPER_CONTENTS_DIR_SHALLOW_BUNDLE_NO\=/Contents
    export _WRAPPER_PARENT_PATH_SHALLOW_BUNDLE_NO\=/..
    export _WRAPPER_RESOURCES_DIR_SHALLOW_BUNDLE_NO\=/Resources
    export __DIAGNOSE_DEPRECATED_ARCHS\=YES
    export __IS_NOT_MACOS\=YES
    export __IS_NOT_MACOS_macosx\=NO
    export __IS_NOT_SIMULATOR\=NO
    export __IS_NOT_SIMULATOR_simulator\=NO
    export __ORIGINAL_SDK_DEFINED_LLVM_TARGET_TRIPLE_SYS\=ios
    export arch\=undefined_arch
    export variant\=normal
    /usr/bin/sandbox-exec -D SCRIPT_INPUT_FILE_0\=/tmp/havital-xcodebuild/derivedData/Build/Intermediates.noindex/Havital.build/Debug-iphonesimulator/Havital.build/Script-CF3CDD642DEB216600B6AE66.sh -D SCRIPT_INPUT_ANCESTOR_0\=/ -D SCRIPT_INPUT_ANCESTOR_1\=/tmp -D SCRIPT_INPUT_ANCESTOR_2\=/tmp/havital-xcodebuild -D SCRIPT_INPUT_ANCESTOR_3\=/tmp/havital-xcodebuild/derivedData -D SCRIPT_INPUT_ANCESTOR_4\=/tmp/havital-xcodebuild/derivedData/Build -D SCRIPT_INPUT_ANCESTOR_5\=/tmp/havital-xcodebuild/derivedData/Build/Intermediates.noindex -D SCRIPT_INPUT_ANCESTOR_6\=/tmp/havital-xcodebuild/derivedData/Build/Intermediates.noindex/Havital.build -D SCRIPT_INPUT_ANCESTOR_7\=/tmp/havital-xcodebuild/derivedData/Build/Intermediates.noindex/Havital.build/Debug-iphonesimulator -D SCRIPT_INPUT_ANCESTOR_8\=/tmp/havital-xcodebuild/derivedData/Build/Intermediates.noindex/Havital.build/Debug-iphonesimulator/Havital.build -D SRCROOT\=/Users/wubaizong/havital/apps/ios/Havital/.worktrees/t0306-app2-skeleton -D PROJECT_DIR\=/Users/wubaizong/havital/apps/ios/Havital/.worktrees/t0306-app2-skeleton -D OBJROOT\=/tmp/havital-xcodebuild/derivedData/Build/Intermediates.noindex -D SYMROOT\=/tmp/havital-xcodebuild/derivedData/Build/Products -D DSTROOT\=/tmp/Havital.dst -D SHARED_PRECOMPS_DIR\=/tmp/havital-xcodebuild/derivedData/Build/Intermediates.noindex/PrecompiledHeaders -D CACHE_ROOT\=/var/folders/yw/0fw5n4hs4r75vjh6qy18lm0w0000gp/C/com.apple.DeveloperTools/26.6-17F113/Xcode -D CONFIGURATION_BUILD_DIR\=/tmp/havital-xcodebuild/derivedData/Build/Products/Debug-iphonesimulator -D CONFIGURATION_TEMP_DIR\=/tmp/havital-xcodebuild/derivedData/Build/Intermediates.noindex/Havital.build/Debug-iphonesimulator -D LOCROOT\=/Users/wubaizong/havital/apps/ios/Havital/.worktrees/t0306-app2-skeleton -D LOCSYMROOT\=/Users/wubaizong/havital/apps/ios/Havital/.worktrees/t0306-app2-skeleton -D INDEX_PRECOMPS_DIR\=/tmp/havital-xcodebuild/derivedData/Index.noindex/PrecompiledHeaders -D INDEX_DATA_STORE_DIR\=/tmp/havital-xcodebuild/derivedData/Index.noindex/DataStore -D TEMP_DIR\=/tmp/havital-xcodebuild/derivedData/Build/Intermediates.noindex/Havital.build/Debug-iphonesimulator/Havital.build -D TARGET_TEMP_DIR\=/tmp/havital-xcodebuild/derivedData/Build/Intermediates.noindex/Havital.build/Debug-iphonesimulator/Havital.build -D DERIVED_FILE_DIR\=/tmp/havital-xcodebuild/derivedData/Build/Intermediates.noindex/Havital.build/Debug-iphonesimulator/Havital.build/DerivedSources -f /tmp/havital-xcodebuild/derivedData/Build/Intermediates.noindex/Havital.build/Debug-iphonesimulator/Havital.build/f3cd1614cfa7c83b69380b8d46525872.sb /bin/sh -c /tmp/havital-xcodebuild/derivedData/Build/Intermediates.noindex/Havital.build/Debug-iphonesimulator/Havital.build/Script-CF3CDD642DEB216600B6AE66.sh
cp: /Users/wubaizong/havital/apps/ios/Havital/.worktrees/t0306-app2-skeleton/Havital/Firebase/GoogleService-Info-dev.plist: Operation not permitted
Using Development Firebase Config

ProcessInfoPlistFile /tmp/havital-xcodebuild/derivedData/Build/Products/Debug-iphonesimulator/paceriz_dev.app/Info.plist /Users/wubaizong/havital/apps/ios/Havital/.worktrees/t0306-app2-skeleton/Havital/info.plist (in target 'Havital' from project 'Havital')
    cd /Users/wubaizong/havital/apps/ios/Havital/.worktrees/t0306-app2-skeleton
    builtin-infoPlistUtility /Users/wubaizong/havital/apps/ios/Havital/.worktrees/t0306-app2-skeleton/Havital/info.plist -producttype com.apple.product-type.application -genpkginfo /tmp/havital-xcodebuild/derivedData/Build/Products/Debug-iphonesimulator/paceriz_dev.app/PkgInfo -expandbuildsettings -format binary -platform iphonesimulator -additionalcontentfile /tmp/havital-xcodebuild/derivedData/Build/Intermediates.noindex/Havital.build/Debug-iphonesimulator/Havital.build/assetcatalog_generated_info.plist -scanforprivacyfile /tmp/havital-xcodebuild/derivedData/Build/Products/Debug-iphonesimulator/paceriz_dev.app/AppAuth_AppAuth.bundle -scanforprivacyfile /tmp/havital-xcodebuild/derivedData/Build/Products/Debug-iphonesimulator/paceriz_dev.app/AppAuth_AppAuthCore.bundle -scanforprivacyfile /tmp/havital-xcodebuild/derivedData/Build/Products/Debug-iphonesimulator/paceriz_dev.app/Firebase_FirebaseABTesting.bundle -scanforprivacyfile /tmp/havital-xcodebuild/derivedData/Build/Products/Debug-iphonesimulator/paceriz_dev.app/Firebase_FirebaseAuth.bundle -scanforprivacyfile /tmp/havital-xcodebuild/derivedData/Build/Products/Debug-iphonesimulator/paceriz_dev.app/Firebase_FirebaseCore.bundle -scanforprivacyfile /tmp/havital-xcodebuild/derivedData/Build/Products/Debug-iphonesimulator/paceriz_dev.app/Firebase_FirebaseCoreExtension.bundle -scanforprivacyfile /tmp/havital-xcodebuild/derivedData/Build/Products/Debug-iphonesimulator/paceriz_dev.app/Firebase_FirebaseCoreInternal.bundle -scanforprivacyfile /tmp/havital-xcodebuild/derivedData/Build/Products/Debug-iphonesimulator/paceriz_dev.app/Firebase_FirebaseFirestore.bundle -scanforprivacyfile /tmp/havital-xcodebuild/derivedData/Build/Products/Debug-iphonesimulator/paceriz_dev.app/Firebase_FirebaseInstallations.bundle -scanforprivacyfile /tmp/havital-xcodebuild/derivedData/Build/Products/Debug-iphonesimulator/paceriz_dev.app/Firebase_FirebaseMessaging.bundle -scanforprivacyfile /tmp/havital-xcodebuild/derivedData/Build/Products/Debug-iphonesimulator/paceriz_dev.app/Firebase_FirebaseRemoteConfig.bundle -scanforprivacyfile /tmp/havital-xcodebuild/derivedData/Build/Products/Debug-iphonesimulator/paceriz_dev.app/Frameworks/FirebaseAnalytics.framework -scanforprivacyfile /tmp/havital-xcodebuild/derivedData/Build/Products/Debug-iphonesimulator/paceriz_dev.app/Frameworks/FirebaseFirestoreInternal.framework -scanforprivacyfile /tmp/havital-xcodebuild/derivedData/Build/Products/Debug-iphonesimulator/paceriz_dev.app/Frameworks/GoogleAdsOnDeviceConversion.framework -scanforprivacyfile /tmp/havital-xcodebuild/derivedData/Build/Products/Debug-iphonesimulator/paceriz_dev.app/Frameworks/GoogleAppMeasurement.framework -scanforprivacyfile /tmp/havital-xcodebuild/derivedData/Build/Products/Debug-iphonesimulator/paceriz_dev.app/Frameworks/GoogleAppMeasurementIdentitySupport.framework -scanforprivacyfile /tmp/havital-xcodebuild/derivedData/Build/Products/Debug-iphonesimulator/paceriz_dev.app/Frameworks/GoogleGenerativeAI_-4C4CE9247ECAF4FD_PackageProduct.framework -scanforprivacyfile /tmp/havital-xcodebuild/derivedData/Build/Products/Debug-iphonesimulator/paceriz_dev.app/Frameworks/absl.framework -scanforprivacyfile /tmp/havital-xcodebuild/derivedData/Build/Products/Debug-iphonesimulator/paceriz_dev.app/Frameworks/grpc.framework -scanforprivacyfile /tmp/havital-xcodebuild/derivedData/Build/Products/Debug-iphonesimulator/paceriz_dev.app/Frameworks/grpcpp.framework -scanforprivacyfile /tmp/havital-xcodebuild/derivedData/Build/Products/Debug-iphonesimulator/paceriz_dev.app/Frameworks/openssl_grpc.framework -scanforprivacyfile /tmp/havital-xcodebuild/derivedData/Build/Products/Debug-iphonesimulator/paceriz_dev.app/GTMAppAuth_GTMAppAuth.bundle -scanforprivacyfile /tmp/havital-xcodebuild/derivedData/Build/Products/Debug-iphonesimulator/paceriz_dev.app/GTMSessionFetcher_GTMSessionFetcherCore.bundle -scanforprivacyfile /tmp/havital-xcodebuild/derivedData/Build/Products/Debug-iphonesimulator/paceriz_dev.app/GoogleDataTransport_GoogleDataTransport.bundle -scanforprivacyfile /tmp/havital-xcodebuild/derivedData/Build/Products/Debug-iphonesimulator/paceriz_dev.app/GoogleSignIn_GoogleSignIn.bundle -scanforprivacyfile /tmp/havital-xcodebuild/derivedData/Build/Products/Debug-iphonesimulator/paceriz_dev.app/GoogleSignIn_GoogleSignInSwift.bundle -scanforprivacyfile /tmp/havital-xcodebuild/derivedData/Build/Products/Debug-iphonesimulator/paceriz_dev.app/GoogleUtilities_GoogleUtilities-AppDelegateSwizzler.bundle -scanforprivacyfile /tmp/havital-xcodebuild/derivedData/Build/Products/Debug-iphonesimulator/paceriz_dev.app/GoogleUtilities_GoogleUtilities-Environment.bundle -scanforprivacyfile /tmp/havital-xcodebuild/derivedData/Build/Products/Debug-iphonesimulator/paceriz_dev.app/GoogleUtilities_GoogleUtilities-Logger.bundle -scanforprivacyfile /tmp/havital-xcodebuild/derivedData/Build/Products/Debug-iphonesimulator/paceriz_dev.app/GoogleUtilities_GoogleUtilities-MethodSwizzler.bundle -scanforprivacyfile /tmp/havital-xcodebuild/derivedData/Build/Products/Debug-iphonesimulator/paceriz_dev.app/GoogleUtilities_GoogleUtilities-NSData.bundle -scanforprivacyfile /tmp/havital-xcodebuild/derivedData/Build/Products/Debug-iphonesimulator/paceriz_dev.app/GoogleUtilities_GoogleUtilities-Network.bundle -scanforprivacyfile /tmp/havital-xcodebuild/derivedData/Build/Products/Debug-iphonesimulator/paceriz_dev.app/GoogleUtilities_GoogleUtilities-Reachability.bundle -scanforprivacyfile /tmp/havital-xcodebuild/derivedData/Build/Products/Debug-iphonesimulator/paceriz_dev.app/GoogleUtilities_GoogleUtilities-UserDefaults.bundle -scanforprivacyfile /tmp/havital-xcodebuild/derivedData/Build/Products/Debug-iphonesimulator/paceriz_dev.app/Promises_FBLPromises.bundle -scanforprivacyfile /tmp/havital-xcodebuild/derivedData/Build/Products/Debug-iphonesimulator/paceriz_dev.app/RevenueCat_RevenueCat.bundle -scanforprivacyfile /tmp/havital-xcodebuild/derivedData/Build/Products/Debug-iphonesimulator/paceriz_dev.app/Watch/HavitalWatch.app -scanforprivacyfile /tmp/havital-xcodebuild/derivedData/Build/Products/Debug-iphonesimulator/paceriz_dev.app/abseil_abslWrapper.bundle -scanforprivacyfile /tmp/havital-xcodebuild/derivedData/Build/Products/Debug-iphonesimulator/paceriz_dev.app/gRPC_grpcWrapper.bundle -scanforprivacyfile /tmp/havital-xcodebuild/derivedData/Build/Products/Debug-iphonesimulator/paceriz_dev.app/gRPC_grpcppWrapper.bundle -scanforprivacyfile /tmp/havital-xcodebuild/derivedData/Build/Products/Debug-iphonesimulator/paceriz_dev.app/gRPC_opensslWrapper.bundle -scanforprivacyfile /tmp/havital-xcodebuild/derivedData/Build/Products/Debug-iphonesimulator/paceriz_dev.app/leveldb_leveldb.bundle -scanforprivacyfile /tmp/havital-xcodebuild/derivedData/Build/Products/Debug-iphonesimulator/paceriz_dev.app/nanopb_nanopb.bundle -o /tmp/havital-xcodebuild/derivedData/Build/Products/Debug-iphonesimulator/paceriz_dev.app/Info.plist

PhaseScriptExecution Set\ Build\ Number /tmp/havital-xcodebuild/derivedData/Build/Intermediates.noindex/Havital.build/Debug-iphonesimulator/Havital.build/Script-CF3CDD652DEB3A2500B6AE66.sh (in target 'Havital' from project 'Havital')
    cd /Users/wubaizong/havital/apps/ios/Havital/.worktrees/t0306-app2-skeleton
    export ACTION\=build
    export AD_HOC_CODE_SIGNING_ALLOWED\=YES
    export AGGREGATE_TRACKED_DOMAINS\=YES
    export ALLOW_BUILD_REQUEST_OVERRIDES\=NO
    export ALLOW_TARGET_PLATFORM_SPECIALIZATION\=NO
    export ALTERNATE_GROUP\=staff
    export ALTERNATE_MODE\=u+w,go-w,a+rX
    export ALTERNATE_OWNER\=wubaizong
    export ALTERNATIVE_DISTRIBUTION_WEB\=NO
    export ALWAYS_EMBED_SWIFT_STANDARD_LIBRARIES\=NO
    export ALWAYS_SEARCH_USER_PATHS\=NO
    export ALWAYS_USE_SEPARATE_HEADERMAPS\=NO
    export APPLICATION_EXTENSION_API_ONLY\=NO
    export APPLY_RULES_IN_COPY_FILES\=NO
    export APPLY_RULES_IN_COPY_HEADERS\=NO
    export APP_SHORTCUTS_ENABLE_FLEXIBLE_MATCHING\=YES
    export ARCHS\=arm64
    export ARCHS_BASE\=arm64
    export ARCHS_STANDARD\=arm64\ x86_64
    export ARCHS_STANDARD_32_64_BIT\=arm64\ x86_64
    export ARCHS_STANDARD_64_BIT\=arm64\ x86_64
    export ARCHS_STANDARD_INCLUDING_64_BIT\=arm64\ x86_64
    export ARCHS_UNIVERSAL_IPHONE_OS\=arm64\ x86_64
    export ASSETCATALOG_COMPILER_APPICON_NAME\=AppIcon
    export ASSETCATALOG_COMPILER_GENERATE_SWIFT_ASSET_SYMBOL_EXTENSIONS\=YES
    export ASSETCATALOG_COMPILER_GLOBAL_ACCENT_COLOR_NAME\=AccentColor
    export ASSETCATALOG_FILTER_FOR_DEVICE_MODEL\=iPhone18,1
    export ASSETCATALOG_FILTER_FOR_DEVICE_OS_VERSION\=26.5
    export ASSETCATALOG_FILTER_FOR_THINNING_DEVICE_CONFIGURATION\=iPhone18,1
    export AUTOMATICALLY_MERGE_DEPENDENCIES\=NO
    export AUTOMATION_APPLE_EVENTS\=NO
    export AVAILABLE_PLATFORMS\=android\ appletvos\ appletvsimulator\ driverkit\ freebsd\ iphoneos\ iphonesimulator\ linux\ macosx\ none\ openbsd\ qnx\ watchos\ watchsimulator\ webassembly\ xros\ xrsimulator
    export AppIdentifierPrefix\=779277J4JQ.
    export BUILD_ACTIVE_RESOURCES_ONLY\=YES
    export BUILD_COMPONENTS\=headers\ build
    export BUILD_DIR\=/tmp/havital-xcodebuild/derivedData/Build/Products
    export BUILD_LIBRARY_FOR_DISTRIBUTION\=NO
    export BUILD_ONLY_KNOWN_LOCALIZATIONS\=NO
    export BUILD_ROOT\=/tmp/havital-xcodebuild/derivedData/Build/Products
    export BUILD_STYLE\=
    export BUILD_VARIANTS\=normal
    export BUILT_PRODUCTS_DIR\=/tmp/havital-xcodebuild/derivedData/Build/Products/Debug-iphonesimulator
    export BUNDLE_CONTENTS_FOLDER_PATH_deep\=Contents/
    export BUNDLE_EXECUTABLE_FOLDER_NAME_deep\=MacOS
    export BUNDLE_EXTENSIONS_FOLDER_PATH\=Extensions
    export BUNDLE_FORMAT\=shallow
    export BUNDLE_FRAMEWORKS_FOLDER_PATH\=Frameworks
    export BUNDLE_PLUGINS_FOLDER_PATH\=PlugIns
    export BUNDLE_PRIVATE_HEADERS_FOLDER_PATH\=PrivateHeaders
    export BUNDLE_PUBLIC_HEADERS_FOLDER_PATH\=Headers
    export CACHE_ROOT\=/var/folders/yw/0fw5n4hs4r75vjh6qy18lm0w0000gp/C/com.apple.DeveloperTools/26.6-17F113/Xcode
    export CCHROOT\=/var/folders/yw/0fw5n4hs4r75vjh6qy18lm0w0000gp/C/com.apple.DeveloperTools/26.6-17F113/Xcode
    export CHMOD\=/bin/chmod
    export CHOWN\=chown
    export CLANG_ANALYZER_NONNULL\=YES
    export CLANG_ANALYZER_NUMBER_OBJECT_CONVERSION\=YES_AGGRESSIVE
    export CLANG_CACHE_FINE_GRAINED_OUTPUTS\=YES
    export CLANG_COVERAGE_MAPPING\=YES
    export CLANG_CXX_LANGUAGE_STANDARD\=gnu++20
    export CLANG_ENABLE_EXPLICIT_MODULES\=YES
    export CLANG_ENABLE_MODULES\=YES
    export CLANG_ENABLE_OBJC_ARC\=YES
    export CLANG_ENABLE_OBJC_WEAK\=YES
    export CLANG_MODULES_BUILD_SESSION_FILE\=/tmp/havital-xcodebuild/derivedData/ModuleCache.noindex/Session.modulevalidation
    export CLANG_PROFILE_DATA_DIRECTORY\=/tmp/havital-xcodebuild/derivedData/Build/ProfileData
    export CLANG_WARN_BLOCK_CAPTURE_AUTORELEASING\=YES
    export CLANG_WARN_BOOL_CONVERSION\=YES
    export CLANG_WARN_COMMA\=YES
    export CLANG_WARN_CONSTANT_CONVERSION\=YES
    export CLANG_WARN_DEPRECATED_OBJC_IMPLEMENTATIONS\=YES
    export CLANG_WARN_DIRECT_OBJC_ISA_USAGE\=YES_ERROR
    export CLANG_WARN_DOCUMENTATION_COMMENTS\=YES
    export CLANG_WARN_EMPTY_BODY\=YES
    export CLANG_WARN_ENUM_CONVERSION\=YES
    export CLANG_WARN_INFINITE_RECURSION\=YES
    export CLANG_WARN_INT_CONVERSION\=YES
    export CLANG_WARN_NON_LITERAL_NULL_CONVERSION\=YES
    export CLANG_WARN_OBJC_IMPLICIT_RETAIN_SELF\=YES
    export CLANG_WARN_OBJC_LITERAL_CONVERSION\=YES
    export CLANG_WARN_OBJC_ROOT_CLASS\=YES_ERROR
    export CLANG_WARN_QUOTED_INCLUDE_IN_FRAMEWORK_HEADER\=YES
    export CLANG_WARN_RANGE_LOOP_ANALYSIS\=YES
    export CLANG_WARN_STRICT_PROTOTYPES\=YES
    export CLANG_WARN_SUSPICIOUS_MOVE\=YES
    export CLANG_WARN_UNGUARDED_AVAILABILITY\=YES_AGGRESSIVE
    export CLANG_WARN_UNREACHABLE_CODE\=YES
    export CLANG_WARN__DUPLICATE_METHOD_MATCH\=YES
    export CLASS_FILE_DIR\=/tmp/havital-xcodebuild/derivedData/Build/Intermediates.noindex/Havital.build/Debug-iphonesimulator/Havital.build/JavaClasses
    export CLEAN_PRECOMPS\=YES
    export CLONE_HEADERS\=NO
    export CODESIGNING_FOLDER_PATH\=/tmp/havital-xcodebuild/derivedData/Build/Products/Debug-iphonesimulator/paceriz_dev.app
    export CODE_SIGNING_ALLOWED\=YES
    export CODE_SIGNING_REQUIRED\=YES
    export CODE_SIGN_CONTEXT_CLASS\=XCiPhoneSimulatorCodeSignContext
    export CODE_SIGN_ENTITLEMENTS\=Havital/Havital.entitlements
    export CODE_SIGN_IDENTITY\=-
    export CODE_SIGN_INJECT_BASE_ENTITLEMENTS\=YES
    export CODE_SIGN_STYLE\=Automatic
    export COLOR_DIAGNOSTICS\=NO
    export COMBINE_HIDPI_IMAGES\=NO
    export COMPILATION_CACHE_CAS_PATH\=/tmp/havital-xcodebuild/derivedData/CompilationCache.noindex
    export COMPILATION_CACHE_KEEP_CAS_DIRECTORY\=YES
    export COMPILER_INDEX_STORE_ENABLE\=Default
    export COMPOSITE_SDK_DIRS\=/tmp/havital-xcodebuild/derivedData/Build/Intermediates.noindex/CompositeSDKs
    export COMPRESS_PNG_FILES\=YES
    export CONFIGURATION\=Debug
    export CONFIGURATION_BUILD_DIR\=/tmp/havital-xcodebuild/derivedData/Build/Products/Debug-iphonesimulator
    export CONFIGURATION_TEMP_DIR\=/tmp/havital-xcodebuild/derivedData/Build/Intermediates.noindex/Havital.build/Debug-iphonesimulator
    export CONTENTS_FOLDER_PATH\=paceriz_dev.app
    export CONTENTS_FOLDER_PATH_SHALLOW_BUNDLE_NO\=paceriz_dev.app/Contents
    export CONTENTS_FOLDER_PATH_SHALLOW_BUNDLE_YES\=paceriz_dev.app
    export COPYING_PRESERVES_HFS_DATA\=NO
    export COPY_HEADERS_RUN_UNIFDEF\=NO
    export COPY_PHASE_STRIP\=NO
    export CORRESPONDING_DEVICE_PLATFORM_DIR\=/Applications/Xcode.app/Contents/Developer/Platforms/iPhoneOS.platform
    export CORRESPONDING_DEVICE_PLATFORM_NAME\=iphoneos
    export CORRESPONDING_DEVICE_SDK_DIR\=/Applications/Xcode.app/Contents/Developer/Platforms/iPhoneOS.platform/Developer/SDKs/iPhoneOS26.5.sdk
    export CORRESPONDING_DEVICE_SDK_NAME\=iphoneos26.5
    export CP\=/bin/cp
    export CREATE_INFOPLIST_SECTION_IN_BINARY\=NO
    export CURRENT_ARCH\=undefined_arch
    export CURRENT_PROJECT_VERSION\=0
    export CURRENT_VARIANT\=normal
    export DEAD_CODE_STRIPPING\=YES
    export DEBUGGING_SYMBOLS\=YES
    export DEBUG_INFORMATION_FORMAT\=dwarf
    export DEBUG_INFORMATION_VERSION\=compiler-default
    export DEFAULT_COMPILER\=com.apple.compilers.llvm.clang.1_0
    export DEFAULT_DEXT_INSTALL_PATH\=/System/Library/DriverExtensions
    export DEFAULT_KEXT_INSTALL_PATH\=/System/Library/Extensions
    export DEFINES_MODULE\=NO
    export DEPLOYMENT_LOCATION\=NO
    export DEPLOYMENT_POSTPROCESSING\=NO
    export DEPLOYMENT_TARGET_SETTING_NAME\=IPHONEOS_DEPLOYMENT_TARGET
    export DEPLOYMENT_TARGET_SUGGESTED_VALUES\=12.0\ 12.1\ 12.2\ 12.3\ 12.4\ 13.0\ 13.1\ 13.2\ 13.3\ 13.4\ 13.5\ 13.6\ 14.0\ 14.1\ 14.2\ 14.3\ 14.4\ 14.5\ 14.6\ 14.7\ 15.0\ 15.1\ 15.2\ 15.3\ 15.4\ 15.5\ 15.6\ 16.0\ 16.1\ 16.2\ 16.3\ 16.4\ 16.5\ 16.6\ 17.0\ 17.1\ 17.2\ 17.3\ 17.4\ 17.5\ 17.6\ 18.0\ 18.1\ 18.2\ 18.3\ 18.4\ 18.5\ 18.6\ 26.0\ 26.2\ 26.3\ 26.4\ 26.5
    export DERIVED_FILES_DIR\=/tmp/havital-xcodebuild/derivedData/Build/Intermediates.noindex/Havital.build/Debug-iphonesimulator/Havital.build/DerivedSources
    export DERIVED_FILE_DIR\=/tmp/havital-xcodebuild/derivedData/Build/Intermediates.noindex/Havital.build/Debug-iphonesimulator/Havital.build/DerivedSources
    export DERIVED_SOURCES_DIR\=/tmp/havital-xcodebuild/derivedData/Build/Intermediates.noindex/Havital.build/Debug-iphonesimulator/Havital.build/DerivedSources
    export DEVELOPER_APPLICATIONS_DIR\=/Applications/Xcode.app/Contents/Developer/Applications
    export DEVELOPER_BIN_DIR\=/Applications/Xcode.app/Contents/Developer/usr/bin
    export DEVELOPER_DIR\=/Applications/Xcode.app/Contents/Developer
    export DEVELOPER_FRAMEWORKS_DIR\=/Applications/Xcode.app/Contents/Developer/Library/Frameworks
    export DEVELOPER_FRAMEWORKS_DIR_QUOTED\=/Applications/Xcode.app/Contents/Developer/Library/Frameworks
    export DEVELOPER_LIBRARY_DIR\=/Applications/Xcode.app/Contents/Developer/Library
    export DEVELOPER_SDK_DIR\=/Applications/Xcode.app/Contents/Developer/Platforms/MacOSX.platform/Developer/SDKs
    export DEVELOPER_TOOLS_DIR\=/Applications/Xcode.app/Contents/Developer/Tools
    export DEVELOPER_USR_DIR\=/Applications/Xcode.app/Contents/Developer/usr
    export DEVELOPMENT_ASSET_PATHS\=\"Havital/Preview\ Content\"
    export DEVELOPMENT_LANGUAGE\=en
    export DEVELOPMENT_TEAM\=779277J4JQ
    export DIAGNOSE_MISSING_TARGET_DEPENDENCIES\=YES
    export DIFF\=/usr/bin/diff
    export DOCUMENTATION_FOLDER_PATH\=paceriz_dev.app/en.lproj/Documentation
    export DONT_GENERATE_INFOPLIST_FILE\=NO
    export DSTROOT\=/tmp/Havital.dst
    export DT_TOOLCHAIN_DIR\=/Applications/Xcode.app/Contents/Developer/Toolchains/XcodeDefault.xctoolchain
    export DUMP_DEPENDENCIES\=NO
    export DUMP_DEPENDENCIES_OUTPUT_PATH\=/tmp/havital-xcodebuild/derivedData/Build/Intermediates.noindex/Havital.build/Debug-iphonesimulator/Havital.build/Havital-BuildDependencyInfo.json
    export DWARF_DSYM_FILE_NAME\=paceriz_dev.app.dSYM
    export DWARF_DSYM_FILE_SHOULD_ACCOMPANY_PRODUCT\=NO
    export DWARF_DSYM_FOLDER_PATH\=/tmp/havital-xcodebuild/derivedData/Build/Products/Debug-iphonesimulator
    export DYNAMIC_LIBRARY_EXTENSION\=dylib
    export EAGER_COMPILATION_ALLOW_SCRIPTS\=YES
    export EAGER_LINKING\=NO
    export EFFECTIVE_PLATFORM_NAME\=-iphonesimulator
    export EFFECTIVE_SWIFT_VERSION\=5
    export EMBEDDED_CONTENT_CONTAINS_SWIFT\=NO
    export EMBED_ASSET_PACKS_IN_PRODUCT_BUNDLE\=NO
    export EMBED_PACKAGE_RESOURCE_BUNDLE_NAMES\=\ GoogleSignIn_GoogleSignInSwift\ GoogleSignIn_GoogleSignIn\ GTMSessionFetcher_GTMSessionFetcherCore\ GTMAppAuth_GTMAppAuth\ AppAuth_AppAuthCore\ GoogleUtilities_GoogleUtilities-UserDefaults\ GoogleUtilities_GoogleUtilities-Environment\ GoogleUtilities_GoogleUtilities-Logger\ Promises_FBLPromises\ AppAuth_AppAuth\ Firebase_FirebaseRemoteConfig\ Firebase_FirebaseCoreInternal\ Firebase_FirebaseCore\ Firebase_FirebaseABTesting\ Firebase_FirebaseInstallations\ GoogleUtilities_GoogleUtilities-NSData\ Firebase_FirebaseCoreExtension\ Firebase_FirebaseFirestore\ leveldb_leveldb\ nanopb_nanopb\ gRPC_grpcppWrapper\ gRPC_grpcWrapper\ gRPC_opensslWrapper\ abseil_abslWrapper\ Firebase_FirebaseAuth\ GoogleUtilities_GoogleUtilities-AppDelegateSwizzler\ GoogleUtilities_GoogleUtilities-Reachability\ GoogleUtilities_GoogleUtilities-Network\ RevenueCat_RevenueCat\ GoogleUtilities_GoogleUtilities-MethodSwizzler\ Firebase_FirebaseMessaging\ GoogleDataTransport_GoogleDataTransport
    export ENABLE_APP_SANDBOX\=NO
    export ENABLE_CODE_COVERAGE\=YES
    export ENABLE_COHORT_ARCHS\=NO
    export ENABLE_CPLUSPLUS_BOUNDS_SAFE_BUFFERS\=NO
    export ENABLE_C_BOUNDS_SAFETY\=NO
    export ENABLE_DEBUG_DYLIB\=YES
    export ENABLE_DEFAULT_HEADER_SEARCH_PATHS\=YES
    export ENABLE_DEFAULT_SEARCH_PATHS\=YES
    export ENABLE_ENHANCED_SECURITY\=NO
    export ENABLE_HARDENED_RUNTIME\=NO
    export ENABLE_HEADER_DEPENDENCIES\=YES
    export ENABLE_INCOMING_NETWORK_CONNECTIONS\=NO
    export ENABLE_ON_DEMAND_RESOURCES\=YES
    export ENABLE_OUTGOING_NETWORK_CONNECTIONS\=NO
    export ENABLE_POINTER_AUTHENTICATION\=NO
    export ENABLE_PREVIEWS\=NO
    export ENABLE_RESOURCE_ACCESS_AUDIO_INPUT\=NO
    export ENABLE_RESOURCE_ACCESS_BLUETOOTH\=NO
    export ENABLE_RESOURCE_ACCESS_CALENDARS\=NO
    export ENABLE_RESOURCE_ACCESS_CAMERA\=NO
    export ENABLE_RESOURCE_ACCESS_CONTACTS\=NO
    export ENABLE_RESOURCE_ACCESS_LOCATION\=NO
    export ENABLE_RESOURCE_ACCESS_PHOTO_LIBRARY\=NO
    export ENABLE_RESOURCE_ACCESS_PRINTING\=NO
    export ENABLE_RESOURCE_ACCESS_USB\=NO
    export ENABLE_SDK_IMPORTS\=NO
    export ENABLE_SECURITY_COMPILER_WARNINGS\=NO
    export ENABLE_STRICT_OBJC_MSGSEND\=YES
    export ENABLE_TESTABILITY\=YES
    export ENABLE_TESTING_SEARCH_PATHS\=NO
    export ENABLE_USER_SCRIPT_SANDBOXING\=YES
    export ENABLE_XOJIT_PREVIEWS\=YES
    export ENFORCE_VALID_ARCHS\=YES
    export ENTITLEMENTS_ALLOWED\=NO
    export ENTITLEMENTS_DESTINATION\=__entitlements
    export ENTITLEMENTS_REQUIRED\=NO
    export EXCLUDED_INSTALLSRC_SUBDIRECTORY_PATTERNS\=.DS_Store\ .svn\ .git\ .hg\ CVS
    export EXCLUDED_RECURSIVE_SEARCH_PATH_SUBDIRECTORIES\=\*.nib\ \*.lproj\ \*.framework\ \*.gch\ \*.xcode\*\ \*.xcassets\ \*.icon\ \(\*\)\ .DS_Store\ CVS\ .svn\ .git\ .hg\ \*.pbproj\ \*.pbxproj
    export EXECUTABLES_FOLDER_PATH\=paceriz_dev.app/Executables
    export EXECUTABLE_BLANK_INJECTION_DYLIB_PATH\=paceriz_dev.app/__preview.dylib
    export EXECUTABLE_DEBUG_DYLIB_INSTALL_NAME\=@rpath/paceriz_dev.debug.dylib
    export EXECUTABLE_DEBUG_DYLIB_PATH\=paceriz_dev.app/paceriz_dev.debug.dylib
    export EXECUTABLE_FOLDER_PATH\=paceriz_dev.app
    export EXECUTABLE_FOLDER_PATH_SHALLOW_BUNDLE_NO\=paceriz_dev.app/MacOS
    export EXECUTABLE_FOLDER_PATH_SHALLOW_BUNDLE_YES\=paceriz_dev.app
    export EXECUTABLE_NAME\=paceriz_dev
    export EXECUTABLE_PATH\=paceriz_dev.app/paceriz_dev
    export EXPANDED_CODE_SIGN_IDENTITY\=-
    export EXPANDED_CODE_SIGN_IDENTITY_NAME\=Sign\ to\ Run\ Locally
    export EXTENSIONS_FOLDER_PATH\=paceriz_dev.app/Extensions
    export FILE_LIST\=/tmp/havital-xcodebuild/derivedData/Build/Intermediates.noindex/Havital.build/Debug-iphonesimulator/Havital.build/Objects/LinkFileList
    export FIXED_FILES_DIR\=/tmp/havital-xcodebuild/derivedData/Build/Intermediates.noindex/Havital.build/Debug-iphonesimulator/Havital.build/FixedFiles
    export FRAMEWORKS_FOLDER_PATH\=paceriz_dev.app/Frameworks
    export FRAMEWORK_FLAG_PREFIX\=-framework
    export FRAMEWORK_SEARCH_PATHS\=/tmp/havital-xcodebuild/derivedData/Build/Products/Debug-iphonesimulator/PackageFrameworks\ /tmp/havital-xcodebuild/derivedData/Build/Products/Debug-iphonesimulator/PackageFrameworks\ /tmp/havital-xcodebuild/derivedData/Build/Products/Debug-iphonesimulator/PackageFrameworks\ /tmp/havital-xcodebuild/derivedData/Build/Products/Debug-iphonesimulator/PackageFrameworks\ /tmp/havital-xcodebuild/derivedData/Build/Products/Debug-iphonesimulator/PackageFrameworks\ /tmp/havital-xcodebuild/derivedData/Build/Products/Debug-iphonesimulator/PackageFrameworks\ /tmp/havital-xcodebuild/derivedData/Build/Products/Debug-iphonesimulator/PackageFrameworks\ /tmp/havital-xcodebuild/derivedData/Build/Products/Debug-iphonesimulator/PackageFrameworks\ /tmp/havital-xcodebuild/derivedData/Build/Products/Debug-iphonesimulator/PackageFrameworks\ /tmp/havital-xcodebuild/derivedData/Build/Products/Debug-iphonesimulator/PackageFrameworks\ /tmp/havital-xcodebuild/derivedData/Build/Products/Debug-iphonesimulator/PackageFrameworks\ /tmp/havital-xcodebuild/derivedData/Build/Products/Debug-iphonesimulator/PackageFrameworks\ /tmp/havital-xcodebuild/derivedData/Build/Products/Debug-iphonesimulator/PackageFrameworks\ /tmp/havital-xcodebuild/derivedData/Build/Products/Debug-iphonesimulator/PackageFrameworks\ /tmp/havital-xcodebuild/derivedData/Build/Products/Debug-iphonesimulator/PackageFrameworks\ /tmp/havital-xcodebuild/derivedData/Build/Products/Debug-iphonesimulator/PackageFrameworks\ /tmp/havital-xcodebuild/derivedData/Build/Products/Debug-iphonesimulator/PackageFrameworks\ /tmp/havital-xcodebuild/derivedData/Build/Products/Debug-iphonesimulator/PackageFrameworks\ /tmp/havital-xcodebuild/derivedData/Build/Products/Debug-iphonesimulator/PackageFrameworks\ /tmp/havital-xcodebuild/derivedData/Build/Products/Debug-iphonesimulator/PackageFrameworks\ /tmp/havital-xcodebuild/derivedData/Build/Products/Debug-iphonesimulator/PackageFrameworks\ /tmp/havital-xcodebuild/derivedData/Build/Products/Debug-iphonesimulator/PackageFrameworks\ /tmp/havital-xcodebuild/derivedData/Build/Products/Debug-iphonesimulator/PackageFrameworks\ /tmp/havital-xcodebuild/derivedData/Build/Products/Debug-iphonesimulator/PackageFrameworks\ /tmp/havital-xcodebuild/derivedData/Build/Products/Debug-iphonesimulator/PackageFrameworks\ /tmp/havital-xcodebuild/derivedData/Build/Products/Debug-iphonesimulator/PackageFrameworks\ /tmp/havital-xcodebuild/derivedData/Build/Products/Debug-iphonesimulator/PackageFrameworks\ /tmp/havital-xcodebuild/derivedData/Build/Products/Debug-iphonesimulator/PackageFrameworks\ /tmp/havital-xcodebuild/derivedData/Build/Products/Debug-iphonesimulator/PackageFrameworks\ /tmp/havital-xcodebuild/derivedData/Build/Products/Debug-iphonesimulator/PackageFrameworks\ /tmp/havital-xcodebuild/derivedData/Build/Products/Debug-iphonesimulator/PackageFrameworks\ /tmp/havital-xcodebuild/derivedData/Build/Products/Debug-iphonesimulator/PackageFrameworks\ /tmp/havital-xcodebuild/derivedData/Build/Products/Debug-iphonesimulator/PackageFrameworks\ /tmp/havital-xcodebuild/derivedData/Build/Products/Debug-iphonesimulator/PackageFrameworks\ /tmp/havital-xcodebuild/derivedData/Build/Products/Debug-iphonesimulator/PackageFrameworks\ /tmp/havital-xcodebuild/derivedData/Build/Products/Debug-iphonesimulator/PackageFrameworks\ /tmp/havital-xcodebuild/derivedData/Build/Products/Debug-iphonesimulator/PackageFrameworks\ /tmp/havital-xcodebuild/derivedData/Build/Products/Debug-iphonesimulator/PackageFrameworks\ /tmp/havital-xcodebuild/derivedData/Build/Products/Debug-iphonesimulator/PackageFrameworks\ /tmp/havital-xcodebuild/derivedData/Build/Products/Debug-iphonesimulator/PackageFrameworks\ /tmp/havital-xcodebuild/derivedData/Build/Products/Debug-iphonesimulator/PackageFrameworks\ /tmp/havital-xcodebuild/derivedData/Build/Products/Debug-iphonesimulator/PackageFrameworks\ /tmp/havital-xcodebuild/derivedData/Build/Products/Debug-iphonesimulator/PackageFrameworks\ /tmp/havital-xcodebuild/derivedData/Build/Products/Debug-iphonesimulator/PackageFrameworks\ /tmp/havital-xcodebuild/derivedData/Build/Products/Debug-iphonesimulator/PackageFrameworks\ /tmp/havital-xcodebuild/derivedData/Build/Products/Debug-iphonesimulator/PackageFrameworks\ /tmp/havital-xcodebuild/derivedData/Build/Products/Debug-iphonesimulator/PackageFrameworks\ /tmp/havital-xcodebuild/derivedData/Build/Products/Debug-iphonesimulator/PackageFrameworks\ /tmp/havital-xcodebuild/derivedData/Build/Products/Debug-iphonesimulator/PackageFrameworks\ /tmp/havital-xcodebuild/derivedData/Build/Products/Debug-iphonesimulator/PackageFrameworks\ /tmp/havital-xcodebuild/derivedData/Build/Products/Debug-iphonesimulator/PackageFrameworks\ /tmp/havital-xcodebuild/derivedData/Build/Products/Debug-iphonesimulator\ 
    export FRAMEWORK_VERSION\=A
    export FULL_PRODUCT_NAME\=paceriz_dev.app
    export FUSE_BUILD_PHASES\=YES
    export FUSE_BUILD_SCRIPT_PHASES\=NO
    export GCC3_VERSION\=3.3
    export GCC_C_LANGUAGE_STANDARD\=gnu17
    export GCC_DYNAMIC_NO_PIC\=NO
    export GCC_INLINES_ARE_PRIVATE_EXTERN\=YES
    export GCC_NO_COMMON_BLOCKS\=YES
    export GCC_OBJC_LEGACY_DISPATCH\=YES
    export GCC_OPTIMIZATION_LEVEL\=0
    export GCC_PFE_FILE_C_DIALECTS\=c\ objective-c\ c++\ objective-c++
    export GCC_PREPROCESSOR_DEFINITIONS\=DEBUG\=1\ 
    export GCC_SYMBOLS_PRIVATE_EXTERN\=NO
    export GCC_TREAT_WARNINGS_AS_ERRORS\=NO
    export GCC_VERSION\=com.apple.compilers.llvm.clang.1_0
    export GCC_VERSION_IDENTIFIER\=com_apple_compilers_llvm_clang_1_0
    export GCC_WARN_64_TO_32_BIT_CONVERSION\=YES
    export GCC_WARN_ABOUT_RETURN_TYPE\=YES_ERROR
    export GCC_WARN_UNDECLARED_SELECTOR\=YES
    export GCC_WARN_UNINITIALIZED_AUTOS\=YES_AGGRESSIVE
    export GCC_WARN_UNUSED_FUNCTION\=YES
    export GCC_WARN_UNUSED_VARIABLE\=YES
    export GENERATED_MODULEMAP_DIR\=/tmp/havital-xcodebuild/derivedData/Build/Intermediates.noindex/GeneratedModuleMaps-iphonesimulator
    export GENERATE_INFOPLIST_FILE\=NO
    export GENERATE_INTERMEDIATE_TEXT_BASED_STUBS\=YES
    export GENERATE_PKGINFO_FILE\=YES
    export GENERATE_PRELINK_OBJECT_FILE\=NO
    export GENERATE_PROFILING_CODE\=NO
    export GENERATE_TEXT_BASED_STUBS\=NO
    export GID\=20
    export GROUP\=staff
    export HEADERMAP_INCLUDES_FLAT_ENTRIES_FOR_TARGET_BEING_BUILT\=YES
    export HEADERMAP_INCLUDES_FRAMEWORK_ENTRIES_FOR_ALL_PRODUCT_TYPES\=YES
    export HEADERMAP_INCLUDES_FRAMEWORK_ENTRIES_FOR_TARGETS_NOT_BEING_BUILT\=YES
    export HEADERMAP_INCLUDES_NONPUBLIC_NONPRIVATE_HEADERS\=YES
    export HEADERMAP_INCLUDES_PROJECT_HEADERS\=YES
    export HEADERMAP_USES_FRAMEWORK_PREFIX_ENTRIES\=YES
    export HEADERMAP_USES_VFS\=NO
    export HEADER_SEARCH_PATHS\=/tmp/havital-xcodebuild/derivedData/SourcePackages/checkouts/GoogleDataTransport/GoogleDataTransport/GDTCORLibrary/Public\ /tmp/havital-xcodebuild/derivedData/SourcePackages/checkouts/firebase-ios-sdk/FirebaseMessaging/Sources/Public\ /tmp/havital-xcodebuild/derivedData/SourcePackages/checkouts/google-ads-on-device-conversion-ios-sdk/GoogleAdsOnDeviceConversionWrapper/include\ /tmp/havital-xcodebuild/derivedData/SourcePackages/checkouts/GoogleAppMeasurement/GoogleAppMeasurementWrapper/include\ /tmp/havital-xcodebuild/derivedData/SourcePackages/checkouts/GoogleUtilities/GoogleUtilities/MethodSwizzler/Public\ /tmp/havital-xcodebuild/derivedData/SourcePackages/checkouts/firebase-ios-sdk/FirebaseAnalyticsWrapper/include\ /tmp/havital-xcodebuild/derivedData/SourcePackages/checkouts/firebase-ios-sdk/SwiftPM-PlatformExclude/FirebaseAnalyticsWrap/include\ /tmp/havital-xcodebuild/derivedData/SourcePackages/checkouts/firebase-ios-sdk/FirebaseAppCheck/Sources/Public\ /tmp/havital-xcodebuild/derivedData/SourcePackages/checkouts/interop-ios-for-google-sdks/RecaptchaEnterprise/RecaptchaInterop/Public\ /tmp/havital-xcodebuild/derivedData/SourcePackages/checkouts/GoogleUtilities/GoogleUtilities/Network/Public\ /tmp/havital-xcodebuild/derivedData/SourcePackages/checkouts/GoogleUtilities/GoogleUtilities/Reachability/Public\ /tmp/havital-xcodebuild/derivedData/SourcePackages/checkouts/GoogleUtilities/GoogleUtilities/AppDelegateSwizzler/Public\ /tmp/havital-xcodebuild/derivedData/SourcePackages/checkouts/firebase-ios-sdk/FirebaseAuth/Sources/Public\ /tmp/havital-xcodebuild/derivedData/SourcePackages/checkouts/firebase-ios-sdk/FirebaseAuth/Interop/Public\ /tmp/havital-xcodebuild/derivedData/SourcePackages/checkouts/abseil-cpp-binary/absl-Wrapper/include\ /tmp/havital-xcodebuild/derivedData/SourcePackages/checkouts/grpc-binary/openssl-grpc-Wrapper/include\ /tmp/havital-xcodebuild/derivedData/SourcePackages/checkouts/grpc-binary/grpc-Wrapper/include\ /tmp/havital-xcodebuild/derivedData/SourcePackages/checkouts/grpc-binary/grpcpp-Wrapper/include\ /tmp/havital-xcodebuild/derivedData/SourcePackages/checkouts/nanopb/spm_headers\ /tmp/havital-xcodebuild/derivedData/SourcePackages/checkouts/leveldb/include\ /tmp/havital-xcodebuild/derivedData/SourcePackages/checkouts/firebase-ios-sdk/FirebaseCore/Extension/.\ /tmp/havital-xcodebuild/derivedData/SourcePackages/checkouts/firebase-ios-sdk/FirebaseAppCheck/Interop/Public\ /tmp/havital-xcodebuild/derivedData/SourcePackages/checkouts/firebase-ios-sdk/FirebaseFirestoreInternal/.\ /tmp/havital-xcodebuild/derivedData/SourcePackages/checkouts/firebase-ios-sdk/SwiftPM-PlatformExclude/FirebaseFirestoreWrap/include\ /tmp/havital-xcodebuild/derivedData/SourcePackages/checkouts/GoogleUtilities/GoogleUtilities/NSData+zlib/Public\ /tmp/havital-xcodebuild/derivedData/SourcePackages/checkouts/firebase-ios-sdk/FirebaseRemoteConfig/Sources/Public\ /tmp/havital-xcodebuild/derivedData/SourcePackages/checkouts/firebase-ios-sdk/FirebaseInstallations/Source/Library/Public\ /tmp/havital-xcodebuild/derivedData/SourcePackages/checkouts/firebase-ios-sdk/FirebaseABTesting/Sources/Public\ /tmp/havital-xcodebuild/derivedData/SourcePackages/checkouts/firebase-ios-sdk/FirebaseCore/Sources/Public\ /tmp/havital-xcodebuild/derivedData/SourcePackages/checkouts/firebase-ios-sdk/CoreOnly/Sources/.\ /tmp/havital-xcodebuild/derivedData/SourcePackages/checkouts/AppAuth-iOS/Sources/AppAuth/.\ /tmp/havital-xcodebuild/derivedData/SourcePackages/checkouts/promises/Sources/FBLPromises/include\ /tmp/havital-xcodebuild/derivedData/SourcePackages/checkouts/GoogleUtilities/GoogleUtilities/Logger/Public\ /tmp/havital-xcodebuild/derivedData/SourcePackages/checkouts/GoogleUtilities/GoogleUtilities/Environment/Public\ /tmp/havital-xcodebuild/derivedData/SourcePackages/checkouts/GoogleUtilities/third_party/IsAppEncrypted/Public\ /tmp/havital-xcodebuild/derivedData/SourcePackages/checkouts/GoogleUtilities/GoogleUtilities/UserDefaults/Public\ /tmp/havital-xcodebuild/derivedData/SourcePackages/checkouts/app-check/AppCheckCore/Sources/Public\ /tmp/havital-xcodebuild/derivedData/SourcePackages/checkouts/AppAuth-iOS/Sources/AppAuthCore/.\ /tmp/havital-xcodebuild/derivedData/SourcePackages/checkouts/gtm-session-fetcher/Sources/Core/Public\ /tmp/havital-xcodebuild/derivedData/SourcePackages/checkouts/GoogleSignIn-iOS/GoogleSignIn/Sources/Public\ /tmp/havital-xcodebuild/derivedData/Build/Products/Debug-iphonesimulator/include\ 
    export HOME\=/Users/wubaizong
    export HOST_ARCH\=arm64
    export HOST_PLATFORM\=macosx
    export ICONV\=/usr/bin/iconv
    export IMPLICIT_DEPENDENCY_DOMAIN\=default
    export INDEX_STORE_COMPRESS\=NO
    export INDEX_STORE_ONLY_PROJECT_FILES\=NO
    export INFOPLIST_ENABLE_CFBUNDLEICONS_MERGE\=YES
    export INFOPLIST_EXPAND_BUILD_SETTINGS\=YES
    export INFOPLIST_FILE\=Havital/info.plist
    export INFOPLIST_KEY_CFBundleDisplayName\=Paceriz
    export INFOPLIST_KEY_LSApplicationCategoryType\=public.app-category.healthcare-fitness
    export INFOPLIST_KEY_NSHealthShareUsageDescription\=請允許分享HealthKit資料
    export INFOPLIST_KEY_UIApplicationSceneManifest_Generation\=YES
    export INFOPLIST_KEY_UIApplicationSupportsIndirectInputEvents\=YES
    export INFOPLIST_KEY_UILaunchScreen_Generation\=YES
    export INFOPLIST_KEY_UISupportedInterfaceOrientations_iPad\=UIInterfaceOrientationPortrait\ UIInterfaceOrientationPortraitUpsideDown\ UIInterfaceOrientationLandscapeLeft\ UIInterfaceOrientationLandscapeRight
    export INFOPLIST_KEY_UISupportedInterfaceOrientations_iPhone\=UIInterfaceOrientationPortrait\ UIInterfaceOrientationLandscapeLeft\ UIInterfaceOrientationLandscapeRight
    export INFOPLIST_OUTPUT_FORMAT\=binary
    export INFOPLIST_PATH\=paceriz_dev.app/Info.plist
    export INFOPLIST_PREPROCESS\=NO
    export INFOSTRINGS_PATH\=paceriz_dev.app/en.lproj/InfoPlist.strings
    export INLINE_PRIVATE_FRAMEWORKS\=NO
    export INSTALLAPI_IGNORE_SKIP_INSTALL\=YES
    export INSTALLHDRS_COPY_PHASE\=NO
    export INSTALLHDRS_SCRIPT_PHASE\=NO
    export INSTALL_DIR\=/tmp/Havital.dst/Applications
    export INSTALL_GROUP\=staff
    export INSTALL_MODE_FLAG\=u+w,go-w,a+rX
    export INSTALL_OWNER\=wubaizong
    export INSTALL_PATH\=/Applications
    export INSTALL_ROOT\=/tmp/Havital.dst
    export IPHONEOS_DEPLOYMENT_TARGET\=18.0
    export IS_UNOPTIMIZED_BUILD\=YES
    export JAVAC_DEFAULT_FLAGS\=-J-Xms64m\ -J-XX:NewSize\=4M\ -J-Dfile.encoding\=UTF8
    export JAVA_APP_STUB\=/System/Library/Frameworks/JavaVM.framework/Resources/MacOS/JavaApplicationStub
    export JAVA_ARCHIVE_CLASSES\=YES
    export JAVA_ARCHIVE_TYPE\=JAR
    export JAVA_COMPILER\=/usr/bin/javac
    export JAVA_FOLDER_PATH\=paceriz_dev.app/Java
    export JAVA_FRAMEWORK_RESOURCES_DIRS\=Resources
    export JAVA_JAR_FLAGS\=cv
    export JAVA_SOURCE_SUBDIR\=.
    export JAVA_USE_DEPENDENCIES\=YES
    export JAVA_ZIP_FLAGS\=-urg
    export JIKES_DEFAULT_FLAGS\=+E\ +OLDCSO
    export KEEP_PRIVATE_EXTERNS\=NO
    export LD_DEPENDENCY_INFO_FILE\=/tmp/havital-xcodebuild/derivedData/Build/Intermediates.noindex/Havital.build/Debug-iphonesimulator/Havital.build/Objects-normal/undefined_arch/paceriz_dev_dependency_info.dat
    export LD_ENTITLEMENTS_SECTION\=/tmp/havital-xcodebuild/derivedData/Build/Intermediates.noindex/Havital.build/Debug-iphonesimulator/Havital.build/paceriz_dev.app-Simulated.xcent
    export LD_ENTITLEMENTS_SECTION_DER\=/tmp/havital-xcodebuild/derivedData/Build/Intermediates.noindex/Havital.build/Debug-iphonesimulator/Havital.build/paceriz_dev.app-Simulated.xcent.der
    export LD_EXPORT_SYMBOLS\=YES
    export LD_GENERATE_MAP_FILE\=NO
    export LD_MAP_FILE_PATH\=/tmp/havital-xcodebuild/derivedData/Build/Intermediates.noindex/Havital.build/Debug-iphonesimulator/Havital.build/paceriz_dev-LinkMap-normal-undefined_arch.txt
    export LD_NO_PIE\=NO
    export LD_QUOTE_LINKER_ARGUMENTS_FOR_COMPILER_DRIVER\=YES
    export LD_RUNPATH_SEARCH_PATHS\=/tmp/havital-xcodebuild/derivedData/Build/Products/Debug-iphonesimulator/PackageFrameworks\ /tmp/havital-xcodebuild/derivedData/Build/Products/Debug-iphonesimulator/PackageFrameworks\ /tmp/havital-xcodebuild/derivedData/Build/Products/Debug-iphonesimulator/PackageFrameworks\ /tmp/havital-xcodebuild/derivedData/Build/Products/Debug-iphonesimulator/PackageFrameworks\ /tmp/havital-xcodebuild/derivedData/Build/Products/Debug-iphonesimulator/PackageFrameworks\ /tmp/havital-xcodebuild/derivedData/Build/Products/Debug-iphonesimulator/PackageFrameworks\ /tmp/havital-xcodebuild/derivedData/Build/Products/Debug-iphonesimulator/PackageFrameworks\ /tmp/havital-xcodebuild/derivedData/Build/Products/Debug-iphonesimulator/PackageFrameworks\ /tmp/havital-xcodebuild/derivedData/Build/Products/Debug-iphonesimulator/PackageFrameworks\ /tmp/havital-xcodebuild/derivedData/Build/Products/Debug-iphonesimulator/PackageFrameworks\ /tmp/havital-xcodebuild/derivedData/Build/Products/Debug-iphonesimulator/PackageFrameworks\ /tmp/havital-xcodebuild/derivedData/Build/Products/Debug-iphonesimulator/PackageFrameworks\ /tmp/havital-xcodebuild/derivedData/Build/Products/Debug-iphonesimulator/PackageFrameworks\ /tmp/havital-xcodebuild/derivedData/Build/Products/Debug-iphonesimulator/PackageFrameworks\ /tmp/havital-xcodebuild/derivedData/Build/Products/Debug-iphonesimulator/PackageFrameworks\ /tmp/havital-xcodebuild/derivedData/Build/Products/Debug-iphonesimulator/PackageFrameworks\ /tmp/havital-xcodebuild/derivedData/Build/Products/Debug-iphonesimulator/PackageFrameworks\ /tmp/havital-xcodebuild/derivedData/Build/Products/Debug-iphonesimulator/PackageFrameworks\ /tmp/havital-xcodebuild/derivedData/Build/Products/Debug-iphonesimulator/PackageFrameworks\ /tmp/havital-xcodebuild/derivedData/Build/Products/Debug-iphonesimulator/PackageFrameworks\ /tmp/havital-xcodebuild/derivedData/Build/Products/Debug-iphonesimulator/PackageFrameworks\ /tmp/havital-xcodebuild/derivedData/Build/Products/Debug-iphonesimulator/PackageFrameworks\ /tmp/havital-xcodebuild/derivedData/Build/Products/Debug-iphonesimulator/PackageFrameworks\ /tmp/havital-xcodebuild/derivedData/Build/Products/Debug-iphonesimulator/PackageFrameworks\ /tmp/havital-xcodebuild/derivedData/Build/Products/Debug-iphonesimulator/PackageFrameworks\ /tmp/havital-xcodebuild/derivedData/Build/Products/Debug-iphonesimulator/PackageFrameworks\ /tmp/havital-xcodebuild/derivedData/Build/Products/Debug-iphonesimulator/PackageFrameworks\ /tmp/havital-xcodebuild/derivedData/Build/Products/Debug-iphonesimulator/PackageFrameworks\ /tmp/havital-xcodebuild/derivedData/Build/Products/Debug-iphonesimulator/PackageFrameworks\ /tmp/havital-xcodebuild/derivedData/Build/Products/Debug-iphonesimulator/PackageFrameworks\ /tmp/havital-xcodebuild/derivedData/Build/Products/Debug-iphonesimulator/PackageFrameworks\ /tmp/havital-xcodebuild/derivedData/Build/Products/Debug-iphonesimulator/PackageFrameworks\ /tmp/havital-xcodebuild/derivedData/Build/Products/Debug-iphonesimulator/PackageFrameworks\ /tmp/havital-xcodebuild/derivedData/Build/Products/Debug-iphonesimulator/PackageFrameworks\ /tmp/havital-xcodebuild/derivedData/Build/Products/Debug-iphonesimulator/PackageFrameworks\ /tmp/havital-xcodebuild/derivedData/Build/Products/Debug-iphonesimulator/PackageFrameworks\ /tmp/havital-xcodebuild/derivedData/Build/Products/Debug-iphonesimulator/PackageFrameworks\ /tmp/havital-xcodebuild/derivedData/Build/Products/Debug-iphonesimulator/PackageFrameworks\ /tmp/havital-xcodebuild/derivedData/Build/Products/Debug-iphonesimulator/PackageFrameworks\ /tmp/havital-xcodebuild/derivedData/Build/Products/Debug-iphonesimulator/PackageFrameworks\ /tmp/havital-xcodebuild/derivedData/Build/Products/Debug-iphonesimulator/PackageFrameworks\ /tmp/havital-xcodebuild/derivedData/Build/Products/Debug-iphonesimulator/PackageFrameworks\ /tmp/havital-xcodebuild/derivedData/Build/Products/Debug-iphonesimulator/PackageFrameworks\ /tmp/havital-xcodebuild/derivedData/Build/Products/Debug-iphonesimulator/PackageFrameworks\ /tmp/havital-xcodebuild/derivedData/Build/Products/Debug-iphonesimulator/PackageFrameworks\ /tmp/havital-xcodebuild/derivedData/Build/Products/Debug-iphonesimulator/PackageFrameworks\ /tmp/havital-xcodebuild/derivedData/Build/Products/Debug-iphonesimulator/PackageFrameworks\ /tmp/havital-xcodebuild/derivedData/Build/Products/Debug-iphonesimulator/PackageFrameworks\ /tmp/havital-xcodebuild/derivedData/Build/Products/Debug-iphonesimulator/PackageFrameworks\ /tmp/havital-xcodebuild/derivedData/Build/Products/Debug-iphonesimulator/PackageFrameworks\ /tmp/havital-xcodebuild/derivedData/Build/Products/Debug-iphonesimulator/PackageFrameworks\ \ @executable_path/Frameworks
    export LD_RUNPATH_SEARCH_PATHS_YES\=@loader_path/../Frameworks
    export LD_SHARED_CACHE_ELIGIBLE\=Automatic
    export LD_WARN_DUPLICATE_LIBRARIES\=NO
    export LD_WARN_UNUSED_DYLIBS\=NO
    export LEGACY_DEVELOPER_DIR\=/Applications/Xcode.app/Contents/PlugIns/Xcode3Core.ideplugin/Contents/SharedSupport/Developer
    export LEX\=lex
    export LIBRARY_DEXT_INSTALL_PATH\=/Library/DriverExtensions
    export LIBRARY_FLAG_NOSPACE\=YES
    export LIBRARY_FLAG_PREFIX\=-l
    export LIBRARY_KEXT_INSTALL_PATH\=/Library/Extensions
    export LIBRARY_SEARCH_PATHS\=/tmp/havital-xcodebuild/derivedData/Build/Products/Debug-iphonesimulator\ 
    export LINKER_DISPLAYS_MANGLED_NAMES\=NO
    export LINK_FILE_LIST_normal_arm64\=/tmp/havital-xcodebuild/derivedData/Build/Intermediates.noindex/Havital.build/Debug-iphonesimulator/Havital.build/Objects-normal/arm64/paceriz_dev.LinkFileList
    export LINK_OBJC_RUNTIME\=YES
    export LINK_WITH_STANDARD_LIBRARIES\=YES
    export LLVM_TARGET_TRIPLE_OS_VERSION\=ios18.0
    export LLVM_TARGET_TRIPLE_SUFFIX\=-simulator
    export LLVM_TARGET_TRIPLE_VENDOR\=apple
    export LM_AUX_CONST_METADATA_LIST_PATH_normal_arm64\=/tmp/havital-xcodebuild/derivedData/Build/Intermediates.noindex/Havital.build/Debug-iphonesimulator/Havital.build/Objects-normal/arm64/paceriz_dev.SwiftConstValuesFileList
    export LOCALIZATION_EXPORT_SUPPORTED\=YES
    export LOCALIZATION_PREFERS_STRING_CATALOGS\=YES
    export LOCALIZED_RESOURCES_FOLDER_PATH\=paceriz_dev.app/en.lproj
    export LOCALIZED_STRING_CODE_COMMENTS\=NO
    export LOCALIZED_STRING_MACRO_NAMES\=NSLocalizedString\ CFCopyLocalizedString
    export LOCALIZED_STRING_SWIFTUI_SUPPORT\=YES
    export LOCAL_ADMIN_APPS_DIR\=/Applications/Utilities
    export LOCAL_APPS_DIR\=/Applications
    export LOCAL_DEVELOPER_DIR\=/Library/Developer
    export LOCAL_LIBRARY_DIR\=/Library
    export LOCROOT\=/Users/wubaizong/havital/apps/ios/Havital/.worktrees/t0306-app2-skeleton
    export LOCSYMROOT\=/Users/wubaizong/havital/apps/ios/Havital/.worktrees/t0306-app2-skeleton
    export MACH_O_TYPE\=mh_execute
    export MAC_OS_X_PRODUCT_BUILD_VERSION\=25F84
    export MAC_OS_X_VERSION_ACTUAL\=260502
    export MAC_OS_X_VERSION_MAJOR\=260000
    export MAC_OS_X_VERSION_MINOR\=260500
    export MAKE_MERGEABLE\=NO
    export MARKETING_VERSION\=2.0.0
    export MERGEABLE_LIBRARY\=NO
    export MERGED_BINARY_TYPE\=none
    export MERGE_LINKED_LIBRARIES\=NO
    export METAL_LIBRARY_FILE_BASE\=default
    export METAL_LIBRARY_OUTPUT_DIR\=/tmp/havital-xcodebuild/derivedData/Build/Products/Debug-iphonesimulator/paceriz_dev.app
    export MODULES_FOLDER_PATH\=paceriz_dev.app/Modules
    export MODULE_CACHE_DIR\=/tmp/havital-xcodebuild/derivedData/ModuleCache.noindex
    export MTL_ENABLE_DEBUG_INFO\=INCLUDE_SOURCE
    export MTL_FAST_MATH\=YES
    export NATIVE_ARCH\=arm64
    export NATIVE_ARCH_32_BIT\=arm
    export NATIVE_ARCH_64_BIT\=arm64
    export NATIVE_ARCH_ACTUAL\=arm64
    export NO_COMMON\=YES
    export OBJC_ABI_VERSION\=2
    export OBJECT_FILE_DIR\=/tmp/havital-xcodebuild/derivedData/Build/Intermediates.noindex/Havital.build/Debug-iphonesimulator/Havital.build/Objects
    export OBJECT_FILE_DIR_normal\=/tmp/havital-xcodebuild/derivedData/Build/Intermediates.noindex/Havital.build/Debug-iphonesimulator/Havital.build/Objects-normal
    export OBJROOT\=/tmp/havital-xcodebuild/derivedData/Build/Intermediates.noindex
    export ONLY_ACTIVE_ARCH\=YES
    export OS\=MACOS
    export OSAC\=/usr/bin/osacompile
    export OTHER_CFLAGS\=-fmodule-map-file\=/tmp/havital-xcodebuild/derivedData/Build/Intermediates.noindex/GeneratedModuleMaps-iphonesimulator/GoogleDataTransport.modulemap\ -fmodule-map-file\=/tmp/havital-xcodebuild/derivedData/Build/Intermediates.noindex/GeneratedModuleMaps-iphonesimulator/FirebaseMessaging.modulemap\ -fmodule-map-file\=/tmp/havital-xcodebuild/derivedData/Build/Intermediates.noindex/GeneratedModuleMaps-iphonesimulator/GoogleAdsOnDeviceConversionTarget.modulemap\ -fmodule-map-file\=/tmp/havital-xcodebuild/derivedData/Build/Intermediates.noindex/GeneratedModuleMaps-iphonesimulator/GoogleAppMeasurementTarget.modulemap\ -fmodule-map-file\=/tmp/havital-xcodebuild/derivedData/Build/Intermediates.noindex/GeneratedModuleMaps-iphonesimulator/GoogleUtilities-MethodSwizzler.modulemap\ -fmodule-map-file\=/tmp/havital-xcodebuild/derivedData/Build/Intermediates.noindex/GeneratedModuleMaps-iphonesimulator/FirebaseAnalyticsWrapper.modulemap\ -fmodule-map-file\=/tmp/havital-xcodebuild/derivedData/Build/Intermediates.noindex/GeneratedModuleMaps-iphonesimulator/FirebaseAnalyticsTarget.modulemap\ -fmodule-map-file\=/tmp/havital-xcodebuild/derivedData/Build/Intermediates.noindex/GeneratedModuleMaps-iphonesimulator/RevenueCat.modulemap\ -fmodule-map-file\=/tmp/havital-xcodebuild/derivedData/Build/Intermediates.noindex/GeneratedModuleMaps-iphonesimulator/FirebaseAppCheck.modulemap\ -fmodule-map-file\=/tmp/havital-xcodebuild/derivedData/Build/Intermediates.noindex/GeneratedModuleMaps-iphonesimulator/GoogleGenerativeAI.modulemap\ -fmodule-map-file\=/tmp/havital-xcodebuild/derivedData/Build/Intermediates.noindex/GeneratedModuleMaps-iphonesimulator/FirebaseStorage.modulemap\ -fmodule-map-file\=/tmp/havital-xcodebuild/derivedData/Build/Intermediates.noindex/GeneratedModuleMaps-iphonesimulator/RecaptchaInterop.modulemap\ -fmodule-map-file\=/tmp/havital-xcodebuild/derivedData/Build/Intermediates.noindex/GeneratedModuleMaps-iphonesimulator/GoogleUtilities-Network.modulemap\ -fmodule-map-file\=/tmp/havital-xcodebuild/derivedData/Build/Intermediates.noindex/GeneratedModuleMaps-iphonesimulator/GoogleUtilities-Reachability.modulemap\ -fmodule-map-file\=/tmp/havital-xcodebuild/derivedData/Build/Intermediates.noindex/GeneratedModuleMaps-iphonesimulator/GoogleUtilities-AppDelegateSwizzler.modulemap\ -fmodule-map-file\=/tmp/havital-xcodebuild/derivedData/Build/Intermediates.noindex/GeneratedModuleMaps-iphonesimulator/FirebaseAuthInternal.modulemap\ -fmodule-map-file\=/tmp/havital-xcodebuild/derivedData/Build/Intermediates.noindex/GeneratedModuleMaps-iphonesimulator/FirebaseAuthInterop.modulemap\ -fmodule-map-file\=/tmp/havital-xcodebuild/derivedData/Build/Intermediates.noindex/GeneratedModuleMaps-iphonesimulator/FirebaseAuth.modulemap\ -fmodule-map-file\=/tmp/havital-xcodebuild/derivedData/Build/Intermediates.noindex/GeneratedModuleMaps-iphonesimulator/abslWrapper.modulemap\ -fmodule-map-file\=/tmp/havital-xcodebuild/derivedData/Build/Intermediates.noindex/GeneratedModuleMaps-iphonesimulator/opensslWrapper.modulemap\ -fmodule-map-file\=/tmp/havital-xcodebuild/derivedData/Build/Intermediates.noindex/GeneratedModuleMaps-iphonesimulator/grpcWrapper.modulemap\ -fmodule-map-file\=/tmp/havital-xcodebuild/derivedData/Build/Intermediates.noindex/GeneratedModuleMaps-iphonesimulator/grpcppWrapper.modulemap\ -fmodule-map-file\=/tmp/havital-xcodebuild/derivedData/Build/Intermediates.noindex/GeneratedModuleMaps-iphonesimulator/nanopb.modulemap\ -fmodule-map-file\=/tmp/havital-xcodebuild/derivedData/Build/Intermediates.noindex/GeneratedModuleMaps-iphonesimulator/leveldb.modulemap\ -fmodule-map-file\=/tmp/havital-xcodebuild/derivedData/Build/Intermediates.noindex/GeneratedModuleMaps-iphonesimulator/FirebaseFirestore.modulemap\ -fmodule-map-file\=/tmp/havital-xcodebuild/derivedData/Build/Intermediates.noindex/GeneratedModuleMaps-iphonesimulator/FirebaseCoreExtension.modulemap\ -fmodule-map-file\=/tmp/havital-xcodebuild/derivedData/Build/Intermediates.noindex/GeneratedModuleMaps-iphonesimulator/FirebaseAppCheckInterop.modulemap\ -fmodule-map-file\=/tmp/havital-xcodebuild/derivedData/Build/Intermediates.noindex/GeneratedModuleMaps-iphonesimulator/FirebaseFirestoreInternalWrapper.modulemap\ -fmodule-map-file\=/tmp/havital-xcodebuild/derivedData/Build/Intermediates.noindex/GeneratedModuleMaps-iphonesimulator/FirebaseFirestoreTarget.modulemap\ -fmodule-map-file\=/tmp/havital-xcodebuild/derivedData/Build/Intermediates.noindex/GeneratedModuleMaps-iphonesimulator/GoogleUtilities-NSData.modulemap\ -fmodule-map-file\=/tmp/havital-xcodebuild/derivedData/Build/Intermediates.noindex/GeneratedModuleMaps-iphonesimulator/FirebaseSharedSwift.modulemap\ -fmodule-map-file\=/tmp/havital-xcodebuild/derivedData/Build/Intermediates.noindex/GeneratedModuleMaps-iphonesimulator/FirebaseRemoteConfigInternal.modulemap\ -fmodule-map-file\=/tmp/havital-xcodebuild/derivedData/Build/Intermediates.noindex/GeneratedModuleMaps-iphonesimulator/FirebaseRemoteConfigInterop.modulemap\ -fmodule-map-file\=/tmp/havital-xcodebuild/derivedData/Build/Intermediates.noindex/GeneratedModuleMaps-iphonesimulator/FirebaseInstallations.modulemap\ -fmodule-map-file\=/tmp/havital-xcodebuild/derivedData/Build/Intermediates.noindex/GeneratedModuleMaps-iphonesimulator/FirebaseABTesting.modulemap\ -fmodule-map-file\=/tmp/havital-xcodebuild/derivedData/Build/Intermediates.noindex/GeneratedModuleMaps-iphonesimulator/FirebaseCore.modulemap\ -fmodule-map-file\=/tmp/havital-xcodebuild/derivedData/Build/Intermediates.noindex/GeneratedModuleMaps-iphonesimulator/FirebaseCoreInternal.modulemap\ -fmodule-map-file\=/tmp/havital-xcodebuild/derivedData/Build/Intermediates.noindex/GeneratedModuleMaps-iphonesimulator/FirebaseRemoteConfig.modulemap\ -fmodule-map-file\=/tmp/havital-xcodebuild/derivedData/Build/Intermediates.noindex/GeneratedModuleMaps-iphonesimulator/AppAuth.modulemap\ -fmodule-map-file\=/tmp/havital-xcodebuild/derivedData/Build/Intermediates.noindex/GeneratedModuleMaps-iphonesimulator/GoogleUtilities-Logger.modulemap\ -fmodule-map-file\=/tmp/havital-xcodebuild/derivedData/Build/Intermediates.noindex/GeneratedModuleMaps-iphonesimulator/GoogleUtilities-Environment.modulemap\ -fmodule-map-file\=/tmp/havital-xcodebuild/derivedData/Build/Intermediates.noindex/GeneratedModuleMaps-iphonesimulator/third-party-IsAppEncrypted.modulemap\ -fmodule-map-file\=/tmp/havital-xcodebuild/derivedData/Build/Intermediates.noindex/GeneratedModuleMaps-iphonesimulator/GoogleUtilities-UserDefaults.modulemap\ -fmodule-map-file\=/tmp/havital-xcodebuild/derivedData/Build/Intermediates.noindex/GeneratedModuleMaps-iphonesimulator/AppCheckCore.modulemap\ -fmodule-map-file\=/tmp/havital-xcodebuild/derivedData/Build/Intermediates.noindex/GeneratedModuleMaps-iphonesimulator/AppAuthCore.modulemap\ -fmodule-map-file\=/tmp/havital-xcodebuild/derivedData/Build/Intermediates.noindex/GeneratedModuleMaps-iphonesimulator/GTMAppAuth.modulemap\ -fmodule-map-file\=/tmp/havital-xcodebuild/derivedData/Build/Intermediates.noindex/GeneratedModuleMaps-iphonesimulator/GTMSessionFetcherCore.modulemap\ -fmodule-map-file\=/tmp/havital-xcodebuild/derivedData/Build/Intermediates.noindex/GeneratedModuleMaps-iphonesimulator/GoogleSignIn.modulemap\ -fmodule-map-file\=/tmp/havital-xcodebuild/derivedData/Build/Intermediates.noindex/GeneratedModuleMaps-iphonesimulator/GoogleSignInSwift.modulemap\ 
    export OTHER_CPLUSPLUSFLAGS\=-fmodule-map-file\=/tmp/havital-xcodebuild/derivedData/Build/Intermediates.noindex/GeneratedModuleMaps-iphonesimulator/GoogleDataTransport.modulemap\ -fmodule-map-file\=/tmp/havital-xcodebuild/derivedData/Build/Intermediates.noindex/GeneratedModuleMaps-iphonesimulator/FirebaseMessaging.modulemap\ -fmodule-map-file\=/tmp/havital-xcodebuild/derivedData/Build/Intermediates.noindex/GeneratedModuleMaps-iphonesimulator/GoogleAdsOnDeviceConversionTarget.modulemap\ -fmodule-map-file\=/tmp/havital-xcodebuild/derivedData/Build/Intermediates.noindex/GeneratedModuleMaps-iphonesimulator/GoogleAppMeasurementTarget.modulemap\ -fmodule-map-file\=/tmp/havital-xcodebuild/derivedData/Build/Intermediates.noindex/GeneratedModuleMaps-iphonesimulator/GoogleUtilities-MethodSwizzler.modulemap\ -fmodule-map-file\=/tmp/havital-xcodebuild/derivedData/Build/Intermediates.noindex/GeneratedModuleMaps-iphonesimulator/FirebaseAnalyticsWrapper.modulemap\ -fmodule-map-file\=/tmp/havital-xcodebuild/derivedData/Build/Intermediates.noindex/GeneratedModuleMaps-iphonesimulator/FirebaseAnalyticsTarget.modulemap\ -fmodule-map-file\=/tmp/havital-xcodebuild/derivedData/Build/Intermediates.noindex/GeneratedModuleMaps-iphonesimulator/RevenueCat.modulemap\ -fmodule-map-file\=/tmp/havital-xcodebuild/derivedData/Build/Intermediates.noindex/GeneratedModuleMaps-iphonesimulator/FirebaseAppCheck.modulemap\ -fmodule-map-file\=/tmp/havital-xcodebuild/derivedData/Build/Intermediates.noindex/GeneratedModuleMaps-iphonesimulator/GoogleGenerativeAI.modulemap\ -fmodule-map-file\=/tmp/havital-xcodebuild/derivedData/Build/Intermediates.noindex/GeneratedModuleMaps-iphonesimulator/FirebaseStorage.modulemap\ -fmodule-map-file\=/tmp/havital-xcodebuild/derivedData/Build/Intermediates.noindex/GeneratedModuleMaps-iphonesimulator/RecaptchaInterop.modulemap\ -fmodule-map-file\=/tmp/havital-xcodebuild/derivedData/Build/Intermediates.noindex/GeneratedModuleMaps-iphonesimulator/GoogleUtilities-Network.modulemap\ -fmodule-map-file\=/tmp/havital-xcodebuild/derivedData/Build/Intermediates.noindex/GeneratedModuleMaps-iphonesimulator/GoogleUtilities-Reachability.modulemap\ -fmodule-map-file\=/tmp/havital-xcodebuild/derivedData/Build/Intermediates.noindex/GeneratedModuleMaps-iphonesimulator/GoogleUtilities-AppDelegateSwizzler.modulemap\ -fmodule-map-file\=/tmp/havital-xcodebuild/derivedData/Build/Intermediates.noindex/GeneratedModuleMaps-iphonesimulator/FirebaseAuthInternal.modulemap\ -fmodule-map-file\=/tmp/havital-xcodebuild/derivedData/Build/Intermediates.noindex/GeneratedModuleMaps-iphonesimulator/FirebaseAuthInterop.modulemap\ -fmodule-map-file\=/tmp/havital-xcodebuild/derivedData/Build/Intermediates.noindex/GeneratedModuleMaps-iphonesimulator/FirebaseAuth.modulemap\ -fmodule-map-file\=/tmp/havital-xcodebuild/derivedData/Build/Intermediates.noindex/GeneratedModuleMaps-iphonesimulator/abslWrapper.modulemap\ -fmodule-map-file\=/tmp/havital-xcodebuild/derivedData/Build/Intermediates.noindex/GeneratedModuleMaps-iphonesimulator/opensslWrapper.modulemap\ -fmodule-map-file\=/tmp/havital-xcodebuild/derivedData/Build/Intermediates.noindex/GeneratedModuleMaps-iphonesimulator/grpcWrapper.modulemap\ -fmodule-map-file\=/tmp/havital-xcodebuild/derivedData/Build/Intermediates.noindex/GeneratedModuleMaps-iphonesimulator/grpcppWrapper.modulemap\ -fmodule-map-file\=/tmp/havital-xcodebuild/derivedData/Build/Intermediates.noindex/GeneratedModuleMaps-iphonesimulator/nanopb.modulemap\ -fmodule-map-file\=/tmp/havital-xcodebuild/derivedData/Build/Intermediates.noindex/GeneratedModuleMaps-iphonesimulator/leveldb.modulemap\ -fmodule-map-file\=/tmp/havital-xcodebuild/derivedData/Build/Intermediates.noindex/GeneratedModuleMaps-iphonesimulator/FirebaseFirestore.modulemap\ -fmodule-map-file\=/tmp/havital-xcodebuild/derivedData/Build/Intermediates.noindex/GeneratedModuleMaps-iphonesimulator/FirebaseCoreExtension.modulemap\ -fmodule-map-file\=/tmp/havital-xcodebuild/derivedData/Build/Intermediates.noindex/GeneratedModuleMaps-iphonesimulator/FirebaseAppCheckInterop.modulemap\ -fmodule-map-file\=/tmp/havital-xcodebuild/derivedData/Build/Intermediates.noindex/GeneratedModuleMaps-iphonesimulator/FirebaseFirestoreInternalWrapper.modulemap\ -fmodule-map-file\=/tmp/havital-xcodebuild/derivedData/Build/Intermediates.noindex/GeneratedModuleMaps-iphonesimulator/FirebaseFirestoreTarget.modulemap\ -fmodule-map-file\=/tmp/havital-xcodebuild/derivedData/Build/Intermediates.noindex/GeneratedModuleMaps-iphonesimulator/GoogleUtilities-NSData.modulemap\ -fmodule-map-file\=/tmp/havital-xcodebuild/derivedData/Build/Intermediates.noindex/GeneratedModuleMaps-iphonesimulator/FirebaseSharedSwift.modulemap\ -fmodule-map-file\=/tmp/havital-xcodebuild/derivedData/Build/Intermediates.noindex/GeneratedModuleMaps-iphonesimulator/FirebaseRemoteConfigInternal.modulemap\ -fmodule-map-file\=/tmp/havital-xcodebuild/derivedData/Build/Intermediates.noindex/GeneratedModuleMaps-iphonesimulator/FirebaseRemoteConfigInterop.modulemap\ -fmodule-map-file\=/tmp/havital-xcodebuild/derivedData/Build/Intermediates.noindex/GeneratedModuleMaps-iphonesimulator/FirebaseInstallations.modulemap\ -fmodule-map-file\=/tmp/havital-xcodebuild/derivedData/Build/Intermediates.noindex/GeneratedModuleMaps-iphonesimulator/FirebaseABTesting.modulemap\ -fmodule-map-file\=/tmp/havital-xcodebuild/derivedData/Build/Intermediates.noindex/GeneratedModuleMaps-iphonesimulator/FirebaseCore.modulemap\ -fmodule-map-file\=/tmp/havital-xcodebuild/derivedData/Build/Intermediates.noindex/GeneratedModuleMaps-iphonesimulator/FirebaseCoreInternal.modulemap\ -fmodule-map-file\=/tmp/havital-xcodebuild/derivedData/Build/Intermediates.noindex/GeneratedModuleMaps-iphonesimulator/FirebaseRemoteConfig.modulemap\ -fmodule-map-file\=/tmp/havital-xcodebuild/derivedData/Build/Intermediates.noindex/GeneratedModuleMaps-iphonesimulator/AppAuth.modulemap\ -fmodule-map-file\=/tmp/havital-xcodebuild/derivedData/Build/Intermediates.noindex/GeneratedModuleMaps-iphonesimulator/GoogleUtilities-Logger.modulemap\ -fmodule-map-file\=/tmp/havital-xcodebuild/derivedData/Build/Intermediates.noindex/GeneratedModuleMaps-iphonesimulator/GoogleUtilities-Environment.modulemap\ -fmodule-map-file\=/tmp/havital-xcodebuild/derivedData/Build/Intermediates.noindex/GeneratedModuleMaps-iphonesimulator/third-party-IsAppEncrypted.modulemap\ -fmodule-map-file\=/tmp/havital-xcodebuild/derivedData/Build/Intermediates.noindex/GeneratedModuleMaps-iphonesimulator/GoogleUtilities-UserDefaults.modulemap\ -fmodule-map-file\=/tmp/havital-xcodebuild/derivedData/Build/Intermediates.noindex/GeneratedModuleMaps-iphonesimulator/AppCheckCore.modulemap\ -fmodule-map-file\=/tmp/havital-xcodebuild/derivedData/Build/Intermediates.noindex/GeneratedModuleMaps-iphonesimulator/AppAuthCore.modulemap\ -fmodule-map-file\=/tmp/havital-xcodebuild/derivedData/Build/Intermediates.noindex/GeneratedModuleMaps-iphonesimulator/GTMAppAuth.modulemap\ -fmodule-map-file\=/tmp/havital-xcodebuild/derivedData/Build/Intermediates.noindex/GeneratedModuleMaps-iphonesimulator/GTMSessionFetcherCore.modulemap\ -fmodule-map-file\=/tmp/havital-xcodebuild/derivedData/Build/Intermediates.noindex/GeneratedModuleMaps-iphonesimulator/GoogleSignIn.modulemap\ -fmodule-map-file\=/tmp/havital-xcodebuild/derivedData/Build/Intermediates.noindex/GeneratedModuleMaps-iphonesimulator/GoogleSignInSwift.modulemap\ 
    export OTHER_LDFLAGS\=-Wl,-no_warn_duplicate_libraries\ -Wl,-no_warn_duplicate_libraries\ -Wl,-no_warn_duplicate_libraries\ -Wl,-no_warn_duplicate_libraries\ -Wl,-no_warn_duplicate_libraries\ -Wl,-no_warn_duplicate_libraries\ -Wl,-no_warn_duplicate_libraries\ -Wl,-no_warn_duplicate_libraries\ -Wl,-no_warn_duplicate_libraries\ -Wl,-no_warn_duplicate_libraries\ -Wl,-no_warn_duplicate_libraries\ -Wl,-no_warn_duplicate_libraries\ -Wl,-no_warn_duplicate_libraries\ -Wl,-no_warn_duplicate_libraries\ -Wl,-no_warn_duplicate_libraries\ -Wl,-no_warn_duplicate_libraries\ -Wl,-no_warn_duplicate_libraries\ -Wl,-no_warn_duplicate_libraries\ -Wl,-no_warn_duplicate_libraries\ -Wl,-no_warn_duplicate_libraries\ -Wl,-no_warn_duplicate_libraries\ -Wl,-no_warn_duplicate_libraries\ -Wl,-no_warn_duplicate_libraries\ -lc++\ -Wl,-no_warn_duplicate_libraries\ -Wl,-no_warn_duplicate_libraries\ -Wl,-no_warn_duplicate_libraries\ -Wl,-no_warn_duplicate_libraries\ -Wl,-no_warn_duplicate_libraries\ -Wl,-no_warn_duplicate_libraries\ -Wl,-no_warn_duplicate_libraries\ -Wl,-no_warn_duplicate_libraries\ -Wl,-no_warn_duplicate_libraries\ -Wl,-no_warn_duplicate_libraries\ -Wl,-no_warn_duplicate_libraries\ -Wl,-no_warn_duplicate_libraries\ -Wl,-no_warn_duplicate_libraries\ -Wl,-no_warn_duplicate_libraries\ -Wl,-no_warn_duplicate_libraries\ -Wl,-no_warn_duplicate_libraries\ -Wl,-no_warn_duplicate_libraries\ -Wl,-no_warn_duplicate_libraries\ -Wl,-no_warn_duplicate_libraries\ -Wl,-no_warn_duplicate_libraries\ -Wl,-no_warn_duplicate_libraries\ -Wl,-no_warn_duplicate_libraries\ -Wl,-no_warn_duplicate_libraries\ -Wl,-no_warn_duplicate_libraries\ -Wl,-no_warn_duplicate_libraries\ -Wl,-no_warn_duplicate_libraries\ -Wl,-no_warn_duplicate_libraries\ -Wl,-no_warn_duplicate_libraries\ \ -framework\ CoreGraphics\ -framework\ CoreText\ -framework\ Foundation\ -framework\ LocalAuthentication\ -framework\ Security\ -framework\ UIKit\ -framework\ Security\ -framework\ DeviceCheck\ -framework\ UIKit\ -framework\ Security\ -lz\ -lc++\ -framework\ SystemConfiguration\ -framework\ UIKit\ -framework\ Security\ -framework\ SafariServices\ -framework\ DeviceCheck\ -lsqlite3\ -lc++\ -lz\ -framework\ StoreKit\ -framework\ StoreKit\ -lsqlite3\ -lc++\ -lz\ -lc++\ -framework\ SystemConfiguration\ -framework\ SystemConfiguration\ -framework\ CoreTelephony
    export OTHER_SWIFT_FLAGS\=-Xcc\ -fmodule-map-file\=/tmp/havital-xcodebuild/derivedData/Build/Intermediates.noindex/GeneratedModuleMaps-iphonesimulator/GoogleDataTransport.modulemap\ -Xcc\ -fmodule-map-file\=/tmp/havital-xcodebuild/derivedData/Build/Intermediates.noindex/GeneratedModuleMaps-iphonesimulator/FirebaseMessaging.modulemap\ -Xcc\ -fmodule-map-file\=/tmp/havital-xcodebuild/derivedData/Build/Intermediates.noindex/GeneratedModuleMaps-iphonesimulator/GoogleAdsOnDeviceConversionTarget.modulemap\ -Xcc\ -fmodule-map-file\=/tmp/havital-xcodebuild/derivedData/Build/Intermediates.noindex/GeneratedModuleMaps-iphonesimulator/GoogleAppMeasurementTarget.modulemap\ -Xcc\ -fmodule-map-file\=/tmp/havital-xcodebuild/derivedData/Build/Intermediates.noindex/GeneratedModuleMaps-iphonesimulator/GoogleUtilities-MethodSwizzler.modulemap\ -Xcc\ -fmodule-map-file\=/tmp/havital-xcodebuild/derivedData/Build/Intermediates.noindex/GeneratedModuleMaps-iphonesimulator/FirebaseAnalyticsWrapper.modulemap\ -Xcc\ -fmodule-map-file\=/tmp/havital-xcodebuild/derivedData/Build/Intermediates.noindex/GeneratedModuleMaps-iphonesimulator/FirebaseAnalyticsTarget.modulemap\ -Xcc\ -fmodule-map-file\=/tmp/havital-xcodebuild/derivedData/Build/Intermediates.noindex/GeneratedModuleMaps-iphonesimulator/FirebaseAppCheck.modulemap\ -Xcc\ -fmodule-map-file\=/tmp/havital-xcodebuild/derivedData/Build/Intermediates.noindex/GeneratedModuleMaps-iphonesimulator/RecaptchaInterop.modulemap\ -Xcc\ -fmodule-map-file\=/tmp/havital-xcodebuild/derivedData/Build/Intermediates.noindex/GeneratedModuleMaps-iphonesimulator/GoogleUtilities-Network.modulemap\ -Xcc\ -fmodule-map-file\=/tmp/havital-xcodebuild/derivedData/Build/Intermediates.noindex/GeneratedModuleMaps-iphonesimulator/GoogleUtilities-Reachability.modulemap\ -Xcc\ -fmodule-map-file\=/tmp/havital-xcodebuild/derivedData/Build/Intermediates.noindex/GeneratedModuleMaps-iphonesimulator/GoogleUtilities-AppDelegateSwizzler.modulemap\ -Xcc\ -fmodule-map-file\=/tmp/havital-xcodebuild/derivedData/Build/Intermediates.noindex/GeneratedModuleMaps-iphonesimulator/FirebaseAuthInternal.modulemap\ -Xcc\ -fmodule-map-file\=/tmp/havital-xcodebuild/derivedData/Build/Intermediates.noindex/GeneratedModuleMaps-iphonesimulator/FirebaseAuthInterop.modulemap\ -Xcc\ -fmodule-map-file\=/tmp/havital-xcodebuild/derivedData/Build/Intermediates.noindex/GeneratedModuleMaps-iphonesimulator/abslWrapper.modulemap\ -Xcc\ -fmodule-map-file\=/tmp/havital-xcodebuild/derivedData/Build/Intermediates.noindex/GeneratedModuleMaps-iphonesimulator/opensslWrapper.modulemap\ -Xcc\ -fmodule-map-file\=/tmp/havital-xcodebuild/derivedData/Build/Intermediates.noindex/GeneratedModuleMaps-iphonesimulator/grpcWrapper.modulemap\ -Xcc\ -fmodule-map-file\=/tmp/havital-xcodebuild/derivedData/Build/Intermediates.noindex/GeneratedModuleMaps-iphonesimulator/grpcppWrapper.modulemap\ -Xcc\ -fmodule-map-file\=/tmp/havital-xcodebuild/derivedData/Build/Intermediates.noindex/GeneratedModuleMaps-iphonesimulator/nanopb.modulemap\ -Xcc\ -fmodule-map-file\=/tmp/havital-xcodebuild/derivedData/Build/Intermediates.noindex/GeneratedModuleMaps-iphonesimulator/leveldb.modulemap\ -Xcc\ -fmodule-map-file\=/tmp/havital-xcodebuild/derivedData/Build/Intermediates.noindex/GeneratedModuleMaps-iphonesimulator/FirebaseCoreExtension.modulemap\ -Xcc\ -fmodule-map-file\=/tmp/havital-xcodebuild/derivedData/Build/Intermediates.noindex/GeneratedModuleMaps-iphonesimulator/FirebaseAppCheckInterop.modulemap\ -Xcc\ -fmodule-map-file\=/tmp/havital-xcodebuild/derivedData/Build/Intermediates.noindex/GeneratedModuleMaps-iphonesimulator/FirebaseFirestoreInternalWrapper.modulemap\ -Xcc\ -fmodule-map-file\=/tmp/havital-xcodebuild/derivedData/Build/Intermediates.noindex/GeneratedModuleMaps-iphonesimulator/FirebaseFirestoreTarget.modulemap\ -Xcc\ -fmodule-map-file\=/tmp/havital-xcodebuild/derivedData/Build/Intermediates.noindex/GeneratedModuleMaps-iphonesimulator/GoogleUtilities-NSData.modulemap\ -Xcc\ -fmodule-map-file\=/tmp/havital-xcodebuild/derivedData/Build/Intermediates.noindex/GeneratedModuleMaps-iphonesimulator/FirebaseRemoteConfigInternal.modulemap\ -Xcc\ -fmodule-map-file\=/tmp/havital-xcodebuild/derivedData/Build/Intermediates.noindex/GeneratedModuleMaps-iphonesimulator/FirebaseInstallations.modulemap\ -Xcc\ -fmodule-map-file\=/tmp/havital-xcodebuild/derivedData/Build/Intermediates.noindex/GeneratedModuleMaps-iphonesimulator/FirebaseABTesting.modulemap\ -Xcc\ -fmodule-map-file\=/tmp/havital-xcodebuild/derivedData/Build/Intermediates.noindex/GeneratedModuleMaps-iphonesimulator/FirebaseCore.modulemap\ -Xcc\ -fmodule-map-file\=/tmp/havital-xcodebuild/derivedData/Build/Intermediates.noindex/GeneratedModuleMaps-iphonesimulator/AppAuth.modulemap\ -Xcc\ -fmodule-map-file\=/tmp/havital-xcodebuild/derivedData/Build/Intermediates.noindex/GeneratedModuleMaps-iphonesimulator/GoogleUtilities-Logger.modulemap\ -Xcc\ -fmodule-map-file\=/tmp/havital-xcodebuild/derivedData/Build/Intermediates.noindex/GeneratedModuleMaps-iphonesimulator/GoogleUtilities-Environment.modulemap\ -Xcc\ -fmodule-map-file\=/tmp/havital-xcodebuild/derivedData/Build/Intermediates.noindex/GeneratedModuleMaps-iphonesimulator/third-party-IsAppEncrypted.modulemap\ -Xcc\ -fmodule-map-file\=/tmp/havital-xcodebuild/derivedData/Build/Intermediates.noindex/GeneratedModuleMaps-iphonesimulator/GoogleUtilities-UserDefaults.modulemap\ -Xcc\ -fmodule-map-file\=/tmp/havital-xcodebuild/derivedData/Build/Intermediates.noindex/GeneratedModuleMaps-iphonesimulator/AppCheckCore.modulemap\ -Xcc\ -fmodule-map-file\=/tmp/havital-xcodebuild/derivedData/Build/Intermediates.noindex/GeneratedModuleMaps-iphonesimulator/AppAuthCore.modulemap\ -Xcc\ -fmodule-map-file\=/tmp/havital-xcodebuild/derivedData/Build/Intermediates.noindex/GeneratedModuleMaps-iphonesimulator/GTMSessionFetcherCore.modulemap\ -Xcc\ -fmodule-map-file\=/tmp/havital-xcodebuild/derivedData/Build/Intermediates.noindex/GeneratedModuleMaps-iphonesimulator/GoogleSignIn.modulemap\ 
    export PACKAGE_TYPE\=com.apple.package-type.wrapper.application
    export PASCAL_STRINGS\=YES
    export PATH\=/Applications/Xcode.app/Contents/SharedFrameworks/SwiftBuild.framework/Versions/A/PlugIns/SWBBuildService.bundle/Contents/PlugIns/SWBUniversalPlatformPlugin.bundle/Contents/Frameworks/SWBUniversalPlatform.framework/Resources:/Applications/Xcode.app/Contents/Developer/Toolchains/XcodeDefault.xctoolchain/usr/bin:/Applications/Xcode.app/Contents/Developer/Toolchains/XcodeDefault.xctoolchain/usr/local/bin:/Applications/Xcode.app/Contents/Developer/Toolchains/XcodeDefault.xctoolchain/usr/libexec:/Applications/Xcode.app/Contents/Developer/Platforms/iPhoneSimulator.platform/usr/bin:/Applications/Xcode.app/Contents/Developer/Platforms/iPhoneSimulator.platform/usr/local/bin:/Applications/Xcode.app/Contents/Developer/Platforms/iPhoneSimulator.platform/Developer/usr/bin:/Applications/Xcode.app/Contents/Developer/Platforms/iPhoneSimulator.platform/Developer/usr/local/bin:/Applications/Xcode.app/Contents/Developer/usr/bin:/Applications/Xcode.app/Contents/Developer/usr/local/bin:/Users/wubaizong/.grok/bin:/Users/wubaizong/.local/bin:/Users/wubaizong/.rbenv/bin:/Users/wubaizong/.rbenv/shims:/Users/wubaizong/.antigravity/antigravity/bin:/Users/wubaizong/flutter/flutter/bin:/Users/wubaizong/.codeium/windsurf/bin:/opt/homebrew/opt/mysql-client/bin:/usr/local/mysql/bin:/usr/local/opt/mysql-client/bin:/Users/wubaizong/.yarn/bin:/Users/wubaizong/.config/yarn/global/node_modules/.bin:/opt/homebrew/bin:/usr/local/bin:/System/Cryptexes/App/usr/bin:/usr/bin:/bin:/usr/sbin:/sbin:/var/run/com.apple.security.cryptexd/codex.system/bootstrap/usr/local/bin:/var/run/com.apple.security.cryptexd/codex.system/bootstrap/usr/bin:/var/run/com.apple.security.cryptexd/codex.system/bootstrap/usr/appleinternal/bin:/pkg/env/global/bin:/Library/Apple/usr/bin:/usr/local/sbin:/opt/homebrew/Caskroom/miniforge/base/bin:/opt/homebrew/Caskroom/miniforge/base/condabin:/Applications/Ghostty.app/Contents/MacOS:/Users/wubaizong/.maestro/bin:/Users/wubaizong/.claude/plugins/cache/xai-grok-build/grok-build/0.2.0/bin:/Users/wubaizong/clients/ZenOS/marketplace/plugins/zenos/bin:/Users/wubaizong/.claude/plugins/cache/openai-codex/codex/1.0.6/bin
    export PATH_PREFIXES_EXCLUDED_FROM_HEADER_DEPENDENCIES\=/usr/include\ /usr/local/include\ /System/Library/Frameworks\ /System/Library/PrivateFrameworks\ /Applications/Xcode.app/Contents/Developer/Headers\ /Applications/Xcode.app/Contents/Developer/SDKs\ /Applications/Xcode.app/Contents/Developer/Platforms
    export PBDEVELOPMENTPLIST_PATH\=paceriz_dev.app/pbdevelopment.plist
    export PER_ARCH_MODULE_FILE_DIR\=/tmp/havital-xcodebuild/derivedData/Build/Intermediates.noindex/Havital.build/Debug-iphonesimulator/Havital.build/Objects-normal/undefined_arch
    export PER_ARCH_OBJECT_FILE_DIR\=/tmp/havital-xcodebuild/derivedData/Build/Intermediates.noindex/Havital.build/Debug-iphonesimulator/Havital.build/Objects-normal/undefined_arch
    export PER_VARIANT_OBJECT_FILE_DIR\=/tmp/havital-xcodebuild/derivedData/Build/Intermediates.noindex/Havital.build/Debug-iphonesimulator/Havital.build/Objects-normal
    export PKGINFO_FILE_PATH\=/tmp/havital-xcodebuild/derivedData/Build/Intermediates.noindex/Havital.build/Debug-iphonesimulator/Havital.build/PkgInfo
    export PKGINFO_PATH\=paceriz_dev.app/PkgInfo
    export PLATFORM_DEVELOPER_APPLICATIONS_DIR\=/Applications/Xcode.app/Contents/Developer/Platforms/iPhoneSimulator.platform/Developer/Applications
    export PLATFORM_DEVELOPER_BIN_DIR\=/Applications/Xcode.app/Contents/Developer/Platforms/iPhoneSimulator.platform/Developer/usr/bin
    export PLATFORM_DEVELOPER_LIBRARY_DIR\=/Applications/Xcode.app/Contents/Developer/Platforms/iPhoneSimulator.platform/Developer/Library
    export PLATFORM_DEVELOPER_SDK_DIR\=/Applications/Xcode.app/Contents/Developer/Platforms/iPhoneSimulator.platform/Developer/SDKs
    export PLATFORM_DEVELOPER_TOOLS_DIR\=/Applications/Xcode.app/Contents/Developer/Platforms/iPhoneSimulator.platform/Developer/Tools
    export PLATFORM_DEVELOPER_USR_DIR\=/Applications/Xcode.app/Contents/Developer/Platforms/iPhoneSimulator.platform/Developer/usr
    export PLATFORM_DIR\=/Applications/Xcode.app/Contents/Developer/Platforms/iPhoneSimulator.platform
    export PLATFORM_DISPLAY_NAME\=iOS\ Simulator
    export PLATFORM_FAMILY_NAME\=iOS
    export PLATFORM_NAME\=iphonesimulator
    export PLATFORM_PREFERRED_ARCH\=x86_64
    export PLATFORM_PRODUCT_BUILD_VERSION\=23F81a
    export PLATFORM_REQUIRES_SWIFT_AUTOLINK_EXTRACT\=NO
    export PLATFORM_REQUIRES_SWIFT_MODULEWRAP\=NO
    export PLATFORM_USES_DSYMS\=YES
    export PLIST_FILE_OUTPUT_FORMAT\=binary
    export PLUGINS_FOLDER_PATH\=paceriz_dev.app/PlugIns
    export PRECOMPS_INCLUDE_HEADERS_FROM_BUILT_PRODUCTS_DIR\=YES
    export PRECOMP_DESTINATION_DIR\=/tmp/havital-xcodebuild/derivedData/Build/Intermediates.noindex/Havital.build/Debug-iphonesimulator/Havital.build/PrefixHeaders
    export PRIVATE_HEADERS_FOLDER_PATH\=paceriz_dev.app/PrivateHeaders
    export PROCESSED_INFOPLIST_PATH\=/tmp/havital-xcodebuild/derivedData/Build/Intermediates.noindex/Havital.build/Debug-iphonesimulator/Havital.build/Objects-normal/undefined_arch/Processed-Info.plist
    export PRODUCT_BUNDLE_IDENTIFIER\=com.havital.Havital.dev
    export PRODUCT_BUNDLE_PACKAGE_TYPE\=APPL
    export PRODUCT_MODULE_NAME\=paceriz_dev
    export PRODUCT_NAME\=paceriz_dev
    export PRODUCT_SETTINGS_PATH\=/Users/wubaizong/havital/apps/ios/Havital/.worktrees/t0306-app2-skeleton/Havital/info.plist
    export PRODUCT_TYPE\=com.apple.product-type.application
    export PROFILING_CODE\=NO
    export PROJECT\=Havital
    export PROJECT_DERIVED_FILE_DIR\=/tmp/havital-xcodebuild/derivedData/Build/Intermediates.noindex/Havital.build/DerivedSources
    export PROJECT_DIR\=/Users/wubaizong/havital/apps/ios/Havital/.worktrees/t0306-app2-skeleton
    export PROJECT_FILE_PATH\=/Users/wubaizong/havital/apps/ios/Havital/.worktrees/t0306-app2-skeleton/Havital.xcodeproj
    export PROJECT_GUID\=82ed0ad413eda5ea026b0d4aed613207
    export PROJECT_NAME\=Havital
    export PROJECT_TEMP_DIR\=/tmp/havital-xcodebuild/derivedData/Build/Intermediates.noindex/Havital.build
    export PROJECT_TEMP_ROOT\=/tmp/havital-xcodebuild/derivedData/Build/Intermediates.noindex
    export PROVISIONING_PROFILE_REQUIRED\=NO
    export PROVISIONING_PROFILE_REQUIRED_YES_YES\=YES
    export PROVISIONING_PROFILE_SUPPORTED\=YES
    export PUBLIC_HEADERS_FOLDER_PATH\=paceriz_dev.app/Headers
    export RECOMMENDED_IPHONEOS_DEPLOYMENT_TARGET\=15.0
    export RECURSIVE_SEARCH_PATHS_FOLLOW_SYMLINKS\=YES
    export REMOVE_CVS_FROM_RESOURCES\=YES
    export REMOVE_GIT_FROM_RESOURCES\=YES
    export REMOVE_HEADERS_FROM_EMBEDDED_BUNDLES\=YES
    export REMOVE_HG_FROM_RESOURCES\=YES
    export REMOVE_STATIC_EXECUTABLES_FROM_EMBEDDED_BUNDLES\=YES
    export REMOVE_SVN_FROM_RESOURCES\=YES
    export RESCHEDULE_INDEPENDENT_HEADERS_PHASES\=YES
    export REVENUECAT_API_KEY\=appl_goEmxlWDniAtziTzdXeOpmgNkEt
    export REVENUECAT_PREMIUM_ENTITLEMENT\=Paceriz\ Premium
    export REZ_COLLECTOR_DIR\=/tmp/havital-xcodebuild/derivedData/Build/Intermediates.noindex/Havital.build/Debug-iphonesimulator/Havital.build/ResourceManagerResources
    export REZ_OBJECTS_DIR\=/tmp/havital-xcodebuild/derivedData/Build/Intermediates.noindex/Havital.build/Debug-iphonesimulator/Havital.build/ResourceManagerResources/Objects
    export REZ_SEARCH_PATHS\=/tmp/havital-xcodebuild/derivedData/Build/Products/Debug-iphonesimulator\ 
    export RPATH_ORIGIN\=@loader_path
    export RUNTIME_EXCEPTION_ALLOW_DYLD_ENVIRONMENT_VARIABLES\=NO
    export RUNTIME_EXCEPTION_ALLOW_JIT\=NO
    export RUNTIME_EXCEPTION_ALLOW_UNSIGNED_EXECUTABLE_MEMORY\=NO
    export RUNTIME_EXCEPTION_DEBUGGING_TOOL\=NO
    export RUNTIME_EXCEPTION_DISABLE_EXECUTABLE_PAGE_PROTECTION\=NO
    export RUNTIME_EXCEPTION_DISABLE_LIBRARY_VALIDATION\=NO
    export SCANNING_PCM_KEEP_CACHE_DIRECTORY\=YES
    export SCAN_ALL_SOURCE_FILES_FOR_INCLUDES\=NO
    export SCRIPTS_FOLDER_PATH\=paceriz_dev.app/Scripts
    export SCRIPT_INPUT_FILE_COUNT\=0
    export SCRIPT_INPUT_FILE_LIST_COUNT\=0
    export SCRIPT_OUTPUT_FILE_COUNT\=0
    export SCRIPT_OUTPUT_FILE_LIST_COUNT\=0
    export SDKROOT\=/Applications/Xcode.app/Contents/Developer/Platforms/iPhoneSimulator.platform/Developer/SDKs/iPhoneSimulator26.5.sdk
    export SDK_DIR\=/Applications/Xcode.app/Contents/Developer/Platforms/iPhoneSimulator.platform/Developer/SDKs/iPhoneSimulator26.5.sdk
    export SDK_DIR_iphonesimulator\=/Applications/Xcode.app/Contents/Developer/Platforms/iPhoneSimulator.platform/Developer/SDKs/iPhoneSimulator26.5.sdk
    export SDK_DIR_iphonesimulator26_5\=/Applications/Xcode.app/Contents/Developer/Platforms/iPhoneSimulator.platform/Developer/SDKs/iPhoneSimulator26.5.sdk
    export SDK_NAME\=iphonesimulator26.5
    export SDK_NAMES\=iphonesimulator26.5
    export SDK_PRODUCT_BUILD_VERSION\=23F81a
    export SDK_STAT_CACHE_DIR\=/tmp/havital-xcodebuild/derivedData
    export SDK_STAT_CACHE_ENABLE\=YES
    export SDK_STAT_CACHE_PATH\=/tmp/havital-xcodebuild/derivedData/SDKStatCaches.noindex/iphonesimulator26.5-23F81a-6cfe768891a92b912361537c460fe42b.sdkstatcache
    export SDK_VERSION\=26.5
    export SDK_VERSION_ACTUAL\=260500
    export SDK_VERSION_MAJOR\=260000
    export SDK_VERSION_MINOR\=260500
    export SED\=/usr/bin/sed
    export SEPARATE_STRIP\=NO
    export SEPARATE_SYMBOL_EDIT\=NO
    export SET_DIR_MODE_OWNER_GROUP\=YES
    export SET_FILE_MODE_OWNER_GROUP\=NO
    export SHALLOW_BUNDLE\=YES
    export SHALLOW_BUNDLE_TRIPLE\=ios-simulator
    export SHALLOW_BUNDLE_ios_macabi\=NO
    export SHALLOW_BUNDLE_macos\=NO
    export SHARED_DERIVED_FILE_DIR\=/tmp/havital-xcodebuild/derivedData/Build/Products/Debug-iphonesimulator/DerivedSources
    export SHARED_FRAMEWORKS_FOLDER_PATH\=paceriz_dev.app/SharedFrameworks
    export SHARED_PRECOMPS_DIR\=/tmp/havital-xcodebuild/derivedData/Build/Intermediates.noindex/PrecompiledHeaders
    export SHARED_SUPPORT_FOLDER_PATH\=paceriz_dev.app/SharedSupport
    export SKIP_INSTALL\=NO
    export SKIP_MERGEABLE_LIBRARY_BUNDLE_HOOK\=NO
    export SOURCE_ROOT\=/Users/wubaizong/havital/apps/ios/Havital/.worktrees/t0306-app2-skeleton
    export SRCROOT\=/Users/wubaizong/havital/apps/ios/Havital/.worktrees/t0306-app2-skeleton
    export STRINGSDATA_DIR\=/tmp/havital-xcodebuild/derivedData/Build/Intermediates.noindex/Havital.build/Debug-iphonesimulator/Havital.build/Objects-normal/undefined_arch
    export STRINGSDATA_ROOT\=/tmp/havital-xcodebuild/derivedData/Build/Intermediates.noindex/Havital.build/Debug-iphonesimulator/Havital.build
    export STRINGS_FILE_INFOPLIST_RENAME\=YES
    export STRINGS_FILE_OUTPUT_ENCODING\=binary
    export STRING_CATALOG_GENERATE_SYMBOLS\=NO
    export STRIP_BITCODE_FROM_COPIED_FILES\=NO
    export STRIP_INSTALLED_PRODUCT\=NO
    export STRIP_STYLE\=all
    export STRIP_SWIFT_SYMBOLS\=YES
    export SUPPORTED_DEVICE_FAMILIES\=1,2
    export SUPPORTED_PLATFORMS\=iphoneos\ iphonesimulator
    export SUPPORTS_MACCATALYST\=NO
    export SUPPORTS_ON_DEMAND_RESOURCES\=YES
    export SUPPORTS_TEXT_BASED_API\=NO
    export SUPPRESS_WARNINGS\=NO
    export SWIFT_ACTIVE_COMPILATION_CONDITIONS\=DEBUG\ 
    export SWIFT_EMIT_CONST_VALUE_PROTOCOLS\=AnyResolverProviding\ AppEntity\ AppEnum\ AppExtension\ AppIntent\ AppIntentsPackage\ AppShortcutProviding\ AppShortcutsProvider\ AppUnionValue\ AppUnionValueCasesProviding\ DynamicOptionsProvider\ EntityQuery\ ExtensionPointDefining\ IntentValueQuery\ Resolver\ TransientEntity\ _AssistantIntentsProvider\ _GenerativeFunctionExtractable\ _IntentValueRepresentable
    export SWIFT_EMIT_LOC_STRINGS\=YES
    export SWIFT_ENABLE_EXPLICIT_MODULES\=YES
    export SWIFT_OPTIMIZATION_LEVEL\=-Onone
    export SWIFT_PLATFORM_TARGET_PREFIX\=ios
    export SWIFT_RESPONSE_FILE_PATH_normal_arm64\=/tmp/havital-xcodebuild/derivedData/Build/Intermediates.noindex/Havital.build/Debug-iphonesimulator/Havital.build/Objects-normal/arm64/paceriz_dev.SwiftFileList
    export SWIFT_VERSION\=5.0
    export SYMROOT\=/tmp/havital-xcodebuild/derivedData/Build/Products
    export SYSTEM_ADMIN_APPS_DIR\=/Applications/Utilities
    export SYSTEM_APPS_DIR\=/Applications
    export SYSTEM_CORE_SERVICES_DIR\=/System/Library/CoreServices
    export SYSTEM_DEMOS_DIR\=/Applications/Extras
    export SYSTEM_DEVELOPER_APPS_DIR\=/Applications/Xcode.app/Contents/Developer/Applications
    export SYSTEM_DEVELOPER_BIN_DIR\=/Applications/Xcode.app/Contents/Developer/usr/bin
    export SYSTEM_DEVELOPER_DEMOS_DIR\=/Applications/Xcode.app/Contents/Developer/Applications/Utilities/Built\ Examples
    export SYSTEM_DEVELOPER_DIR\=/Applications/Xcode.app/Contents/Developer
    export SYSTEM_DEVELOPER_DOC_DIR\=/Applications/Xcode.app/Contents/Developer/ADC\ Reference\ Library
    export SYSTEM_DEVELOPER_GRAPHICS_TOOLS_DIR\=/Applications/Xcode.app/Contents/Developer/Applications/Graphics\ Tools
    export SYSTEM_DEVELOPER_JAVA_TOOLS_DIR\=/Applications/Xcode.app/Contents/Developer/Applications/Java\ Tools
    export SYSTEM_DEVELOPER_PERFORMANCE_TOOLS_DIR\=/Applications/Xcode.app/Contents/Developer/Applications/Performance\ Tools
    export SYSTEM_DEVELOPER_RELEASENOTES_DIR\=/Applications/Xcode.app/Contents/Developer/ADC\ Reference\ Library/releasenotes
    export SYSTEM_DEVELOPER_TOOLS\=/Applications/Xcode.app/Contents/Developer/Tools
    export SYSTEM_DEVELOPER_TOOLS_DOC_DIR\=/Applications/Xcode.app/Contents/Developer/ADC\ Reference\ Library/documentation/DeveloperTools
    export SYSTEM_DEVELOPER_TOOLS_RELEASENOTES_DIR\=/Applications/Xcode.app/Contents/Developer/ADC\ Reference\ Library/releasenotes/DeveloperTools
    export SYSTEM_DEVELOPER_USR_DIR\=/Applications/Xcode.app/Contents/Developer/usr
    export SYSTEM_DEVELOPER_UTILITIES_DIR\=/Applications/Xcode.app/Contents/Developer/Applications/Utilities
    export SYSTEM_DEXT_INSTALL_PATH\=/System/Library/DriverExtensions
    export SYSTEM_DOCUMENTATION_DIR\=/Library/Documentation
    export SYSTEM_EXTENSIONS_FOLDER_PATH\=paceriz_dev.app/SystemExtensions
    export SYSTEM_EXTENSIONS_FOLDER_PATH_SHALLOW_BUNDLE_NO\=paceriz_dev.app/Library/SystemExtensions
    export SYSTEM_EXTENSIONS_FOLDER_PATH_SHALLOW_BUNDLE_YES\=paceriz_dev.app/SystemExtensions
    export SYSTEM_KEXT_INSTALL_PATH\=/System/Library/Extensions
    export SYSTEM_LIBRARY_DIR\=/System/Library
    export TAPI_DEMANGLE\=YES
    export TAPI_ENABLE_PROJECT_HEADERS\=NO
    export TAPI_LANGUAGE\=objective-c
    export TAPI_LANGUAGE_STANDARD\=compiler-default
    export TAPI_USE_SRCROOT\=YES
    export TAPI_VERIFY_MODE\=Pedantic
    export TARGETED_DEVICE_FAMILY\=1,2
    export TARGETNAME\=Havital
    export TARGET_BUILD_DIR\=/tmp/havital-xcodebuild/derivedData/Build/Products/Debug-iphonesimulator
    export TARGET_DEVICE_IDENTIFIER\=E8E035CC-59AC-450F-A779-9633C3DB6E10
    export TARGET_DEVICE_MODEL\=iPhone18,1
    export TARGET_DEVICE_OS_VERSION\=26.5
    export TARGET_DEVICE_PLATFORM_NAME\=iphonesimulator
    export TARGET_NAME\=Havital
    export TARGET_TEMP_DIR\=/tmp/havital-xcodebuild/derivedData/Build/Intermediates.noindex/Havital.build/Debug-iphonesimulator/Havital.build
    export TEMP_DIR\=/tmp/havital-xcodebuild/derivedData/Build/Intermediates.noindex/Havital.build/Debug-iphonesimulator/Havital.build
    export TEMP_FILES_DIR\=/tmp/havital-xcodebuild/derivedData/Build/Intermediates.noindex/Havital.build/Debug-iphonesimulator/Havital.build
    export TEMP_FILE_DIR\=/tmp/havital-xcodebuild/derivedData/Build/Intermediates.noindex/Havital.build/Debug-iphonesimulator/Havital.build
    export TEMP_ROOT\=/tmp/havital-xcodebuild/derivedData/Build/Intermediates.noindex
    export TEMP_SANDBOX_DIR\=/tmp/havital-xcodebuild/derivedData/Build/Intermediates.noindex/TemporaryTaskSandboxes
    export TEST_FRAMEWORK_SEARCH_PATHS\=\ /Applications/Xcode.app/Contents/Developer/Platforms/iPhoneSimulator.platform/Developer/Library/Frameworks\ /Applications/Xcode.app/Contents/Developer/Platforms/iPhoneSimulator.platform/Developer/SDKs/iPhoneSimulator26.5.sdk/Developer/Library/Frameworks
    export TEST_LIBRARY_SEARCH_PATHS\=\ /Applications/Xcode.app/Contents/Developer/Platforms/iPhoneSimulator.platform/Developer/usr/lib
    export TOOLCHAINS\=com.apple.dt.toolchain.XcodeDefault
    export TOOLCHAIN_DIR\=/Applications/Xcode.app/Contents/Developer/Toolchains/XcodeDefault.xctoolchain
    export TREAT_MISSING_BASELINES_AS_TEST_FAILURES\=NO
    export TREAT_MISSING_SCRIPT_PHASE_OUTPUTS_AS_ERRORS\=NO
    export TeamIdentifierPrefix\=779277J4JQ.
    export UID\=502
    export UNINSTALLED_PRODUCTS_DIR\=/tmp/havital-xcodebuild/derivedData/Build/Intermediates.noindex/UninstalledProducts
    export UNLOCALIZED_RESOURCES_FOLDER_PATH\=paceriz_dev.app
    export UNLOCALIZED_RESOURCES_FOLDER_PATH_SHALLOW_BUNDLE_NO\=paceriz_dev.app/Resources
    export UNLOCALIZED_RESOURCES_FOLDER_PATH_SHALLOW_BUNDLE_YES\=paceriz_dev.app
    export UNSTRIPPED_PRODUCT\=NO
    export USER\=wubaizong
    export USER_APPS_DIR\=/Users/wubaizong/Applications
    export USER_LIBRARY_DIR\=/Users/wubaizong/Library
    export USE_DYNAMIC_NO_PIC\=YES
    export USE_HEADERMAP\=YES
    export USE_HEADER_SYMLINKS\=NO
    export VALIDATE_DEVELOPMENT_ASSET_PATHS\=YES_ERROR
    export VALIDATE_PRODUCT\=NO
    export VALID_ARCHS\=arm64\ x86_64
    export VERBOSE_PBXCP\=NO
    export VERSIONPLIST_PATH\=paceriz_dev.app/version.plist
    export VERSION_INFO_BUILDER\=wubaizong
    export VERSION_INFO_FILE\=paceriz_dev_vers.c
    export VERSION_INFO_STRING\=\"@\(\#\)PROGRAM:paceriz_dev\ \ PROJECT:Havital-0\"
    export VERSION_SUFFIX\=-dev
    export WORKSPACE_DIR\=/Users/wubaizong/havital/apps/ios/Havital/.worktrees/t0306-app2-skeleton/Havital.xcodeproj
    export WRAPPER_EXTENSION\=app
    export WRAPPER_NAME\=paceriz_dev.app
    export WRAPPER_SUFFIX\=.app
    export WRAP_ASSET_PACKS_IN_SEPARATE_DIRECTORIES\=NO
    export XCODE_APP_SUPPORT_DIR\=/Applications/Xcode.app/Contents/Developer/Library/Xcode
    export XCODE_PRODUCT_BUILD_VERSION\=17F113
    export XCODE_VERSION_ACTUAL\=2660
    export XCODE_VERSION_MAJOR\=2600
    export XCODE_VERSION_MINOR\=2660
    export XPCSERVICES_FOLDER_PATH\=paceriz_dev.app/XPCServices
    export YACC\=yacc
    export _DISCOVER_COMMAND_LINE_LINKER_INPUTS\=YES
    export _DISCOVER_COMMAND_LINE_LINKER_INPUTS_INCLUDE_WL\=YES
    export _LD_MULTIARCH\=YES
    export _WRAPPER_CONTENTS_DIR_SHALLOW_BUNDLE_NO\=/Contents
    export _WRAPPER_PARENT_PATH_SHALLOW_BUNDLE_NO\=/..
    export _WRAPPER_RESOURCES_DIR_SHALLOW_BUNDLE_NO\=/Resources
    export __DIAGNOSE_DEPRECATED_ARCHS\=YES
    export __IS_NOT_MACOS\=YES
    export __IS_NOT_MACOS_macosx\=NO
    export __IS_NOT_SIMULATOR\=NO
    export __IS_NOT_SIMULATOR_simulator\=NO
    export __ORIGINAL_SDK_DEFINED_LLVM_TARGET_TRIPLE_SYS\=ios
    export arch\=undefined_arch
    export variant\=normal
    /usr/bin/sandbox-exec -D SCRIPT_INPUT_FILE_0\=/tmp/havital-xcodebuild/derivedData/Build/Intermediates.noindex/Havital.build/Debug-iphonesimulator/Havital.build/Script-CF3CDD652DEB3A2500B6AE66.sh -D SCRIPT_INPUT_ANCESTOR_0\=/ -D SCRIPT_INPUT_ANCESTOR_1\=/tmp -D SCRIPT_INPUT_ANCESTOR_2\=/tmp/havital-xcodebuild -D SCRIPT_INPUT_ANCESTOR_3\=/tmp/havital-xcodebuild/derivedData -D SCRIPT_INPUT_ANCESTOR_4\=/tmp/havital-xcodebuild/derivedData/Build -D SCRIPT_INPUT_ANCESTOR_5\=/tmp/havital-xcodebuild/derivedData/Build/Intermediates.noindex -D SCRIPT_INPUT_ANCESTOR_6\=/tmp/havital-xcodebuild/derivedData/Build/Intermediates.noindex/Havital.build -D SCRIPT_INPUT_ANCESTOR_7\=/tmp/havital-xcodebuild/derivedData/Build/Intermediates.noindex/Havital.build/Debug-iphonesimulator -D SCRIPT_INPUT_ANCESTOR_8\=/tmp/havital-xcodebuild/derivedData/Build/Intermediates.noindex/Havital.build/Debug-iphonesimulator/Havital.build -D SRCROOT\=/Users/wubaizong/havital/apps/ios/Havital/.worktrees/t0306-app2-skeleton -D PROJECT_DIR\=/Users/wubaizong/havital/apps/ios/Havital/.worktrees/t0306-app2-skeleton -D OBJROOT\=/tmp/havital-xcodebuild/derivedData/Build/Intermediates.noindex -D SYMROOT\=/tmp/havital-xcodebuild/derivedData/Build/Products -D DSTROOT\=/tmp/Havital.dst -D SHARED_PRECOMPS_DIR\=/tmp/havital-xcodebuild/derivedData/Build/Intermediates.noindex/PrecompiledHeaders -D CACHE_ROOT\=/var/folders/yw/0fw5n4hs4r75vjh6qy18lm0w0000gp/C/com.apple.DeveloperTools/26.6-17F113/Xcode -D CONFIGURATION_BUILD_DIR\=/tmp/havital-xcodebuild/derivedData/Build/Products/Debug-iphonesimulator -D CONFIGURATION_TEMP_DIR\=/tmp/havital-xcodebuild/derivedData/Build/Intermediates.noindex/Havital.build/Debug-iphonesimulator -D LOCROOT\=/Users/wubaizong/havital/apps/ios/Havital/.worktrees/t0306-app2-skeleton -D LOCSYMROOT\=/Users/wubaizong/havital/apps/ios/Havital/.worktrees/t0306-app2-skeleton -D INDEX_PRECOMPS_DIR\=/tmp/havital-xcodebuild/derivedData/Index.noindex/PrecompiledHeaders -D INDEX_DATA_STORE_DIR\=/tmp/havital-xcodebuild/derivedData/Index.noindex/DataStore -D TEMP_DIR\=/tmp/havital-xcodebuild/derivedData/Build/Intermediates.noindex/Havital.build/Debug-iphonesimulator/Havital.build -D TARGET_TEMP_DIR\=/tmp/havital-xcodebuild/derivedData/Build/Intermediates.noindex/Havital.build/Debug-iphonesimulator/Havital.build -D DERIVED_FILE_DIR\=/tmp/havital-xcodebuild/derivedData/Build/Intermediates.noindex/Havital.build/Debug-iphonesimulator/Havital.build/DerivedSources -f /tmp/havital-xcodebuild/derivedData/Build/Intermediates.noindex/Havital.build/Debug-iphonesimulator/Havital.build/e03797b213b84ba2b8c072817c323815.sb /bin/sh -c /tmp/havital-xcodebuild/derivedData/Build/Intermediates.noindex/Havital.build/Debug-iphonesimulator/Havital.build/Script-CF3CDD652DEB3A2500B6AE66.sh
✅ Build number: 0

CopySwiftLibs /tmp/havital-xcodebuild/derivedData/Build/Products/Debug-iphonesimulator/paceriz_dev.app (in target 'Havital' from project 'Havital')
    cd /Users/wubaizong/havital/apps/ios/Havital/.worktrees/t0306-app2-skeleton
    builtin-swiftStdLibTool --copy --verbose --sign - --scan-executable /tmp/havital-xcodebuild/derivedData/Build/Products/Debug-iphonesimulator/paceriz_dev.app/paceriz_dev.debug.dylib --scan-folder /tmp/havital-xcodebuild/derivedData/Build/Products/Debug-iphonesimulator/paceriz_dev.app/Frameworks --scan-folder /tmp/havital-xcodebuild/derivedData/Build/Products/Debug-iphonesimulator/paceriz_dev.app/PlugIns --scan-folder /tmp/havital-xcodebuild/derivedData/Build/Products/Debug-iphonesimulator/paceriz_dev.app/SystemExtensions --scan-folder /tmp/havital-xcodebuild/derivedData/Build/Products/Debug-iphonesimulator/paceriz_dev.app/Extensions --scan-folder /tmp/havital-xcodebuild/derivedData/Build/Products/Debug-iphonesimulator/PackageFrameworks/GoogleGenerativeAI_-4C4CE9247ECAF4FD_PackageProduct.framework --platform iphonesimulator --toolchain /Applications/Xcode.app/Contents/Developer/Toolchains/XcodeDefault.xctoolchain --destination /tmp/havital-xcodebuild/derivedData/Build/Products/Debug-iphonesimulator/paceriz_dev.app/Frameworks --strip-bitcode --strip-bitcode-tool /Applications/Xcode.app/Contents/Developer/Toolchains/XcodeDefault.xctoolchain/usr/bin/bitcode_strip --emit-dependency-info /tmp/havital-xcodebuild/derivedData/Build/Intermediates.noindex/Havital.build/Debug-iphonesimulator/Havital.build/SwiftStdLibToolInputDependencies.dep --filter-for-swift-os

CodeSign /tmp/havital-xcodebuild/derivedData/Build/Products/Debug-iphonesimulator/paceriz_dev.app/PlugIns/HavitalTests.xctest/Frameworks/GoogleGenerativeAI_-4C4CE9247ECAF4FD_PackageProduct.framework (in target 'HavitalTests' from project 'Havital')
    cd /Users/wubaizong/havital/apps/ios/Havital/.worktrees/t0306-app2-skeleton
    
    Signing Identity:     "Sign to Run Locally"
    
    /usr/bin/codesign --force --sign - --timestamp\=none --preserve-metadata\=identifier,entitlements,flags --generate-entitlement-der /tmp/havital-xcodebuild/derivedData/Build/Products/Debug-iphonesimulator/paceriz_dev.app/PlugIns/HavitalTests.xctest/Frameworks/GoogleGenerativeAI_-4C4CE9247ECAF4FD_PackageProduct.framework
/tmp/havital-xcodebuild/derivedData/Build/Products/Debug-iphonesimulator/paceriz_dev.app/PlugIns/HavitalTests.xctest/Frameworks/GoogleGenerativeAI_-4C4CE9247ECAF4FD_PackageProduct.framework: replacing existing signature

ProcessInfoPlistFile /tmp/havital-xcodebuild/derivedData/Build/Products/Debug-iphonesimulator/paceriz_dev.app/PlugIns/HavitalTests.xctest/Info.plist /tmp/havital-xcodebuild/derivedData/Build/Intermediates.noindex/Havital.build/Debug-iphonesimulator/HavitalTests.build/empty-HavitalTests.plist (in target 'HavitalTests' from project 'Havital')
    cd /Users/wubaizong/havital/apps/ios/Havital/.worktrees/t0306-app2-skeleton
    builtin-infoPlistUtility /tmp/havital-xcodebuild/derivedData/Build/Intermediates.noindex/Havital.build/Debug-iphonesimulator/HavitalTests.build/empty-HavitalTests.plist -producttype com.apple.product-type.bundle.unit-test -expandbuildsettings -format binary -platform iphonesimulator -scanforprivacyfile /tmp/havital-xcodebuild/derivedData/Build/Products/Debug-iphonesimulator/paceriz_dev.app/PlugIns/HavitalTests.xctest/AppAuth_AppAuth.bundle -scanforprivacyfile /tmp/havital-xcodebuild/derivedData/Build/Products/Debug-iphonesimulator/paceriz_dev.app/PlugIns/HavitalTests.xctest/AppAuth_AppAuthCore.bundle -scanforprivacyfile /tmp/havital-xcodebuild/derivedData/Build/Products/Debug-iphonesimulator/paceriz_dev.app/PlugIns/HavitalTests.xctest/Firebase_FirebaseABTesting.bundle -scanforprivacyfile /tmp/havital-xcodebuild/derivedData/Build/Products/Debug-iphonesimulator/paceriz_dev.app/PlugIns/HavitalTests.xctest/Firebase_FirebaseAuth.bundle -scanforprivacyfile /tmp/havital-xcodebuild/derivedData/Build/Products/Debug-iphonesimulator/paceriz_dev.app/PlugIns/HavitalTests.xctest/Firebase_FirebaseCore.bundle -scanforprivacyfile /tmp/havital-xcodebuild/derivedData/Build/Products/Debug-iphonesimulator/paceriz_dev.app/PlugIns/HavitalTests.xctest/Firebase_FirebaseCoreExtension.bundle -scanforprivacyfile /tmp/havital-xcodebuild/derivedData/Build/Products/Debug-iphonesimulator/paceriz_dev.app/PlugIns/HavitalTests.xctest/Firebase_FirebaseCoreInternal.bundle -scanforprivacyfile /tmp/havital-xcodebuild/derivedData/Build/Products/Debug-iphonesimulator/paceriz_dev.app/PlugIns/HavitalTests.xctest/Firebase_FirebaseFirestore.bundle -scanforprivacyfile /tmp/havital-xcodebuild/derivedData/Build/Products/Debug-iphonesimulator/paceriz_dev.app/PlugIns/HavitalTests.xctest/Firebase_FirebaseInstallations.bundle -scanforprivacyfile /tmp/havital-xcodebuild/derivedData/Build/Products/Debug-iphonesimulator/paceriz_dev.app/PlugIns/HavitalTests.xctest/Firebase_FirebaseMessaging.bundle -scanforprivacyfile /tmp/havital-xcodebuild/derivedData/Build/Products/Debug-iphonesimulator/paceriz_dev.app/PlugIns/HavitalTests.xctest/Firebase_FirebaseRemoteConfig.bundle -scanforprivacyfile /tmp/havital-xcodebuild/derivedData/Build/Products/Debug-iphonesimulator/paceriz_dev.app/PlugIns/HavitalTests.xctest/GTMAppAuth_GTMAppAuth.bundle -scanforprivacyfile /tmp/havital-xcodebuild/derivedData/Build/Products/Debug-iphonesimulator/paceriz_dev.app/PlugIns/HavitalTests.xctest/GTMSessionFetcher_GTMSessionFetcherCore.bundle -scanforprivacyfile /tmp/havital-xcodebuild/derivedData/Build/Products/Debug-iphonesimulator/paceriz_dev.app/PlugIns/HavitalTests.xctest/GoogleDataTransport_GoogleDataTransport.bundle -scanforprivacyfile /tmp/havital-xcodebuild/derivedData/Build/Products/Debug-iphonesimulator/paceriz_dev.app/PlugIns/HavitalTests.xctest/GoogleSignIn_GoogleSignIn.bundle -scanforprivacyfile /tmp/havital-xcodebuild/derivedData/Build/Products/Debug-iphonesimulator/paceriz_dev.app/PlugIns/HavitalTests.xctest/GoogleSignIn_GoogleSignInSwift.bundle -scanforprivacyfile /tmp/havital-xcodebuild/derivedData/Build/Products/Debug-iphonesimulator/paceriz_dev.app/PlugIns/HavitalTests.xctest/GoogleUtilities_GoogleUtilities-AppDelegateSwizzler.bundle -scanforprivacyfile /tmp/havital-xcodebuild/derivedData/Build/Products/Debug-iphonesimulator/paceriz_dev.app/PlugIns/HavitalTests.xctest/GoogleUtilities_GoogleUtilities-Environment.bundle -scanforprivacyfile /tmp/havital-xcodebuild/derivedData/Build/Products/Debug-iphonesimulator/paceriz_dev.app/PlugIns/HavitalTests.xctest/GoogleUtilities_GoogleUtilities-Logger.bundle -scanforprivacyfile /tmp/havital-xcodebuild/derivedData/Build/Products/Debug-iphonesimulator/paceriz_dev.app/PlugIns/HavitalTests.xctest/GoogleUtilities_GoogleUtilities-MethodSwizzler.bundle -scanforprivacyfile /tmp/havital-xcodebuild/derivedData/Build/Products/Debug-iphonesimulator/paceriz_dev.app/PlugIns/HavitalTests.xctest/GoogleUtilities_GoogleUtilities-NSData.bundle -scanforprivacyfile /tmp/havital-xcodebuild/derivedData/Build/Products/Debug-iphonesimulator/paceriz_dev.app/PlugIns/HavitalTests.xctest/GoogleUtilities_GoogleUtilities-Network.bundle -scanforprivacyfile /tmp/havital-xcodebuild/derivedData/Build/Products/Debug-iphonesimulator/paceriz_dev.app/PlugIns/HavitalTests.xctest/GoogleUtilities_GoogleUtilities-Reachability.bundle -scanforprivacyfile /tmp/havital-xcodebuild/derivedData/Build/Products/Debug-iphonesimulator/paceriz_dev.app/PlugIns/HavitalTests.xctest/GoogleUtilities_GoogleUtilities-UserDefaults.bundle -scanforprivacyfile /tmp/havital-xcodebuild/derivedData/Build/Products/Debug-iphonesimulator/paceriz_dev.app/PlugIns/HavitalTests.xctest/Promises_FBLPromises.bundle -scanforprivacyfile /tmp/havital-xcodebuild/derivedData/Build/Products/Debug-iphonesimulator/paceriz_dev.app/PlugIns/HavitalTests.xctest/RevenueCat_RevenueCat.bundle -scanforprivacyfile /tmp/havital-xcodebuild/derivedData/Build/Products/Debug-iphonesimulator/paceriz_dev.app/PlugIns/HavitalTests.xctest/abseil_abslWrapper.bundle -scanforprivacyfile /tmp/havital-xcodebuild/derivedData/Build/Products/Debug-iphonesimulator/paceriz_dev.app/PlugIns/HavitalTests.xctest/gRPC_grpcWrapper.bundle -scanforprivacyfile /tmp/havital-xcodebuild/derivedData/Build/Products/Debug-iphonesimulator/paceriz_dev.app/PlugIns/HavitalTests.xctest/gRPC_grpcppWrapper.bundle -scanforprivacyfile /tmp/havital-xcodebuild/derivedData/Build/Products/Debug-iphonesimulator/paceriz_dev.app/PlugIns/HavitalTests.xctest/gRPC_opensslWrapper.bundle -scanforprivacyfile /tmp/havital-xcodebuild/derivedData/Build/Products/Debug-iphonesimulator/paceriz_dev.app/PlugIns/HavitalTests.xctest/leveldb_leveldb.bundle -scanforprivacyfile /tmp/havital-xcodebuild/derivedData/Build/Products/Debug-iphonesimulator/paceriz_dev.app/PlugIns/HavitalTests.xctest/nanopb_nanopb.bundle -o /tmp/havital-xcodebuild/derivedData/Build/Products/Debug-iphonesimulator/paceriz_dev.app/PlugIns/HavitalTests.xctest/Info.plist

SwiftCompile normal arm64 Compiling\ LocalizationCoverageTests.swift /Users/wubaizong/havital/apps/ios/Havital/.worktrees/t0306-app2-skeleton/HavitalTests/SpecCompliance/LocalizationCoverageTests.swift (in target 'HavitalTests' from project 'Havital')

SwiftCompile normal arm64 /Users/wubaizong/havital/apps/ios/Havital/.worktrees/t0306-app2-skeleton/HavitalTests/SpecCompliance/LocalizationCoverageTests.swift (in target 'HavitalTests' from project 'Havital')
    cd /Users/wubaizong/havital/apps/ios/Havital/.worktrees/t0306-app2-skeleton
    

SwiftCompile normal arm64 Compiling\ LowDataOnboardingACTests.swift /Users/wubaizong/havital/apps/ios/Havital/.worktrees/t0306-app2-skeleton/HavitalTests/spec_compliance/LowDataOnboardingACTests.swift (in target 'HavitalTests' from project 'Havital')

SwiftCompile normal arm64 /Users/wubaizong/havital/apps/ios/Havital/.worktrees/t0306-app2-skeleton/HavitalTests/spec_compliance/LowDataOnboardingACTests.swift (in target 'HavitalTests' from project 'Havital')
    cd /Users/wubaizong/havital/apps/ios/Havital/.worktrees/t0306-app2-skeleton
    

SwiftEmitModule normal arm64 Emitting\ module\ for\ HavitalTests (in target 'HavitalTests' from project 'Havital')
EmitSwiftModule normal arm64 (in target 'HavitalTests' from project 'Havital')
    cd /Users/wubaizong/havital/apps/ios/Havital/.worktrees/t0306-app2-skeleton
    
/Users/wubaizong/havital/apps/ios/Havital/.worktrees/t0306-app2-skeleton/HavitalTests/Features/App2/App2RenderingTests.swift:299:54: warning: main actor-isolated static property 'sampleStages' can not be referenced from a nonisolated context; this is an error in the Swift 6 language mode
        stages: [App2PlanStage] = App2RenderingTests.sampleStages,
                                                     ^
/Users/wubaizong/havital/apps/ios/Havital/.worktrees/t0306-app2-skeleton/HavitalTests/Features/App2/App2RenderingTests.swift:327:24: note: static property declared here
    private static let sampleStages: [App2PlanStage] = [
                       ^
/Users/wubaizong/havital/apps/ios/Havital/.worktrees/t0306-app2-skeleton/HavitalTests/Features/App2/App2RenderingTests.swift:300:62: warning: main actor-isolated static property 'sampleMilestones' can not be referenced from a nonisolated context; this is an error in the Swift 6 language mode
        milestones: [App2PlanMilestone] = App2RenderingTests.sampleMilestones,
                                                             ^
/Users/wubaizong/havital/apps/ios/Havital/.worktrees/t0306-app2-skeleton/HavitalTests/Features/App2/App2RenderingTests.swift:322:24: note: static property declared here
    private static let sampleMilestones: [App2PlanMilestone] = [
                       ^
/Users/wubaizong/havital/apps/ios/Havital/.worktrees/t0306-app2-skeleton/HavitalTests/Features/TrainingPlan/Presentation/ViewModels/TrainingReadinessViewModelTests.swift:6:26: warning: 'TrainingReadinessManager' is deprecated: Needs refactoring to UseCase pattern
    private var manager: TrainingReadinessManager!
                         ^
/Users/wubaizong/havital/apps/ios/Havital/.worktrees/t0306-app2-skeleton/HavitalTests/TrainingPlan/Mocks/TrainingPlanTestFixtures.swift:384:33: warning: conformance of 'TrainingPlanOverview' to protocol 'Encodable' was already stated in the type's module 'paceriz_dev'
extension TrainingPlanOverview: Encodable {
                                ^
/Users/wubaizong/havital/apps/ios/Havital/.worktrees/t0306-app2-skeleton/HavitalTests/TrainingPlan/Mocks/TrainingPlanTestFixtures.swift:385:17: note: instance method 'encode(to:)' will not be used to satisfy the conformance to 'Encodable'
    public func encode(to encoder: Encoder) throws {
                ^
paceriz_dev.TrainingPlanOverview:1:17: note: 'TrainingPlanOverview' declares conformance to protocol 'Encodable' here
internal struct TrainingPlanOverview : Codable {
                ^
/Users/wubaizong/havital/apps/ios/Havital/.worktrees/t0306-app2-skeleton/HavitalTests/TrainingPlan/Mocks/TrainingPlanTestFixtures.swift:398:26: warning: conformance of 'TrainingStage' to protocol 'Encodable' was already stated in the type's module 'paceriz_dev'
extension TrainingStage: Encodable {
                         ^
/Users/wubaizong/havital/apps/ios/Havital/.worktrees/t0306-app2-skeleton/HavitalTests/TrainingPlan/Mocks/TrainingPlanTestFixtures.swift:399:17: note: instance method 'encode(to:)' will not be used to satisfy the conformance to 'Encodable'
    public func encode(to encoder: Encoder) throws {
                ^
paceriz_dev.TrainingStage:1:17: note: 'TrainingStage' declares conformance to protocol 'Encodable' here
internal struct TrainingStage : Codable {
                ^
/Users/wubaizong/havital/apps/ios/Havital/.worktrees/t0306-app2-skeleton/HavitalTests/TrainingPlan/Mocks/TrainingPlanTestFixtures.swift:411:31: warning: conformance of 'PlanStatusResponse' to protocol 'Encodable' was already stated in the type's module 'paceriz_dev'
extension PlanStatusResponse: Encodable {
                              ^
/Users/wubaizong/havital/apps/ios/Havital/.worktrees/t0306-app2-skeleton/HavitalTests/TrainingPlan/Mocks/TrainingPlanTestFixtures.swift:412:17: note: instance method 'encode(to:)' will not be used to satisfy the conformance to 'Encodable'
    public func encode(to encoder: Encoder) throws {
                ^
paceriz_dev.PlanStatusResponse:1:17: note: 'PlanStatusResponse' declares conformance to protocol 'Encodable' here
internal struct PlanStatusResponse : Codable {
                ^
/Users/wubaizong/havital/apps/ios/Havital/.worktrees/t0306-app2-skeleton/HavitalTests/TrainingPlan/Mocks/TrainingPlanTestFixtures.swift:425:25: warning: conformance of 'NextWeekInfo' to protocol 'Encodable' was already stated in the type's module 'paceriz_dev'
extension NextWeekInfo: Encodable {
                        ^
/Users/wubaizong/havital/apps/ios/Havital/.worktrees/t0306-app2-skeleton/HavitalTests/TrainingPlan/Mocks/TrainingPlanTestFixtures.swift:426:17: note: instance method 'encode(to:)' will not be used to satisfy the conformance to 'Encodable'
    public func encode(to encoder: Encoder) throws {
                ^
paceriz_dev.NextWeekInfo:1:17: note: 'NextWeekInfo' declares conformance to protocol 'Encodable' here
internal struct NextWeekInfo : Codable {
                ^
/Users/wubaizong/havital/apps/ios/Havital/.worktrees/t0306-app2-skeleton/HavitalTests/TrainingPlan/Mocks/TrainingPlanTestFixtures.swift:436:31: warning: conformance of 'PlanStatusMetadata' to protocol 'Encodable' was already stated in the type's module 'paceriz_dev'
extension PlanStatusMetadata: Encodable {
                              ^
/Users/wubaizong/havital/apps/ios/Havital/.worktrees/t0306-app2-skeleton/HavitalTests/TrainingPlan/Mocks/TrainingPlanTestFixtures.swift:437:17: note: instance method 'encode(to:)' will not be used to satisfy the conformance to 'Encodable'
    public func encode(to encoder: Encoder) throws {
                ^
paceriz_dev.PlanStatusMetadata:1:17: note: 'PlanStatusMetadata' declares conformance to protocol 'Encodable' here
internal struct PlanStatusMetadata : Codable {
                ^

SwiftCompile normal arm64 Compiling\ TrainingPlanV2RepositoryCooldownTests.swift /Users/wubaizong/havital/apps/ios/Havital/.worktrees/t0306-app2-skeleton/HavitalTests/TrainingPlan/Unit/Repository/TrainingPlanV2RepositoryCooldownTests.swift (in target 'HavitalTests' from project 'Havital')

SwiftCompile normal arm64 /Users/wubaizong/havital/apps/ios/Havital/.worktrees/t0306-app2-skeleton/HavitalTests/TrainingPlan/Unit/Repository/TrainingPlanV2RepositoryCooldownTests.swift (in target 'HavitalTests' from project 'Havital')
    cd /Users/wubaizong/havital/apps/ios/Havital/.worktrees/t0306-app2-skeleton
    

SwiftCompile normal arm64 Compiling\ TrainingPlanRepositoryImplTests.swift /Users/wubaizong/havital/apps/ios/Havital/.worktrees/t0306-app2-skeleton/HavitalTests/TrainingPlan/Unit/Repository/TrainingPlanRepositoryImplTests.swift (in target 'HavitalTests' from project 'Havital')

SwiftCompile normal arm64 /Users/wubaizong/havital/apps/ios/Havital/.worktrees/t0306-app2-skeleton/HavitalTests/TrainingPlan/Unit/Repository/TrainingPlanRepositoryImplTests.swift (in target 'HavitalTests' from project 'Havital')
    cd /Users/wubaizong/havital/apps/ios/Havital/.worktrees/t0306-app2-skeleton
    

SwiftDriverJobDiscovery normal arm64 Compiling LowDataOnboardingACTests.swift (in target 'HavitalTests' from project 'Havital')

SwiftDriverJobDiscovery normal arm64 Compiling TrainingPlanV2RepositoryCooldownTests.swift (in target 'HavitalTests' from project 'Havital')

SwiftDriverJobDiscovery normal arm64 Compiling TrainingPlanRepositoryImplTests.swift (in target 'HavitalTests' from project 'Havital')

SwiftDriverJobDiscovery normal arm64 Compiling LocalizationCoverageTests.swift (in target 'HavitalTests' from project 'Havital')

SwiftDriverJobDiscovery normal arm64 Emitting module for HavitalTests (in target 'HavitalTests' from project 'Havital')

SwiftDriver\ Compilation\ Requirements HavitalTests normal arm64 com.apple.xcode.tools.swift.compiler (in target 'HavitalTests' from project 'Havital')
    cd /Users/wubaizong/havital/apps/ios/Havital/.worktrees/t0306-app2-skeleton
    builtin-Swift-Compilation-Requirements -- /Applications/Xcode.app/Contents/Developer/Toolchains/XcodeDefault.xctoolchain/usr/bin/swiftc -module-name HavitalTests -Onone @/tmp/havital-xcodebuild/derivedData/Build/Intermediates.noindex/Havital.build/Debug-iphonesimulator/HavitalTests.build/Objects-normal/arm64/HavitalTests.SwiftFileList -DDEBUG -Xcc -fmodule-map-file\=/tmp/havital-xcodebuild/derivedData/Build/Intermediates.noindex/GeneratedModuleMaps-iphonesimulator/GoogleDataTransport.modulemap -Xcc -fmodule-map-file\=/tmp/havital-xcodebuild/derivedData/Build/Intermediates.noindex/GeneratedModuleMaps-iphonesimulator/FirebaseMessaging.modulemap -Xcc -fmodule-map-file\=/tmp/havital-xcodebuild/derivedData/Build/Intermediates.noindex/GeneratedModuleMaps-iphonesimulator/GoogleAdsOnDeviceConversionTarget.modulemap -Xcc -fmodule-map-file\=/tmp/havital-xcodebuild/derivedData/Build/Intermediates.noindex/GeneratedModuleMaps-iphonesimulator/GoogleAppMeasurementTarget.modulemap -Xcc -fmodule-map-file\=/tmp/havital-xcodebuild/derivedData/Build/Intermediates.noindex/GeneratedModuleMaps-iphonesimulator/GoogleUtilities-MethodSwizzler.modulemap -Xcc -fmodule-map-file\=/tmp/havital-xcodebuild/derivedData/Build/Intermediates.noindex/GeneratedModuleMaps-iphonesimulator/FirebaseAnalyticsWrapper.modulemap -Xcc -fmodule-map-file\=/tmp/havital-xcodebuild/derivedData/Build/Intermediates.noindex/GeneratedModuleMaps-iphonesimulator/FirebaseAnalyticsTarget.modulemap -Xcc -fmodule-map-file\=/tmp/havital-xcodebuild/derivedData/Build/Intermediates.noindex/GeneratedModuleMaps-iphonesimulator/FirebaseAppCheck.modulemap -Xcc -fmodule-map-file\=/tmp/havital-xcodebuild/derivedData/Build/Intermediates.noindex/GeneratedModuleMaps-iphonesimulator/RecaptchaInterop.modulemap -Xcc -fmodule-map-file\=/tmp/havital-xcodebuild/derivedData/Build/Intermediates.noindex/GeneratedModuleMaps-iphonesimulator/GoogleUtilities-Network.modulemap -Xcc -fmodule-map-file\=/tmp/havital-xcodebuild/derivedData/Build/Intermediates.noindex/GeneratedModuleMaps-iphonesimulator/GoogleUtilities-Reachability.modulemap -Xcc -fmodule-map-file\=/tmp/havital-xcodebuild/derivedData/Build/Intermediates.noindex/GeneratedModuleMaps-iphonesimulator/GoogleUtilities-AppDelegateSwizzler.modulemap -Xcc -fmodule-map-file\=/tmp/havital-xcodebuild/derivedData/Build/Intermediates.noindex/GeneratedModuleMaps-iphonesimulator/FirebaseAuthInternal.modulemap -Xcc -fmodule-map-file\=/tmp/havital-xcodebuild/derivedData/Build/Intermediates.noindex/GeneratedModuleMaps-iphonesimulator/FirebaseAuthInterop.modulemap -Xcc -fmodule-map-file\=/tmp/havital-xcodebuild/derivedData/Build/Intermediates.noindex/GeneratedModuleMaps-iphonesimulator/abslWrapper.modulemap -Xcc -fmodule-map-file\=/tmp/havital-xcodebuild/derivedData/Build/Intermediates.noindex/GeneratedModuleMaps-iphonesimulator/opensslWrapper.modulemap -Xcc -fmodule-map-file\=/tmp/havital-xcodebuild/derivedData/Build/Intermediates.noindex/GeneratedModuleMaps-iphonesimulator/grpcWrapper.modulemap -Xcc -fmodule-map-file\=/tmp/havital-xcodebuild/derivedData/Build/Intermediates.noindex/GeneratedModuleMaps-iphonesimulator/grpcppWrapper.modulemap -Xcc -fmodule-map-file\=/tmp/havital-xcodebuild/derivedData/Build/Intermediates.noindex/GeneratedModuleMaps-iphonesimulator/nanopb.modulemap -Xcc -fmodule-map-file\=/tmp/havital-xcodebuild/derivedData/Build/Intermediates.noindex/GeneratedModuleMaps-iphonesimulator/leveldb.modulemap -Xcc -fmodule-map-file\=/tmp/havital-xcodebuild/derivedData/Build/Intermediates.noindex/GeneratedModuleMaps-iphonesimulator/FirebaseCoreExtension.modulemap -Xcc -fmodule-map-file\=/tmp/havital-xcodebuild/derivedData/Build/Intermediates.noindex/GeneratedModuleMaps-iphonesimulator/FirebaseAppCheckInterop.modulemap -Xcc -fmodule-map-file\=/tmp/havital-xcodebuild/derivedData/Build/Intermediates.noindex/GeneratedModuleMaps-iphonesimulator/FirebaseFirestoreInternalWrapper.modulemap -Xcc -fmodule-map-file\=/tmp/havital-xcodebuild/derivedData/Build/Intermediates.noindex/GeneratedModuleMaps-iphonesimulator/FirebaseFirestoreTarget.modulemap -Xcc -fmodule-map-file\=/tmp/havital-xcodebuild/derivedData/Build/Intermediates.noindex/GeneratedModuleMaps-iphonesimulator/GoogleUtilities-NSData.modulemap -Xcc -fmodule-map-file\=/tmp/havital-xcodebuild/derivedData/Build/Intermediates.noindex/GeneratedModuleMaps-iphonesimulator/FirebaseRemoteConfigInternal.modulemap -Xcc -fmodule-map-file\=/tmp/havital-xcodebuild/derivedData/Build/Intermediates.noindex/GeneratedModuleMaps-iphonesimulator/FirebaseInstallations.modulemap -Xcc -fmodule-map-file\=/tmp/havital-xcodebuild/derivedData/Build/Intermediates.noindex/GeneratedModuleMaps-iphonesimulator/FirebaseABTesting.modulemap -Xcc -fmodule-map-file\=/tmp/havital-xcodebuild/derivedData/Build/Intermediates.noindex/GeneratedModuleMaps-iphonesimulator/FirebaseCore.modulemap -Xcc -fmodule-map-file\=/tmp/havital-xcodebuild/derivedData/Build/Intermediates.noindex/GeneratedModuleMaps-iphonesimulator/AppAuth.modulemap -Xcc -fmodule-map-file\=/tmp/havital-xcodebuild/derivedData/Build/Intermediates.noindex/GeneratedModuleMaps-iphonesimulator/GoogleUtilities-Logger.modulemap -Xcc -fmodule-map-file\=/tmp/havital-xcodebuild/derivedData/Build/Intermediates.noindex/GeneratedModuleMaps-iphonesimulator/GoogleUtilities-Environment.modulemap -Xcc -fmodule-map-file\=/tmp/havital-xcodebuild/derivedData/Build/Intermediates.noindex/GeneratedModuleMaps-iphonesimulator/third-party-IsAppEncrypted.modulemap -Xcc -fmodule-map-file\=/tmp/havital-xcodebuild/derivedData/Build/Intermediates.noindex/GeneratedModuleMaps-iphonesimulator/GoogleUtilities-UserDefaults.modulemap -Xcc -fmodule-map-file\=/tmp/havital-xcodebuild/derivedData/Build/Intermediates.noindex/GeneratedModuleMaps-iphonesimulator/AppCheckCore.modulemap -Xcc -fmodule-map-file\=/tmp/havital-xcodebuild/derivedData/Build/Intermediates.noindex/GeneratedModuleMaps-iphonesimulator/AppAuthCore.modulemap -Xcc -fmodule-map-file\=/tmp/havital-xcodebuild/derivedData/Build/Intermediates.noindex/GeneratedModuleMaps-iphonesimulator/GTMSessionFetcherCore.modulemap -Xcc -fmodule-map-file\=/tmp/havital-xcodebuild/derivedData/Build/Intermediates.noindex/GeneratedModuleMaps-iphonesimulator/GoogleSignIn.modulemap -plugin-path /Applications/Xcode.app/Contents/Developer/Toolchains/XcodeDefault.xctoolchain/usr/lib/swift/host/plugins/testing -enable-bare-slash-regex -enable-experimental-feature DebugDescriptionMacro -sdk /Applications/Xcode.app/Contents/Developer/Platforms/iPhoneSimulator.platform/Developer/SDKs/iPhoneSimulator26.5.sdk -target arm64-apple-ios18.0-simulator -g -module-cache-path /tmp/havital-xcodebuild/derivedData/ModuleCache.noindex -Xfrontend -serialize-debugging-options -profile-coverage-mapping -profile-generate -enable-testing -index-store-path /tmp/havital-xcodebuild/derivedData/Index.noindex/DataStore -Xcc -D_LIBCPP_HARDENING_MODE\=_LIBCPP_HARDENING_MODE_DEBUG -swift-version 5 -I /tmp/havital-xcodebuild/derivedData/Build/Products/Debug-iphonesimulator -Isystem /Applications/Xcode.app/Contents/Developer/Platforms/iPhoneSimulator.platform/Developer/usr/lib -F /tmp/havital-xcodebuild/derivedData/Build/Products/Debug-iphonesimulator/PackageFrameworks -F /tmp/havital-xcodebuild/derivedData/Build/Products/Debug-iphonesimulator/PackageFrameworks -F /tmp/havital-xcodebuild/derivedData/Build/Products/Debug-iphonesimulator/PackageFrameworks -F /tmp/havital-xcodebuild/derivedData/Build/Products/Debug-iphonesimulator/PackageFrameworks -F /tmp/havital-xcodebuild/derivedData/Build/Products/Debug-iphonesimulator/PackageFrameworks -F /tmp/havital-xcodebuild/derivedData/Build/Products/Debug-iphonesimulator/PackageFrameworks -F /tmp/havital-xcodebuild/derivedData/Build/Products/Debug-iphonesimulator/PackageFrameworks -F /tmp/havital-xcodebuild/derivedData/Build/Products/Debug-iphonesimulator/PackageFrameworks -F /tmp/havital-xcodebuild/derivedData/Build/Products/Debug-iphonesimulator/PackageFrameworks -F /tmp/havital-xcodebuild/derivedData/Build/Products/Debug-iphonesimulator/PackageFrameworks -F /tmp/havital-xcodebuild/derivedData/Build/Products/Debug-iphonesimulator/PackageFrameworks -F /tmp/havital-xcodebuild/derivedData/Build/Products/Debug-iphonesimulator/PackageFrameworks -F /tmp/havital-xcodebuild/derivedData/Build/Products/Debug-iphonesimulator/PackageFrameworks -F /tmp/havital-xcodebuild/derivedData/Build/Products/Debug-iphonesimulator/PackageFrameworks -F /tmp/havital-xcodebuild/derivedData/Build/Products/Debug-iphonesimulator/PackageFrameworks -F /tmp/havital-xcodebuild/derivedData/Build/Products/Debug-iphonesimulator/PackageFrameworks -F /tmp/havital-xcodebuild/derivedData/Build/Products/Debug-iphonesimulator/PackageFrameworks -F /tmp/havital-xcodebuild/derivedData/Build/Products/Debug-iphonesimulator/PackageFrameworks -F /tmp/havital-xcodebuild/derivedData/Build/Products/Debug-iphonesimulator/PackageFrameworks -F /tmp/havital-xcodebuild/derivedData/Build/Products/Debug-iphonesimulator/PackageFrameworks -F /tmp/havital-xcodebuild/derivedData/Build/Products/Debug-iphonesimulator/PackageFrameworks -F /tmp/havital-xcodebuild/derivedData/Build/Products/Debug-iphonesimulator/PackageFrameworks -F /tmp/havital-xcodebuild/derivedData/Build/Products/Debug-iphonesimulator/PackageFrameworks -F /tmp/havital-xcodebuild/derivedData/Build/Products/Debug-iphonesimulator/PackageFrameworks -F /tmp/havital-xcodebuild/derivedData/Build/Products/Debug-iphonesimulator/PackageFrameworks -F /tmp/havital-xcodebuild/derivedData/Build/Products/Debug-iphonesimulator/PackageFrameworks -F /tmp/havital-xcodebuild/derivedData/Build/Products/Debug-iphonesimulator/PackageFrameworks -F /tmp/havital-xcodebuild/derivedData/Build/Products/Debug-iphonesimulator/PackageFrameworks -F /tmp/havital-xcodebuild/derivedData/Build/Products/Debug-iphonesimulator/PackageFrameworks -F /tmp/havital-xcodebuild/derivedData/Build/Products/Debug-iphonesimulator/PackageFrameworks -F /tmp/havital-xcodebuild/derivedData/Build/Products/Debug-iphonesimulator/PackageFrameworks -F /tmp/havital-xcodebuild/derivedData/Build/Products/Debug-iphonesimulator/PackageFrameworks -F /tmp/havital-xcodebuild/derivedData/Build/Products/Debug-iphonesimulator/PackageFrameworks -F /tmp/havital-xcodebuild/derivedData/Build/Products/Debug-iphonesimulator/PackageFrameworks -F /tmp/havital-xcodebuild/derivedData/Build/Products/Debug-iphonesimulator/PackageFrameworks -F /tmp/havital-xcodebuild/derivedData/Build/Products/Debug-iphonesimulator/PackageFrameworks -F /tmp/havital-xcodebuild/derivedData/Build/Products/Debug-iphonesimulator/PackageFrameworks -F /tmp/havital-xcodebuild/derivedData/Build/Products/Debug-iphonesimulator/PackageFrameworks -F /tmp/havital-xcodebuild/derivedData/Build/Products/Debug-iphonesimulator/PackageFrameworks -F /tmp/havital-xcodebuild/derivedData/Build/Products/Debug-iphonesimulator/PackageFrameworks -F /tmp/havital-xcodebuild/derivedData/Build/Products/Debug-iphonesimulator/PackageFrameworks -F /tmp/havital-xcodebuild/derivedData/Build/Products/Debug-iphonesimulator/PackageFrameworks -F /tmp/havital-xcodebuild/derivedData/Build/Products/Debug-iphonesimulator/PackageFrameworks -F /tmp/havital-xcodebuild/derivedData/Build/Products/Debug-iphonesimulator/PackageFrameworks -F /tmp/havital-xcodebuild/derivedData/Build/Products/Debug-iphonesimulator/PackageFrameworks -F /tmp/havital-xcodebuild/derivedData/Build/Products/Debug-iphonesimulator/PackageFrameworks -F /tmp/havital-xcodebuild/derivedData/Build/Products/Debug-iphonesimulator/PackageFrameworks -F /tmp/havital-xcodebuild/derivedData/Build/Products/Debug-iphonesimulator/PackageFrameworks -F /tmp/havital-xcodebuild/derivedData/Build/Products/Debug-iphonesimulator/PackageFrameworks -F /tmp/havital-xcodebuild/derivedData/Build/Products/Debug-iphonesimulator/PackageFrameworks -F /tmp/havital-xcodebuild/derivedData/Build/Products/Debug-iphonesimulator/PackageFrameworks -F /tmp/havital-xcodebuild/derivedData/Build/Products/Debug-iphonesimulator/PackageFrameworks -F /tmp/havital-xcodebuild/derivedData/Build/Products/Debug-iphonesimulator -F /Applications/Xcode.app/Contents/Developer/Platforms/iPhoneSimulator.platform/Developer/Library/Frameworks -F /Applications/Xcode.app/Contents/Developer/Platforms/iPhoneSimulator.platform/Developer/SDKs/iPhoneSimulator26.5.sdk/Developer/Library/Frameworks -c -j10 -enable-batch-mode -incremental -Xcc -ivfsstatcache -Xcc /tmp/havital-xcodebuild/derivedData/SDKStatCaches.noindex/iphonesimulator26.5-23F81a-6cfe768891a92b912361537c460fe42b.sdkstatcache -output-file-map /tmp/havital-xcodebuild/derivedData/Build/Intermediates.noindex/Havital.build/Debug-iphonesimulator/HavitalTests.build/Objects-normal/arm64/HavitalTests-OutputFileMap.json -use-frontend-parseable-output -save-temps -no-color-diagnostics -explicit-module-build -module-cache-path /tmp/havital-xcodebuild/derivedData/Build/Intermediates.noindex/SwiftExplicitPrecompiledModules -clang-scanner-module-cache-path /tmp/havital-xcodebuild/derivedData/ModuleCache.noindex -sdk-module-cache-path /tmp/havital-xcodebuild/derivedData/ModuleCache.noindex -serialize-diagnostics -emit-dependencies -emit-module -emit-module-path /tmp/havital-xcodebuild/derivedData/Build/Intermediates.noindex/Havital.build/Debug-iphonesimulator/HavitalTests.build/Objects-normal/arm64/HavitalTests.swiftmodule -validate-clang-modules-once -clang-build-session-file /tmp/havital-xcodebuild/derivedData/ModuleCache.noindex/Session.modulevalidation -Xcc -I/tmp/havital-xcodebuild/derivedData/Build/Intermediates.noindex/Havital.build/Debug-iphonesimulator/HavitalTests.build/swift-overrides.hmap -emit-const-values -Xfrontend -const-gather-protocols-file -Xfrontend /tmp/havital-xcodebuild/derivedData/Build/Intermediates.noindex/Havital.build/Debug-iphonesimulator/HavitalTests.build/Objects-normal/arm64/HavitalTests_const_extract_protocols.json -Xcc -iquote -Xcc /tmp/havital-xcodebuild/derivedData/Build/Intermediates.noindex/Havital.build/Debug-iphonesimulator/HavitalTests.build/HavitalTests-generated-files.hmap -Xcc -I/tmp/havital-xcodebuild/derivedData/Build/Intermediates.noindex/Havital.build/Debug-iphonesimulator/HavitalTests.build/HavitalTests-own-target-headers.hmap -Xcc -I/tmp/havital-xcodebuild/derivedData/Build/Intermediates.noindex/Havital.build/Debug-iphonesimulator/HavitalTests.build/HavitalTests-all-non-framework-target-headers.hmap -Xcc -ivfsoverlay -Xcc /tmp/havital-xcodebuild/derivedData/Build/Intermediates.noindex/Havital.build/Debug-iphonesimulator/Havital-82ed0ad413eda5ea026b0d4aed613207-VFS-iphonesimulator/all-product-headers.yaml -Xcc -iquote -Xcc /tmp/havital-xcodebuild/derivedData/Build/Intermediates.noindex/Havital.build/Debug-iphonesimulator/HavitalTests.build/HavitalTests-project-headers.hmap -Xcc -I/tmp/havital-xcodebuild/derivedData/SourcePackages/checkouts/GoogleDataTransport/GoogleDataTransport/GDTCORLibrary/Public -Xcc -I/tmp/havital-xcodebuild/derivedData/SourcePackages/checkouts/firebase-ios-sdk/FirebaseMessaging/Sources/Public -Xcc -I/tmp/havital-xcodebuild/derivedData/SourcePackages/checkouts/google-ads-on-device-conversion-ios-sdk/GoogleAdsOnDeviceConversionWrapper/include -Xcc -I/tmp/havital-xcodebuild/derivedData/SourcePackages/checkouts/GoogleAppMeasurement/GoogleAppMeasurementWrapper/include -Xcc -I/tmp/havital-xcodebuild/derivedData/SourcePackages/checkouts/GoogleUtilities/GoogleUtilities/MethodSwizzler/Public -Xcc -I/tmp/havital-xcodebuild/derivedData/SourcePackages/checkouts/firebase-ios-sdk/FirebaseAnalyticsWrapper/include -Xcc -I/tmp/havital-xcodebuild/derivedData/SourcePackages/checkouts/firebase-ios-sdk/SwiftPM-PlatformExclude/FirebaseAnalyticsWrap/include -Xcc -I/tmp/havital-xcodebuild/derivedData/SourcePackages/checkouts/firebase-ios-sdk/FirebaseAppCheck/Sources/Public -Xcc -I/tmp/havital-xcodebuild/derivedData/SourcePackages/checkouts/interop-ios-for-google-sdks/RecaptchaEnterprise/RecaptchaInterop/Public -Xcc -I/tmp/havital-xcodebuild/derivedData/SourcePackages/checkouts/GoogleUtilities/GoogleUtilities/Network/Public -Xcc -I/tmp/havital-xcodebuild/derivedData/SourcePackages/checkouts/GoogleUtilities/GoogleUtilities/Reachability/Public -Xcc -I/tmp/havital-xcodebuild/derivedData/SourcePackages/checkouts/GoogleUtilities/GoogleUtilities/AppDelegateSwizzler/Public -Xcc -I/tmp/havital-xcodebuild/derivedData/SourcePackages/checkouts/firebase-ios-sdk/FirebaseAuth/Sources/Public -Xcc -I/tmp/havital-xcodebuild/derivedData/SourcePackages/checkouts/firebase-ios-sdk/FirebaseAuth/Interop/Public -Xcc -I/tmp/havital-xcodebuild/derivedData/SourcePackages/checkouts/abseil-cpp-binary/absl-Wrapper/include -Xcc -I/tmp/havital-xcodebuild/derivedData/SourcePackages/checkouts/grpc-binary/openssl-grpc-Wrapper/include -Xcc -I/tmp/havital-xcodebuild/derivedData/SourcePackages/checkouts/grpc-binary/grpc-Wrapper/include -Xcc -I/tmp/havital-xcodebuild/derivedData/SourcePackages/checkouts/grpc-binary/grpcpp-Wrapper/include -Xcc -I/tmp/havital-xcodebuild/derivedData/SourcePackages/checkouts/nanopb/spm_headers -Xcc -I/tmp/havital-xcodebuild/derivedData/SourcePackages/checkouts/leveldb/include -Xcc -I/tmp/havital-xcodebuild/derivedData/SourcePackages/checkouts/firebase-ios-sdk/FirebaseCore/Extension -Xcc -I/tmp/havital-xcodebuild/derivedData/SourcePackages/checkouts/firebase-ios-sdk/FirebaseAppCheck/Interop/Public -Xcc -I/tmp/havital-xcodebuild/derivedData/SourcePackages/checkouts/firebase-ios-sdk/FirebaseFirestoreInternal -Xcc -I/tmp/havital-xcodebuild/derivedData/SourcePackages/checkouts/firebase-ios-sdk/SwiftPM-PlatformExclude/FirebaseFirestoreWrap/include -Xcc -I/tmp/havital-xcodebuild/derivedData/SourcePackages/checkouts/GoogleUtilities/GoogleUtilities/NSData+zlib/Public -Xcc -I/tmp/havital-xcodebuild/derivedData/SourcePackages/checkouts/firebase-ios-sdk/FirebaseRemoteConfig/Sources/Public -Xcc -I/tmp/havital-xcodebuild/derivedData/SourcePackages/checkouts/firebase-ios-sdk/FirebaseInstallations/Source/Library/Public -Xcc -I/tmp/havital-xcodebuild/derivedData/SourcePackages/checkouts/firebase-ios-sdk/FirebaseABTesting/Sources/Public -Xcc -I/tmp/havital-xcodebuild/derivedData/SourcePackages/checkouts/firebase-ios-sdk/FirebaseCore/Sources/Public -Xcc -I/tmp/havital-xcodebuild/derivedData/SourcePackages/checkouts/firebase-ios-sdk/CoreOnly/Sources -Xcc -I/tmp/havital-xcodebuild/derivedData/SourcePackages/checkouts/AppAuth-iOS/Sources/AppAuth -Xcc -I/tmp/havital-xcodebuild/derivedData/SourcePackages/checkouts/promises/Sources/FBLPromises/include -Xcc -I/tmp/havital-xcodebuild/derivedData/SourcePackages/checkouts/GoogleUtilities/GoogleUtilities/Logger/Public -Xcc -I/tmp/havital-xcodebuild/derivedData/SourcePackages/checkouts/GoogleUtilities/GoogleUtilities/Environment/Public -Xcc -I/tmp/havital-xcodebuild/derivedData/SourcePackages/checkouts/GoogleUtilities/third_party/IsAppEncrypted/Public -Xcc -I/tmp/havital-xcodebuild/derivedData/SourcePackages/checkouts/GoogleUtilities/GoogleUtilities/UserDefaults/Public -Xcc -I/tmp/havital-xcodebuild/derivedData/SourcePackages/checkouts/app-check/AppCheckCore/Sources/Public -Xcc -I/tmp/havital-xcodebuild/derivedData/SourcePackages/checkouts/AppAuth-iOS/Sources/AppAuthCore -Xcc -I/tmp/havital-xcodebuild/derivedData/SourcePackages/checkouts/gtm-session-fetcher/Sources/Core/Public -Xcc -I/tmp/havital-xcodebuild/derivedData/SourcePackages/checkouts/GoogleSignIn-iOS/GoogleSignIn/Sources/Public -Xcc -I/tmp/havital-xcodebuild/derivedData/Build/Products/Debug-iphonesimulator/include -Xcc -I/tmp/havital-xcodebuild/derivedData/Build/Intermediates.noindex/Havital.build/Debug-iphonesimulator/HavitalTests.build/DerivedSources-normal/arm64 -Xcc -I/tmp/havital-xcodebuild/derivedData/Build/Intermediates.noindex/Havital.build/Debug-iphonesimulator/HavitalTests.build/DerivedSources/arm64 -Xcc -I/tmp/havital-xcodebuild/derivedData/Build/Intermediates.noindex/Havital.build/Debug-iphonesimulator/HavitalTests.build/DerivedSources -Xcc -DDEBUG\=1 -emit-objc-header -emit-objc-header-path /tmp/havital-xcodebuild/derivedData/Build/Intermediates.noindex/Havital.build/Debug-iphonesimulator/HavitalTests.build/Objects-normal/arm64/HavitalTests-Swift.h -working-directory /Users/wubaizong/havital/apps/ios/Havital/.worktrees/t0306-app2-skeleton -experimental-emit-module-separately -disable-cmo

SwiftDriver\ Compilation HavitalTests normal arm64 com.apple.xcode.tools.swift.compiler (in target 'HavitalTests' from project 'Havital')
    cd /Users/wubaizong/havital/apps/ios/Havital/.worktrees/t0306-app2-skeleton
    builtin-Swift-Compilation -- /Applications/Xcode.app/Contents/Developer/Toolchains/XcodeDefault.xctoolchain/usr/bin/swiftc -module-name HavitalTests -Onone @/tmp/havital-xcodebuild/derivedData/Build/Intermediates.noindex/Havital.build/Debug-iphonesimulator/HavitalTests.build/Objects-normal/arm64/HavitalTests.SwiftFileList -DDEBUG -Xcc -fmodule-map-file\=/tmp/havital-xcodebuild/derivedData/Build/Intermediates.noindex/GeneratedModuleMaps-iphonesimulator/GoogleDataTransport.modulemap -Xcc -fmodule-map-file\=/tmp/havital-xcodebuild/derivedData/Build/Intermediates.noindex/GeneratedModuleMaps-iphonesimulator/FirebaseMessaging.modulemap -Xcc -fmodule-map-file\=/tmp/havital-xcodebuild/derivedData/Build/Intermediates.noindex/GeneratedModuleMaps-iphonesimulator/GoogleAdsOnDeviceConversionTarget.modulemap -Xcc -fmodule-map-file\=/tmp/havital-xcodebuild/derivedData/Build/Intermediates.noindex/GeneratedModuleMaps-iphonesimulator/GoogleAppMeasurementTarget.modulemap -Xcc -fmodule-map-file\=/tmp/havital-xcodebuild/derivedData/Build/Intermediates.noindex/GeneratedModuleMaps-iphonesimulator/GoogleUtilities-MethodSwizzler.modulemap -Xcc -fmodule-map-file\=/tmp/havital-xcodebuild/derivedData/Build/Intermediates.noindex/GeneratedModuleMaps-iphonesimulator/FirebaseAnalyticsWrapper.modulemap -Xcc -fmodule-map-file\=/tmp/havital-xcodebuild/derivedData/Build/Intermediates.noindex/GeneratedModuleMaps-iphonesimulator/FirebaseAnalyticsTarget.modulemap -Xcc -fmodule-map-file\=/tmp/havital-xcodebuild/derivedData/Build/Intermediates.noindex/GeneratedModuleMaps-iphonesimulator/FirebaseAppCheck.modulemap -Xcc -fmodule-map-file\=/tmp/havital-xcodebuild/derivedData/Build/Intermediates.noindex/GeneratedModuleMaps-iphonesimulator/RecaptchaInterop.modulemap -Xcc -fmodule-map-file\=/tmp/havital-xcodebuild/derivedData/Build/Intermediates.noindex/GeneratedModuleMaps-iphonesimulator/GoogleUtilities-Network.modulemap -Xcc -fmodule-map-file\=/tmp/havital-xcodebuild/derivedData/Build/Intermediates.noindex/GeneratedModuleMaps-iphonesimulator/GoogleUtilities-Reachability.modulemap -Xcc -fmodule-map-file\=/tmp/havital-xcodebuild/derivedData/Build/Intermediates.noindex/GeneratedModuleMaps-iphonesimulator/GoogleUtilities-AppDelegateSwizzler.modulemap -Xcc -fmodule-map-file\=/tmp/havital-xcodebuild/derivedData/Build/Intermediates.noindex/GeneratedModuleMaps-iphonesimulator/FirebaseAuthInternal.modulemap -Xcc -fmodule-map-file\=/tmp/havital-xcodebuild/derivedData/Build/Intermediates.noindex/GeneratedModuleMaps-iphonesimulator/FirebaseAuthInterop.modulemap -Xcc -fmodule-map-file\=/tmp/havital-xcodebuild/derivedData/Build/Intermediates.noindex/GeneratedModuleMaps-iphonesimulator/abslWrapper.modulemap -Xcc -fmodule-map-file\=/tmp/havital-xcodebuild/derivedData/Build/Intermediates.noindex/GeneratedModuleMaps-iphonesimulator/opensslWrapper.modulemap -Xcc -fmodule-map-file\=/tmp/havital-xcodebuild/derivedData/Build/Intermediates.noindex/GeneratedModuleMaps-iphonesimulator/grpcWrapper.modulemap -Xcc -fmodule-map-file\=/tmp/havital-xcodebuild/derivedData/Build/Intermediates.noindex/GeneratedModuleMaps-iphonesimulator/grpcppWrapper.modulemap -Xcc -fmodule-map-file\=/tmp/havital-xcodebuild/derivedData/Build/Intermediates.noindex/GeneratedModuleMaps-iphonesimulator/nanopb.modulemap -Xcc -fmodule-map-file\=/tmp/havital-xcodebuild/derivedData/Build/Intermediates.noindex/GeneratedModuleMaps-iphonesimulator/leveldb.modulemap -Xcc -fmodule-map-file\=/tmp/havital-xcodebuild/derivedData/Build/Intermediates.noindex/GeneratedModuleMaps-iphonesimulator/FirebaseCoreExtension.modulemap -Xcc -fmodule-map-file\=/tmp/havital-xcodebuild/derivedData/Build/Intermediates.noindex/GeneratedModuleMaps-iphonesimulator/FirebaseAppCheckInterop.modulemap -Xcc -fmodule-map-file\=/tmp/havital-xcodebuild/derivedData/Build/Intermediates.noindex/GeneratedModuleMaps-iphonesimulator/FirebaseFirestoreInternalWrapper.modulemap -Xcc -fmodule-map-file\=/tmp/havital-xcodebuild/derivedData/Build/Intermediates.noindex/GeneratedModuleMaps-iphonesimulator/FirebaseFirestoreTarget.modulemap -Xcc -fmodule-map-file\=/tmp/havital-xcodebuild/derivedData/Build/Intermediates.noindex/GeneratedModuleMaps-iphonesimulator/GoogleUtilities-NSData.modulemap -Xcc -fmodule-map-file\=/tmp/havital-xcodebuild/derivedData/Build/Intermediates.noindex/GeneratedModuleMaps-iphonesimulator/FirebaseRemoteConfigInternal.modulemap -Xcc -fmodule-map-file\=/tmp/havital-xcodebuild/derivedData/Build/Intermediates.noindex/GeneratedModuleMaps-iphonesimulator/FirebaseInstallations.modulemap -Xcc -fmodule-map-file\=/tmp/havital-xcodebuild/derivedData/Build/Intermediates.noindex/GeneratedModuleMaps-iphonesimulator/FirebaseABTesting.modulemap -Xcc -fmodule-map-file\=/tmp/havital-xcodebuild/derivedData/Build/Intermediates.noindex/GeneratedModuleMaps-iphonesimulator/FirebaseCore.modulemap -Xcc -fmodule-map-file\=/tmp/havital-xcodebuild/derivedData/Build/Intermediates.noindex/GeneratedModuleMaps-iphonesimulator/AppAuth.modulemap -Xcc -fmodule-map-file\=/tmp/havital-xcodebuild/derivedData/Build/Intermediates.noindex/GeneratedModuleMaps-iphonesimulator/GoogleUtilities-Logger.modulemap -Xcc -fmodule-map-file\=/tmp/havital-xcodebuild/derivedData/Build/Intermediates.noindex/GeneratedModuleMaps-iphonesimulator/GoogleUtilities-Environment.modulemap -Xcc -fmodule-map-file\=/tmp/havital-xcodebuild/derivedData/Build/Intermediates.noindex/GeneratedModuleMaps-iphonesimulator/third-party-IsAppEncrypted.modulemap -Xcc -fmodule-map-file\=/tmp/havital-xcodebuild/derivedData/Build/Intermediates.noindex/GeneratedModuleMaps-iphonesimulator/GoogleUtilities-UserDefaults.modulemap -Xcc -fmodule-map-file\=/tmp/havital-xcodebuild/derivedData/Build/Intermediates.noindex/GeneratedModuleMaps-iphonesimulator/AppCheckCore.modulemap -Xcc -fmodule-map-file\=/tmp/havital-xcodebuild/derivedData/Build/Intermediates.noindex/GeneratedModuleMaps-iphonesimulator/AppAuthCore.modulemap -Xcc -fmodule-map-file\=/tmp/havital-xcodebuild/derivedData/Build/Intermediates.noindex/GeneratedModuleMaps-iphonesimulator/GTMSessionFetcherCore.modulemap -Xcc -fmodule-map-file\=/tmp/havital-xcodebuild/derivedData/Build/Intermediates.noindex/GeneratedModuleMaps-iphonesimulator/GoogleSignIn.modulemap -plugin-path /Applications/Xcode.app/Contents/Developer/Toolchains/XcodeDefault.xctoolchain/usr/lib/swift/host/plugins/testing -enable-bare-slash-regex -enable-experimental-feature DebugDescriptionMacro -sdk /Applications/Xcode.app/Contents/Developer/Platforms/iPhoneSimulator.platform/Developer/SDKs/iPhoneSimulator26.5.sdk -target arm64-apple-ios18.0-simulator -g -module-cache-path /tmp/havital-xcodebuild/derivedData/ModuleCache.noindex -Xfrontend -serialize-debugging-options -profile-coverage-mapping -profile-generate -enable-testing -index-store-path /tmp/havital-xcodebuild/derivedData/Index.noindex/DataStore -Xcc -D_LIBCPP_HARDENING_MODE\=_LIBCPP_HARDENING_MODE_DEBUG -swift-version 5 -I /tmp/havital-xcodebuild/derivedData/Build/Products/Debug-iphonesimulator -Isystem /Applications/Xcode.app/Contents/Developer/Platforms/iPhoneSimulator.platform/Developer/usr/lib -F /tmp/havital-xcodebuild/derivedData/Build/Products/Debug-iphonesimulator/PackageFrameworks -F /tmp/havital-xcodebuild/derivedData/Build/Products/Debug-iphonesimulator/PackageFrameworks -F /tmp/havital-xcodebuild/derivedData/Build/Products/Debug-iphonesimulator/PackageFrameworks -F /tmp/havital-xcodebuild/derivedData/Build/Products/Debug-iphonesimulator/PackageFrameworks -F /tmp/havital-xcodebuild/derivedData/Build/Products/Debug-iphonesimulator/PackageFrameworks -F /tmp/havital-xcodebuild/derivedData/Build/Products/Debug-iphonesimulator/PackageFrameworks -F /tmp/havital-xcodebuild/derivedData/Build/Products/Debug-iphonesimulator/PackageFrameworks -F /tmp/havital-xcodebuild/derivedData/Build/Products/Debug-iphonesimulator/PackageFrameworks -F /tmp/havital-xcodebuild/derivedData/Build/Products/Debug-iphonesimulator/PackageFrameworks -F /tmp/havital-xcodebuild/derivedData/Build/Products/Debug-iphonesimulator/PackageFrameworks -F /tmp/havital-xcodebuild/derivedData/Build/Products/Debug-iphonesimulator/PackageFrameworks -F /tmp/havital-xcodebuild/derivedData/Build/Products/Debug-iphonesimulator/PackageFrameworks -F /tmp/havital-xcodebuild/derivedData/Build/Products/Debug-iphonesimulator/PackageFrameworks -F /tmp/havital-xcodebuild/derivedData/Build/Products/Debug-iphonesimulator/PackageFrameworks -F /tmp/havital-xcodebuild/derivedData/Build/Products/Debug-iphonesimulator/PackageFrameworks -F /tmp/havital-xcodebuild/derivedData/Build/Products/Debug-iphonesimulator/PackageFrameworks -F /tmp/havital-xcodebuild/derivedData/Build/Products/Debug-iphonesimulator/PackageFrameworks -F /tmp/havital-xcodebuild/derivedData/Build/Products/Debug-iphonesimulator/PackageFrameworks -F /tmp/havital-xcodebuild/derivedData/Build/Products/Debug-iphonesimulator/PackageFrameworks -F /tmp/havital-xcodebuild/derivedData/Build/Products/Debug-iphonesimulator/PackageFrameworks -F /tmp/havital-xcodebuild/derivedData/Build/Products/Debug-iphonesimulator/PackageFrameworks -F /tmp/havital-xcodebuild/derivedData/Build/Products/Debug-iphonesimulator/PackageFrameworks -F /tmp/havital-xcodebuild/derivedData/Build/Products/Debug-iphonesimulator/PackageFrameworks -F /tmp/havital-xcodebuild/derivedData/Build/Products/Debug-iphonesimulator/PackageFrameworks -F /tmp/havital-xcodebuild/derivedData/Build/Products/Debug-iphonesimulator/PackageFrameworks -F /tmp/havital-xcodebuild/derivedData/Build/Products/Debug-iphonesimulator/PackageFrameworks -F /tmp/havital-xcodebuild/derivedData/Build/Products/Debug-iphonesimulator/PackageFrameworks -F /tmp/havital-xcodebuild/derivedData/Build/Products/Debug-iphonesimulator/PackageFrameworks -F /tmp/havital-xcodebuild/derivedData/Build/Products/Debug-iphonesimulator/PackageFrameworks -F /tmp/havital-xcodebuild/derivedData/Build/Products/Debug-iphonesimulator/PackageFrameworks -F /tmp/havital-xcodebuild/derivedData/Build/Products/Debug-iphonesimulator/PackageFrameworks -F /tmp/havital-xcodebuild/derivedData/Build/Products/Debug-iphonesimulator/PackageFrameworks -F /tmp/havital-xcodebuild/derivedData/Build/Products/Debug-iphonesimulator/PackageFrameworks -F /tmp/havital-xcodebuild/derivedData/Build/Products/Debug-iphonesimulator/PackageFrameworks -F /tmp/havital-xcodebuild/derivedData/Build/Products/Debug-iphonesimulator/PackageFrameworks -F /tmp/havital-xcodebuild/derivedData/Build/Products/Debug-iphonesimulator/PackageFrameworks -F /tmp/havital-xcodebuild/derivedData/Build/Products/Debug-iphonesimulator/PackageFrameworks -F /tmp/havital-xcodebuild/derivedData/Build/Products/Debug-iphonesimulator/PackageFrameworks -F /tmp/havital-xcodebuild/derivedData/Build/Products/Debug-iphonesimulator/PackageFrameworks -F /tmp/havital-xcodebuild/derivedData/Build/Products/Debug-iphonesimulator/PackageFrameworks -F /tmp/havital-xcodebuild/derivedData/Build/Products/Debug-iphonesimulator/PackageFrameworks -F /tmp/havital-xcodebuild/derivedData/Build/Products/Debug-iphonesimulator/PackageFrameworks -F /tmp/havital-xcodebuild/derivedData/Build/Products/Debug-iphonesimulator/PackageFrameworks -F /tmp/havital-xcodebuild/derivedData/Build/Products/Debug-iphonesimulator/PackageFrameworks -F /tmp/havital-xcodebuild/derivedData/Build/Products/Debug-iphonesimulator/PackageFrameworks -F /tmp/havital-xcodebuild/derivedData/Build/Products/Debug-iphonesimulator/PackageFrameworks -F /tmp/havital-xcodebuild/derivedData/Build/Products/Debug-iphonesimulator/PackageFrameworks -F /tmp/havital-xcodebuild/derivedData/Build/Products/Debug-iphonesimulator/PackageFrameworks -F /tmp/havital-xcodebuild/derivedData/Build/Products/Debug-iphonesimulator/PackageFrameworks -F /tmp/havital-xcodebuild/derivedData/Build/Products/Debug-iphonesimulator/PackageFrameworks -F /tmp/havital-xcodebuild/derivedData/Build/Products/Debug-iphonesimulator/PackageFrameworks -F /tmp/havital-xcodebuild/derivedData/Build/Products/Debug-iphonesimulator/PackageFrameworks -F /tmp/havital-xcodebuild/derivedData/Build/Products/Debug-iphonesimulator -F /Applications/Xcode.app/Contents/Developer/Platforms/iPhoneSimulator.platform/Developer/Library/Frameworks -F /Applications/Xcode.app/Contents/Developer/Platforms/iPhoneSimulator.platform/Developer/SDKs/iPhoneSimulator26.5.sdk/Developer/Library/Frameworks -c -j10 -enable-batch-mode -incremental -Xcc -ivfsstatcache -Xcc /tmp/havital-xcodebuild/derivedData/SDKStatCaches.noindex/iphonesimulator26.5-23F81a-6cfe768891a92b912361537c460fe42b.sdkstatcache -output-file-map /tmp/havital-xcodebuild/derivedData/Build/Intermediates.noindex/Havital.build/Debug-iphonesimulator/HavitalTests.build/Objects-normal/arm64/HavitalTests-OutputFileMap.json -use-frontend-parseable-output -save-temps -no-color-diagnostics -explicit-module-build -module-cache-path /tmp/havital-xcodebuild/derivedData/Build/Intermediates.noindex/SwiftExplicitPrecompiledModules -clang-scanner-module-cache-path /tmp/havital-xcodebuild/derivedData/ModuleCache.noindex -sdk-module-cache-path /tmp/havital-xcodebuild/derivedData/ModuleCache.noindex -serialize-diagnostics -emit-dependencies -emit-module -emit-module-path /tmp/havital-xcodebuild/derivedData/Build/Intermediates.noindex/Havital.build/Debug-iphonesimulator/HavitalTests.build/Objects-normal/arm64/HavitalTests.swiftmodule -validate-clang-modules-once -clang-build-session-file /tmp/havital-xcodebuild/derivedData/ModuleCache.noindex/Session.modulevalidation -Xcc -I/tmp/havital-xcodebuild/derivedData/Build/Intermediates.noindex/Havital.build/Debug-iphonesimulator/HavitalTests.build/swift-overrides.hmap -emit-const-values -Xfrontend -const-gather-protocols-file -Xfrontend /tmp/havital-xcodebuild/derivedData/Build/Intermediates.noindex/Havital.build/Debug-iphonesimulator/HavitalTests.build/Objects-normal/arm64/HavitalTests_const_extract_protocols.json -Xcc -iquote -Xcc /tmp/havital-xcodebuild/derivedData/Build/Intermediates.noindex/Havital.build/Debug-iphonesimulator/HavitalTests.build/HavitalTests-generated-files.hmap -Xcc -I/tmp/havital-xcodebuild/derivedData/Build/Intermediates.noindex/Havital.build/Debug-iphonesimulator/HavitalTests.build/HavitalTests-own-target-headers.hmap -Xcc -I/tmp/havital-xcodebuild/derivedData/Build/Intermediates.noindex/Havital.build/Debug-iphonesimulator/HavitalTests.build/HavitalTests-all-non-framework-target-headers.hmap -Xcc -ivfsoverlay -Xcc /tmp/havital-xcodebuild/derivedData/Build/Intermediates.noindex/Havital.build/Debug-iphonesimulator/Havital-82ed0ad413eda5ea026b0d4aed613207-VFS-iphonesimulator/all-product-headers.yaml -Xcc -iquote -Xcc /tmp/havital-xcodebuild/derivedData/Build/Intermediates.noindex/Havital.build/Debug-iphonesimulator/HavitalTests.build/HavitalTests-project-headers.hmap -Xcc -I/tmp/havital-xcodebuild/derivedData/SourcePackages/checkouts/GoogleDataTransport/GoogleDataTransport/GDTCORLibrary/Public -Xcc -I/tmp/havital-xcodebuild/derivedData/SourcePackages/checkouts/firebase-ios-sdk/FirebaseMessaging/Sources/Public -Xcc -I/tmp/havital-xcodebuild/derivedData/SourcePackages/checkouts/google-ads-on-device-conversion-ios-sdk/GoogleAdsOnDeviceConversionWrapper/include -Xcc -I/tmp/havital-xcodebuild/derivedData/SourcePackages/checkouts/GoogleAppMeasurement/GoogleAppMeasurementWrapper/include -Xcc -I/tmp/havital-xcodebuild/derivedData/SourcePackages/checkouts/GoogleUtilities/GoogleUtilities/MethodSwizzler/Public -Xcc -I/tmp/havital-xcodebuild/derivedData/SourcePackages/checkouts/firebase-ios-sdk/FirebaseAnalyticsWrapper/include -Xcc -I/tmp/havital-xcodebuild/derivedData/SourcePackages/checkouts/firebase-ios-sdk/SwiftPM-PlatformExclude/FirebaseAnalyticsWrap/include -Xcc -I/tmp/havital-xcodebuild/derivedData/SourcePackages/checkouts/firebase-ios-sdk/FirebaseAppCheck/Sources/Public -Xcc -I/tmp/havital-xcodebuild/derivedData/SourcePackages/checkouts/interop-ios-for-google-sdks/RecaptchaEnterprise/RecaptchaInterop/Public -Xcc -I/tmp/havital-xcodebuild/derivedData/SourcePackages/checkouts/GoogleUtilities/GoogleUtilities/Network/Public -Xcc -I/tmp/havital-xcodebuild/derivedData/SourcePackages/checkouts/GoogleUtilities/GoogleUtilities/Reachability/Public -Xcc -I/tmp/havital-xcodebuild/derivedData/SourcePackages/checkouts/GoogleUtilities/GoogleUtilities/AppDelegateSwizzler/Public -Xcc -I/tmp/havital-xcodebuild/derivedData/SourcePackages/checkouts/firebase-ios-sdk/FirebaseAuth/Sources/Public -Xcc -I/tmp/havital-xcodebuild/derivedData/SourcePackages/checkouts/firebase-ios-sdk/FirebaseAuth/Interop/Public -Xcc -I/tmp/havital-xcodebuild/derivedData/SourcePackages/checkouts/abseil-cpp-binary/absl-Wrapper/include -Xcc -I/tmp/havital-xcodebuild/derivedData/SourcePackages/checkouts/grpc-binary/openssl-grpc-Wrapper/include -Xcc -I/tmp/havital-xcodebuild/derivedData/SourcePackages/checkouts/grpc-binary/grpc-Wrapper/include -Xcc -I/tmp/havital-xcodebuild/derivedData/SourcePackages/checkouts/grpc-binary/grpcpp-Wrapper/include -Xcc -I/tmp/havital-xcodebuild/derivedData/SourcePackages/checkouts/nanopb/spm_headers -Xcc -I/tmp/havital-xcodebuild/derivedData/SourcePackages/checkouts/leveldb/include -Xcc -I/tmp/havital-xcodebuild/derivedData/SourcePackages/checkouts/firebase-ios-sdk/FirebaseCore/Extension -Xcc -I/tmp/havital-xcodebuild/derivedData/SourcePackages/checkouts/firebase-ios-sdk/FirebaseAppCheck/Interop/Public -Xcc -I/tmp/havital-xcodebuild/derivedData/SourcePackages/checkouts/firebase-ios-sdk/FirebaseFirestoreInternal -Xcc -I/tmp/havital-xcodebuild/derivedData/SourcePackages/checkouts/firebase-ios-sdk/SwiftPM-PlatformExclude/FirebaseFirestoreWrap/include -Xcc -I/tmp/havital-xcodebuild/derivedData/SourcePackages/checkouts/GoogleUtilities/GoogleUtilities/NSData+zlib/Public -Xcc -I/tmp/havital-xcodebuild/derivedData/SourcePackages/checkouts/firebase-ios-sdk/FirebaseRemoteConfig/Sources/Public -Xcc -I/tmp/havital-xcodebuild/derivedData/SourcePackages/checkouts/firebase-ios-sdk/FirebaseInstallations/Source/Library/Public -Xcc -I/tmp/havital-xcodebuild/derivedData/SourcePackages/checkouts/firebase-ios-sdk/FirebaseABTesting/Sources/Public -Xcc -I/tmp/havital-xcodebuild/derivedData/SourcePackages/checkouts/firebase-ios-sdk/FirebaseCore/Sources/Public -Xcc -I/tmp/havital-xcodebuild/derivedData/SourcePackages/checkouts/firebase-ios-sdk/CoreOnly/Sources -Xcc -I/tmp/havital-xcodebuild/derivedData/SourcePackages/checkouts/AppAuth-iOS/Sources/AppAuth -Xcc -I/tmp/havital-xcodebuild/derivedData/SourcePackages/checkouts/promises/Sources/FBLPromises/include -Xcc -I/tmp/havital-xcodebuild/derivedData/SourcePackages/checkouts/GoogleUtilities/GoogleUtilities/Logger/Public -Xcc -I/tmp/havital-xcodebuild/derivedData/SourcePackages/checkouts/GoogleUtilities/GoogleUtilities/Environment/Public -Xcc -I/tmp/havital-xcodebuild/derivedData/SourcePackages/checkouts/GoogleUtilities/third_party/IsAppEncrypted/Public -Xcc -I/tmp/havital-xcodebuild/derivedData/SourcePackages/checkouts/GoogleUtilities/GoogleUtilities/UserDefaults/Public -Xcc -I/tmp/havital-xcodebuild/derivedData/SourcePackages/checkouts/app-check/AppCheckCore/Sources/Public -Xcc -I/tmp/havital-xcodebuild/derivedData/SourcePackages/checkouts/AppAuth-iOS/Sources/AppAuthCore -Xcc -I/tmp/havital-xcodebuild/derivedData/SourcePackages/checkouts/gtm-session-fetcher/Sources/Core/Public -Xcc -I/tmp/havital-xcodebuild/derivedData/SourcePackages/checkouts/GoogleSignIn-iOS/GoogleSignIn/Sources/Public -Xcc -I/tmp/havital-xcodebuild/derivedData/Build/Products/Debug-iphonesimulator/include -Xcc -I/tmp/havital-xcodebuild/derivedData/Build/Intermediates.noindex/Havital.build/Debug-iphonesimulator/HavitalTests.build/DerivedSources-normal/arm64 -Xcc -I/tmp/havital-xcodebuild/derivedData/Build/Intermediates.noindex/Havital.build/Debug-iphonesimulator/HavitalTests.build/DerivedSources/arm64 -Xcc -I/tmp/havital-xcodebuild/derivedData/Build/Intermediates.noindex/Havital.build/Debug-iphonesimulator/HavitalTests.build/DerivedSources -Xcc -DDEBUG\=1 -emit-objc-header -emit-objc-header-path /tmp/havital-xcodebuild/derivedData/Build/Intermediates.noindex/Havital.build/Debug-iphonesimulator/HavitalTests.build/Objects-normal/arm64/HavitalTests-Swift.h -working-directory /Users/wubaizong/havital/apps/ios/Havital/.worktrees/t0306-app2-skeleton -experimental-emit-module-separately -disable-cmo

Copy /tmp/havital-xcodebuild/derivedData/Build/Products/Debug-iphonesimulator/HavitalTests.swiftmodule/Project/arm64-apple-ios-simulator.swiftsourceinfo /tmp/havital-xcodebuild/derivedData/Build/Intermediates.noindex/Havital.build/Debug-iphonesimulator/HavitalTests.build/Objects-normal/arm64/HavitalTests.swiftsourceinfo (in target 'HavitalTests' from project 'Havital')
    cd /Users/wubaizong/havital/apps/ios/Havital/.worktrees/t0306-app2-skeleton
    builtin-copy -exclude .DS_Store -exclude CVS -exclude .svn -exclude .git -exclude .hg -resolve-src-symlinks -rename /tmp/havital-xcodebuild/derivedData/Build/Intermediates.noindex/Havital.build/Debug-iphonesimulator/HavitalTests.build/Objects-normal/arm64/HavitalTests.swiftsourceinfo /tmp/havital-xcodebuild/derivedData/Build/Products/Debug-iphonesimulator/HavitalTests.swiftmodule/Project/arm64-apple-ios-simulator.swiftsourceinfo

Copy /tmp/havital-xcodebuild/derivedData/Build/Products/Debug-iphonesimulator/HavitalTests.swiftmodule/arm64-apple-ios-simulator.abi.json /tmp/havital-xcodebuild/derivedData/Build/Intermediates.noindex/Havital.build/Debug-iphonesimulator/HavitalTests.build/Objects-normal/arm64/HavitalTests.abi.json (in target 'HavitalTests' from project 'Havital')
    cd /Users/wubaizong/havital/apps/ios/Havital/.worktrees/t0306-app2-skeleton
    builtin-copy -exclude .DS_Store -exclude CVS -exclude .svn -exclude .git -exclude .hg -resolve-src-symlinks -rename /tmp/havital-xcodebuild/derivedData/Build/Intermediates.noindex/Havital.build/Debug-iphonesimulator/HavitalTests.build/Objects-normal/arm64/HavitalTests.abi.json /tmp/havital-xcodebuild/derivedData/Build/Products/Debug-iphonesimulator/HavitalTests.swiftmodule/arm64-apple-ios-simulator.abi.json

Ld /tmp/havital-xcodebuild/derivedData/Build/Products/Debug-iphonesimulator/paceriz_dev.app/PlugIns/HavitalTests.xctest/HavitalTests normal (in target 'HavitalTests' from project 'Havital')
    cd /Users/wubaizong/havital/apps/ios/Havital/.worktrees/t0306-app2-skeleton
    /Applications/Xcode.app/Contents/Developer/Toolchains/XcodeDefault.xctoolchain/usr/bin/clang -Xlinker -reproducible -target arm64-apple-ios18.0-simulator -bundle -isysroot /Applications/Xcode.app/Contents/Developer/Platforms/iPhoneSimulator.platform/Developer/SDKs/iPhoneSimulator26.5.sdk -O0 -L/tmp/havital-xcodebuild/derivedData/Build/Intermediates.noindex/EagerLinkingTBDs/Debug-iphonesimulator -L/tmp/havital-xcodebuild/derivedData/Build/Products/Debug-iphonesimulator -L/Applications/Xcode.app/Contents/Developer/Platforms/iPhoneSimulator.platform/Developer/usr/lib -F/tmp/havital-xcodebuild/derivedData/Build/Intermediates.noindex/EagerLinkingTBDs/Debug-iphonesimulator -F/tmp/havital-xcodebuild/derivedData/Build/Products/Debug-iphonesimulator/PackageFrameworks -F/tmp/havital-xcodebuild/derivedData/Build/Products/Debug-iphonesimulator/PackageFrameworks -F/tmp/havital-xcodebuild/derivedData/Build/Products/Debug-iphonesimulator/PackageFrameworks -F/tmp/havital-xcodebuild/derivedData/Build/Products/Debug-iphonesimulator/PackageFrameworks -F/tmp/havital-xcodebuild/derivedData/Build/Products/Debug-iphonesimulator/PackageFrameworks -F/tmp/havital-xcodebuild/derivedData/Build/Products/Debug-iphonesimulator/PackageFrameworks -F/tmp/havital-xcodebuild/derivedData/Build/Products/Debug-iphonesimulator/PackageFrameworks -F/tmp/havital-xcodebuild/derivedData/Build/Products/Debug-iphonesimulator/PackageFrameworks -F/tmp/havital-xcodebuild/derivedData/Build/Products/Debug-iphonesimulator/PackageFrameworks -F/tmp/havital-xcodebuild/derivedData/Build/Products/Debug-iphonesimulator/PackageFrameworks -F/tmp/havital-xcodebuild/derivedData/Build/Products/Debug-iphonesimulator/PackageFrameworks -F/tmp/havital-xcodebuild/derivedData/Build/Products/Debug-iphonesimulator/PackageFrameworks -F/tmp/havital-xcodebuild/derivedData/Build/Products/Debug-iphonesimulator/PackageFrameworks -F/tmp/havital-xcodebuild/derivedData/Build/Products/Debug-iphonesimulator/PackageFrameworks -F/tmp/havital-xcodebuild/derivedData/Build/Products/Debug-iphonesimulator/PackageFrameworks -F/tmp/havital-xcodebuild/derivedData/Build/Products/Debug-iphonesimulator/PackageFrameworks -F/tmp/havital-xcodebuild/derivedData/Build/Products/Debug-iphonesimulator/PackageFrameworks -F/tmp/havital-xcodebuild/derivedData/Build/Products/Debug-iphonesimulator/PackageFrameworks -F/tmp/havital-xcodebuild/derivedData/Build/Products/Debug-iphonesimulator/PackageFrameworks -F/tmp/havital-xcodebuild/derivedData/Build/Products/Debug-iphonesimulator/PackageFrameworks -F/tmp/havital-xcodebuild/derivedData/Build/Products/Debug-iphonesimulator/PackageFrameworks -F/tmp/havital-xcodebuild/derivedData/Build/Products/Debug-iphonesimulator/PackageFrameworks -F/tmp/havital-xcodebuild/derivedData/Build/Products/Debug-iphonesimulator/PackageFrameworks -F/tmp/havital-xcodebuild/derivedData/Build/Products/Debug-iphonesimulator/PackageFrameworks -F/tmp/havital-xcodebuild/derivedData/Build/Products/Debug-iphonesimulator/PackageFrameworks -F/tmp/havital-xcodebuild/derivedData/Build/Products/Debug-iphonesimulator/PackageFrameworks -F/tmp/havital-xcodebuild/derivedData/Build/Products/Debug-iphonesimulator/PackageFrameworks -F/tmp/havital-xcodebuild/derivedData/Build/Products/Debug-iphonesimulator/PackageFrameworks -F/tmp/havital-xcodebuild/derivedData/Build/Products/Debug-iphonesimulator/PackageFrameworks -F/tmp/havital-xcodebuild/derivedData/Build/Products/Debug-iphonesimulator/PackageFrameworks -F/tmp/havital-xcodebuild/derivedData/Build/Products/Debug-iphonesimulator/PackageFrameworks -F/tmp/havital-xcodebuild/derivedData/Build/Products/Debug-iphonesimulator/PackageFrameworks -F/tmp/havital-xcodebuild/derivedData/Build/Products/Debug-iphonesimulator/PackageFrameworks -F/tmp/havital-xcodebuild/derivedData/Build/Products/Debug-iphonesimulator/PackageFrameworks -F/tmp/havital-xcodebuild/derivedData/Build/Products/Debug-iphonesimulator/PackageFrameworks -F/tmp/havital-xcodebuild/derivedData/Build/Products/Debug-iphonesimulator/PackageFrameworks -F/tmp/havital-xcodebuild/derivedData/Build/Products/Debug-iphonesimulator/PackageFrameworks -F/tmp/havital-xcodebuild/derivedData/Build/Products/Debug-iphonesimulator/PackageFrameworks -F/tmp/havital-xcodebuild/derivedData/Build/Products/Debug-iphonesimulator/PackageFrameworks -F/tmp/havital-xcodebuild/derivedData/Build/Products/Debug-iphonesimulator/PackageFrameworks -F/tmp/havital-xcodebuild/derivedData/Build/Products/Debug-iphonesimulator/PackageFrameworks -F/tmp/havital-xcodebuild/derivedData/Build/Products/Debug-iphonesimulator/PackageFrameworks -F/tmp/havital-xcodebuild/derivedData/Build/Products/Debug-iphonesimulator/PackageFrameworks -F/tmp/havital-xcodebuild/derivedData/Build/Products/Debug-iphonesimulator/PackageFrameworks -F/tmp/havital-xcodebuild/derivedData/Build/Products/Debug-iphonesimulator/PackageFrameworks -F/tmp/havital-xcodebuild/derivedData/Build/Products/Debug-iphonesimulator/PackageFrameworks -F/tmp/havital-xcodebuild/derivedData/Build/Products/Debug-iphonesimulator/PackageFrameworks -F/tmp/havital-xcodebuild/derivedData/Build/Products/Debug-iphonesimulator/PackageFrameworks -F/tmp/havital-xcodebuild/derivedData/Build/Products/Debug-iphonesimulator/PackageFrameworks -F/tmp/havital-xcodebuild/derivedData/Build/Products/Debug-iphonesimulator/PackageFrameworks -F/tmp/havital-xcodebuild/derivedData/Build/Products/Debug-iphonesimulator/PackageFrameworks -F/tmp/havital-xcodebuild/derivedData/Build/Products/Debug-iphonesimulator/PackageFrameworks -F/tmp/havital-xcodebuild/derivedData/Build/Products/Debug-iphonesimulator -iframework /Applications/Xcode.app/Contents/Developer/Platforms/iPhoneSimulator.platform/Developer/Library/Frameworks -iframework /Applications/Xcode.app/Contents/Developer/Platforms/iPhoneSimulator.platform/Developer/SDKs/iPhoneSimulator26.5.sdk/Developer/Library/Frameworks -filelist /tmp/havital-xcodebuild/derivedData/Build/Intermediates.noindex/Havital.build/Debug-iphonesimulator/HavitalTests.build/Objects-normal/arm64/HavitalTests.LinkFileList -Xlinker -rpath -Xlinker /usr/lib/swift -Xlinker -rpath -Xlinker /tmp/havital-xcodebuild/derivedData/Build/Products/Debug-iphonesimulator/PackageFrameworks -Xlinker -rpath -Xlinker @loader_path/Frameworks -Xlinker -rpath -Xlinker @executable_path/Frameworks -Xlinker -dead_strip -bundle_loader /tmp/havital-xcodebuild/derivedData/Build/Products/Debug-iphonesimulator/paceriz_dev.app/paceriz_dev -Xlinker -object_path_lto -Xlinker /tmp/havital-xcodebuild/derivedData/Build/Intermediates.noindex/Havital.build/Debug-iphonesimulator/HavitalTests.build/Objects-normal/arm64/HavitalTests_lto.o -rdynamic -Xlinker -no_deduplicate -Xlinker -objc_abi_version -Xlinker 2 -Xlinker -debug_variant -Xlinker -dependency_info -Xlinker /tmp/havital-xcodebuild/derivedData/Build/Intermediates.noindex/Havital.build/Debug-iphonesimulator/HavitalTests.build/Objects-normal/arm64/HavitalTests_dependency_info.dat -fobjc-link-runtime -fprofile-instr-generate -L/Applications/Xcode.app/Contents/Developer/Toolchains/XcodeDefault.xctoolchain/usr/lib/swift/iphonesimulator -L/usr/lib/swift -Xlinker -add_ast_path -Xlinker /tmp/havital-xcodebuild/derivedData/Build/Intermediates.noindex/Havital.build/Debug-iphonesimulator/HavitalTests.build/Objects-normal/arm64/HavitalTests.swiftmodule @/tmp/havital-xcodebuild/derivedData/Build/Intermediates.noindex/Havital.build/Debug-iphonesimulator/HavitalTests.build/Objects-normal/arm64/HavitalTests-linker-args.resp -Wl,-no_warn_duplicate_libraries -Wl,-no_warn_duplicate_libraries -Wl,-no_warn_duplicate_libraries -Wl,-no_warn_duplicate_libraries -Wl,-no_warn_duplicate_libraries -Wl,-no_warn_duplicate_libraries -Wl,-no_warn_duplicate_libraries -Wl,-no_warn_duplicate_libraries -Wl,-no_warn_duplicate_libraries -Wl,-no_warn_duplicate_libraries -Wl,-no_warn_duplicate_libraries -Wl,-no_warn_duplicate_libraries -Wl,-no_warn_duplicate_libraries -Wl,-no_warn_duplicate_libraries -Wl,-no_warn_duplicate_libraries -Wl,-no_warn_duplicate_libraries -Wl,-no_warn_duplicate_libraries -Wl,-no_warn_duplicate_libraries -Wl,-no_warn_duplicate_libraries -Wl,-no_warn_duplicate_libraries -Wl,-no_warn_duplicate_libraries -Wl,-no_warn_duplicate_libraries -Wl,-no_warn_duplicate_libraries -lc++ -Wl,-no_warn_duplicate_libraries -Wl,-no_warn_duplicate_libraries -Wl,-no_warn_duplicate_libraries -Wl,-no_warn_duplicate_libraries -Wl,-no_warn_duplicate_libraries -Wl,-no_warn_duplicate_libraries -Wl,-no_warn_duplicate_libraries -Wl,-no_warn_duplicate_libraries -Wl,-no_warn_duplicate_libraries -Wl,-no_warn_duplicate_libraries -Wl,-no_warn_duplicate_libraries -Wl,-no_warn_duplicate_libraries -Wl,-no_warn_duplicate_libraries -Wl,-no_warn_duplicate_libraries -Wl,-no_warn_duplicate_libraries -Wl,-no_warn_duplicate_libraries -Wl,-no_warn_duplicate_libraries -Wl,-no_warn_duplicate_libraries -Wl,-no_warn_duplicate_libraries -Wl,-no_warn_duplicate_libraries -Wl,-no_warn_duplicate_libraries -Wl,-no_warn_duplicate_libraries -Wl,-no_warn_duplicate_libraries -Wl,-no_warn_duplicate_libraries -Wl,-no_warn_duplicate_libraries -Wl,-no_warn_duplicate_libraries -Wl,-no_warn_duplicate_libraries -Wl,-no_warn_duplicate_libraries -Wl,-no_warn_duplicate_libraries -framework CoreGraphics -framework CoreText -framework Foundation -framework LocalAuthentication -framework Security -framework UIKit -framework Security -framework DeviceCheck -framework UIKit -framework Security -lz -lc++ -framework SystemConfiguration -framework UIKit -framework Security -framework SafariServices -framework DeviceCheck -lsqlite3 -lc++ -lz -framework StoreKit -framework StoreKit -lsqlite3 -lc++ -lz -lc++ -framework SystemConfiguration -framework SystemConfiguration -framework CoreTelephony -Xlinker -needed_framework -Xlinker XCTest -framework XCTest -Xlinker -needed-lXCTestSwiftSupport -lXCTestSwiftSupport /tmp/havital-xcodebuild/derivedData/Build/Products/Debug-iphonesimulator/PackageFrameworks/GoogleGenerativeAI_-4C4CE9247ECAF4FD_PackageProduct.framework/GoogleGenerativeAI_-4C4CE9247ECAF4FD_PackageProduct /tmp/havital-xcodebuild/derivedData/Build/Products/Debug-iphonesimulator/paceriz_dev.app/paceriz_dev.debug.dylib -Xlinker -no_adhoc_codesign -o /tmp/havital-xcodebuild/derivedData/Build/Products/Debug-iphonesimulator/paceriz_dev.app/PlugIns/HavitalTests.xctest/HavitalTests

CopySwiftLibs /tmp/havital-xcodebuild/derivedData/Build/Products/Debug-iphonesimulator/paceriz_dev.app/PlugIns/HavitalTests.xctest (in target 'HavitalTests' from project 'Havital')
    cd /Users/wubaizong/havital/apps/ios/Havital/.worktrees/t0306-app2-skeleton
    builtin-swiftStdLibTool --copy --verbose --sign - --scan-executable /tmp/havital-xcodebuild/derivedData/Build/Products/Debug-iphonesimulator/paceriz_dev.app/PlugIns/HavitalTests.xctest/HavitalTests --scan-folder /tmp/havital-xcodebuild/derivedData/Build/Products/Debug-iphonesimulator/paceriz_dev.app/PlugIns/HavitalTests.xctest/Frameworks --scan-folder /tmp/havital-xcodebuild/derivedData/Build/Products/Debug-iphonesimulator/paceriz_dev.app/PlugIns/HavitalTests.xctest/PlugIns --scan-folder /tmp/havital-xcodebuild/derivedData/Build/Products/Debug-iphonesimulator/paceriz_dev.app/PlugIns/HavitalTests.xctest/SystemExtensions --scan-folder /tmp/havital-xcodebuild/derivedData/Build/Products/Debug-iphonesimulator/paceriz_dev.app/PlugIns/HavitalTests.xctest/Extensions --scan-folder /tmp/havital-xcodebuild/derivedData/Build/Products/Debug-iphonesimulator/PackageFrameworks/GoogleGenerativeAI_-4C4CE9247ECAF4FD_PackageProduct.framework --platform iphonesimulator --toolchain /Applications/Xcode.app/Contents/Developer/Toolchains/XcodeDefault.xctoolchain --destination /tmp/havital-xcodebuild/derivedData/Build/Products/Debug-iphonesimulator/paceriz_dev.app/PlugIns/HavitalTests.xctest/Frameworks --strip-bitcode --scan-executable /Applications/Xcode.app/Contents/Developer/Platforms/iPhoneSimulator.platform/Developer/usr/lib/libXCTestSwiftSupport.dylib --strip-bitcode-tool /Applications/Xcode.app/Contents/Developer/Toolchains/XcodeDefault.xctoolchain/usr/bin/bitcode_strip --emit-dependency-info /tmp/havital-xcodebuild/derivedData/Build/Intermediates.noindex/Havital.build/Debug-iphonesimulator/HavitalTests.build/SwiftStdLibToolInputDependencies.dep --filter-for-swift-os

ExtractAppIntentsMetadata (in target 'HavitalTests' from project 'Havital')
    cd /Users/wubaizong/havital/apps/ios/Havital/.worktrees/t0306-app2-skeleton
    /Applications/Xcode.app/Contents/Developer/Toolchains/XcodeDefault.xctoolchain/usr/bin/appintentsmetadataprocessor --toolchain-dir /Applications/Xcode.app/Contents/Developer/Toolchains/XcodeDefault.xctoolchain --module-name HavitalTests --sdk-root /Applications/Xcode.app/Contents/Developer/Platforms/iPhoneSimulator.platform/Developer/SDKs/iPhoneSimulator26.5.sdk --xcode-version 17F113 --platform-family iOS --deployment-target 18.0 --bundle-identifier com.havital.HavitalTests --output /tmp/havital-xcodebuild/derivedData/Build/Products/Debug-iphonesimulator/paceriz_dev.app/PlugIns/HavitalTests.xctest --target-triple arm64-apple-ios18.0-simulator --binary-file /tmp/havital-xcodebuild/derivedData/Build/Products/Debug-iphonesimulator/paceriz_dev.app/PlugIns/HavitalTests.xctest/HavitalTests --dependency-file /tmp/havital-xcodebuild/derivedData/Build/Intermediates.noindex/Havital.build/Debug-iphonesimulator/HavitalTests.build/Objects-normal/arm64/HavitalTests_dependency_info.dat --stringsdata-file /tmp/havital-xcodebuild/derivedData/Build/Intermediates.noindex/Havital.build/Debug-iphonesimulator/HavitalTests.build/Objects-normal/arm64/ExtractedAppShortcutsMetadata.stringsdata --source-file-list /tmp/havital-xcodebuild/derivedData/Build/Intermediates.noindex/Havital.build/Debug-iphonesimulator/HavitalTests.build/Objects-normal/arm64/HavitalTests.SwiftFileList --metadata-file-list /tmp/havital-xcodebuild/derivedData/Build/Intermediates.noindex/Havital.build/Debug-iphonesimulator/HavitalTests.build/HavitalTests.DependencyMetadataFileList --static-metadata-file-list /tmp/havital-xcodebuild/derivedData/Build/Intermediates.noindex/Havital.build/Debug-iphonesimulator/HavitalTests.build/HavitalTests.DependencyStaticMetadataFileList --swift-const-vals-list /tmp/havital-xcodebuild/derivedData/Build/Intermediates.noindex/Havital.build/Debug-iphonesimulator/HavitalTests.build/Objects-normal/arm64/HavitalTests.SwiftConstValuesFileList --compile-time-extraction --deployment-aware-processing --validate-assistant-intents --no-app-shortcuts-localization
2026-08-29 15:39:42.728 appintentsmetadataprocessor[36188:239938225] Starting appintentsmetadataprocessor export
2026-08-29 15:39:42.766 appintentsmetadataprocessor[36188:239938225] Extracted no relevant App Intents symbols, skipping writing output

CodeSign /tmp/havital-xcodebuild/derivedData/Build/Products/Debug-iphonesimulator/paceriz_dev.app/PlugIns/HavitalTests.xctest (in target 'HavitalTests' from project 'Havital')
    cd /Users/wubaizong/havital/apps/ios/Havital/.worktrees/t0306-app2-skeleton
    
    Signing Identity:     "Sign to Run Locally"
    
    /usr/bin/codesign --force --sign - --timestamp\=none --generate-entitlement-der /tmp/havital-xcodebuild/derivedData/Build/Products/Debug-iphonesimulator/paceriz_dev.app/PlugIns/HavitalTests.xctest

CodeSign /tmp/havital-xcodebuild/derivedData/Build/Products/Debug-iphonesimulator/paceriz_dev.app/paceriz_dev.debug.dylib (in target 'Havital' from project 'Havital')
    cd /Users/wubaizong/havital/apps/ios/Havital/.worktrees/t0306-app2-skeleton
    
    Signing Identity:     "Sign to Run Locally"
    
    /usr/bin/codesign --force --sign - --timestamp\=none --generate-entitlement-der /tmp/havital-xcodebuild/derivedData/Build/Products/Debug-iphonesimulator/paceriz_dev.app/paceriz_dev.debug.dylib
/tmp/havital-xcodebuild/derivedData/Build/Products/Debug-iphonesimulator/paceriz_dev.app/paceriz_dev.debug.dylib: replacing existing signature

CodeSign /tmp/havital-xcodebuild/derivedData/Build/Products/Debug-iphonesimulator/paceriz_dev.app/__preview.dylib (in target 'Havital' from project 'Havital')
    cd /Users/wubaizong/havital/apps/ios/Havital/.worktrees/t0306-app2-skeleton
    
    Signing Identity:     "Sign to Run Locally"
    
    /usr/bin/codesign --force --sign - --timestamp\=none --generate-entitlement-der /tmp/havital-xcodebuild/derivedData/Build/Products/Debug-iphonesimulator/paceriz_dev.app/__preview.dylib
/tmp/havital-xcodebuild/derivedData/Build/Products/Debug-iphonesimulator/paceriz_dev.app/__preview.dylib: replacing existing signature

CodeSign /tmp/havital-xcodebuild/derivedData/Build/Products/Debug-iphonesimulator/paceriz_dev.app (in target 'Havital' from project 'Havital')
    cd /Users/wubaizong/havital/apps/ios/Havital/.worktrees/t0306-app2-skeleton
    
    Signing Identity:     "Sign to Run Locally"
    
    /usr/bin/codesign --force --sign - --entitlements /tmp/havital-xcodebuild/derivedData/Build/Intermediates.noindex/Havital.build/Debug-iphonesimulator/Havital.build/paceriz_dev.app.xcent --timestamp\=none --generate-entitlement-der /tmp/havital-xcodebuild/derivedData/Build/Products/Debug-iphonesimulator/paceriz_dev.app
/tmp/havital-xcodebuild/derivedData/Build/Products/Debug-iphonesimulator/paceriz_dev.app: replacing existing signature

Validate /tmp/havital-xcodebuild/derivedData/Build/Products/Debug-iphonesimulator/paceriz_dev.app (in target 'Havital' from project 'Havital')
    cd /Users/wubaizong/havital/apps/ios/Havital/.worktrees/t0306-app2-skeleton
    builtin-validationUtility /tmp/havital-xcodebuild/derivedData/Build/Products/Debug-iphonesimulator/paceriz_dev.app -shallow-bundle -infoplist-subpath Info.plist

ProcessInfoPlistFile /tmp/havital-xcodebuild/derivedData/Build/Products/Debug-iphonesimulator/HavitalUITests-Runner.app/PlugIns/HavitalUITests.xctest/Info.plist /tmp/havital-xcodebuild/derivedData/Build/Intermediates.noindex/Havital.build/Debug-iphonesimulator/HavitalUITests.build/empty-HavitalUITests.plist (in target 'HavitalUITests' from project 'Havital')
    cd /Users/wubaizong/havital/apps/ios/Havital/.worktrees/t0306-app2-skeleton
    builtin-infoPlistUtility /tmp/havital-xcodebuild/derivedData/Build/Intermediates.noindex/Havital.build/Debug-iphonesimulator/HavitalUITests.build/empty-HavitalUITests.plist -producttype com.apple.product-type.bundle.ui-testing -expandbuildsettings -format binary -platform iphonesimulator -additionalcontentfile /tmp/havital-xcodebuild/derivedData/Build/Intermediates.noindex/Havital.build/Debug-iphonesimulator/HavitalUITests.build/ProductTypeInfoPlistAdditions.plist -o /tmp/havital-xcodebuild/derivedData/Build/Products/Debug-iphonesimulator/HavitalUITests-Runner.app/PlugIns/HavitalUITests.xctest/Info.plist

CopySwiftLibs /tmp/havital-xcodebuild/derivedData/Build/Products/Debug-iphonesimulator/HavitalUITests-Runner.app/PlugIns/HavitalUITests.xctest (in target 'HavitalUITests' from project 'Havital')
    cd /Users/wubaizong/havital/apps/ios/Havital/.worktrees/t0306-app2-skeleton
    builtin-swiftStdLibTool --copy --verbose --sign - --scan-executable /tmp/havital-xcodebuild/derivedData/Build/Products/Debug-iphonesimulator/HavitalUITests-Runner.app/PlugIns/HavitalUITests.xctest/HavitalUITests --scan-folder /tmp/havital-xcodebuild/derivedData/Build/Products/Debug-iphonesimulator/HavitalUITests-Runner.app/PlugIns/HavitalUITests.xctest/Frameworks --scan-folder /tmp/havital-xcodebuild/derivedData/Build/Products/Debug-iphonesimulator/HavitalUITests-Runner.app/PlugIns/HavitalUITests.xctest/PlugIns --scan-folder /tmp/havital-xcodebuild/derivedData/Build/Products/Debug-iphonesimulator/HavitalUITests-Runner.app/PlugIns/HavitalUITests.xctest/SystemExtensions --scan-folder /tmp/havital-xcodebuild/derivedData/Build/Products/Debug-iphonesimulator/HavitalUITests-Runner.app/PlugIns/HavitalUITests.xctest/Extensions --platform iphonesimulator --toolchain /Applications/Xcode.app/Contents/Developer/Toolchains/XcodeDefault.xctoolchain --destination /tmp/havital-xcodebuild/derivedData/Build/Products/Debug-iphonesimulator/HavitalUITests-Runner.app/PlugIns/HavitalUITests.xctest/Frameworks --strip-bitcode --scan-executable /Applications/Xcode.app/Contents/Developer/Platforms/iPhoneSimulator.platform/Developer/usr/lib/libXCTestSwiftSupport.dylib --strip-bitcode-tool /Applications/Xcode.app/Contents/Developer/Toolchains/XcodeDefault.xctoolchain/usr/bin/bitcode_strip --emit-dependency-info /tmp/havital-xcodebuild/derivedData/Build/Intermediates.noindex/Havital.build/Debug-iphonesimulator/HavitalUITests.build/SwiftStdLibToolInputDependencies.dep --filter-for-swift-os

warning: Skipping duplicate build file in Compile Sources build phase: /Users/wubaizong/havital/apps/ios/Havital/.worktrees/t0306-app2-skeleton/Havital/Core/Analytics/AnalyticsEvent.swift (in target 'Havital' from project 'Havital')
warning: Skipping duplicate build file in Compile Sources build phase: /Users/wubaizong/havital/apps/ios/Havital/.worktrees/t0306-app2-skeleton/Havital/Core/Analytics/AnalyticsService.swift (in target 'Havital' from project 'Havital')
warning: Skipping duplicate build file in Compile Sources build phase: /Users/wubaizong/havital/apps/ios/Havital/.worktrees/t0306-app2-skeleton/Havital/Core/Analytics/AnalyticsUserDefaults.swift (in target 'Havital' from project 'Havital')
warning: Skipping duplicate build file in Compile Sources build phase: /Users/wubaizong/havital/apps/ios/Havital/.worktrees/t0306-app2-skeleton/Havital/Core/Analytics/AttributionManager.swift (in target 'Havital' from project 'Havital')
warning: Skipping duplicate build file in Compile Sources build phase: /Users/wubaizong/havital/apps/ios/Havital/.worktrees/t0306-app2-skeleton/Havital/Core/Analytics/FirebaseAnalyticsServiceImpl.swift (in target 'Havital' from project 'Havital')
warning: Skipping duplicate build file in Compile Sources build phase: /Users/wubaizong/havital/apps/ios/Havital/.worktrees/t0306-app2-skeleton/Havital/Features/Onboarding/Debug/UITestOnboardingHarness.swift (in target 'Havital' from project 'Havital')
warning: Skipping duplicate build file in Compile Sources build phase: /Users/wubaizong/havital/apps/ios/Havital/.worktrees/t0306-app2-skeleton/Havital/Features/Race/Data/DTOs/RaceDTO.swift (in target 'Havital' from project 'Havital')
warning: Skipping duplicate build file in Compile Sources build phase: /Users/wubaizong/havital/apps/ios/Havital/.worktrees/t0306-app2-skeleton/Havital/Features/Race/Data/DataSources/RaceRemoteDataSource.swift (in target 'Havital' from project 'Havital')
warning: Skipping duplicate build file in Compile Sources build phase: /Users/wubaizong/havital/apps/ios/Havital/.worktrees/t0306-app2-skeleton/Havital/Features/Race/Data/Mappers/RaceMapper.swift (in target 'Havital' from project 'Havital')
warning: Skipping duplicate build file in Compile Sources build phase: /Users/wubaizong/havital/apps/ios/Havital/.worktrees/t0306-app2-skeleton/Havital/Features/Race/Data/Repositories/RaceRepositoryImpl.swift (in target 'Havital' from project 'Havital')
warning: Skipping duplicate build file in Compile Sources build phase: /Users/wubaizong/havital/apps/ios/Havital/.worktrees/t0306-app2-skeleton/Havital/Features/Race/Domain/Entities/RaceEvent.swift (in target 'Havital' from project 'Havital')
warning: Skipping duplicate build file in Compile Sources build phase: /Users/wubaizong/havital/apps/ios/Havital/.worktrees/t0306-app2-skeleton/Havital/Features/Race/Domain/Repositories/RaceRepository.swift (in target 'Havital' from project 'Havital')
warning: Skipping duplicate build file in Compile Sources build phase: /Users/wubaizong/havital/apps/ios/Havital/.worktrees/t0306-app2-skeleton/Havital/Features/Race/Domain/Repositories/RacePickerDataSource.swift (in target 'Havital' from project 'Havital')
warning: Skipping duplicate build file in Compile Sources build phase: /Users/wubaizong/havital/apps/ios/Havital/.worktrees/t0306-app2-skeleton/Havital/Features/Target/Presentation/ViewModels/TargetEditRacePickerViewModel.swift (in target 'Havital' from project 'Havital')
warning: Skipping duplicate build file in Compile Sources build phase: /Users/wubaizong/havital/apps/ios/Havital/.worktrees/t0306-app2-skeleton/Havital/Core/Storage/StrengthCompletionStore.swift (in target 'Havital' from project 'Havital')
warning: no rule to process file '/Users/wubaizong/havital/apps/ios/Havital/.worktrees/t0306-app2-skeleton/Havital/Resources/Prompts/prompt_running_overview.json' of type 'text.json' for architecture 'arm64' (in target 'Havital' from project 'Havital')
warning: Run script build phase 'Run Script' will be run during every build because it does not specify any outputs. To address this issue, either add output dependencies to the script phase, or configure it to run in every build by unchecking "Based on dependency analysis" in the script phase. (in target 'Havital' from project 'Havital')
warning: Run script build phase 'Set Build Number' will be run during every build because it does not specify any outputs. To address this issue, either add output dependencies to the script phase, or configure it to run in every build by unchecking "Based on dependency analysis" in the script phase. (in target 'Havital' from project 'Havital')
🔍 啟動 HavitalApp 初始化...
🔍 當前建置環境: DEBUG
🔍 嘗試使用 Firebase 配置文件: GoogleService-Info-dev
✅ 找到標準 Firebase 配置文件: /Users/wubaizong/Library/Developer/CoreSimulator/Devices/E8E035CC-59AC-450F-A779-9633C3DB6E10/data/Containers/Bundle/Application/793E211D-0CF6-4034-B233-A266245282F1/paceriz_dev.app/GoogleService-Info.plist
2026-08-29 15:39:46.323464+0900 paceriz_dev[36303:239938931] [[FirebaseAnalytics]] 11.15.0 - [FirebaseAnalytics][I-ACS023007] Analytics v.11.15.0 started
2026-08-29 15:39:46.351172+0900 paceriz_dev[36303:239938931] [[FirebaseAnalytics]] 11.15.0 - [FirebaseAnalytics][I-ACS023008] To enable debug logging set the following application argument: -FIRAnalyticsDebugEnabled (see http://goo.gl/RfcP7r)
2026-08-29 15:39:46.351276+0900 paceriz_dev[36303:239938931] [[FirebaseAnalytics]] 11.15.0 - [FirebaseAnalytics][I-ACS044003] GoogleAppMeasurementIdentitySupport dependency is not currently linked. IDFA will not be accessible.
2026-08-29 15:39:46.351359+0900 paceriz_dev[36303:239938931] [[GoogleUtilities/AppDelegateSwizzler]] 11.15.0 - [GoogleUtilities/AppDelegateSwizzler][I-SWZ001014] App Delegate does not conform to UIApplicationDelegate protocol.
2026-08-29 15:39:46.351430+0900 paceriz_dev[36303:239938931] [[FirebaseMessaging]] 11.15.0 - [FirebaseMessaging][I-FCM001000] FIRMessaging Remote Notifications proxy enabled, will swizzle remote notification receiver handlers. If you'd prefer to manually integrate Firebase Messaging, add "FirebaseAppDelegateProxyEnabled" to your Info.plist, and set it to NO. Follow the instructions at:
https://firebase.google.com/docs/cloud-messaging/ios/client#method_swizzling_in_firebase_messaging
to ensure proper integration.
2026-08-29 15:39:46.371742+0900 paceriz_dev[36303:239938930] [[FirebaseAnalytics]] 11.15.0 - [FirebaseAnalytics][I-ACS023012] Analytics collection enabled
2026-08-29 15:39:46.372211+0900 paceriz_dev[36303:239938930] [[FirebaseAnalytics]] 11.15.0 - [FirebaseAnalytics][I-ACS023220] Analytics screen reporting is enabled. Call Analytics.logEvent(AnalyticsEventScreenView, parameters: [...]) to log a screen view event. To disable automatic screen reporting, set the flag FirebaseAutomaticScreenReportingEnabled to NO (boolean) in the Info.plist
✅ RevenueCat 已初始化 - appUserID: anonymous
[AppDependencyBootstrap] [DEBUG] [Bootstrap] 開始註冊所有模組依賴
[CacheEventBus] [INFO] [FirebaseLogging] 快取管理器已註冊
[CacheEventBus] [INFO] [FirebaseLogging] 快取管理器已註冊
[CacheEventBus] [INFO] [FirebaseLogging] 快取管理器已註冊
[CacheEventBus] [INFO] [FirebaseLogging] 快取管理器已註冊
=== 🔍 認證狀態診斷 ===
UserDefaults.hasLaunchedBefore: true
Firebase.currentUser: 不存在
======================
[AuthenticationService] [INFO] [FirebaseLogging] 檢查認證狀態
[CacheEventBus] [INFO] [FirebaseLogging] 快取管理器已註冊
[CacheEventBus] [INFO] [FirebaseLogging] 快取管理器已註冊
[CacheRegistrationCoordinator] [DEBUG] [CacheRegistrationCoordinator] All cache registrations complete
[AnalyticsUserDefaults] [DEBUG] [Bootstrap] Analytics module registered
[AppDependencyBootstrap] [DEBUG] [Bootstrap] ✅ Analytics module registered
[AuthRepositoryImpl] [DEBUG] [DI] Authentication module registered
[AppDependencyBootstrap] [DEBUG] [Bootstrap] ✅ Authentication module registered
[CacheEventBus] [INFO] [FirebaseLogging] 快取管理器已註冊
[CacheEventBus] [INFO] [FirebaseLogging] 快取管理器已註冊
[CacheEventBus] [INFO] [FirebaseLogging] 快取管理器已註冊
[CacheEventBus] [INFO] [FirebaseLogging] 快取管理器已註冊
[WorkoutLocalDataSource] [DEBUG] [WorkoutLocalDataSource] 初始化完成，緩存過期時間: 120.0 分鐘
[WorkoutRepositoryImpl] [DEBUG] [WorkoutRepositoryImpl] 初始化完成（雙數據源模式）
[WorkoutRepositoryImpl] [DEBUG] [DI] Workout module registered
[AppDependencyBootstrap] [DEBUG] [Bootstrap] ✅ Workout module registered
[MonthlyStatsRepositoryImpl] [DEBUG] [DI] 🔧 registerMonthlyStatsModule() called
[MonthlyStatsRepositoryImpl] [DEBUG] [DI] 📦 Creating MonthlyStatsRepositoryImpl.shared instance
[MonthlyStatsRemoteDataSource] [DEBUG] [MonthlyStatsRemoteDataSource] 初始化完成
[MonthlyStatsLocalDataSource] [DEBUG] [MonthlyStatsLocalDataSource] 初始化完成
[MonthlyStatsRepositoryImpl] [DEBUG] [MonthlyStatsRepositoryImpl] 初始化完成
[MonthlyStatsRepositoryImpl] [DEBUG] [DI] 📦 Repository instance created: MonthlyStatsRepositoryImpl
[MonthlyStatsRepositoryImpl] [DEBUG] [DI] ✅ MonthlyStats module registered successfully
[MonthlyStatsRepositoryImpl] [DEBUG] [DI] 🔍 Verification - can resolve: true
[AppDependencyBootstrap] [DEBUG] [Bootstrap] ✅ MonthlyStats module registered
[CacheEventBus] [INFO] [FirebaseLogging] 快取管理器已註冊
[CacheEventBus] [INFO] [FirebaseLogging] 快取管理器已註冊
📊 [UserPreferencesManager] 數據已遷移，跳過遷移流程
📊 [UserPreferencesManager] 從緩存載入了偏好設置
[UserProfileRepositoryImpl] [DEBUG] [DI] UserProfile module registered
[AppDependencyBootstrap] [DEBUG] [Bootstrap] ✅ UserProfile module registered
[TargetRepositoryImpl] [DEBUG] [DI] Target module dependencies registered
[AppDependencyBootstrap] [DEBUG] [Bootstrap] ✅ Target module registered
[TrainingVersionRouter] [DEBUG] [DI] TrainingVersionRouter registered (concrete + protocol)
[AppDependencyBootstrap] [DEBUG] [Bootstrap] ✅ TrainingVersionRouter registered (early)
[TrainingPlanRepositoryImpl] [DEBUG] [DI] TrainingPlan module registered (V1RepositoryGuardDecorator enabled)
[AppDependencyBootstrap] [DEBUG] [Bootstrap] ✅ TrainingPlan V1 module registered
[TrainingPlanV2RepositoryImpl] [DEBUG] [DI] TrainingPlanV2 module dependencies registered
[TrainingVersionRouter] [DEBUG] [DI] TrainingVersionRouter already registered, skipping
[AppDependencyBootstrap] [DEBUG] [Bootstrap] ✅ TrainingPlanV2 module registered
[SubscriptionRepositoryImpl] [DEBUG] [DI] registerSubscriptionModule() called
[SubscriptionRepositoryImpl] [DEBUG] [SubscriptionRepositoryImpl] 初始化完成
[SubscriptionRepositoryImpl] [DEBUG] [DI] ✅ Subscription module registered
[AppDependencyBootstrap] [DEBUG] [Bootstrap] ✅ Subscription module registered
[AnnouncementRepositoryImpl] [DEBUG] [DI] Announcement module registered
[AppDependencyBootstrap] [DEBUG] [Bootstrap] ✅ Announcement module registered
[RaceRepositoryImpl] [DEBUG] [DI] Race module dependencies registered
[AppDependencyBootstrap] [DEBUG] [Bootstrap] ✅ Race module registered
[AchievementRepositoryImpl] [DEBUG] [DI] Achievement module registered
[AppDependencyBootstrap] [DEBUG] [Bootstrap] ✅ Achievement module registered
[RizoRepositoryImpl] [DEBUG] [RizoRepositoryImpl] 初始化完成
[RizoRepositoryImpl] [DEBUG] [DI] Rizo module dependencies registered
[AppDependencyBootstrap] [DEBUG] [Bootstrap] ✅ Rizo module registered
[DailyStateRepositoryImpl] [DEBUG] [DailyStateRepositoryImpl] 初始化完成
[DailyStateRepositoryImpl] [DEBUG] [DI] DailyState module dependencies registered
[AppDependencyBootstrap] [DEBUG] [Bootstrap] ✅ DailyState module registered
[ReadinessRepositoryImpl] [DEBUG] [DI] Readiness module dependencies registered
[AppDependencyBootstrap] [DEBUG] [Bootstrap] ✅ Readiness module registered
[AppDependencyBootstrap] [DEBUG] [Bootstrap] ✅ 所有模組依賴註冊完成
📦 所有模組依賴已優先註冊
🔍 MonthlyStatsRepository 註冊驗證: ✅ 成功
已註冊背景任務: com.havital.workout-sync
已註冊背景任務: com.havital.health-data-sync
✅ Firebase 已成功初始化
[LanguageManager] [INFO] [FirebaseLogging] Language bundle set for: en
[LanguageManager] [INFO] [FirebaseLogging] Language applied on init: en
[LanguageManager] [DEBUG] LanguageManager initialized with: en (API: en-US)
🌍 LanguageManager 已初始化
🔤 開始動態載入 Onest 字體...
🔍 檢查字體載入結果...
[FontManager] [DEBUG] === Font Loading Debug Info ===
[FontManager] [DEBUG] ✅ Onest 字體已載入，可用的字重：
[FontManager] [DEBUG]    - Onest-Regular
[FontManager] [DEBUG]    - Onest-Medium
[FontManager] [DEBUG]    - Onest-SemiBold
[FontManager] [DEBUG]    - Onest-Bold
[FontManager] [DEBUG] 已載入的字體家族總數：87
[FontManager] [DEBUG] 找到 Onest 字體家族：["Onest"]
[FirebaseAnalyticsServiceImpl] [DEBUG] [Analytics] 📊 watch_send_diagnostic | params: ["is_watch_app_installed": false, "reason": "activation", "activation_state": 2, "is_paired": false, "settled": false, "is_reachable": false, "outcome": "n/a", "availability": "noWatch"]
2026-08-29 15:39:46.569381+0900 paceriz_dev[36303:239938932] [WC] -[WCSession onqueue_handleUpdateSessionState:]_block_invoke dropping as pairingIDs no longer match. pairingID (null), client pairingID: (null)
✅ Tab Bar 字體已設定: Onest-Medium
2026-08-29 15:39:46.584777+0900 paceriz_dev[36303:239938932] [WC] WCSession is not paired
🔍 DEBUG: 應用啟動時發現現有 FCM token: e8xANB51jUR6jUcsOeYV...
🔍 DEBUG: 嘗試上傳 FCM token: e8xANB51jUR6jUcsOeYV...
[AuthSessionRepositoryImpl] [DEBUG] [AuthSession] Authentication status: false
🔍 DEBUG: 用戶認證狀態: false
使用者尚未登入，暫不上傳 FCM token
通知權限被拒絕
🏁 AppStateManager: 已初始化
[AuthenticationViewModel] [DEBUG] [AuthViewModel] Initialized with repositories
[AuthSessionRepositoryImpl] [DEBUG] [AuthSession] Authentication status: false
[UserDefaultsAuthCache] [DEBUG] Auth cache expired or not found
[UserDefaultsAuthCache] [DEBUG] Auth cache cleared
[AuthSessionRepositoryImpl] [DEBUG] [AuthSession] No valid cached user found
[AuthenticationViewModel] [DEBUG] [AuthViewModel] Initial auth state: isAuthenticated=false, user=nil, onboarding=true
2026-08-29 15:39:46.747187+0900 paceriz_dev[36303:239938933] [connection] nw_proxy_resolver_create_parsed_array [C1.1 proxy pac] Evaluation error: NSURLErrorDomain: -1003
2026-08-29 15:39:46.747294+0900 paceriz_dev[36303:239938933] [connection] nw_proxy_resolver_create_parsed_array [C1.1 proxy pac] Evaluation error: NSURLErrorDomain: -1003
2026-08-29 15:39:46.747357+0900 paceriz_dev[36303:239938933] [connection] nw_proxy_resolver_create_parsed_array [C1.1 proxy pac] Evaluation error: NSURLErrorDomain: -1003
2026-08-29 15:39:46.747964+0900 paceriz_dev[36303:239938933] [connection] nw_proxy_resolver_create_parsed_array [C2.1 proxy pac] Evaluation error: NSURLErrorDomain: -1003
2026-08-29 15:39:46.748004+0900 paceriz_dev[36303:239938933] [connection] nw_proxy_resolver_create_parsed_array [C2.1 proxy pac] Evaluation error: NSURLErrorDomain: -1003
2026-08-29 15:39:46.748046+0900 paceriz_dev[36303:239938933] [connection] nw_proxy_resolver_create_parsed_array [C2.1 proxy pac] Evaluation error: NSURLErrorDomain: -1003
[AuthenticationService] [INFO] [FirebaseLogging] 認證狀態變更
✅ 已清除Analytics用戶ID
[AuthenticationService] [INFO] [FirebaseLogging] 用戶未認證 - 清除用戶資料
[AuthenticationViewModel] [DEBUG] [AuthViewModel] Firebase Auth state changed: user=nil
[AuthSessionRepositoryImpl] [DEBUG] [AuthSession] Authentication status: false
[UserDefaultsAuthCache] [DEBUG] Auth cache expired or not found
[UserDefaultsAuthCache] [DEBUG] Auth cache cleared
[AuthSessionRepositoryImpl] [DEBUG] [AuthSession] No valid cached user found
[SubscriptionLocalDataSource] [DEBUG] [SubscriptionLocalDS] Cache cleared
[TargetLocalDataSource] [DEBUG] [TargetLocalDS] All caches cleared
[UserProfileLocalDataSource] [DEBUG] [UserProfileLocalDS] User profile cache cleared
[UserProfileLocalDataSource] [DEBUG] [UserProfileLocalDS] Targets cache cleared
[UserProfileLocalDataSource] [DEBUG] [UserProfileLocalDS] Heart rate zones cache cleared
[UserProfileLocalDataSource] [DEBUG] [UserProfileLocalDS] All caches cleared
[CacheEventBus] [INFO] [FirebaseLogging] 相關快取已清空
📱 應用首次啟動變為 active，跳過刷新（已在初始化時載入）
2026-08-29 15:39:46.812036+0900 paceriz_dev[36303:239938930] <SKPaymentQueue: 0x105f00140>: Error in remote proxy while checking server queue: Error Domain=SKInternalErrorDomain Code=12 "(null)" UserInfo={storefront-country-code=USA, client-environment-type=Sandbox}
📲 收到新的 FCM token: e8xANB51jUR6jUcsOeYVkp:APA91bFvNRsi5wxWh7Rq2TYRTCEgKuqg0MOGcf9sjtbT4KKfyErc7CB_cd0gPTXt4qM2J16yFDaAx8OFyIF3PrL69FhpM1K6LtuCcKGvR0V4w7AZ5_JMZfw
🔍 DEBUG: 嘗試上傳 FCM token: e8xANB51jUR6jUcsOeYV...
[AuthSessionRepositoryImpl] [DEBUG] [AuthSession] Authentication status: false
🔍 DEBUG: 用戶認證狀態: false
使用者尚未登入，暫不上傳 FCM token
[CacheEventBus] [DEBUG] [CacheEventBus] 通知 1 個 event 訂閱者: dataChanged(paceriz_dev.DataType.user)
2026-08-29 15:39:46.838800+0900 paceriz_dev[36303:239939002] [connection] nw_proxy_resolver_create_parsed_array [C3.1 proxy pac] Evaluation error: NSURLErrorDomain: -1003
2026-08-29 15:39:46.838890+0900 paceriz_dev[36303:239939002] [connection] nw_proxy_resolver_create_parsed_array [C3.1 proxy pac] Evaluation error: NSURLErrorDomain: -1003
2026-08-29 15:39:46.838928+0900 paceriz_dev[36303:239939002] [connection] nw_proxy_resolver_create_parsed_array [C3.1 proxy pac] Evaluation error: NSURLErrorDomain: -1003
2026-08-29 15:39:47.255612+0900 paceriz_dev[36303:239939002] [offering] ERROR: 🍎‼️ Error fetching offerings - The operation couldn’t be completed. (RevenueCat.OfferingsManager.Error error 1.)
There's a problem with your configuration. None of the products registered in the RevenueCat dashboard could be fetched from App Store Connect (or the StoreKit Configuration file if one is being used). 
More information: https://rev.cat/why-are-offerings-empty
2026-08-29 15:39:47.255708+0900 paceriz_dev[36303:239939002] [offering] ERROR: 🍎‼️ Error fetching offerings - The operation couldn’t be completed. (RevenueCat.OfferingsManager.Error error 1.)
There's a problem with your configuration. None of the products registered in the RevenueCat dashboard could be fetched from App Store Connect (or the StoreKit Configuration file if one is being used). 
More information: https://rev.cat/why-are-offerings-empty
🧪 StoreKit direct test: 0 products found
[AuthenticationViewModel] [DEBUG] [AuthViewModel] Received dataChanged.user event, refreshing user data
[AuthSessionRepositoryImpl] [DEBUG] [AuthSession] Authentication status: false
[AuthenticationViewModel] [DEBUG] [AuthViewModel] Updated isAuthenticated: false
[AuthenticationViewModel] [DEBUG] [AuthViewModel] Fetching current user data
[AuthSessionRepositoryImpl] [DEBUG] [AuthSession] 🎯 fetchCurrentUser called. SessionRepo ID: ObjectIdentifier(0x0000000105d158c0). DemoToken: nil
[AuthSessionRepositoryImpl] [DEBUG] [AuthSession] No Firebase user session found
[AuthSessionRepositoryImpl] [ERROR] [AuthSession] Failed to fetch user: User not found.
[AuthenticationViewModel] [ERROR] [AuthViewModel] Failed to fetch user data: User not found.
[CacheEventBus] [DEBUG] [CacheEventBus] 通知 2 個 identifier 訂閱者: dataChanged(paceriz_dev.DataType.user)
Test Suite 'Selected tests' started at 2026-08-29 15:39:47.416.
Test Suite 'HavitalTests.xctest' started at 2026-08-29 15:39:47.416.
Test Suite 'APIClientRemovalACTests' started at 2026-08-29 15:39:47.416.
Test Case '-[HavitalTests.APIClientRemovalACTests test_ac_apiref_01_api_client_removed]' started.
Test Case '-[HavitalTests.APIClientRemovalACTests test_ac_apiref_01_api_client_removed]' passed (1.105 seconds).
Test Case '-[HavitalTests.APIClientRemovalACTests test_ac_apiref_02_call_sites_use_httpclient_or_repository]' started.
Test Case '-[HavitalTests.APIClientRemovalACTests test_ac_apiref_02_call_sites_use_httpclient_or_repository]' passed (2.100 seconds).
Test Case '-[HavitalTests.APIClientRemovalACTests test_ac_apiref_03_workout_upload_contract_preserved]' started.
Test Case '-[HavitalTests.APIClientRemovalACTests test_ac_apiref_03_workout_upload_contract_preserved]' passed (0.002 seconds).
Test Case '-[HavitalTests.APIClientRemovalACTests test_ac_apiref_04_legacy_auth_and_errors_removed]' started.
Test Case '-[HavitalTests.APIClientRemovalACTests test_ac_apiref_04_legacy_auth_and_errors_removed]' passed (4.081 seconds).
Test Case '-[HavitalTests.APIClientRemovalACTests test_ac_apiref_05_build_and_smoke_evidence_recorded]' started.
Test Case '-[HavitalTests.APIClientRemovalACTests test_ac_apiref_05_build_and_smoke_evidence_recorded]' passed (0.001 seconds).
Test Suite 'APIClientRemovalACTests' passed at 2026-08-29 15:39:54.707.
	 Executed 5 tests, with 0 failures (0 unexpected) in 7.289 (7.291) seconds
Test Suite 'AchievementAnalyticsPrivacyTests' started at 2026-08-29 15:39:54.707.
Test Case '-[HavitalTests.AchievementAnalyticsPrivacyTests testAchievementAnalyticsEventsOnlyExposeAllowedLowSensitivityKeys]' started.
Test Case '-[HavitalTests.AchievementAnalyticsPrivacyTests testAchievementAnalyticsEventsOnlyExposeAllowedLowSensitivityKeys]' passed (0.001 seconds).
Test Case '-[HavitalTests.AchievementAnalyticsPrivacyTests testPrivacyGuardDropsSensitiveKeys]' started.
Test Case '-[HavitalTests.AchievementAnalyticsPrivacyTests testPrivacyGuardDropsSensitiveKeys]' passed (0.000 seconds).
Test Suite 'AchievementAnalyticsPrivacyTests' passed at 2026-08-29 15:39:54.709.
	 Executed 2 tests, with 0 failures (0 unexpected) in 0.001 (0.002) seconds
Test Suite 'AchievementDTOTests' started at 2026-08-29 15:39:54.709.
Test Case '-[HavitalTests.AchievementDTOTests testDegradedSummaryDecodesAndMapsToEmptyContent]' started.
Test Case '-[HavitalTests.AchievementDTOTests testDegradedSummaryDecodesAndMapsToEmptyContent]' passed (0.009 seconds).
Test Case '-[HavitalTests.AchievementDTOTests testMapperDropsSupersededLegacyPlanBadgesFromGroupsAndTracks]' started.
Test Case '-[HavitalTests.AchievementDTOTests testMapperDropsSupersededLegacyPlanBadgesFromGroupsAndTracks]' passed (0.005 seconds).
Test Case '-[HavitalTests.AchievementDTOTests testRemoteDataSourceUsesAchievementsEndpoints]' started.
[AchievementsAPI] fetchSummary start path=/v2/achievements/summary
[AchievementRemoteDataSource] [INFO] [AchievementsAPI] fetchSummary start path=/v2/achievements/summary
[AchievementsAPI] fetchSummary raw bytes=3525 preview={
  "generated_at": "2026-05-13T08:00:00Z",
  "catalog_version": "achievement_catalog_v20260512",
  "backfill": {
    "status": "completed",
    "show_banner": true,
    "banner_key": "achievements.backfill.ready",
    "historical_unlock_count": 3,
    "acknowledged_at": null
  },
  "story_summary": {
    "unlocked_count": 2,
    "total_count": 30,
    "recent_unlock": {
      "badge_id": "BADGE-START-FIRST-RUN",
      "chapter": "start",
      "name_key": "badge.start.first_run.name",
      "story_key": "badge.start.first_run.story",
      "status": "unlocked"
    },
    "next_badge": null,
 ...<truncated 2925 chars>
[AchievementRemoteDataSource] [DEBUG] [AchievementsAPI] fetchSummary raw bytes=3525 preview={
  "generated_at": "2026-05-13T08:00:00Z",
  "catalog_version": "achievement_catalog_v20260512",
  "backfill": {
    "status": "completed",
    "show_banner": true,
    "banner_key": "achievements.backfill.ready",
    "historical_unlock_count": 3,
    "acknowledged_at": null
  },
  "story_summary": {
    "unlocked_count": 2,
    "total_count": 30,
    "recent_unlock": {
      "badge_id": "BADGE-START-FIRST-RUN",
      "chapter": "start",
      "name_key": "badge.start.first_run.name",
      "story_key": "badge.start.first_run.story",
      "status": "unlocked"
    },
    "next_badge": null,
 ...<truncated 2925 chars>
[AchievementsAPI] fetchSummary decoded catalog=achievement_catalog_v20260512 groups=1 badges=1
[AchievementRemoteDataSource] [INFO] [AchievementsAPI] fetchSummary decoded catalog=achievement_catalog_v20260512 groups=1 badges=1
Test Case '-[HavitalTests.AchievementDTOTests testRemoteDataSourceUsesAchievementsEndpoints]' passed (0.012 seconds).
Test Case '-[HavitalTests.AchievementDTOTests testSummaryDecodesAchievementTracksAndMapsToDomain]' started.
Test Case '-[HavitalTests.AchievementDTOTests testSummaryDecodesAchievementTracksAndMapsToDomain]' passed (0.001 seconds).
Test Case '-[HavitalTests.AchievementDTOTests testSummaryDecodesSnakeCaseNullableAndUnknownEnums]' started.
Test Case '-[HavitalTests.AchievementDTOTests testSummaryDecodesSnakeCaseNullableAndUnknownEnums]' passed (0.000 seconds).
Test Case '-[HavitalTests.AchievementDTOTests testSummaryDefaultsAchievementTracksToEmptyWhenAbsent]' started.
Test Case '-[HavitalTests.AchievementDTOTests testSummaryDefaultsAchievementTracksToEmptyWhenAbsent]' passed (0.000 seconds).
Test Suite 'AchievementDTOTests' passed at 2026-08-29 15:39:54.739.
	 Executed 6 tests, with 0 failures (0 unexpected) in 0.028 (0.030) seconds
Test Suite 'AchievementRepositoryPinTests' started at 2026-08-29 15:39:54.739.
Test Case '-[HavitalTests.AchievementRepositoryPinTests test_findBadge_returnsNil_whenNoCachedSummary]' started.
Test Case '-[HavitalTests.AchievementRepositoryPinTests test_findBadge_returnsNil_whenNoCachedSummary]' passed (0.000 seconds).
Test Case '-[HavitalTests.AchievementRepositoryPinTests test_getDisplayBadge_returnsNil_whenNoCachedSummary]' started.
Test Case '-[HavitalTests.AchievementRepositoryPinTests test_getDisplayBadge_returnsNil_whenNoCachedSummary]' passed (0.000 seconds).
Test Case '-[HavitalTests.AchievementRepositoryPinTests test_getInProgressBadges_returnsEmpty_whenNoCachedSummary]' started.
Test Case '-[HavitalTests.AchievementRepositoryPinTests test_getInProgressBadges_returnsEmpty_whenNoCachedSummary]' passed (0.000 seconds).
Test Case '-[HavitalTests.AchievementRepositoryPinTests test_pinnedBadgeIdDidChange_emitsInitialValue]' started.
Test Case '-[HavitalTests.AchievementRepositoryPinTests test_pinnedBadgeIdDidChange_emitsInitialValue]' passed (0.003 seconds).
Test Case '-[HavitalTests.AchievementRepositoryPinTests test_setPinnedBadgeId_nil_clearsPin]' started.
Test Case '-[HavitalTests.AchievementRepositoryPinTests test_setPinnedBadgeId_nil_clearsPin]' passed (0.001 seconds).
Test Case '-[HavitalTests.AchievementRepositoryPinTests test_setPinnedBadgeId_persistsAndEmitsChange]' started.
Test Case '-[HavitalTests.AchievementRepositoryPinTests test_setPinnedBadgeId_persistsAndEmitsChange]' passed (0.001 seconds).
Test Suite 'AchievementRepositoryPinTests' passed at 2026-08-29 15:39:54.747.
	 Executed 6 tests, with 0 failures (0 unexpected) in 0.007 (0.008) seconds
Test Suite 'AddSupportingTargetViewModelTests' started at 2026-08-29 15:39:54.747.
Test Case '-[HavitalTests.AddSupportingTargetViewModelTests testCreateTarget_Failure_ReturnsFalseAndSetsError]' started.
[AddSupportingTargetViewModel] [ERROR] [AddSupportingTargetVM] 建立支援賽事失敗: API Error
Test Case '-[HavitalTests.AddSupportingTargetViewModelTests testCreateTarget_Failure_ReturnsFalseAndSetsError]' passed (0.004 seconds).
Test Case '-[HavitalTests.AddSupportingTargetViewModelTests testCreateTarget_Success_ReturnsTrue]' started.
[AddSupportingTargetViewModel] [DEBUG] [AddSupportingTargetVM] 支援賽事已建立並保存: Test Race
Test Case '-[HavitalTests.AddSupportingTargetViewModelTests testCreateTarget_Success_ReturnsTrue]' passed (0.003 seconds).
Test Suite 'AddSupportingTargetViewModelTests' passed at 2026-08-29 15:39:54.756.
	 Executed 2 tests, with 0 failures (0 unexpected) in 0.008 (0.008) seconds
Test Suite 'AggregateWorkoutMetricsUseCaseTests' started at 2026-08-29 15:39:54.756.
Test Case '-[HavitalTests.AggregateWorkoutMetricsUseCaseTests testExecute_CalculatesIntensityFromAdvancedMetrics]' started.
[AggregateWorkoutMetricsUseCase] [DEBUG] [AggregateWorkoutMetricsUseCase] Calculating metrics from 2026-08-29 06:39:54 +0000 to 2026-08-29 06:39:54 +0000
[AggregateWorkoutMetricsUseCase] [DEBUG] [AggregateWorkoutMetricsUseCase] Distance: 10.0 km, Intensity - low: 15.0, medium: 25.0, high: 10.0
Test Case '-[HavitalTests.AggregateWorkoutMetricsUseCaseTests testExecute_CalculatesIntensityFromAdvancedMetrics]' passed (0.006 seconds).
Test Case '-[HavitalTests.AggregateWorkoutMetricsUseCaseTests testExecute_CalculatesIntensityFromDuration_WhenMetricsMissing]' started.
[AggregateWorkoutMetricsUseCase] [DEBUG] [AggregateWorkoutMetricsUseCase] Calculating metrics from 2026-08-29 06:39:54 +0000 to 2026-08-29 06:39:54 +0000
[AggregateWorkoutMetricsUseCase] [DEBUG] [AggregateWorkoutMetricsUseCase] Distance: 5.0 km, Intensity - low: 30.0, medium: 0.0, high: 0.0
Test Case '-[HavitalTests.AggregateWorkoutMetricsUseCaseTests testExecute_CalculatesIntensityFromDuration_WhenMetricsMissing]' passed (0.001 seconds).
Test Case '-[HavitalTests.AggregateWorkoutMetricsUseCaseTests testExecute_CalculatesTotalDistanceCorrectly]' started.
[AggregateWorkoutMetricsUseCase] [DEBUG] [AggregateWorkoutMetricsUseCase] Calculating metrics from 2026-08-29 06:39:54 +0000 to 2026-09-05 06:39:54 +0000
[AggregateWorkoutMetricsUseCase] [DEBUG] [AggregateWorkoutMetricsUseCase] Distance: 8.5 km, Intensity - low: 90.0, medium: 0.0, high: 0.0
Test Case '-[HavitalTests.AggregateWorkoutMetricsUseCaseTests testExecute_CalculatesTotalDistanceCorrectly]' passed (0.000 seconds).
Test Case '-[HavitalTests.AggregateWorkoutMetricsUseCaseTests testExecute_ExcludesNonAerobicActivitiesFromIntensity]' started.
[AggregateWorkoutMetricsUseCase] [DEBUG] [AggregateWorkoutMetricsUseCase] Calculating metrics from 2026-08-29 06:39:54 +0000 to 2026-08-29 06:39:54 +0000
[AggregateWorkoutMetricsUseCase] [DEBUG] [AggregateWorkoutMetricsUseCase] Distance: 5.0 km, Intensity - low: 30.0, medium: 0.0, high: 0.0
Test Case '-[HavitalTests.AggregateWorkoutMetricsUseCaseTests testExecute_ExcludesNonAerobicActivitiesFromIntensity]' passed (0.000 seconds).
Test Case '-[HavitalTests.AggregateWorkoutMetricsUseCaseTests testExecute_HandlesEmptyWorkouts]' started.
[AggregateWorkoutMetricsUseCase] [DEBUG] [AggregateWorkoutMetricsUseCase] Calculating metrics from 2026-08-29 06:39:54 +0000 to 2026-08-29 06:39:54 +0000
[AggregateWorkoutMetricsUseCase] [DEBUG] [AggregateWorkoutMetricsUseCase] Distance: 0.0 km, Intensity - low: 0.0, medium: 0.0, high: 0.0
Test Case '-[HavitalTests.AggregateWorkoutMetricsUseCaseTests testExecute_HandlesEmptyWorkouts]' passed (0.000 seconds).
Test Suite 'AggregateWorkoutMetricsUseCaseTests' passed at 2026-08-29 15:39:54.764.
	 Executed 5 tests, with 0 failures (0 unexpected) in 0.008 (0.009) seconds
Test Suite 'AnnouncementListResponseDecodingTests' started at 2026-08-29 15:39:54.765.
Test Case '-[HavitalTests.AnnouncementListResponseDecodingTests test_ac_ann_res_01_lossy_skips_bad_item]' started.
[AnnouncementDTO] [WARN] [AnnouncementListResponse] item[1] decode skipped: The data couldn’t be read because it isn’t in the correct format.
Test Case '-[HavitalTests.AnnouncementListResponseDecodingTests test_ac_ann_res_01_lossy_skips_bad_item]' passed (0.009 seconds).
Test Case '-[HavitalTests.AnnouncementListResponseDecodingTests test_ac_ann_res_02_all_bad_returns_empty]' started.
[AnnouncementDTO] [WARN] [AnnouncementListResponse] item[0] decode skipped: The data couldn’t be read because it is missing.
[AnnouncementDTO] [WARN] [AnnouncementListResponse] item[1] decode skipped: The data couldn’t be read because it isn’t in the correct format.
Test Case '-[HavitalTests.AnnouncementListResponseDecodingTests test_ac_ann_res_02_all_bad_returns_empty]' passed (0.000 seconds).
Test Case '-[HavitalTests.AnnouncementListResponseDecodingTests test_ac_ann_res_03_missing_is_seen_defaults_false]' started.
Test Case '-[HavitalTests.AnnouncementListResponseDecodingTests test_ac_ann_res_03_missing_is_seen_defaults_false]' passed (0.004 seconds).
Test Case '-[HavitalTests.AnnouncementListResponseDecodingTests test_ac_ann_res_04_iso8601_fractional]' started.
Test Case '-[HavitalTests.AnnouncementListResponseDecodingTests test_ac_ann_res_04_iso8601_fractional]' passed (0.001 seconds).
Test Case '-[HavitalTests.AnnouncementListResponseDecodingTests test_ac_ann_res_05_iso8601_no_fractional]' started.
Test Case '-[HavitalTests.AnnouncementListResponseDecodingTests test_ac_ann_res_05_iso8601_no_fractional]' passed (0.000 seconds).
Test Case '-[HavitalTests.AnnouncementListResponseDecodingTests test_ac_ann_res_06_empty_array]' started.
Test Case '-[HavitalTests.AnnouncementListResponseDecodingTests test_ac_ann_res_06_empty_array]' passed (0.000 seconds).
Test Suite 'AnnouncementListResponseDecodingTests' passed at 2026-08-29 15:39:54.780.
	 Executed 6 tests, with 0 failures (0 unexpected) in 0.015 (0.016) seconds
Test Suite 'AnnouncementRemoteDataSourceTests' started at 2026-08-29 15:39:54.780.
Test Case '-[HavitalTests.AnnouncementRemoteDataSourceTests testFetchAnnouncementsUsesListEndpoint]' started.
Test Case '-[HavitalTests.AnnouncementRemoteDataSourceTests testFetchAnnouncementsUsesListEndpoint]' passed (0.001 seconds).
Test Case '-[HavitalTests.AnnouncementRemoteDataSourceTests testMarkSeenBatchEncodesAnnouncementIds]' started.
Test Case '-[HavitalTests.AnnouncementRemoteDataSourceTests testMarkSeenBatchEncodesAnnouncementIds]' passed (0.002 seconds).
Test Case '-[HavitalTests.AnnouncementRemoteDataSourceTests testMarkSeenUsesPostEndpointForSingleAnnouncement]' started.
Test Case '-[HavitalTests.AnnouncementRemoteDataSourceTests testMarkSeenUsesPostEndpointForSingleAnnouncement]' passed (0.000 seconds).
Test Suite 'AnnouncementRemoteDataSourceTests' passed at 2026-08-29 15:39:54.784.
	 Executed 3 tests, with 0 failures (0 unexpected) in 0.003 (0.003) seconds
Test Suite 'AnnouncementRepositoryImplTests' started at 2026-08-29 15:39:54.784.
Test Case '-[HavitalTests.AnnouncementRepositoryImplTests testFetchAnnouncementsFiltersEntriesThatMapperCannotConvert]' started.
[AnnouncementMapper] [WARN] [AnnouncementMapper] Missing or unparseable publishedAt: nil
Test Case '-[HavitalTests.AnnouncementRepositoryImplTests testFetchAnnouncementsFiltersEntriesThatMapperCannotConvert]' passed (0.001 seconds).
Test Case '-[HavitalTests.AnnouncementRepositoryImplTests testFetchAnnouncementsWrapsRemoteError]' started.
[AnnouncementRepositoryImpl] [ERROR] [AnnouncementRepository] fetchAnnouncements failed: No network connection.
Test Case '-[HavitalTests.AnnouncementRepositoryImplTests testFetchAnnouncementsWrapsRemoteError]' passed (0.003 seconds).
Test Case '-[HavitalTests.AnnouncementRepositoryImplTests testMarkSeenBatchReturnsEarlyWhenIdsAreEmpty]' started.
Test Case '-[HavitalTests.AnnouncementRepositoryImplTests testMarkSeenBatchReturnsEarlyWhenIdsAreEmpty]' passed (0.000 seconds).
Test Suite 'AnnouncementRepositoryImplTests' passed at 2026-08-29 15:39:54.789.
	 Executed 3 tests, with 0 failures (0 unexpected) in 0.004 (0.005) seconds
Test Suite 'AnnouncementViewModelTests' started at 2026-08-29 15:39:54.789.
Test Case '-[HavitalTests.AnnouncementViewModelTests testDismissCurrentPopupAdvancesToNextPopupInQueue]' started.
Test Case '-[HavitalTests.AnnouncementViewModelTests testDismissCurrentPopupAdvancesToNextPopupInQueue]' passed (0.109 seconds).
Test Case '-[HavitalTests.AnnouncementViewModelTests testLoadAnnouncementsIfNeededPresentsNewestUnreadPopupAndMarksSeen]' started.
Test Case '-[HavitalTests.AnnouncementViewModelTests testLoadAnnouncementsIfNeededPresentsNewestUnreadPopupAndMarksSeen]' passed (0.055 seconds).
Test Case '-[HavitalTests.AnnouncementViewModelTests testLoadAnnouncementsIfNeededPresentsPopupWhenFirstLoadHasNoUnread]' started.
Test Case '-[HavitalTests.AnnouncementViewModelTests testLoadAnnouncementsIfNeededPresentsPopupWhenFirstLoadHasNoUnread]' passed (0.056 seconds).
Test Case '-[HavitalTests.AnnouncementViewModelTests testLoadMessageCenterSortsItemsAndMarksUnreadBatchSeen]' started.
Test Case '-[HavitalTests.AnnouncementViewModelTests testLoadMessageCenterSortsItemsAndMarksUnreadBatchSeen]' passed (0.056 seconds).
Test Case '-[HavitalTests.AnnouncementViewModelTests testOpenMessageCenterAnnouncementSelectsAnnouncementForDetailPresentation]' started.
Test Case '-[HavitalTests.AnnouncementViewModelTests testOpenMessageCenterAnnouncementSelectsAnnouncementForDetailPresentation]' passed (0.001 seconds).
Test Suite 'AnnouncementViewModelTests' passed at 2026-08-29 15:39:55.068.
	 Executed 5 tests, with 0 failures (0 unexpected) in 0.276 (0.279) seconds
Test Suite 'App2AchievementsFormatTests' started at 2026-08-29 15:39:55.068.
Test Case '-[HavitalTests.App2AchievementsFormatTests test_achievementsGrouped_keepsOneFractionBelowHundred]' started.
Test Case '-[HavitalTests.App2AchievementsFormatTests test_achievementsGrouped_keepsOneFractionBelowHundred]' passed (0.001 seconds).
Test Case '-[HavitalTests.App2AchievementsFormatTests test_achievementsGrouped_reproducesRejectedWeekCountsWithoutDecimals]' started.
Test Case '-[HavitalTests.App2AchievementsFormatTests test_achievementsGrouped_reproducesRejectedWeekCountsWithoutDecimals]' passed (0.001 seconds).
Test Case '-[HavitalTests.App2AchievementsFormatTests test_achievementsGrouped_sameRowKeepsConsistentPrecision]' started.
Test Case '-[HavitalTests.App2AchievementsFormatTests test_achievementsGrouped_sameRowKeepsConsistentPrecision]' passed (0.001 seconds).
Test Case '-[HavitalTests.App2AchievementsFormatTests test_grouped_defaultsToNoFraction]' started.
Test Case '-[HavitalTests.App2AchievementsFormatTests test_grouped_defaultsToNoFraction]' passed (0.001 seconds).
Test Case '-[HavitalTests.App2AchievementsFormatTests test_grouped_keepsFractionWhenValueIsNotWhole]' started.
Test Case '-[HavitalTests.App2AchievementsFormatTests test_grouped_keepsFractionWhenValueIsNotWhole]' passed (0.001 seconds).
Test Case '-[HavitalTests.App2AchievementsFormatTests test_grouped_usesThousandSeparator]' started.
Test Case '-[HavitalTests.App2AchievementsFormatTests test_grouped_usesThousandSeparator]' passed (0.001 seconds).
Test Case '-[HavitalTests.App2AchievementsFormatTests test_grouped_wholeNumbersHaveNoDecimalPoint]' started.
Test Case '-[HavitalTests.App2AchievementsFormatTests test_grouped_wholeNumbersHaveNoDecimalPoint]' passed (0.001 seconds).
Test Case '-[HavitalTests.App2AchievementsFormatTests test_recordsGrouped_keepsOneFraction]' started.
Test Case '-[HavitalTests.App2AchievementsFormatTests test_recordsGrouped_keepsOneFraction]' passed (0.001 seconds).
Test Case '-[HavitalTests.App2AchievementsFormatTests test_recordsMonthComparison_matchesTotalsPrecision]' started.
Test Case '-[HavitalTests.App2AchievementsFormatTests test_recordsMonthComparison_matchesTotalsPrecision]' passed (0.003 seconds).
Test Suite 'App2AchievementsFormatTests' passed at 2026-08-29 15:39:55.084.
	 Executed 9 tests, with 0 failures (0 unexpected) in 0.012 (0.016) seconds
Test Suite 'App2CancellationTests' started at 2026-08-29 15:39:55.084.
Test Case '-[HavitalTests.App2CancellationTests test_homeVM_cancelledChildLoad_doesNotMarkLoaded]' started.
[UserDefaultsAuthCache] [DEBUG] Auth cache expired or not found
[UserDefaultsAuthCache] [DEBUG] Auth cache cleared
[AuthSessionRepositoryImpl] [DEBUG] [AuthSession] No valid cached user found
[App2HomeViewModel] [DEBUG] [App2HomeVM] plan status 缺 user_timezone，週日判定退回裝置日曆
[DailyStateRemoteDataSource] [DEBUG] [DailyStateRemoteDS] Fetching today state
[App2HomeViewModel] [DEBUG] [App2HomeVM] 本週課表尚未產生 (next_action=view_plan)
[App2HomeViewModel] [DEBUG] [App2HomeVM] plan status 缺 user_timezone，週日判定退回裝置日曆
[TrainingReadinessStorage] 📂 載入緩存數據:
[TrainingReadinessStorage]   - 日期: 2026-08-29
[TrainingReadinessStorage]   - 整體分數: 80.3
[TrainingReadinessStorage]   - 速度分數: 72.2
[TrainingReadinessStorage]   - 耐力分數: 75.0
[TrainingReadinessStorage]   - 比賽適能分數: 90.9
[TrainingReadinessStorage]   - 訓練負荷分數: 77.6
[TrainingReadinessManager] [DEBUG] [TrainingReadinessManager] calling API: forceCalculate=false
[AuthSessionRepositoryImpl] [ERROR] [AuthSession] ❌ Failed to get ID Token: Authentication token has expired.
[App2HomeViewModel] [DEBUG] [App2HomeVM] state/today 取得失敗,退樣本: tokenExpired
[AuthSessionRepositoryImpl] [ERROR] [AuthSession] ❌ Failed to get ID Token: Authentication token has expired.
Test Case '-[HavitalTests.App2CancellationTests test_homeVM_cancelledChildLoad_doesNotMarkLoaded]' passed (0.035 seconds).
Test Case '-[HavitalTests.App2CancellationTests test_homeVM_cancelledOverview_doesNotAssembleGoalOrPlanEnd]' started.
[UserDefaultsAuthCache] [DEBUG] Auth cache expired or not found
[UserDefaultsAuthCache] [DEBUG] Auth cache cleared
[AuthSessionRepositoryImpl] [DEBUG] [AuthSession] No valid cached user found
[App2HomeViewModel] [DEBUG] [App2HomeVM] plan status 缺 user_timezone，週日判定退回裝置日曆
[TrainingReadinessManager] [ERROR] [TrainingReadinessManager] load failed: Authentication token has expired.
[DailyStateRemoteDataSource] [DEBUG] [DailyStateRemoteDS] Fetching today state
[App2HomeViewModel] [DEBUG] [App2HomeVM] 本週課表尚未產生 (next_action=view_plan)
[App2HomeViewModel] [DEBUG] [App2HomeVM] plan status 缺 user_timezone，週日判定退回裝置日曆
[TrainingReadinessStorage] 📂 載入緩存數據:
[TrainingReadinessStorage]   - 日期: 2026-08-29
[TrainingReadinessStorage]   - 整體分數: 80.3
[TrainingReadinessStorage]   - 速度分數: 72.2
[TrainingReadinessStorage]   - 耐力分數: 75.0
[TrainingReadinessStorage]   - 比賽適能分數: 90.9
[TrainingReadinessStorage]   - 訓練負荷分數: 77.6
[AuthSessionRepositoryImpl] [ERROR] [AuthSession] ❌ Failed to get ID Token: Authentication token has expired.
[TrainingReadinessManager] [DEBUG] [TrainingReadinessManager] calling API: forceCalculate=false
[App2HomeViewModel] [DEBUG] [App2HomeVM] state/today 取得失敗,退樣本: tokenExpired
[AuthSessionRepositoryImpl] [ERROR] [AuthSession] ❌ Failed to get ID Token: Authentication token has expired.
Test Case '-[HavitalTests.App2CancellationTests test_homeVM_cancelledOverview_doesNotAssembleGoalOrPlanEnd]' passed (0.002 seconds).
Test Case '-[HavitalTests.App2CancellationTests test_homeVM_cancelledPlanStatusDoesNotMarkLoaded]' started.
[UserDefaultsAuthCache] [DEBUG] Auth cache expired or not found
[UserDefaultsAuthCache] [DEBUG] Auth cache cleared
[AuthSessionRepositoryImpl] [DEBUG] [AuthSession] No valid cached user found
[TrainingReadinessManager] [ERROR] [TrainingReadinessManager] load failed: Authentication token has expired.
[DailyStateRemoteDataSource] [DEBUG] [DailyStateRemoteDS] Fetching today state
[TrainingReadinessStorage] 📂 載入緩存數據:
[TrainingReadinessStorage]   - 日期: 2026-08-29
[TrainingReadinessStorage]   - 整體分數: 80.3
[TrainingReadinessStorage]   - 速度分數: 72.2
[TrainingReadinessStorage]   - 耐力分數: 75.0
[TrainingReadinessStorage]   - 比賽適能分數: 90.9
[TrainingReadinessStorage]   - 訓練負荷分數: 77.6
[AuthSessionRepositoryImpl] [ERROR] [AuthSession] ❌ Failed to get ID Token: Authentication token has expired.
[App2HomeViewModel] [DEBUG] [App2HomeVM] 無主要賽事目標,顯示空狀態
[App2HomeViewModel] [DEBUG] [App2HomeVM] state/today 取得失敗,退樣本: tokenExpired
[TrainingReadinessManager] [DEBUG] [TrainingReadinessManager] calling API: forceCalculate=false
Test Case '-[HavitalTests.App2CancellationTests test_homeVM_cancelledPlanStatusDoesNotMarkLoaded]' passed (0.001 seconds).
Test Case '-[HavitalTests.App2CancellationTests test_homeVM_cancelledRaceDayReadiness_doesNotAssemblePlanEnd]' started.
[AuthSessionRepositoryImpl] [ERROR] [AuthSession] ❌ Failed to get ID Token: Authentication token has expired.
[UserDefaultsAuthCache] [DEBUG] Auth cache expired or not found
[UserDefaultsAuthCache] [DEBUG] Auth cache cleared
[AuthSessionRepositoryImpl] [DEBUG] [AuthSession] No valid cached user found
[App2HomeViewModel] [DEBUG] [App2HomeVM] plan status 缺 user_timezone，週日判定退回裝置日曆
[TrainingReadinessManager] [ERROR] [TrainingReadinessManager] load failed: Authentication token has expired.
[App2HomeViewModel] [DEBUG] [App2HomeVM] 本週課表尚未產生 (next_action=training_completed)
[DailyStateRemoteDataSource] [DEBUG] [DailyStateRemoteDS] Fetching today state
[App2HomeViewModel] [DEBUG] [App2HomeVM] plan status 缺 user_timezone，週日判定退回裝置日曆
[AuthSessionRepositoryImpl] [ERROR] [AuthSession] ❌ Failed to get ID Token: Authentication token has expired.
[TrainingReadinessStorage] 📂 載入緩存數據:
[TrainingReadinessStorage]   - 日期: 2026-08-29
[TrainingReadinessStorage]   - 整體分數: 80.3
[TrainingReadinessStorage]   - 速度分數: 72.2
[TrainingReadinessStorage]   - 耐力分數: 75.0
[TrainingReadinessStorage]   - 比賽適能分數: 90.9
[TrainingReadinessStorage]   - 訓練負荷分數: 77.6
[App2HomeViewModel] [DEBUG] [App2HomeVM] state/today 取得失敗,退樣本: tokenExpired
[TrainingReadinessManager] [DEBUG] [TrainingReadinessManager] calling API: forceCalculate=false
[AuthSessionRepositoryImpl] [ERROR] [AuthSession] ❌ Failed to get ID Token: Authentication token has expired.
[TrainingReadinessManager] [ERROR] [TrainingReadinessManager] load failed: Authentication token has expired.
[App2HomeViewModel] [DEBUG] [App2HomeVM] overview 取得失敗: overviewNotFound
Test Case '-[HavitalTests.App2CancellationTests test_homeVM_cancelledRaceDayReadiness_doesNotAssemblePlanEnd]' passed (0.007 seconds).
Test Case '-[HavitalTests.App2CancellationTests test_homeVM_overlappingRevalidates_runOneRoundAtATime]' started.
[UserDefaultsAuthCache] [DEBUG] Auth cache expired or not found
[UserDefaultsAuthCache] [DEBUG] Auth cache cleared
[AuthSessionRepositoryImpl] [DEBUG] [AuthSession] No valid cached user found
[App2HomeViewModel] [DEBUG] [App2HomeVM] plan status 缺 user_timezone，週日判定退回裝置日曆
[DailyStateRemoteDataSource] [DEBUG] [DailyStateRemoteDS] Fetching today state
[App2HomeViewModel] [DEBUG] [App2HomeVM] 本週課表尚未產生 (next_action=view_plan)
[App2HomeViewModel] [DEBUG] [App2HomeVM] plan status 缺 user_timezone，週日判定退回裝置日曆
[TrainingReadinessStorage] 📂 載入緩存數據:
[TrainingReadinessStorage]   - 日期: 2026-08-29
[TrainingReadinessStorage]   - 整體分數: 80.3
[TrainingReadinessStorage]   - 速度分數: 72.2
[TrainingReadinessStorage]   - 耐力分數: 75.0
[TrainingReadinessStorage]   - 比賽適能分數: 90.9
[TrainingReadinessStorage]   - 訓練負荷分數: 77.6
[AuthSessionRepositoryImpl] [ERROR] [AuthSession] ❌ Failed to get ID Token: Authentication token has expired.
[TrainingReadinessManager] [DEBUG] [TrainingReadinessManager] calling API: forceCalculate=false
[App2HomeViewModel] [DEBUG] [App2HomeVM] state/today 取得失敗,退樣本: tokenExpired
[App2HomeViewModel] [DEBUG] [App2HomeVM] overview 取得失敗: overviewNotFound
[App2HomeViewModel] [DEBUG] [App2HomeVM] 無主要賽事目標,顯示空狀態
[AuthSessionRepositoryImpl] [ERROR] [AuthSession] ❌ Failed to get ID Token: Authentication token has expired.
Test Case '-[HavitalTests.App2CancellationTests test_homeVM_overlappingRevalidates_runOneRoundAtATime]' passed (0.002 seconds).
Test Case '-[HavitalTests.App2CancellationTests test_periodSummary_cancelledLoadDoesNotPublish]' started.
[TrainingReadinessManager] [ERROR] [TrainingReadinessManager] load failed: Authentication token has expired.
Test Case '-[HavitalTests.App2CancellationTests test_periodSummary_cancelledLoadDoesNotPublish]' passed (0.212 seconds).
Test Case '-[HavitalTests.App2CancellationTests test_periodSummary_cancelledPartialLoad_doesNotPublishNorMarkLoaded]' started.
Test Case '-[HavitalTests.App2CancellationTests test_periodSummary_cancelledPartialLoad_doesNotPublishNorMarkLoaded]' passed (0.011 seconds).
Test Case '-[HavitalTests.App2CancellationTests test_periodSummary_cancelledWeeklySummaries_doesNotPublishNorMarkLoaded]' started.
Test Case '-[HavitalTests.App2CancellationTests test_periodSummary_cancelledWeeklySummaries_doesNotPublishNorMarkLoaded]' passed (0.204 seconds).
Test Case '-[HavitalTests.App2CancellationTests test_planOverviewVM_cancellationErrorDoesNotMarkLoaded]' started.
Test Case '-[HavitalTests.App2CancellationTests test_planOverviewVM_cancellationErrorDoesNotMarkLoaded]' passed (0.007 seconds).
Test Case '-[HavitalTests.App2CancellationTests test_planOverviewVM_cancelledChildLoad_doesNotPublishNorMarkLoaded]' started.
[UserProfileRepositoryImpl] [DEBUG] [UserProfileRepo] getUserProfile
[App2PlanOverviewViewModel] [DEBUG] [App2PlanOverviewVM] overview 取得失敗: overviewNotFound
[UserProfileRepositoryImpl] [DEBUG] [UserProfileRepo] Cache miss, fetching from API
[TrainingReadinessManager] [DEBUG] [TrainingReadinessManager] calling API: forceCalculate=false
[UserProfileRemoteDataSource] [DEBUG] [UserProfileRemoteDS] Fetching user profile
[AuthSessionRepositoryImpl] [ERROR] [AuthSession] ❌ Failed to get ID Token: Authentication token has expired.
[AuthSessionRepositoryImpl] [ERROR] [AuthSession] ❌ Failed to get ID Token: Authentication token has expired.
[TrainingReadinessManager] [ERROR] [TrainingReadinessManager] load failed: Authentication token has expired.
[App2PlanOverviewViewModel] [DEBUG] [App2PlanOverviewVM] 訓練日偏好取得失敗: tokenExpired
Test Case '-[HavitalTests.App2CancellationTests test_planOverviewVM_cancelledChildLoad_doesNotPublishNorMarkLoaded]' passed (0.002 seconds).
Test Case '-[HavitalTests.App2CancellationTests test_planVM_cancellationErrorDoesNotMarkLoaded]' started.
Test Case '-[HavitalTests.App2CancellationTests test_planVM_cancellationErrorDoesNotMarkLoaded]' passed (0.010 seconds).
Test Case '-[HavitalTests.App2CancellationTests test_planVM_cancelledWeeklyFetchAfterStatusSuccess_doesNotMarkLoaded]' started.
Test Case '-[HavitalTests.App2CancellationTests test_planVM_cancelledWeeklyFetchAfterStatusSuccess_doesNotMarkLoaded]' passed (0.001 seconds).
Test Case '-[HavitalTests.App2CancellationTests test_raceManagementVM_cancellationErrorDoesNotMarkLoaded]' started.
Test Case '-[HavitalTests.App2CancellationTests test_raceManagementVM_cancellationErrorDoesNotMarkLoaded]' passed (0.003 seconds).
Test Case '-[HavitalTests.App2CancellationTests test_records_cancelledPageDoesNotMarkLoadedNorPersistPartialSnapshots]' started.
Test Case '-[HavitalTests.App2CancellationTests test_records_cancelledPageDoesNotMarkLoadedNorPersistPartialSnapshots]' passed (0.206 seconds).
Test Case '-[HavitalTests.App2CancellationTests test_volumeDetail_cancelledHealthLoad_doesNotPublishNorMarkLoaded]' started.
Test Case '-[HavitalTests.App2CancellationTests test_volumeDetail_cancelledHealthLoad_doesNotPublishNorMarkLoaded]' passed (0.008 seconds).
Test Case '-[HavitalTests.App2CancellationTests test_volumeDetail_cancelledLoadDoesNotPublish]' started.
Test Case '-[HavitalTests.App2CancellationTests test_volumeDetail_cancelledLoadDoesNotPublish]' passed (0.205 seconds).
Test Case '-[HavitalTests.App2CancellationTests test_volumeVM_reselectRange_cancelsPreviousReload]' started.
[UserProfileRepositoryImpl] [DEBUG] [UserProfileRepo] getUserProfile
[UserProfileRepositoryImpl] [DEBUG] [UserProfileRepo] Cache miss, fetching from API
[UserProfileRemoteDataSource] [DEBUG] [UserProfileRemoteDS] Fetching user profile
[AuthSessionRepositoryImpl] [ERROR] [AuthSession] ❌ Failed to get ID Token: Authentication token has expired.
[App2MetricDetailViewModel] [DEBUG] [App2VolumeDetailVM] profile 取得失敗,不畫目標線: tokenExpired
Test Case '-[HavitalTests.App2CancellationTests test_volumeVM_reselectRange_cancelsPreviousReload]' passed (0.253 seconds).
Test Case '-[HavitalTests.App2CancellationTests test_volumeVM_teardown_cancelsInflightRangeReload_andReleasesVM]' started.
Test Case '-[HavitalTests.App2CancellationTests test_volumeVM_teardown_cancelsInflightRangeReload_andReleasesVM]' passed (0.203 seconds).
Test Suite 'App2CancellationTests' passed at 2026-08-29 15:39:56.462.
	 Executed 18 tests, with 0 failures (0 unexpected) in 1.371 (1.379) seconds
Test Suite 'App2HomeProjectionTests' started at 2026-08-29 15:39:56.463.
Test Case '-[HavitalTests.App2HomeProjectionTests test_highlightedInsights_allUngraded_stillShowsRows]' started.
Test Case '-[HavitalTests.App2HomeProjectionTests test_highlightedInsights_allUngraded_stillShowsRows]' passed (0.001 seconds).
Test Case '-[HavitalTests.App2HomeProjectionTests test_highlightedInsights_prefersGradedAndDoesNotPadWithUngraded]' started.
Test Case '-[HavitalTests.App2HomeProjectionTests test_highlightedInsights_prefersGradedAndDoesNotPadWithUngraded]' passed (0.000 seconds).
Test Case '-[HavitalTests.App2HomeProjectionTests test_insights_emptyRows_returnsEmpty]' started.
Test Case '-[HavitalTests.App2HomeProjectionTests test_insights_emptyRows_returnsEmpty]' passed (0.000 seconds).
Test Case '-[HavitalTests.App2HomeProjectionTests test_insights_gradedRow_carriesArrowAndVerdict]' started.
Test Case '-[HavitalTests.App2HomeProjectionTests test_insights_gradedRow_carriesArrowAndVerdict]' passed (0.000 seconds).
Test Case '-[HavitalTests.App2HomeProjectionTests test_insights_keepsBackendOrderAndLabels]' started.
Test Case '-[HavitalTests.App2HomeProjectionTests test_insights_keepsBackendOrderAndLabels]' passed (0.000 seconds).
Test Case '-[HavitalTests.App2HomeProjectionTests test_insights_notComputedRow_isMarkedAndHasNoValue]' started.
Test Case '-[HavitalTests.App2HomeProjectionTests test_insights_notComputedRow_isMarkedAndHasNoValue]' passed (0.000 seconds).
Test Case '-[HavitalTests.App2HomeProjectionTests test_isSunday_lastWeekSundayStillDetected]' started.
Test Case '-[HavitalTests.App2HomeProjectionTests test_isSunday_lastWeekSundayStillDetected]' passed (0.003 seconds).
Test Case '-[HavitalTests.App2HomeProjectionTests test_isSunday_mondayInUserTimezoneWhileSundayElsewhere]' started.
Test Case '-[HavitalTests.App2HomeProjectionTests test_isSunday_mondayInUserTimezoneWhileSundayElsewhere]' passed (0.001 seconds).
Test Case '-[HavitalTests.App2HomeProjectionTests test_isSunday_sundayIsSunday]' started.
Test Case '-[HavitalTests.App2HomeProjectionTests test_isSunday_sundayIsSunday]' passed (0.000 seconds).
Test Case '-[HavitalTests.App2HomeProjectionTests test_isSunday_trustsCanGenerateNextWeekFlag]' started.
Test Case '-[HavitalTests.App2HomeProjectionTests test_isSunday_trustsCanGenerateNextWeekFlag]' passed (0.000 seconds).
Test Case '-[HavitalTests.App2HomeProjectionTests test_isSunday_unknownTimezoneFallsBackToDeviceCalendar]' started.
[App2HomeViewModel] [DEBUG] [App2HomeVM] plan status 缺 user_timezone，週日判定退回裝置日曆
Test Case '-[HavitalTests.App2HomeProjectionTests test_isSunday_unknownTimezoneFallsBackToDeviceCalendar]' passed (0.001 seconds).
Test Case '-[HavitalTests.App2HomeProjectionTests test_isSunday_usesUserTimezoneNotDeviceTimezone]' started.
Test Case '-[HavitalTests.App2HomeProjectionTests test_isSunday_usesUserTimezoneNotDeviceTimezone]' passed (0.001 seconds).
Test Case '-[HavitalTests.App2HomeProjectionTests test_isSunday_weekBoundaryToTheSecond]' started.
Test Case '-[HavitalTests.App2HomeProjectionTests test_isSunday_weekBoundaryToTheSecond]' passed (0.001 seconds).
Test Case '-[HavitalTests.App2HomeProjectionTests test_isSunday_weekdaysAreNotSunday]' started.
Test Case '-[HavitalTests.App2HomeProjectionTests test_isSunday_weekdaysAreNotSunday]' passed (0.001 seconds).
Test Case '-[HavitalTests.App2HomeProjectionTests test_offlineTrainingStatus_usesRealWeeks_notSampleWeeks]' started.
Test Case '-[HavitalTests.App2HomeProjectionTests test_offlineTrainingStatus_usesRealWeeks_notSampleWeeks]' passed (0.000 seconds).
Test Case '-[HavitalTests.App2HomeProjectionTests test_offlineTrainingStatus_withoutPlanStatus_leavesWeeksNil]' started.
Test Case '-[HavitalTests.App2HomeProjectionTests test_offlineTrainingStatus_withoutPlanStatus_leavesWeeksNil]' passed (0.000 seconds).
Test Case '-[HavitalTests.App2HomeProjectionTests test_rizoOpeningLine_prefersCollapsedReason]' started.
Test Case '-[HavitalTests.App2HomeProjectionTests test_rizoOpeningLine_prefersCollapsedReason]' passed (0.001 seconds).
Test Case '-[HavitalTests.App2HomeProjectionTests test_rizoOpeningLine_withoutSentences_isNil]' started.
Test Case '-[HavitalTests.App2HomeProjectionTests test_rizoOpeningLine_withoutSentences_isNil]' passed (0.000 seconds).
Test Case '-[HavitalTests.App2HomeProjectionTests test_segments_intervalDay_listsWorkAndRecovery]' started.
Test Case '-[HavitalTests.App2HomeProjectionTests test_segments_intervalDay_listsWorkAndRecovery]' passed (0.008 seconds).
Test Case '-[HavitalTests.App2HomeProjectionTests test_segments_qualityDay_expandsWarmupSteadyIntervalCooldown]' started.
Test Case '-[HavitalTests.App2HomeProjectionTests test_segments_qualityDay_expandsWarmupSteadyIntervalCooldown]' passed (0.000 seconds).
Test Case '-[HavitalTests.App2HomeProjectionTests test_segments_singleSegmentDay_hasOneMainRow]' started.
Test Case '-[HavitalTests.App2HomeProjectionTests test_segments_singleSegmentDay_hasOneMainRow]' passed (0.002 seconds).
Test Case '-[HavitalTests.App2HomeProjectionTests test_stageName_localizesByStageIdNotBackendString]' started.
Test Case '-[HavitalTests.App2HomeProjectionTests test_stageName_localizesByStageIdNotBackendString]' passed (0.003 seconds).
Test Case '-[HavitalTests.App2HomeProjectionTests test_stageName_weekOutsideEveryStage_isNil]' started.
Test Case '-[HavitalTests.App2HomeProjectionTests test_stageName_weekOutsideEveryStage_isNil]' passed (0.000 seconds).
Test Case '-[HavitalTests.App2HomeProjectionTests test_structureBars_intervalDay_annotatesFirstRepOnly]' started.
Test Case '-[HavitalTests.App2HomeProjectionTests test_structureBars_intervalDay_annotatesFirstRepOnly]' passed (0.001 seconds).
Test Case '-[HavitalTests.App2HomeProjectionTests test_structureBars_intervalDay_hasOneWorkBarPerRep]' started.
Test Case '-[HavitalTests.App2HomeProjectionTests test_structureBars_intervalDay_hasOneWorkBarPerRep]' passed (0.000 seconds).
Test Case '-[HavitalTests.App2HomeProjectionTests test_structureBars_nonIntervalDay_hasNoWorkBars]' started.
Test Case '-[HavitalTests.App2HomeProjectionTests test_structureBars_nonIntervalDay_hasNoWorkBars]' passed (0.000 seconds).
Test Case '-[HavitalTests.App2HomeProjectionTests test_structureBars_qualityDay_countsOnlySprintReps]' started.
Test Case '-[HavitalTests.App2HomeProjectionTests test_structureBars_qualityDay_countsOnlySprintReps]' passed (0.000 seconds).
Test Case '-[HavitalTests.App2HomeProjectionTests test_structureBars_restDay_isEmpty]' started.
Test Case '-[HavitalTests.App2HomeProjectionTests test_structureBars_restDay_isEmpty]' passed (0.000 seconds).
Test Case '-[HavitalTests.App2HomeProjectionTests test_structureBars_singleSegmentEasyRun_carriesOneAnnotationRow]' started.
Test Case '-[HavitalTests.App2HomeProjectionTests test_structureBars_singleSegmentEasyRun_carriesOneAnnotationRow]' passed (0.000 seconds).
Test Case '-[HavitalTests.App2HomeProjectionTests test_structureBars_singleSegmentEasyRun_isOneSteadyBlockWithPace]' started.
Test Case '-[HavitalTests.App2HomeProjectionTests test_structureBars_singleSegmentEasyRun_isOneSteadyBlockWithPace]' passed (0.000 seconds).
Test Case '-[HavitalTests.App2HomeProjectionTests test_structureBars_supportBarsHaveNoAnnotation]' started.
Test Case '-[HavitalTests.App2HomeProjectionTests test_structureBars_supportBarsHaveNoAnnotation]' passed (0.000 seconds).
Test Case '-[HavitalTests.App2HomeProjectionTests test_stubTrainingStatus_carriesNoWeekNumbers]' started.
Test Case '-[HavitalTests.App2HomeProjectionTests test_stubTrainingStatus_carriesNoWeekNumbers]' passed (0.000 seconds).
Test Case '-[HavitalTests.App2HomeProjectionTests test_todaySession_durationOnly_andNeither]' started.
Test Case '-[HavitalTests.App2HomeProjectionTests test_todaySession_durationOnly_andNeither]' passed (0.001 seconds).
Test Case '-[HavitalTests.App2HomeProjectionTests test_todaySession_easyRun_buildsDistanceAndPaceLine]' started.
Test Case '-[HavitalTests.App2HomeProjectionTests test_todaySession_easyRun_buildsDistanceAndPaceLine]' passed (0.000 seconds).
Test Case '-[HavitalTests.App2HomeProjectionTests test_todaySession_emptyWeek_returnsNil]' started.
Test Case '-[HavitalTests.App2HomeProjectionTests test_todaySession_emptyWeek_returnsNil]' passed (0.000 seconds).
Test Case '-[HavitalTests.App2HomeProjectionTests test_todaySession_interval_buildsStructuredLine]' started.
Test Case '-[HavitalTests.App2HomeProjectionTests test_todaySession_interval_buildsStructuredLine]' passed (0.000 seconds).
Test Case '-[HavitalTests.App2HomeProjectionTests test_todaySession_missingIntensity_fallsBackToDayType]' started.
Test Case '-[HavitalTests.App2HomeProjectionTests test_todaySession_missingIntensity_fallsBackToDayType]' passed (0.000 seconds).
Test Case '-[HavitalTests.App2HomeProjectionTests test_todaySession_restDay_showsRestWithoutIntensityOrSummary]' started.
Test Case '-[HavitalTests.App2HomeProjectionTests test_todaySession_restDay_showsRestWithoutIntensityOrSummary]' passed (0.000 seconds).
Test Case '-[HavitalTests.App2HomeProjectionTests test_todaySession_todayNotInDays_returnsNil]' started.
Test Case '-[HavitalTests.App2HomeProjectionTests test_todaySession_todayNotInDays_returnsNil]' passed (0.000 seconds).
Test Case '-[HavitalTests.App2HomeProjectionTests test_todaySession_unknownRunType_fallsBackToDayTarget]' started.
Test Case '-[HavitalTests.App2HomeProjectionTests test_todaySession_unknownRunType_fallsBackToDayTarget]' passed (0.000 seconds).
Test Case '-[HavitalTests.App2HomeProjectionTests test_todayState_planExists_isSessionNotNotGenerated]' started.
Test Case '-[HavitalTests.App2HomeProjectionTests test_todayState_planExists_isSessionNotNotGenerated]' passed (0.000 seconds).
Test Case '-[HavitalTests.App2HomeProjectionTests test_todayState_unavailableIsNotNotGenerated]' started.
Test Case '-[HavitalTests.App2HomeProjectionTests test_todayState_unavailableIsNotNotGenerated]' passed (0.001 seconds).
Test Case '-[HavitalTests.App2HomeProjectionTests test_trainingStatus_freeUser_hasNoNarrative]' started.
Test Case '-[HavitalTests.App2HomeProjectionTests test_trainingStatus_freeUser_hasNoNarrative]' passed (0.000 seconds).
Test Case '-[HavitalTests.App2HomeProjectionTests test_trainingStatus_longHeadline_isNotTruncated]' started.
Test Case '-[HavitalTests.App2HomeProjectionTests test_trainingStatus_longHeadline_isNotTruncated]' passed (0.000 seconds).
Test Case '-[HavitalTests.App2HomeProjectionTests test_trainingStatus_missingPlanStatus_leavesWeeksNil]' started.
Test Case '-[HavitalTests.App2HomeProjectionTests test_trainingStatus_missingPlanStatus_leavesWeeksNil]' passed (0.000 seconds).
Test Case '-[HavitalTests.App2HomeProjectionTests test_trainingStatus_narrativeComesFromNarrativeText]' started.
Test Case '-[HavitalTests.App2HomeProjectionTests test_trainingStatus_narrativeComesFromNarrativeText]' passed (0.000 seconds).
Test Case '-[HavitalTests.App2HomeProjectionTests test_trainingStatus_trackPositionIsCentered]' started.
Test Case '-[HavitalTests.App2HomeProjectionTests test_trainingStatus_trackPositionIsCentered]' passed (0.000 seconds).
Test Case '-[HavitalTests.App2HomeProjectionTests test_trainingStatus_usesHeadlineNotCollapsedReason]' started.
Test Case '-[HavitalTests.App2HomeProjectionTests test_trainingStatus_usesHeadlineNotCollapsedReason]' passed (0.000 seconds).
Test Case '-[HavitalTests.App2HomeProjectionTests test_weekReview_lastWeekSundayStillOffersCurrentWeekReview]' started.
Test Case '-[HavitalTests.App2HomeProjectionTests test_weekReview_lastWeekSundayStillOffersCurrentWeekReview]' passed (0.001 seconds).
Test Case '-[HavitalTests.App2HomeProjectionTests test_weekReview_row1_week1OnWeekdayIsHidden]' started.
Test Case '-[HavitalTests.App2HomeProjectionTests test_weekReview_row1_week1OnWeekdayIsHidden]' passed (0.000 seconds).
Test Case '-[HavitalTests.App2HomeProjectionTests test_weekReview_row2_createSummaryOffersPreviousWeek]' started.
Test Case '-[HavitalTests.App2HomeProjectionTests test_weekReview_row2_createSummaryOffersPreviousWeek]' passed (0.001 seconds).
Test Case '-[HavitalTests.App2HomeProjectionTests test_weekReview_row3_weekdayWithPlanButNoSummaryIsHidden]' started.
Test Case '-[HavitalTests.App2HomeProjectionTests test_weekReview_row3_weekdayWithPlanButNoSummaryIsHidden]' passed (0.000 seconds).
Test Case '-[HavitalTests.App2HomeProjectionTests test_weekReview_row4_weekdayWithSummaryOffersView]' started.
Test Case '-[HavitalTests.App2HomeProjectionTests test_weekReview_row4_weekdayWithSummaryOffersView]' passed (0.000 seconds).
Test Case '-[HavitalTests.App2HomeProjectionTests test_weekReview_row5_sundayRequiringCurrentWeekSummary]' started.
Test Case '-[HavitalTests.App2HomeProjectionTests test_weekReview_row5_sundayRequiringCurrentWeekSummary]' passed (0.002 seconds).
Test Case '-[HavitalTests.App2HomeProjectionTests test_weekReview_row6_sundayWithCurrentWeekSummary]' started.
Test Case '-[HavitalTests.App2HomeProjectionTests test_weekReview_row6_sundayWithCurrentWeekSummary]' passed (0.000 seconds).
Test Case '-[HavitalTests.App2HomeProjectionTests test_weekReview_row7_trainingCompletedHidesCard]' started.
Test Case '-[HavitalTests.App2HomeProjectionTests test_weekReview_row7_trainingCompletedHidesCard]' passed (0.001 seconds).
Test Case '-[HavitalTests.App2HomeProjectionTests test_weekReview_targetWeekIsPreviousWeekOnWeekdays]' started.
Test Case '-[HavitalTests.App2HomeProjectionTests test_weekReview_targetWeekIsPreviousWeekOnWeekdays]' passed (0.000 seconds).
Test Case '-[HavitalTests.App2HomeProjectionTests test_weekReview_week1Sunday]' started.
Test Case '-[HavitalTests.App2HomeProjectionTests test_weekReview_week1Sunday]' passed (0.000 seconds).
Test Case '-[HavitalTests.App2HomeProjectionTests test_weekReviewPit_1c2cdb21_exactlyTwoTabs]' started.
Test Case '-[HavitalTests.App2HomeProjectionTests test_weekReviewPit_1c2cdb21_exactlyTwoTabs]' passed (0.000 seconds).
Test Case '-[HavitalTests.App2HomeProjectionTests test_weekReviewPit_2451e5be_closeIsIndependentOfPaywallFlags]' started.
Test Case '-[HavitalTests.App2HomeProjectionTests test_weekReviewPit_2451e5be_closeIsIndependentOfPaywallFlags]' passed (0.000 seconds).
Test Case '-[HavitalTests.App2HomeProjectionTests test_weekReviewPit_422aa744_restWeekNullSectionsStillProject]' started.
Test Case '-[HavitalTests.App2HomeProjectionTests test_weekReviewPit_422aa744_restWeekNullSectionsStillProject]' passed (0.010 seconds).
Test Case '-[HavitalTests.App2HomeProjectionTests test_weekReviewPit_576c60e6_weekdayGenerateFollowsNextAction]' started.
Test Case '-[HavitalTests.App2HomeProjectionTests test_weekReviewPit_576c60e6_weekdayGenerateFollowsNextAction]' passed (0.000 seconds).
Test Case '-[HavitalTests.App2HomeProjectionTests test_weekReviewPit_90fee63e_staleCurrentWeekDoesNotStick]' started.
Test Case '-[HavitalTests.App2HomeProjectionTests test_weekReviewPit_90fee63e_staleCurrentWeekDoesNotStick]' passed (0.000 seconds).
Test Case '-[HavitalTests.App2HomeProjectionTests test_weekReviewPit_cdab0b79_copyMatchesTheAction]' started.
Test Case '-[HavitalTests.App2HomeProjectionTests test_weekReviewPit_cdab0b79_copyMatchesTheAction]' passed (0.000 seconds).
Test Case '-[HavitalTests.App2HomeProjectionTests test_weekReviewPit_dd07409f_minimalPayloadStillDecodes]' started.
[App2HomeViewModel] [DEBUG] [App2HomeVM] plan status 缺 user_timezone，週日判定退回裝置日曆
Test Case '-[HavitalTests.App2HomeProjectionTests test_weekReviewPit_dd07409f_minimalPayloadStillDecodes]' passed (0.000 seconds).
Test Suite 'App2HomeProjectionTests' passed at 2026-08-29 15:39:56.530.
	 Executed 65 tests, with 0 failures (0 unexpected) in 0.054 (0.067) seconds
Test Suite 'App2MetricDetailProjectionTests' started at 2026-08-29 15:39:56.530.
Test Case '-[HavitalTests.App2MetricDetailProjectionTests testAverageAndPeakExcludeCurrentWeek]' started.
Test Case '-[HavitalTests.App2MetricDetailProjectionTests testAverageAndPeakExcludeCurrentWeek]' passed (0.000 seconds).
Test Case '-[HavitalTests.App2MetricDetailProjectionTests testAverageIsNilWhenOnlyCurrentWeekPresent]' started.
Test Case '-[HavitalTests.App2MetricDetailProjectionTests testAverageIsNilWhenOnlyCurrentWeekPresent]' passed (0.000 seconds).
Test Case '-[HavitalTests.App2MetricDetailProjectionTests testChartRangesCoverBothSegmentsWithoutGap]' started.
Test Case '-[HavitalTests.App2MetricDetailProjectionTests testChartRangesCoverBothSegmentsWithoutGap]' passed (0.000 seconds).
Test Case '-[HavitalTests.App2MetricDetailProjectionTests testDiagnosticsAreDataDriven]' started.
Test Case '-[HavitalTests.App2MetricDetailProjectionTests testDiagnosticsAreDataDriven]' passed (0.000 seconds).
Test Case '-[HavitalTests.App2MetricDetailProjectionTests testHeroAndThirtyDaysAgoIgnoreFutureEstimates]' started.
Test Case '-[HavitalTests.App2MetricDetailProjectionTests testHeroAndThirtyDaysAgoIgnoreFutureEstimates]' passed (0.001 seconds).
Test Case '-[HavitalTests.App2MetricDetailProjectionTests testHrvTrendNeedsThreeDaysEachSide]' started.
Test Case '-[HavitalTests.App2MetricDetailProjectionTests testHrvTrendNeedsThreeDaysEachSide]' passed (0.000 seconds).
Test Case '-[HavitalTests.App2MetricDetailProjectionTests testHrvTrendThresholds]' started.
Test Case '-[HavitalTests.App2MetricDetailProjectionTests testHrvTrendThresholds]' passed (0.000 seconds).
Test Case '-[HavitalTests.App2MetricDetailProjectionTests testLoadBlockIsNilWhenAllTsbMissing]' started.
Test Case '-[HavitalTests.App2MetricDetailProjectionTests testLoadBlockIsNilWhenAllTsbMissing]' passed (0.000 seconds).
Test Case '-[HavitalTests.App2MetricDetailProjectionTests testLoadBlockTakesLatestDayValues]' started.
Test Case '-[HavitalTests.App2MetricDetailProjectionTests testLoadBlockTakesLatestDayValues]' passed (0.000 seconds).
Test Case '-[HavitalTests.App2MetricDetailProjectionTests testOnlyThreeMetricsHaveDetailPages]' started.
Test Case '-[HavitalTests.App2MetricDetailProjectionTests testOnlyThreeMetricsHaveDetailPages]' passed (0.000 seconds).
Test Case '-[HavitalTests.App2MetricDetailProjectionTests testRecoveryStatsUseLatestSample]' started.
Test Case '-[HavitalTests.App2MetricDetailProjectionTests testRecoveryStatsUseLatestSample]' passed (0.000 seconds).
Test Case '-[HavitalTests.App2MetricDetailProjectionTests testShortDateLabelFallsBackToRawString]' started.
Test Case '-[HavitalTests.App2MetricDetailProjectionTests testShortDateLabelFallsBackToRawString]' passed (0.001 seconds).
Test Case '-[HavitalTests.App2MetricDetailProjectionTests testSignedLabel]' started.
Test Case '-[HavitalTests.App2MetricDetailProjectionTests testSignedLabel]' passed (0.000 seconds).
Test Case '-[HavitalTests.App2MetricDetailProjectionTests testSplitProjectedSeparatesFutureEstimates]' started.
Test Case '-[HavitalTests.App2MetricDetailProjectionTests testSplitProjectedSeparatesFutureEstimates]' passed (0.000 seconds).
Test Case '-[HavitalTests.App2MetricDetailProjectionTests testSplitProjectedWithoutFutureKeepsWholeSeries]' started.
Test Case '-[HavitalTests.App2MetricDetailProjectionTests testSplitProjectedWithoutFutureKeepsWholeSeries]' passed (0.000 seconds).
Test Case '-[HavitalTests.App2MetricDetailProjectionTests testValueDaysAgoNeedsLongEnoughSeries]' started.
Test Case '-[HavitalTests.App2MetricDetailProjectionTests testValueDaysAgoNeedsLongEnoughSeries]' passed (0.001 seconds).
Test Case '-[HavitalTests.App2MetricDetailProjectionTests testVdotStatisticsLatestIgnoresFutureEstimates]' started.
Test Case '-[HavitalTests.App2MetricDetailProjectionTests testVdotStatisticsLatestIgnoresFutureEstimates]' passed (0.001 seconds).
Test Case '-[HavitalTests.App2MetricDetailProjectionTests testVolumeStatsRenderPlaceholderSourceAsNil]' started.
Test Case '-[HavitalTests.App2MetricDetailProjectionTests testVolumeStatsRenderPlaceholderSourceAsNil]' passed (0.000 seconds).
Test Suite 'App2MetricDetailProjectionTests' passed at 2026-08-29 15:39:56.542.
	 Executed 18 tests, with 0 failures (0 unexpected) in 0.008 (0.012) seconds
Test Suite 'App2OnboardingMethodologyRecommendationTests' started at 2026-08-29 15:39:56.542.
Test Case '-[HavitalTests.App2OnboardingMethodologyRecommendationTests test_recommendation_fallsBackToFirstOnlyWhenTargetTypeUnknown]' started.
[TrainingVersionRouter] [DEBUG] [DI] TrainingVersionRouter already registered, skipping
[OnboardingFeatureViewModel] [DEBUG] [OnboardingFeatureVM] Initialized with repositories (including V2 + Race + VersionRouter)
Test Case '-[HavitalTests.App2OnboardingMethodologyRecommendationTests test_recommendation_fallsBackToFirstOnlyWhenTargetTypeUnknown]' passed (0.011 seconds).
Test Case '-[HavitalTests.App2OnboardingMethodologyRecommendationTests test_recommendation_usesCoordinatorTargetTypeWhenFlowSelectionIsNil]' started.
[TrainingVersionRouter] [DEBUG] [DI] TrainingVersionRouter already registered, skipping
[OnboardingFeatureViewModel] [DEBUG] [OnboardingFeatureVM] Initialized with repositories (including V2 + Race + VersionRouter)
Test Case '-[HavitalTests.App2OnboardingMethodologyRecommendationTests test_recommendation_usesCoordinatorTargetTypeWhenFlowSelectionIsNil]' passed (0.001 seconds).
Test Suite 'App2OnboardingMethodologyRecommendationTests' passed at 2026-08-29 15:39:56.554.
	 Executed 2 tests, with 0 failures (0 unexpected) in 0.012 (0.012) seconds
Test Suite 'App2OnboardingProjectionTests' started at 2026-08-29 15:39:56.555.
Test Case '-[HavitalTests.App2OnboardingProjectionTests test_estimatedMaxHR_is220MinusAgeWithFloor]' started.
Test Case '-[HavitalTests.App2OnboardingProjectionTests test_estimatedMaxHR_is220MinusAgeWithFloor]' passed (0.000 seconds).
Test Case '-[HavitalTests.App2OnboardingProjectionTests test_estimatedRaceVDOT_marathonIsLowerThanFiveKForSameRunner]' started.
Test Case '-[HavitalTests.App2OnboardingProjectionTests test_estimatedRaceVDOT_marathonIsLowerThanFiveKForSameRunner]' passed (0.000 seconds).
Test Case '-[HavitalTests.App2OnboardingProjectionTests test_estimatedRaceVDOT_matchesBackendDanielsFormula]' started.
Test Case '-[HavitalTests.App2OnboardingProjectionTests test_estimatedRaceVDOT_matchesBackendDanielsFormula]' passed (0.000 seconds).
Test Case '-[HavitalTests.App2OnboardingProjectionTests test_estimatedRaceVDOT_nilForEmptyOrImplausibleInput]' started.
Test Case '-[HavitalTests.App2OnboardingProjectionTests test_estimatedRaceVDOT_nilForEmptyOrImplausibleInput]' passed (0.000 seconds).
Test Case '-[HavitalTests.App2OnboardingProjectionTests test_heartRateBands_areFiveAndEndAtMaxHR]' started.
Test Case '-[HavitalTests.App2OnboardingProjectionTests test_heartRateBands_areFiveAndEndAtMaxHR]' passed (0.001 seconds).
Test Case '-[HavitalTests.App2OnboardingProjectionTests test_heartRateBands_areMonotonicallyIncreasing]' started.
Test Case '-[HavitalTests.App2OnboardingProjectionTests test_heartRateBands_areMonotonicallyIncreasing]' passed (0.000 seconds).
Test Case '-[HavitalTests.App2OnboardingProjectionTests test_heartRateBands_emptyWhenRestingNotBelowMax]' started.
Test Case '-[HavitalTests.App2OnboardingProjectionTests test_heartRateBands_emptyWhenRestingNotBelowMax]' passed (0.000 seconds).
Test Case '-[HavitalTests.App2OnboardingProjectionTests test_heartRateBands_upperBoundsComeFromExistingZoneModel]' started.
Test Case '-[HavitalTests.App2OnboardingProjectionTests test_heartRateBands_upperBoundsComeFromExistingZoneModel]' passed (0.000 seconds).
Test Case '-[HavitalTests.App2OnboardingProjectionTests test_mileagePreview_handlesTinyStart]' started.
Test Case '-[HavitalTests.App2OnboardingProjectionTests test_mileagePreview_handlesTinyStart]' passed (0.000 seconds).
Test Case '-[HavitalTests.App2OnboardingProjectionTests test_mileagePreview_peakGrowsWithPlanLengthButSaturatesAtFiveSteps]' started.
Test Case '-[HavitalTests.App2OnboardingProjectionTests test_mileagePreview_peakGrowsWithPlanLengthButSaturatesAtFiveSteps]' passed (0.000 seconds).
Test Case '-[HavitalTests.App2OnboardingProjectionTests test_mileagePreview_peakIsCappedAt150]' started.
Test Case '-[HavitalTests.App2OnboardingProjectionTests test_mileagePreview_peakIsCappedAt150]' passed (0.000 seconds).
Test Case '-[HavitalTests.App2OnboardingProjectionTests test_mileagePreview_reproducesDesignReferenceNumbers]' started.
Test Case '-[HavitalTests.App2OnboardingProjectionTests test_mileagePreview_reproducesDesignReferenceNumbers]' passed (0.000 seconds).
Test Case '-[HavitalTests.App2OnboardingProjectionTests test_mileagePreview_sliderRangeIsAnchoredWhileDeclaredMoves]' started.
Test Case '-[HavitalTests.App2OnboardingProjectionTests test_mileagePreview_sliderRangeIsAnchoredWhileDeclaredMoves]' passed (0.001 seconds).
Test Case '-[HavitalTests.App2OnboardingProjectionTests test_mileagePreview_startAlwaysInsideSliderRange]' started.
Test Case '-[HavitalTests.App2OnboardingProjectionTests test_mileagePreview_startAlwaysInsideSliderRange]' passed (0.000 seconds).
Test Case '-[HavitalTests.App2OnboardingProjectionTests test_suggestedTrainingDays_isFourToSix]' started.
Test Case '-[HavitalTests.App2OnboardingProjectionTests test_suggestedTrainingDays_isFourToSix]' passed (0.000 seconds).
Test Suite 'App2OnboardingProjectionTests' passed at 2026-08-29 15:39:56.564.
	 Executed 15 tests, with 0 failures (0 unexpected) in 0.007 (0.009) seconds
Test Suite 'App2PlanEndProjectionTests' started at 2026-08-29 15:39:56.564.
Test Case '-[HavitalTests.App2PlanEndProjectionTests test_allowsEditing_isFalseForTheWholePlanEndState_historyModeIncluded]' started.
Test Case '-[HavitalTests.App2PlanEndProjectionTests test_allowsEditing_isFalseForTheWholePlanEndState_historyModeIncluded]' passed (0.002 seconds).
Test Case '-[HavitalTests.App2PlanEndProjectionTests test_card_degradesToEstimateAndHidesDelta]' started.
Test Case '-[HavitalTests.App2PlanEndProjectionTests test_card_degradesToEstimateAndHidesDelta]' passed (0.000 seconds).
Test Case '-[HavitalTests.App2PlanEndProjectionTests test_card_hasNoNarrativeOnProductionPath]' started.
Test Case '-[HavitalTests.App2PlanEndProjectionTests test_card_hasNoNarrativeOnProductionPath]' passed (0.000 seconds).
Test Case '-[HavitalTests.App2PlanEndProjectionTests test_card_maintenanceCarriesNoRaceFields]' started.
Test Case '-[HavitalTests.App2PlanEndProjectionTests test_card_maintenanceCarriesNoRaceFields]' passed (0.000 seconds).
Test Case '-[HavitalTests.App2PlanEndProjectionTests test_card_omitsTargetTimeWhenUnset]' started.
Test Case '-[HavitalTests.App2PlanEndProjectionTests test_card_omitsTargetTimeWhenUnset]' passed (0.000 seconds).
Test Case '-[HavitalTests.App2PlanEndProjectionTests test_card_onlyWhenTrainingCompleted]' started.
Test Case '-[HavitalTests.App2PlanEndProjectionTests test_card_onlyWhenTrainingCompleted]' passed (0.009 seconds).
Test Case '-[HavitalTests.App2PlanEndProjectionTests test_card_raceCarriesRaceFields]' started.
Test Case '-[HavitalTests.App2PlanEndProjectionTests test_card_raceCarriesRaceFields]' passed (0.001 seconds).
Test Case '-[HavitalTests.App2PlanEndProjectionTests test_clampHistoryWeek_staysInsideTheRange]' started.
Test Case '-[HavitalTests.App2PlanEndProjectionTests test_clampHistoryWeek_staysInsideTheRange]' passed (0.000 seconds).
Test Case '-[HavitalTests.App2PlanEndProjectionTests test_completionRate_denominatorIsAvailableWeeksOnly]' started.
Test Case '-[HavitalTests.App2PlanEndProjectionTests test_completionRate_denominatorIsAvailableWeeksOnly]' passed (0.001 seconds).
Test Case '-[HavitalTests.App2PlanEndProjectionTests test_degradedFinish_fallsThroughResultThenEstimateThenTarget]' started.
Test Case '-[HavitalTests.App2PlanEndProjectionTests test_degradedFinish_fallsThroughResultThenEstimateThenTarget]' passed (0.001 seconds).
Test Case '-[HavitalTests.App2PlanEndProjectionTests test_finishDeltaAppearsOnlyWhenBothTargetAndActualExist]' started.
Test Case '-[HavitalTests.App2PlanEndProjectionTests test_finishDeltaAppearsOnlyWhenBothTargetAndActualExist]' passed (0.000 seconds).
Test Case '-[HavitalTests.App2PlanEndProjectionTests test_highlightPeak_marksTheFirstPeakBarOnly]' started.
Test Case '-[HavitalTests.App2PlanEndProjectionTests test_highlightPeak_marksTheFirstPeakBarOnly]' passed (0.000 seconds).
Test Case '-[HavitalTests.App2PlanEndProjectionTests test_historyWeekRange_isOneThroughTotalWeeks]' started.
Test Case '-[HavitalTests.App2PlanEndProjectionTests test_historyWeekRange_isOneThroughTotalWeeks]' passed (0.000 seconds).
Test Case '-[HavitalTests.App2PlanEndProjectionTests test_historyWeekStart_anchorsOnTrainingStartDate]' started.
Test Case '-[HavitalTests.App2PlanEndProjectionTests test_historyWeekStart_anchorsOnTrainingStartDate]' passed (0.002 seconds).
Test Case '-[HavitalTests.App2PlanEndProjectionTests test_historyWeekStart_fallsBackToCurrentWeekOffset]' started.
Test Case '-[HavitalTests.App2PlanEndProjectionTests test_historyWeekStart_fallsBackToCurrentWeekOffset]' passed (0.000 seconds).
Test Case '-[HavitalTests.App2PlanEndProjectionTests test_kind_prefersPlanStatusOverOverview]' started.
Test Case '-[HavitalTests.App2PlanEndProjectionTests test_kind_prefersPlanStatusOverOverview]' passed (0.000 seconds).
Test Case '-[HavitalTests.App2PlanEndProjectionTests test_kind_splitsOnTargetType]' started.
Test Case '-[HavitalTests.App2PlanEndProjectionTests test_kind_splitsOnTargetType]' passed (0.000 seconds).
Test Case '-[HavitalTests.App2PlanEndProjectionTests test_peakWeek_doesNotDropTheCurrentWeekFlag]' started.
Test Case '-[HavitalTests.App2PlanEndProjectionTests test_peakWeek_doesNotDropTheCurrentWeekFlag]' passed (0.002 seconds).
Test Case '-[HavitalTests.App2PlanEndProjectionTests test_planEndAndWeekReviewCardAreMutuallyExclusive]' started.
Test Case '-[HavitalTests.App2PlanEndProjectionTests test_planEndAndWeekReviewCardAreMutuallyExclusive]' passed (0.008 seconds).
Test Case '-[HavitalTests.App2PlanEndProjectionTests test_strip_isASubsetOfTheSameSummary]' started.
Test Case '-[HavitalTests.App2PlanEndProjectionTests test_strip_isASubsetOfTheSameSummary]' passed (0.001 seconds).
Test Case '-[HavitalTests.App2PlanEndProjectionTests test_stripStatsLine_dropsMissingParts]' started.
Test Case '-[HavitalTests.App2PlanEndProjectionTests test_stripStatsLine_dropsMissingParts]' passed (0.000 seconds).
Test Case '-[HavitalTests.App2PlanEndProjectionTests test_summary_aggregatesFromLiveSeries]' started.
Test Case '-[HavitalTests.App2PlanEndProjectionTests test_summary_aggregatesFromLiveSeries]' passed (0.001 seconds).
Test Case '-[HavitalTests.App2PlanEndProjectionTests test_summary_allNilWhenNoData]' started.
Test Case '-[HavitalTests.App2PlanEndProjectionTests test_summary_allNilWhenNoData]' passed (0.000 seconds).
Test Case '-[HavitalTests.App2PlanEndProjectionTests test_totalWeeks_prefersPlanStatus]' started.
Test Case '-[HavitalTests.App2PlanEndProjectionTests test_totalWeeks_prefersPlanStatus]' passed (0.000 seconds).
Test Case '-[HavitalTests.App2PlanEndProjectionTests test_vdotDelta_needsTwoPointsInsideThePeriod]' started.
Test Case '-[HavitalTests.App2PlanEndProjectionTests test_vdotDelta_needsTwoPointsInsideThePeriod]' passed (0.000 seconds).
Test Suite 'App2PlanEndProjectionTests' passed at 2026-08-29 15:39:56.600.
	 Executed 25 tests, with 0 failures (0 unexpected) in 0.032 (0.036) seconds
Test Suite 'App2PlanEndStoryFixtureTests' started at 2026-08-29 15:39:56.600.
Test Case '-[HavitalTests.App2PlanEndStoryFixtureTests test_chapterWeeks_matchesTheDesignAtTwentyTwo]' started.
Test Case '-[HavitalTests.App2PlanEndStoryFixtureTests test_chapterWeeks_matchesTheDesignAtTwentyTwo]' passed (0.000 seconds).
Test Case '-[HavitalTests.App2PlanEndStoryFixtureTests test_chapterWeeks_scaleDownAndStayMonotonic]' started.
Test Case '-[HavitalTests.App2PlanEndStoryFixtureTests test_chapterWeeks_scaleDownAndStayMonotonic]' passed (0.000 seconds).
Test Case '-[HavitalTests.App2PlanEndStoryFixtureTests test_make_heroLineAndChapterLabelsAgreeOnN]' started.
Test Case '-[HavitalTests.App2PlanEndStoryFixtureTests test_make_heroLineAndChapterLabelsAgreeOnN]' passed (0.001 seconds).
Test Suite 'App2PlanEndStoryFixtureTests' passed at 2026-08-29 15:39:56.602.
	 Executed 3 tests, with 0 failures (0 unexpected) in 0.001 (0.002) seconds
Test Suite 'App2PlanGenerateWeekTests' started at 2026-08-29 15:39:56.602.
Test Case '-[HavitalTests.App2PlanGenerateWeekTests test_createPlanAction_keepsGenerateCTA]' started.
[App2PlanViewModel] [DEBUG] [App2PlanVM] 本週尚無課表 (next_action=create_plan)
[CacheEventBus] [INFO] [FirebaseLogging] 相關快取已清空
Test Case '-[HavitalTests.App2PlanGenerateWeekTests test_createPlanAction_keepsGenerateCTA]' passed (0.003 seconds).
Test Case '-[HavitalTests.App2PlanGenerateWeekTests test_generateCurrentWeekPlan_failureKeepsEmptyStateAndReportsError]' started.
[CacheEventBus] [DEBUG] [CacheEventBus] 通知 6 個 identifier 訂閱者: dataChanged(paceriz_dev.DataType.trainingPlanV2)
[App2PlanViewModel] [DEBUG] [App2PlanVM] 本週尚無課表 (next_action=create_plan)
[App2PlanViewModel] [DEBUG] [App2PlanVM] 產生本週課表失敗: unknown("The operation couldn’t be completed. (paceriz_dev.TrainingPlanV2Error error 14.)")
Test Case '-[HavitalTests.App2PlanGenerateWeekTests test_generateCurrentWeekPlan_failureKeepsEmptyStateAndReportsError]' passed (0.009 seconds).
Test Case '-[HavitalTests.App2PlanGenerateWeekTests test_generateCurrentWeekPlan_flipsIsPlanGenerated]' started.
[App2PlanViewModel] [DEBUG] [App2PlanVM] 本週尚無課表 (next_action=create_plan)
[CacheEventBus] [INFO] [FirebaseLogging] 相關快取已清空
Test Case '-[HavitalTests.App2PlanGenerateWeekTests test_generateCurrentWeekPlan_flipsIsPlanGenerated]' passed (0.009 seconds).
Test Case '-[HavitalTests.App2PlanGenerateWeekTests test_needsWeeklySummary_routesToReviewAndSkipsGenerate]' started.
[CacheEventBus] [DEBUG] [CacheEventBus] 通知 6 個 identifier 訂閱者: dataChanged(paceriz_dev.DataType.trainingPlanV2)
[App2PlanViewModel] [DEBUG] [App2PlanVM] 本週尚無課表 (next_action=create_summary)
[App2PlanViewModel] [DEBUG] [App2PlanVM] 上週回顧未完成 (next_action=create_summary)，不產生本週課表
Test Case '-[HavitalTests.App2PlanGenerateWeekTests test_needsWeeklySummary_routesToReviewAndSkipsGenerate]' passed (0.001 seconds).
Test Suite 'App2PlanGenerateWeekTests' passed at 2026-08-29 15:39:56.624.
	 Executed 4 tests, with 0 failures (0 unexpected) in 0.021 (0.022) seconds
Test Suite 'App2PlanHistoryModeTests' started at 2026-08-29 15:39:56.624.
Test Case '-[HavitalTests.App2PlanHistoryModeTests test_enterHistoryMode_startsAtTheLastWeekAndYieldsTheEndCard]' started.
Test Case '-[HavitalTests.App2PlanHistoryModeTests test_enterHistoryMode_startsAtTheLastWeekAndYieldsTheEndCard]' passed (0.001 seconds).
Test Case '-[HavitalTests.App2PlanHistoryModeTests test_exitHistoryMode_returnsToTheCompletionScreen]' started.
Test Case '-[HavitalTests.App2PlanHistoryModeTests test_exitHistoryMode_returnsToTheCompletionScreen]' passed (0.001 seconds).
Test Case '-[HavitalTests.App2PlanHistoryModeTests test_historyMode_isReadOnly]' started.
Test Case '-[HavitalTests.App2PlanHistoryModeTests test_historyMode_isReadOnly]' passed (0.001 seconds).
Test Case '-[HavitalTests.App2PlanHistoryModeTests test_historyWeek404_showsAnEmptyWeekWithoutFallingBackToStubs]' started.
[App2PlanViewModel] [DEBUG] [App2PlanVM] 歷史第 16 週無課表: weeklyPlanNotFound(week: 16)
Test Case '-[HavitalTests.App2PlanHistoryModeTests test_historyWeek404_showsAnEmptyWeekWithoutFallingBackToStubs]' passed (0.005 seconds).
Test Case '-[HavitalTests.App2PlanHistoryModeTests test_historyWeekStepping_isClampedToThePlanLength]' started.
Test Case '-[HavitalTests.App2PlanHistoryModeTests test_historyWeekStepping_isClampedToThePlanLength]' passed (0.002 seconds).
Test Suite 'App2PlanHistoryModeTests' passed at 2026-08-29 15:39:56.634.
	 Executed 5 tests, with 0 failures (0 unexpected) in 0.009 (0.010) seconds
Test Suite 'App2PlanOverviewProjectionTests' started at 2026-08-29 15:39:56.634.
Test Case '-[HavitalTests.App2PlanOverviewProjectionTests testAverageWeeklyKmExcludesCurrentWeekAndKeepsZeroes]' started.
Test Case '-[HavitalTests.App2PlanOverviewProjectionTests testAverageWeeklyKmExcludesCurrentWeekAndKeepsZeroes]' passed (0.001 seconds).
Test Case '-[HavitalTests.App2PlanOverviewProjectionTests testAverageWeeklyKmIgnoresPayloadOrder]' started.
Test Case '-[HavitalTests.App2PlanOverviewProjectionTests testAverageWeeklyKmIgnoresPayloadOrder]' passed (0.000 seconds).
Test Case '-[HavitalTests.App2PlanOverviewProjectionTests testAverageWeeklyKmNilWhenNothingRun]' started.
Test Case '-[HavitalTests.App2PlanOverviewProjectionTests testAverageWeeklyKmNilWhenNothingRun]' passed (0.000 seconds).
Test Case '-[HavitalTests.App2PlanOverviewProjectionTests testChangeMethodologyFailureKeepsCurrentValue]' started.
[TrainingReadinessManager] [DEBUG] [TrainingReadinessManager] calling API: forceCalculate=false
[AuthSessionRepositoryImpl] [ERROR] [AuthSession] ❌ Failed to get ID Token: Authentication token has expired.
[TrainingReadinessManager] [ERROR] [TrainingReadinessManager] load failed: Authentication token has expired.
[App2PlanOverviewViewModel] [DEBUG] [App2PlanOverviewVM] 更換方法論失敗: unknown("The operation couldn’t be completed. (paceriz_dev.TrainingPlanV2Error error 14.)")
Test Case '-[HavitalTests.App2PlanOverviewProjectionTests testChangeMethodologyFailureKeepsCurrentValue]' passed (0.005 seconds).
Test Case '-[HavitalTests.App2PlanOverviewProjectionTests testChangeMethodologyReloadsOverview]' started.
[TrainingReadinessManager] [DEBUG] [TrainingReadinessManager] calling API: forceCalculate=false
[AuthSessionRepositoryImpl] [ERROR] [AuthSession] ❌ Failed to get ID Token: Authentication token has expired.
[TrainingReadinessManager] [ERROR] [TrainingReadinessManager] load failed: Authentication token has expired.
[TrainingReadinessManager] [DEBUG] [TrainingReadinessManager] calling API: forceCalculate=false
[AuthSessionRepositoryImpl] [ERROR] [AuthSession] ❌ Failed to get ID Token: Authentication token has expired.
[TrainingReadinessManager] [ERROR] [TrainingReadinessManager] load failed: Authentication token has expired.
Test Case '-[HavitalTests.App2PlanOverviewProjectionTests testChangeMethodologyReloadsOverview]' passed (0.003 seconds).
Test Case '-[HavitalTests.App2PlanOverviewProjectionTests testClearRaceBindingDropsRaceId]' started.
Test Case '-[HavitalTests.App2PlanOverviewProjectionTests testClearRaceBindingDropsRaceId]' passed (0.000 seconds).
Test Case '-[HavitalTests.App2PlanOverviewProjectionTests testCountdownIsNegativeForPastRace]' started.
Test Case '-[HavitalTests.App2PlanOverviewProjectionTests testCountdownIsNegativeForPastRace]' passed (0.000 seconds).
Test Case '-[HavitalTests.App2PlanOverviewProjectionTests testDatabasePickPrefersCurrentDistanceFilter]' started.
Test Case '-[HavitalTests.App2PlanOverviewProjectionTests testDatabasePickPrefersCurrentDistanceFilter]' passed (0.000 seconds).
Test Case '-[HavitalTests.App2PlanOverviewProjectionTests testDistanceKeyRoundTripsStandardDistances]' started.
Test Case '-[HavitalTests.App2PlanOverviewProjectionTests testDistanceKeyRoundTripsStandardDistances]' passed (0.000 seconds).
Test Case '-[HavitalTests.App2PlanOverviewProjectionTests testEmptyFocusBecomesNil]' started.
Test Case '-[HavitalTests.App2PlanOverviewProjectionTests testEmptyFocusBecomesNil]' passed (0.000 seconds).
Test Case '-[HavitalTests.App2PlanOverviewProjectionTests testFormToTargetKeepsRaceIdAndTimezone]' started.
Test Case '-[HavitalTests.App2PlanOverviewProjectionTests testFormToTargetKeepsRaceIdAndTimezone]' passed (0.000 seconds).
Test Case '-[HavitalTests.App2PlanOverviewProjectionTests testFormValidityAndPace]' started.
Test Case '-[HavitalTests.App2PlanOverviewProjectionTests testFormValidityAndPace]' passed (0.000 seconds).
Test Case '-[HavitalTests.App2PlanOverviewProjectionTests testMilestonesDropBlankTitleButKeepBlankDescription]' started.
Test Case '-[HavitalTests.App2PlanOverviewProjectionTests testMilestonesDropBlankTitleButKeepBlankDescription]' passed (0.000 seconds).
Test Case '-[HavitalTests.App2PlanOverviewProjectionTests testMilestonesProjectInWeekOrder]' started.
Test Case '-[HavitalTests.App2PlanOverviewProjectionTests testMilestonesProjectInWeekOrder]' passed (0.004 seconds).
Test Case '-[HavitalTests.App2PlanOverviewProjectionTests testNoGoalTimeWhenTargetTimeIsZero]' started.
Test Case '-[HavitalTests.App2PlanOverviewProjectionTests testNoGoalTimeWhenTargetTimeIsZero]' passed (0.001 seconds).
Test Case '-[HavitalTests.App2PlanOverviewProjectionTests testOverviewBoundByPlanIdPrefix]' started.
Test Case '-[HavitalTests.App2PlanOverviewProjectionTests testOverviewBoundByPlanIdPrefix]' passed (0.000 seconds).
Test Case '-[HavitalTests.App2PlanOverviewProjectionTests testOverviewNotBoundWhenWeeklyPlanMissing]' started.
Test Case '-[HavitalTests.App2PlanOverviewProjectionTests testOverviewNotBoundWhenWeeklyPlanMissing]' passed (0.000 seconds).
Test Case '-[HavitalTests.App2PlanOverviewProjectionTests testProjectionCarriesMilestones]' started.
Test Case '-[HavitalTests.App2PlanOverviewProjectionTests testProjectionCarriesMilestones]' passed (0.000 seconds).
Test Case '-[HavitalTests.App2PlanOverviewProjectionTests testProjectionDropsZeroTargetTime]' started.
Test Case '-[HavitalTests.App2PlanOverviewProjectionTests testProjectionDropsZeroTargetTime]' passed (0.001 seconds).
Test Case '-[HavitalTests.App2PlanOverviewProjectionTests testProjectionUsesPlanStatusWeeksAndMainTarget]' started.
Test Case '-[HavitalTests.App2PlanOverviewProjectionTests testProjectionUsesPlanStatusWeeksAndMainTarget]' passed (0.000 seconds).
Test Case '-[HavitalTests.App2PlanOverviewProjectionTests testProjectionWithoutMainTarget]' started.
Test Case '-[HavitalTests.App2PlanOverviewProjectionTests testProjectionWithoutMainTarget]' passed (0.000 seconds).
Test Case '-[HavitalTests.App2PlanOverviewProjectionTests testProjectionWithoutMilestonesIsEmpty]' started.
Test Case '-[HavitalTests.App2PlanOverviewProjectionTests testProjectionWithoutMilestonesIsEmpty]' passed (0.000 seconds).
Test Case '-[HavitalTests.App2PlanOverviewProjectionTests testProjectionWithoutPlanStatusFallsBackToTargetWeeks]' started.
Test Case '-[HavitalTests.App2PlanOverviewProjectionTests testProjectionWithoutPlanStatusFallsBackToTargetWeeks]' passed (0.000 seconds).
Test Case '-[HavitalTests.App2PlanOverviewProjectionTests testPromotedToMainKeepsEveryOtherField]' started.
Test Case '-[HavitalTests.App2PlanOverviewProjectionTests testPromotedToMainKeepsEveryOtherField]' passed (0.000 seconds).
Test Case '-[HavitalTests.App2PlanOverviewProjectionTests testRaceCardsPutMainFirstThenSortSupportByDate]' started.
Test Case '-[HavitalTests.App2PlanOverviewProjectionTests testRaceCardsPutMainFirstThenSortSupportByDate]' passed (0.001 seconds).
Test Case '-[HavitalTests.App2PlanOverviewProjectionTests testRaceDateUsesRaceTimezone]' started.
Test Case '-[HavitalTests.App2PlanOverviewProjectionTests testRaceDateUsesRaceTimezone]' passed (0.000 seconds).
Test Case '-[HavitalTests.App2PlanOverviewProjectionTests testRegionApiValues]' started.
Test Case '-[HavitalTests.App2PlanOverviewProjectionTests testRegionApiValues]' passed (0.000 seconds).
Test Case '-[HavitalTests.App2PlanOverviewProjectionTests testSingleWeekStageLabel]' started.
Test Case '-[HavitalTests.App2PlanOverviewProjectionTests testSingleWeekStageLabel]' passed (0.000 seconds).
Test Case '-[HavitalTests.App2PlanOverviewProjectionTests testStageStatesFollowCurrentWeek]' started.
Test Case '-[HavitalTests.App2PlanOverviewProjectionTests testStageStatesFollowCurrentWeek]' passed (0.002 seconds).
Test Case '-[HavitalTests.App2PlanOverviewProjectionTests testStagesWithoutCurrentWeekAreAllUpcoming]' started.
Test Case '-[HavitalTests.App2PlanOverviewProjectionTests testStagesWithoutCurrentWeekAreAllUpcoming]' passed (0.000 seconds).
Test Case '-[HavitalTests.App2PlanOverviewProjectionTests testUnboundOverviewStillAllowsMethodologyChange]' started.
[App2PlanOverviewViewModel] [DEBUG] [App2PlanOverviewVM] overview 與本週課表不同源,期程不顯示
[TrainingReadinessManager] [DEBUG] [TrainingReadinessManager] calling API: forceCalculate=false
[AuthSessionRepositoryImpl] [ERROR] [AuthSession] ❌ Failed to get ID Token: Authentication token has expired.
[TrainingReadinessManager] [ERROR] [TrainingReadinessManager] load failed: Authentication token has expired.
[App2PlanOverviewViewModel] [DEBUG] [App2PlanOverviewVM] overview 與本週課表不同源,期程不顯示
[TrainingReadinessManager] [DEBUG] [TrainingReadinessManager] calling API: forceCalculate=false
[AuthSessionRepositoryImpl] [ERROR] [AuthSession] ❌ Failed to get ID Token: Authentication token has expired.
[TrainingReadinessManager] [ERROR] [TrainingReadinessManager] load failed: Authentication token has expired.
Test Case '-[HavitalTests.App2PlanOverviewProjectionTests testUnboundOverviewStillAllowsMethodologyChange]' passed (0.003 seconds).
Test Case '-[HavitalTests.App2PlanOverviewProjectionTests testWeeksUntilRaceFloorsAndDropsPastRaces]' started.
Test Case '-[HavitalTests.App2PlanOverviewProjectionTests testWeeksUntilRaceFloorsAndDropsPastRaces]' passed (0.000 seconds).
Test Suite 'App2PlanOverviewProjectionTests' passed at 2026-08-29 15:39:56.672.
	 Executed 32 tests, with 0 failures (0 unexpected) in 0.026 (0.038) seconds
Test Suite 'App2PlanProjectionTests' started at 2026-08-29 15:39:56.672.
Test Case '-[HavitalTests.App2PlanProjectionTests test_currentWeekStart_isMondayOfThatWeek]' started.
Test Case '-[HavitalTests.App2PlanProjectionTests test_currentWeekStart_isMondayOfThatWeek]' passed (0.001 seconds).
Test Case '-[HavitalTests.App2PlanProjectionTests test_dateLabel_isWeekStartPlusOneBasedDayIndex]' started.
Test Case '-[HavitalTests.App2PlanProjectionTests test_dateLabel_isWeekStartPlusOneBasedDayIndex]' passed (0.000 seconds).
Test Case '-[HavitalTests.App2PlanProjectionTests test_dayType_mapsRunStrengthCrossAndRest]' started.
Test Case '-[HavitalTests.App2PlanProjectionTests test_dayType_mapsRunStrengthCrossAndRest]' passed (0.001 seconds).
Test Case '-[HavitalTests.App2PlanProjectionTests test_planWeek_allRestWeek_hasSevenRestDaysAndNoPlannedDistance]' started.
Test Case '-[HavitalTests.App2PlanProjectionTests test_planWeek_allRestWeek_hasSevenRestDaysAndNoPlannedDistance]' passed (0.003 seconds).
Test Case '-[HavitalTests.App2PlanProjectionTests test_planWeek_blankDayTargetHasNoDescription]' started.
Test Case '-[HavitalTests.App2PlanProjectionTests test_planWeek_blankDayTargetHasNoDescription]' passed (0.000 seconds).
Test Case '-[HavitalTests.App2PlanProjectionTests test_planWeek_climateProjectsFeelsLikeTemperature]' started.
Test Case '-[HavitalTests.App2PlanProjectionTests test_planWeek_climateProjectsFeelsLikeTemperature]' passed (0.002 seconds).
Test Case '-[HavitalTests.App2PlanProjectionTests test_planWeek_completion_zeroAndFull]' started.
Test Case '-[HavitalTests.App2PlanProjectionTests test_planWeek_completion_zeroAndFull]' passed (0.001 seconds).
Test Case '-[HavitalTests.App2PlanProjectionTests test_planWeek_fillsDateLabelForEveryDay]' started.
Test Case '-[HavitalTests.App2PlanProjectionTests test_planWeek_fillsDateLabelForEveryDay]' passed (0.001 seconds).
Test Case '-[HavitalTests.App2PlanProjectionTests test_planWeek_firstWeek_labelIsLocalizedWeekNumber]' started.
Test Case '-[HavitalTests.App2PlanProjectionTests test_planWeek_firstWeek_labelIsLocalizedWeekNumber]' passed (0.000 seconds).
Test Case '-[HavitalTests.App2PlanProjectionTests test_planWeek_highlightsExactlyOneToday]' started.
Test Case '-[HavitalTests.App2PlanProjectionTests test_planWeek_highlightsExactlyOneToday]' passed (0.001 seconds).
Test Case '-[HavitalTests.App2PlanProjectionTests test_planWeek_lastWeek_usesDTOWeekNumber]' started.
Test Case '-[HavitalTests.App2PlanProjectionTests test_planWeek_lastWeek_usesDTOWeekNumber]' passed (0.000 seconds).
Test Case '-[HavitalTests.App2PlanProjectionTests test_planWeek_missingIntensityDistribution_staysNil]' started.
Test Case '-[HavitalTests.App2PlanProjectionTests test_planWeek_missingIntensityDistribution_staysNil]' passed (0.000 seconds).
Test Case '-[HavitalTests.App2PlanProjectionTests test_planWeek_missingWeekNumber_fallsBackToPlanStatus]' started.
Test Case '-[HavitalTests.App2PlanProjectionTests test_planWeek_missingWeekNumber_fallsBackToPlanStatus]' passed (0.000 seconds).
Test Case '-[HavitalTests.App2PlanProjectionTests test_planWeek_plannedRowCarriesPrescribedPaceNotClimateAdjusted]' started.
Test Case '-[HavitalTests.App2PlanProjectionTests test_planWeek_plannedRowCarriesPrescribedPaceNotClimateAdjusted]' passed (0.000 seconds).
Test Case '-[HavitalTests.App2PlanProjectionTests test_planWeek_restDayKeepsDescriptionRow]' started.
Test Case '-[HavitalTests.App2PlanProjectionTests test_planWeek_restDayKeepsDescriptionRow]' passed (0.000 seconds).
Test Case '-[HavitalTests.App2PlanProjectionTests test_planWeek_tagNeverExposesRawRunType]' started.
Test Case '-[HavitalTests.App2PlanProjectionTests test_planWeek_tagNeverExposesRawRunType]' passed (0.000 seconds).
Test Case '-[HavitalTests.App2PlanProjectionTests test_planWeek_todayMissingFromDays_highlightsNothing]' started.
Test Case '-[HavitalTests.App2PlanProjectionTests test_planWeek_todayMissingFromDays_highlightsNothing]' passed (0.000 seconds).
Test Case '-[HavitalTests.App2PlanProjectionTests test_todayDayIndex_matchesCalendarWeekdayWithMondayFirst]' started.
Test Case '-[HavitalTests.App2PlanProjectionTests test_todayDayIndex_matchesCalendarWeekdayWithMondayFirst]' passed (0.000 seconds).
Test Case '-[HavitalTests.App2PlanProjectionTests test_weekdayLabel_dayIndexIsOneBased]' started.
Test Case '-[HavitalTests.App2PlanProjectionTests test_weekdayLabel_dayIndexIsOneBased]' passed (0.000 seconds).
Test Suite 'App2PlanProjectionTests' passed at 2026-08-29 15:39:56.687.
	 Executed 19 tests, with 0 failures (0 unexpected) in 0.012 (0.015) seconds
Test Suite 'App2RecordsViewModelTests' started at 2026-08-29 15:39:56.687.
Test Case '-[HavitalTests.App2RecordsViewModelTests test_cancellationDuringRevalidate_keepsLiveData]' started.
Test Case '-[HavitalTests.App2RecordsViewModelTests test_cancellationDuringRevalidate_keepsLiveData]' passed (0.006 seconds).
Test Case '-[HavitalTests.App2RecordsViewModelTests test_cancellationOnFirstLoad_doesNotFallBackToStub]' started.
Test Case '-[HavitalTests.App2RecordsViewModelTests test_cancellationOnFirstLoad_doesNotFallBackToStub]' passed (0.000 seconds).
Test Case '-[HavitalTests.App2RecordsViewModelTests test_filtered_keepsOnlySelectedTypes]' started.
Test Case '-[HavitalTests.App2RecordsViewModelTests test_filtered_keepsOnlySelectedTypes]' passed (0.002 seconds).
Test Case '-[HavitalTests.App2RecordsViewModelTests test_filters_mergesTypesSharingTheSameLabel]' started.
Test Case '-[HavitalTests.App2RecordsViewModelTests test_filters_mergesTypesSharingTheSameLabel]' passed (0.000 seconds).
Test Case '-[HavitalTests.App2RecordsViewModelTests test_filters_onlyIncludeTypesPresentInData]' started.
Test Case '-[HavitalTests.App2RecordsViewModelTests test_filters_onlyIncludeTypesPresentInData]' passed (0.000 seconds).
Test Case '-[HavitalTests.App2RecordsViewModelTests test_filters_singleTypeProducesNoChips]' started.
Test Case '-[HavitalTests.App2RecordsViewModelTests test_filters_singleTypeProducesNoChips]' passed (0.000 seconds).
Test Case '-[HavitalTests.App2RecordsViewModelTests test_firstLoadFailure_fallsBackToStub]' started.
[App2RecordsViewModel] [DEBUG] [App2RecordsVM] stats 取得失敗,退樣本: Error Domain=NSURLErrorDomain Code=-1009 "(null)"
Test Case '-[HavitalTests.App2RecordsViewModelTests test_firstLoadFailure_fallsBackToStub]' passed (0.003 seconds).
Test Case '-[HavitalTests.App2RecordsViewModelTests test_forceRefresh_ignoresStaleWindow]' started.
Test Case '-[HavitalTests.App2RecordsViewModelTests test_forceRefresh_ignoresStaleWindow]' passed (0.001 seconds).
Test Case '-[HavitalTests.App2RecordsViewModelTests test_groups_bucketsOlderRecordsByMonth]' started.
Test Case '-[HavitalTests.App2RecordsViewModelTests test_groups_bucketsOlderRecordsByMonth]' passed (0.002 seconds).
Test Case '-[HavitalTests.App2RecordsViewModelTests test_groups_splitsTodayYesterdayThisWeekAndLastWeek]' started.
Test Case '-[HavitalTests.App2RecordsViewModelTests test_groups_splitsTodayYesterdayThisWeekAndLastWeek]' passed (0.000 seconds).
Test Case '-[HavitalTests.App2RecordsViewModelTests test_groups_subtotalIgnoresUnknownDistance]' started.
Test Case '-[HavitalTests.App2RecordsViewModelTests test_groups_subtotalIgnoresUnknownDistance]' passed (0.000 seconds).
Test Case '-[HavitalTests.App2RecordsViewModelTests test_groups_subtotalSumsDistanceAndCount]' started.
Test Case '-[HavitalTests.App2RecordsViewModelTests test_groups_subtotalSumsDistanceAndCount]' passed (0.000 seconds).
Test Case '-[HavitalTests.App2RecordsViewModelTests test_isGarminSourced_matchesProviderOrDeviceName]' started.
Test Case '-[HavitalTests.App2RecordsViewModelTests test_isGarminSourced_matchesProviderOrDeviceName]' passed (0.000 seconds).
Test Case '-[HavitalTests.App2RecordsViewModelTests test_load_mapsStatsAndMonthlyTotals]' started.
Test Case '-[HavitalTests.App2RecordsViewModelTests test_load_mapsStatsAndMonthlyTotals]' passed (0.002 seconds).
Test Case '-[HavitalTests.App2RecordsViewModelTests test_load_usesRelativeWhenLabels]' started.
Test Case '-[HavitalTests.App2RecordsViewModelTests test_load_usesRelativeWhenLabels]' passed (0.002 seconds).
Test Case '-[HavitalTests.App2RecordsViewModelTests test_loadIfNeeded_pastStaleWindow_refetches]' started.
Test Case '-[HavitalTests.App2RecordsViewModelTests test_loadIfNeeded_pastStaleWindow_refetches]' passed (0.001 seconds).
Test Case '-[HavitalTests.App2RecordsViewModelTests test_loadIfNeeded_withinStaleWindow_doesNotRefetch]' started.
Test Case '-[HavitalTests.App2RecordsViewModelTests test_loadIfNeeded_withinStaleWindow_doesNotRefetch]' passed (0.001 seconds).
Test Case '-[HavitalTests.App2RecordsViewModelTests test_loadMore_expandsLocallyFetchedRows]' started.
Test Case '-[HavitalTests.App2RecordsViewModelTests test_loadMore_expandsLocallyFetchedRows]' passed (0.030 seconds).
Test Case '-[HavitalTests.App2RecordsViewModelTests test_loadMore_fetchesOlderPageWithCursor]' started.
Test Case '-[HavitalTests.App2RecordsViewModelTests test_loadMore_fetchesOlderPageWithCursor]' passed (0.029 seconds).
Test Case '-[HavitalTests.App2RecordsViewModelTests test_monthlyTotals_emptyHistory_isZeroWithNoDelta]' started.
Test Case '-[HavitalTests.App2RecordsViewModelTests test_monthlyTotals_emptyHistory_isZeroWithNoDelta]' passed (0.000 seconds).
Test Case '-[HavitalTests.App2RecordsViewModelTests test_monthlyTotals_ignoresNonRunActivities]' started.
Test Case '-[HavitalTests.App2RecordsViewModelTests test_monthlyTotals_ignoresNonRunActivities]' passed (0.001 seconds).
Test Case '-[HavitalTests.App2RecordsViewModelTests test_monthlyTotals_skipsWorkoutsWithoutStartTime]' started.
Test Case '-[HavitalTests.App2RecordsViewModelTests test_monthlyTotals_skipsWorkoutsWithoutStartTime]' passed (0.000 seconds).
Test Case '-[HavitalTests.App2RecordsViewModelTests test_monthlyTotals_sumsThisMonthAndComparesToLastMonth]' started.
Test Case '-[HavitalTests.App2RecordsViewModelTests test_monthlyTotals_sumsThisMonthAndComparesToLastMonth]' passed (0.001 seconds).
Test Case '-[HavitalTests.App2RecordsViewModelTests test_revalidate_pageFailureKeepsPreviousRows]' started.
[App2RecordsViewModel] [DEBUG] [App2RecordsVM] workouts page 取得失敗，保留既有清單: Error Domain=NSURLErrorDomain Code=-1001 "(null)"
Test Case '-[HavitalTests.App2RecordsViewModelTests test_revalidate_pageFailureKeepsPreviousRows]' passed (0.002 seconds).
Test Case '-[HavitalTests.App2RecordsViewModelTests test_revalidate_pageFailureWithNoPriorRowsFallsBackToStub]' started.
[App2RecordsViewModel] [DEBUG] [App2RecordsVM] workouts page 取得失敗，保留既有清單: Error Domain=NSURLErrorDomain Code=-1001 "(null)"
[App2RecordsViewModel] [DEBUG] [App2RecordsVM] stats 取得失敗,退樣本: Error Domain=NSURLErrorDomain Code=-1001 "(null)"
Test Case '-[HavitalTests.App2RecordsViewModelTests test_revalidate_pageFailureWithNoPriorRowsFallsBackToStub]' passed (0.001 seconds).
Test Case '-[HavitalTests.App2RecordsViewModelTests test_revalidateFailure_keepsPreviousData]' started.
[App2RecordsViewModel] [DEBUG] [App2RecordsVM] stats 取得失敗,退樣本: Error Domain=NSURLErrorDomain Code=-1001 "(null)"
Test Case '-[HavitalTests.App2RecordsViewModelTests test_revalidateFailure_keepsPreviousData]' passed (0.001 seconds).
Test Suite 'App2RecordsViewModelTests' passed at 2026-08-29 15:39:56.778.
	 Executed 26 tests, with 0 failures (0 unexpected) in 0.087 (0.091) seconds
Test Suite 'App2RenderingTests' started at 2026-08-29 15:39:56.778.
Test Case '-[HavitalTests.App2RenderingTests test_home_emptyState_renders]' started.
Test Case '-[HavitalTests.App2RenderingTests test_home_emptyState_renders]' passed (0.440 seconds).
Test Case '-[HavitalTests.App2RenderingTests test_home_fullState_renders]' started.
Test Case '-[HavitalTests.App2RenderingTests test_home_fullState_renders]' passed (0.478 seconds).
Test Case '-[HavitalTests.App2RenderingTests test_home_longStrings_render]' started.
Test Case '-[HavitalTests.App2RenderingTests test_home_longStrings_render]' passed (0.380 seconds).
Test Case '-[HavitalTests.App2RenderingTests test_home_partialInsights_render]' started.
Test Case '-[HavitalTests.App2RenderingTests test_home_partialInsights_render]' passed (0.302 seconds).
Test Case '-[HavitalTests.App2RenderingTests test_home_qualityDaySession_rendersSegmentsAndStructure]' started.
Test Case '-[HavitalTests.App2RenderingTests test_home_qualityDaySession_rendersSegmentsAndStructure]' passed (0.580 seconds).
Test Case '-[HavitalTests.App2RenderingTests test_home_restDaySession_renders]' started.
Test Case '-[HavitalTests.App2RenderingTests test_home_restDaySession_renders]' passed (0.305 seconds).
Test Case '-[HavitalTests.App2RenderingTests test_home_singleSegmentSession_rendersPaceBlock]' started.
Test Case '-[HavitalTests.App2RenderingTests test_home_singleSegmentSession_rendersPaceBlock]' passed (0.498 seconds).
Test Case '-[HavitalTests.App2RenderingTests test_plan_allRestWeek_renders]' started.
Test Case '-[HavitalTests.App2RenderingTests test_plan_allRestWeek_renders]' passed (0.368 seconds).
Test Case '-[HavitalTests.App2RenderingTests test_plan_completionZeroAndFull_render]' started.
Test Case '-[HavitalTests.App2RenderingTests test_plan_completionZeroAndFull_render]' passed (0.597 seconds).
Test Case '-[HavitalTests.App2RenderingTests test_plan_lastWeek_renders]' started.
Test Case '-[HavitalTests.App2RenderingTests test_plan_lastWeek_renders]' passed (0.309 seconds).
Test Case '-[HavitalTests.App2RenderingTests test_plan_noWeek_rendersEmptyState]' started.
Test Case '-[HavitalTests.App2RenderingTests test_plan_noWeek_rendersEmptyState]' passed (0.235 seconds).
Test Case '-[HavitalTests.App2RenderingTests test_planOverview_empty_renders]' started.
Test Case '-[HavitalTests.App2RenderingTests test_planOverview_empty_renders]' passed (0.319 seconds).
Test Case '-[HavitalTests.App2RenderingTests test_planOverview_full_renders]' started.
Test Case '-[HavitalTests.App2RenderingTests test_planOverview_full_renders]' passed (0.465 seconds).
Test Case '-[HavitalTests.App2RenderingTests test_planOverview_longStrings_render]' started.
Test Case '-[HavitalTests.App2RenderingTests test_planOverview_longStrings_render]' passed (0.379 seconds).
Test Case '-[HavitalTests.App2RenderingTests test_planOverview_stagesUnbound_renders]' started.
Test Case '-[HavitalTests.App2RenderingTests test_planOverview_stagesUnbound_renders]' passed (0.329 seconds).
Test Case '-[HavitalTests.App2RenderingTests test_raceDatabase_resultsAndStates_render]' started.
[RaceRepositoryImpl] [DEBUG] [RaceRepo] getRaces: region=all, curatedOnly=true
[RaceRemoteDataSource] [DEBUG] [RaceRemoteDS] getRaces: GET /v2/races?date_from=2026-08-15&curated_only=true&limit=60
[RaceRepositoryImpl] [DEBUG] [RaceRepo] getRaces: region=all, curatedOnly=true
[RaceRemoteDataSource] [DEBUG] [RaceRemoteDS] getRaces: GET /v2/races?date_from=2026-08-15&curated_only=true&limit=60
[RaceRepositoryImpl] [DEBUG] [RaceRepo] getRaces: region=all, curatedOnly=true
[RaceRemoteDataSource] [DEBUG] [RaceRemoteDS] getRaces: GET /v2/races?date_from=2026-08-15&curated_only=true&limit=60
Test Case '-[HavitalTests.App2RenderingTests test_raceDatabase_resultsAndStates_render]' passed (0.796 seconds).
Test Case '-[HavitalTests.App2RenderingTests test_raceEditSheet_newAndEditing_render]' started.
Test Case '-[HavitalTests.App2RenderingTests test_raceEditSheet_newAndEditing_render]' passed (0.683 seconds).
Test Case '-[HavitalTests.App2RenderingTests test_raceManagement_empty_renders]' started.
Test Case '-[HavitalTests.App2RenderingTests test_raceManagement_empty_renders]' passed (0.248 seconds).
Test Case '-[HavitalTests.App2RenderingTests test_raceManagement_longNameAndPastRace_render]' started.
Test Case '-[HavitalTests.App2RenderingTests test_raceManagement_longNameAndPastRace_render]' passed (0.339 seconds).
Test Case '-[HavitalTests.App2RenderingTests test_raceManagement_mainAndSupports_render]' started.
Test Case '-[HavitalTests.App2RenderingTests test_raceManagement_mainAndSupports_render]' passed (0.339 seconds).
Test Case '-[HavitalTests.App2RenderingTests test_weeklyVolumeChart_emptyAndAllZero_render]' started.
Test Case '-[HavitalTests.App2RenderingTests test_weeklyVolumeChart_emptyAndAllZero_render]' passed (0.085 seconds).
Test Suite 'App2RenderingTests' passed at 2026-08-29 15:40:05.255.
	 Executed 21 tests, with 0 failures (0 unexpected) in 8.472 (8.477) seconds
Test Suite 'App2SessionDetailProjectionTests' started at 2026-08-29 15:40:05.256.
Test Case '-[HavitalTests.App2SessionDetailProjectionTests test_detail_crossDay_hasNoPaceAndUsesDurationAsOnlyQuantity]' started.
Test Case '-[HavitalTests.App2SessionDetailProjectionTests test_detail_crossDay_hasNoPaceAndUsesDurationAsOnlyQuantity]' passed (0.003 seconds).
Test Case '-[HavitalTests.App2SessionDetailProjectionTests test_detail_distanceUsesDayLevelTotalNotPrimary]' started.
Test Case '-[HavitalTests.App2SessionDetailProjectionTests test_detail_distanceUsesDayLevelTotalNotPrimary]' passed (0.002 seconds).
Test Case '-[HavitalTests.App2SessionDetailProjectionTests test_detail_easyRunWithoutPace_hasNoPaceFields]' started.
Test Case '-[HavitalTests.App2SessionDetailProjectionTests test_detail_easyRunWithoutPace_hasNoPaceFields]' passed (0.001 seconds).
Test Case '-[HavitalTests.App2SessionDetailProjectionTests test_detail_easyRunWithPace_keepsPaceFields]' started.
Test Case '-[HavitalTests.App2SessionDetailProjectionTests test_detail_easyRunWithPace_keepsPaceFields]' passed (0.004 seconds).
Test Case '-[HavitalTests.App2SessionDetailProjectionTests test_detail_restDay_returnsNil]' started.
Test Case '-[HavitalTests.App2SessionDetailProjectionTests test_detail_restDay_returnsNil]' passed (0.000 seconds).
Test Case '-[HavitalTests.App2SessionDetailProjectionTests test_detail_runDay_projectsSupplementaryStrength]' started.
Test Case '-[HavitalTests.App2SessionDetailProjectionTests test_detail_runDay_projectsSupplementaryStrength]' passed (0.004 seconds).
Test Case '-[HavitalTests.App2SessionDetailProjectionTests test_detail_runDayWithoutStrength_hasNoStrengthSection]' started.
Test Case '-[HavitalTests.App2SessionDetailProjectionTests test_detail_runDayWithoutStrength_hasNoStrengthSection]' passed (0.001 seconds).
Test Case '-[HavitalTests.App2SessionDetailProjectionTests test_detail_strengthDay_hasNoPaceAndListsExercisesInStrengthSection]' started.
Test Case '-[HavitalTests.App2SessionDetailProjectionTests test_detail_strengthDay_hasNoPaceAndListsExercisesInStrengthSection]' passed (0.001 seconds).
Test Case '-[HavitalTests.App2SessionDetailProjectionTests test_detailSegments_intervalWithoutSegmentsArray_expandsSprintRow]' started.
Test Case '-[HavitalTests.App2SessionDetailProjectionTests test_detailSegments_intervalWithoutSegmentsArray_expandsSprintRow]' passed (0.000 seconds).
Test Case '-[HavitalTests.App2SessionDetailProjectionTests test_detailSegments_singleSegmentRun_reusesCardContentLine]' started.
Test Case '-[HavitalTests.App2SessionDetailProjectionTests test_detailSegments_singleSegmentRun_reusesCardContentLine]' passed (0.000 seconds).
Test Case '-[HavitalTests.App2SessionDetailProjectionTests test_detailSegments_warmupAndCooldown_dropEchoedPayloadNote]' started.
Test Case '-[HavitalTests.App2SessionDetailProjectionTests test_detailSegments_warmupAndCooldown_dropEchoedPayloadNote]' passed (0.000 seconds).
Test Case '-[HavitalTests.App2SessionDetailProjectionTests test_goalText_shownOnlyWhenPrimaryDescriptionMatchesDayTarget]' started.
Test Case '-[HavitalTests.App2SessionDetailProjectionTests test_goalText_shownOnlyWhenPrimaryDescriptionMatchesDayTarget]' passed (0.001 seconds).
Test Case '-[HavitalTests.App2SessionDetailProjectionTests test_paceBand_climateAdjustmentDisabled_ignoresAdjustment]' started.
Test Case '-[HavitalTests.App2SessionDetailProjectionTests test_paceBand_climateAdjustmentDisabled_ignoresAdjustment]' passed (0.001 seconds).
Test Case '-[HavitalTests.App2SessionDetailProjectionTests test_paceBand_climateAdjustmentEnabled_keepsOriginalPaceAndShowsSlack]' started.
Test Case '-[HavitalTests.App2SessionDetailProjectionTests test_paceBand_climateAdjustmentEnabled_keepsOriginalPaceAndShowsSlack]' passed (0.001 seconds).
Test Case '-[HavitalTests.App2SessionDetailProjectionTests test_paceBand_comfortableDay_hasNoAdjustment]' started.
Test Case '-[HavitalTests.App2SessionDetailProjectionTests test_paceBand_comfortableDay_hasNoAdjustment]' passed (0.001 seconds).
Test Case '-[HavitalTests.App2SessionDetailProjectionTests test_paceBand_easyRun_usesUserEasyPaceRange]' started.
Test Case '-[HavitalTests.App2SessionDetailProjectionTests test_paceBand_easyRun_usesUserEasyPaceRange]' passed (0.001 seconds).
Test Case '-[HavitalTests.App2SessionDetailProjectionTests test_paceBand_easyRunWithoutVDOT_fallsBackToPrescribedWindow]' started.
Test Case '-[HavitalTests.App2SessionDetailProjectionTests test_paceBand_easyRunWithoutVDOT_fallsBackToPrescribedWindow]' passed (0.001 seconds).
Test Case '-[HavitalTests.App2SessionDetailProjectionTests test_paceBand_multiSegmentDay_isNil]' started.
Test Case '-[HavitalTests.App2SessionDetailProjectionTests test_paceBand_multiSegmentDay_isNil]' passed (0.001 seconds).
Test Case '-[HavitalTests.App2SessionDetailProjectionTests test_paceBand_nonEasyDayType_keepsPrescribedWindow]' started.
Test Case '-[HavitalTests.App2SessionDetailProjectionTests test_paceBand_nonEasyDayType_keepsPrescribedWindow]' passed (0.001 seconds).
Test Case '-[HavitalTests.App2SessionDetailProjectionTests test_paceBand_singleSteadyBar_bracketsPrescribedPace]' started.
Test Case '-[HavitalTests.App2SessionDetailProjectionTests test_paceBand_singleSteadyBar_bracketsPrescribedPace]' passed (0.001 seconds).
Test Case '-[HavitalTests.App2SessionDetailProjectionTests test_paceBand_steadyBarWithoutPace_isNil]' started.
Test Case '-[HavitalTests.App2SessionDetailProjectionTests test_paceBand_steadyBarWithoutPace_isNil]' passed (0.000 seconds).
Test Case '-[HavitalTests.App2SessionDetailProjectionTests test_paceLabel_convertsForImperial]' started.
Test Case '-[HavitalTests.App2SessionDetailProjectionTests test_paceLabel_convertsForImperial]' passed (0.000 seconds).
Test Case '-[HavitalTests.App2SessionDetailProjectionTests test_plannedSeconds_derivesFromPrescribedSegments]' started.
Test Case '-[HavitalTests.App2SessionDetailProjectionTests test_plannedSeconds_derivesFromPrescribedSegments]' passed (0.000 seconds).
Test Case '-[HavitalTests.App2SessionDetailProjectionTests test_plannedSeconds_mainSegmentWithoutDistance_isNil]' started.
Test Case '-[HavitalTests.App2SessionDetailProjectionTests test_plannedSeconds_mainSegmentWithoutDistance_isNil]' passed (0.000 seconds).
Test Case '-[HavitalTests.App2SessionDetailProjectionTests test_reasonText_isNeverShown]' started.
Test Case '-[HavitalTests.App2SessionDetailProjectionTests test_reasonText_isNeverShown]' passed (0.001 seconds).
Test Case '-[HavitalTests.App2SessionDetailProjectionTests test_recoveryNote_doesNotRepeatRecoveryWord]' started.
Test Case '-[HavitalTests.App2SessionDetailProjectionTests test_recoveryNote_doesNotRepeatRecoveryWord]' passed (0.000 seconds).
Test Case '-[HavitalTests.App2SessionDetailProjectionTests test_showsFuelingNote_onlyForLongRunsAtOrAboveNinetyMinutes]' started.
Test Case '-[HavitalTests.App2SessionDetailProjectionTests test_showsFuelingNote_onlyForLongRunsAtOrAboveNinetyMinutes]' passed (0.000 seconds).
Test Case '-[HavitalTests.App2SessionDetailProjectionTests test_strength_unknownType_hasNoTypeLabelButKeepsExercises]' started.
Test Case '-[HavitalTests.App2SessionDetailProjectionTests test_strength_unknownType_hasNoTypeLabelButKeepsExercises]' passed (0.000 seconds).
Test Case '-[HavitalTests.App2SessionDetailProjectionTests test_structureBars_intervalWithoutSegmentsArray_drawsOneBarPerRep]' started.
Test Case '-[HavitalTests.App2SessionDetailProjectionTests test_structureBars_intervalWithoutSegmentsArray_drawsOneBarPerRep]' passed (0.000 seconds).
Test Case '-[HavitalTests.App2SessionDetailProjectionTests test_structureBars_manyRepeats_capsBarsButKeepsRealCountInNote]' started.
Test Case '-[HavitalTests.App2SessionDetailProjectionTests test_structureBars_manyRepeats_capsBarsButKeepsRealCountInNote]' passed (0.000 seconds).
Test Suite 'App2SessionDetailProjectionTests' passed at 2026-08-29 15:40:05.287.
	 Executed 30 tests, with 0 failures (0 unexpected) in 0.026 (0.031) seconds
Test Suite 'App2SettingsLabelTests' started at 2026-08-29 15:40:05.288.
Test Case '-[HavitalTests.App2SettingsLabelTests test_compactStateLabel_activeIncludesPlanNameAndRenewingState]' started.
Test Case '-[HavitalTests.App2SettingsLabelTests test_compactStateLabel_activeIncludesPlanNameAndRenewingState]' passed (0.001 seconds).
Test Case '-[HavitalTests.App2SettingsLabelTests test_compactStateLabel_billingIssueTakesPrecedence]' started.
Test Case '-[HavitalTests.App2SettingsLabelTests test_compactStateLabel_billingIssueTakesPrecedence]' passed (0.000 seconds).
Test Case '-[HavitalTests.App2SettingsLabelTests test_compactStateLabel_expiredUsesLocalizedExpiredString]' started.
Test Case '-[HavitalTests.App2SettingsLabelTests test_compactStateLabel_expiredUsesLocalizedExpiredString]' passed (0.000 seconds).
Test Case '-[HavitalTests.App2SettingsLabelTests test_compactStateLabel_neverLeaksBackendIdentifiers]' started.
Test Case '-[HavitalTests.App2SettingsLabelTests test_compactStateLabel_neverLeaksBackendIdentifiers]' passed (0.001 seconds).
Test Case '-[HavitalTests.App2SettingsLabelTests test_compactStateLabel_nilStatusIsFreeNotEmpty]' started.
Test Case '-[HavitalTests.App2SettingsLabelTests test_compactStateLabel_nilStatusIsFreeNotEmpty]' passed (0.000 seconds).
Test Case '-[HavitalTests.App2SettingsLabelTests test_tierLabel_neverLeaksBackendIdentifiers]' started.
Test Case '-[HavitalTests.App2SettingsLabelTests test_tierLabel_neverLeaksBackendIdentifiers]' passed (0.000 seconds).
Test Suite 'App2SettingsLabelTests' passed at 2026-08-29 15:40:05.291.
	 Executed 6 tests, with 0 failures (0 unexpected) in 0.003 (0.004) seconds
Test Suite 'App2SnapshotStoreTests' started at 2026-08-29 15:40:05.291.
Test Case '-[HavitalTests.App2SnapshotStoreTests testClearAllRemovesEveryKey]' started.
Test Case '-[HavitalTests.App2SnapshotStoreTests testClearAllRemovesEveryKey]' passed (0.004 seconds).
Test Case '-[HavitalTests.App2SnapshotStoreTests testCorruptSnapshotIsDiscarded]' started.
[App2SnapshotStore] [DEBUG] [App2Snapshot] v2_workouts_stats 解不開,丟棄: DecodingError.keyNotFound: Key 'totallyDifferent' not found in keyed decoding container. Path: payload. Debug description: No value associated with key CodingKeys(stringValue: "totallyDifferent", intValue: nil) ("totallyDifferent").
Test Case '-[HavitalTests.App2SnapshotStoreTests testCorruptSnapshotIsDiscarded]' passed (0.004 seconds).
Test Case '-[HavitalTests.App2SnapshotStoreTests testEachAccountOnlySeesItsOwnSnapshot]' started.
[App2SnapshotStore] [DEBUG] [App2Snapshot] uid 不符,丟棄 v2_state_today
Test Case '-[HavitalTests.App2SnapshotStoreTests testEachAccountOnlySeesItsOwnSnapshot]' passed (0.001 seconds).
Test Case '-[HavitalTests.App2SnapshotStoreTests testFetchedAtIsStamped]' started.
Test Case '-[HavitalTests.App2SnapshotStoreTests testFetchedAtIsStamped]' passed (0.001 seconds).
Test Case '-[HavitalTests.App2SnapshotStoreTests testForeignSnapshotIsDiscardedOnRead]' started.
[App2SnapshotStore] [DEBUG] [App2Snapshot] uid 不符,丟棄 v2_state_today
Test Case '-[HavitalTests.App2SnapshotStoreTests testForeignSnapshotIsDiscardedOnRead]' passed (0.001 seconds).
Test Case '-[HavitalTests.App2SnapshotStoreTests testInvalidateRemovesOnlyTheGivenKeys]' started.
Test Case '-[HavitalTests.App2SnapshotStoreTests testInvalidateRemovesOnlyTheGivenKeys]' passed (0.002 seconds).
Test Case '-[HavitalTests.App2SnapshotStoreTests testKeysDoNotCollide]' started.
Test Case '-[HavitalTests.App2SnapshotStoreTests testKeysDoNotCollide]' passed (0.001 seconds).
Test Case '-[HavitalTests.App2SnapshotStoreTests testLoadReturnsNilWhenNothingSaved]' started.
Test Case '-[HavitalTests.App2SnapshotStoreTests testLoadReturnsNilWhenNothingSaved]' passed (0.000 seconds).
Test Case '-[HavitalTests.App2SnapshotStoreTests testNoUserIDMeansNoReadAndNoWrite]' started.
Test Case '-[HavitalTests.App2SnapshotStoreTests testNoUserIDMeansNoReadAndNoWrite]' passed (0.001 seconds).
Test Case '-[HavitalTests.App2SnapshotStoreTests testSaveThenLoadRoundTripsPayload]' started.
Test Case '-[HavitalTests.App2SnapshotStoreTests testSaveThenLoadRoundTripsPayload]' passed (0.001 seconds).
Test Case '-[HavitalTests.App2SnapshotStoreTests testSnapshotFromAnotherAccountIsNotReadable]' started.
[App2SnapshotStore] [DEBUG] [App2Snapshot] uid 不符,丟棄 v2_state_today
Test Case '-[HavitalTests.App2SnapshotStoreTests testSnapshotFromAnotherAccountIsNotReadable]' passed (0.001 seconds).
Test Suite 'App2SnapshotStoreTests' passed at 2026-08-29 15:40:05.311.
	 Executed 11 tests, with 0 failures (0 unexpected) in 0.017 (0.019) seconds
Test Suite 'App2WeeklyReviewProjectionTests' started at 2026-08-29 15:40:05.311.
Test Case '-[HavitalTests.App2WeeklyReviewProjectionTests test_highlights_dropsBlankEntries]' started.
Test Case '-[HavitalTests.App2WeeklyReviewProjectionTests test_highlights_dropsBlankEntries]' passed (0.001 seconds).
Test Case '-[HavitalTests.App2WeeklyReviewProjectionTests test_meansNotGeneratedYet_realFailuresStayFailures]' started.
Test Case '-[HavitalTests.App2WeeklyReviewProjectionTests test_meansNotGeneratedYet_realFailuresStayFailures]' passed (0.000 seconds).
Test Case '-[HavitalTests.App2WeeklyReviewProjectionTests test_meansNotGeneratedYet_recognisesNotFoundAndClosedWindow]' started.
Test Case '-[HavitalTests.App2WeeklyReviewProjectionTests test_meansNotGeneratedYet_recognisesNotFoundAndClosedWindow]' passed (0.000 seconds).
Test Case '-[HavitalTests.App2WeeklyReviewProjectionTests test_observations_dropsBlankEntries]' started.
Test Case '-[HavitalTests.App2WeeklyReviewProjectionTests test_observations_dropsBlankEntries]' passed (0.000 seconds).
Test Case '-[HavitalTests.App2WeeklyReviewProjectionTests test_phaseLabel_combinesPhaseAndWeek]' started.
Test Case '-[HavitalTests.App2WeeklyReviewProjectionTests test_phaseLabel_combinesPhaseAndWeek]' passed (0.000 seconds).
Test Case '-[HavitalTests.App2WeeklyReviewProjectionTests test_phaseLabel_keepsUnknownPhaseTextAsIs]' started.
Test Case '-[HavitalTests.App2WeeklyReviewProjectionTests test_phaseLabel_keepsUnknownPhaseTextAsIs]' passed (0.001 seconds).
Test Case '-[HavitalTests.App2WeeklyReviewProjectionTests test_phaseLabel_nilWhenNoPlanContext]' started.
Test Case '-[HavitalTests.App2WeeklyReviewProjectionTests test_phaseLabel_nilWhenNoPlanContext]' passed (0.001 seconds).
Test Case '-[HavitalTests.App2WeeklyReviewProjectionTests test_phaseLabel_translatesRawStageId]' started.
Test Case '-[HavitalTests.App2WeeklyReviewProjectionTests test_phaseLabel_translatesRawStageId]' passed (0.000 seconds).
Test Case '-[HavitalTests.App2WeeklyReviewProjectionTests test_stats_distanceUsesCompletedNotPlanned]' started.
Test Case '-[HavitalTests.App2WeeklyReviewProjectionTests test_stats_distanceUsesCompletedNotPlanned]' passed (0.000 seconds).
Test Case '-[HavitalTests.App2WeeklyReviewProjectionTests test_stats_omitsPlannedFootnoteWhenNoPlannedVolume]' started.
Test Case '-[HavitalTests.App2WeeklyReviewProjectionTests test_stats_omitsPlannedFootnoteWhenNoPlannedVolume]' passed (0.000 seconds).
Test Case '-[HavitalTests.App2WeeklyReviewProjectionTests test_stats_onlyWhatThePayloadActuallyHas]' started.
Test Case '-[HavitalTests.App2WeeklyReviewProjectionTests test_stats_onlyWhatThePayloadActuallyHas]' passed (0.000 seconds).
Test Case '-[HavitalTests.App2WeeklyReviewProjectionTests test_story_fallsBackToCompletionEvaluation]' started.
Test Case '-[HavitalTests.App2WeeklyReviewProjectionTests test_story_fallsBackToCompletionEvaluation]' passed (0.002 seconds).
Test Case '-[HavitalTests.App2WeeklyReviewProjectionTests test_story_usesWeeklyStoryWhenPresent]' started.
Test Case '-[HavitalTests.App2WeeklyReviewProjectionTests test_story_usesWeeklyStoryWhenPresent]' passed (0.001 seconds).
Test Case '-[HavitalTests.App2WeeklyReviewProjectionTests test_suggestions_carriesBackendDefaultApply]' started.
Test Case '-[HavitalTests.App2WeeklyReviewProjectionTests test_suggestions_carriesBackendDefaultApply]' passed (0.000 seconds).
Test Case '-[HavitalTests.App2WeeklyReviewProjectionTests test_suggestions_emptyWhenNoAdjustments]' started.
Test Case '-[HavitalTests.App2WeeklyReviewProjectionTests test_suggestions_emptyWhenNoAdjustments]' passed (0.000 seconds).
Test Case '-[HavitalTests.App2WeeklyReviewProjectionTests test_suggestions_indexIsTheOriginalOffset]' started.
Test Case '-[HavitalTests.App2WeeklyReviewProjectionTests test_suggestions_indexIsTheOriginalOffset]' passed (0.000 seconds).
Test Suite 'App2WeeklyReviewProjectionTests' passed at 2026-08-29 15:40:05.323.
	 Executed 16 tests, with 0 failures (0 unexpected) in 0.008 (0.012) seconds
Test Suite 'App2WorkoutDetailProjectionTests' started at 2026-08-29 15:40:05.323.
Test Case '-[HavitalTests.App2WorkoutDetailProjectionTests test_actualSummary_durationOnlyWhenNoHeartRate]' started.
Test Case '-[HavitalTests.App2WorkoutDetailProjectionTests test_actualSummary_durationOnlyWhenNoHeartRate]' passed (0.000 seconds).
Test Case '-[HavitalTests.App2WorkoutDetailProjectionTests test_actualSummary_nilWhenNothingToSay]' started.
Test Case '-[HavitalTests.App2WorkoutDetailProjectionTests test_actualSummary_nilWhenNothingToSay]' passed (0.000 seconds).
Test Case '-[HavitalTests.App2WorkoutDetailProjectionTests test_advancedMetrics_emptyWhenNoAdvancedPayload]' started.
Test Case '-[HavitalTests.App2WorkoutDetailProjectionTests test_advancedMetrics_emptyWhenNoAdvancedPayload]' passed (0.001 seconds).
Test Case '-[HavitalTests.App2WorkoutDetailProjectionTests test_advancedMetrics_isTssThenVdotThenVerticalRatio]' started.
Test Case '-[HavitalTests.App2WorkoutDetailProjectionTests test_advancedMetrics_isTssThenVdotThenVerticalRatio]' passed (0.001 seconds).
Test Case '-[HavitalTests.App2WorkoutDetailProjectionTests test_advancedMetrics_omitsMissingValues]' started.
Test Case '-[HavitalTests.App2WorkoutDetailProjectionTests test_advancedMetrics_omitsMissingValues]' passed (0.001 seconds).
Test Case '-[HavitalTests.App2WorkoutDetailProjectionTests test_automaticRequest_isNil]' started.
Test Case '-[HavitalTests.App2WorkoutDetailProjectionTests test_automaticRequest_isNil]' passed (0.000 seconds).
Test Case '-[HavitalTests.App2WorkoutDetailProjectionTests test_distance_imperialIsMiles]' started.
Test Case '-[HavitalTests.App2WorkoutDetailProjectionTests test_distance_imperialIsMiles]' passed (0.000 seconds).
Test Case '-[HavitalTests.App2WorkoutDetailProjectionTests test_distance_metricIsKilometres]' started.
Test Case '-[HavitalTests.App2WorkoutDetailProjectionTests test_distance_metricIsKilometres]' passed (0.000 seconds).
Test Case '-[HavitalTests.App2WorkoutDetailProjectionTests test_dominantZone_nilWhenAllZero]' started.
Test Case '-[HavitalTests.App2WorkoutDetailProjectionTests test_dominantZone_nilWhenAllZero]' passed (0.000 seconds).
Test Case '-[HavitalTests.App2WorkoutDetailProjectionTests test_dominantZone_picksLargestShare]' started.
Test Case '-[HavitalTests.App2WorkoutDetailProjectionTests test_dominantZone_picksLargestShare]' passed (0.001 seconds).
Test Case '-[HavitalTests.App2WorkoutDetailProjectionTests test_duration_showsHoursOnlyWhenPresent]' started.
Test Case '-[HavitalTests.App2WorkoutDetailProjectionTests test_duration_showsHoursOnlyWhenPresent]' passed (0.000 seconds).
Test Case '-[HavitalTests.App2WorkoutDetailProjectionTests test_excludedRequest_defaultsReasonToOther]' started.
Test Case '-[HavitalTests.App2WorkoutDetailProjectionTests test_excludedRequest_defaultsReasonToOther]' passed (0.001 seconds).
Test Case '-[HavitalTests.App2WorkoutDetailProjectionTests test_excludedRequest_preservesExistingReason]' started.
Test Case '-[HavitalTests.App2WorkoutDetailProjectionTests test_excludedRequest_preservesExistingReason]' passed (0.000 seconds).
Test Case '-[HavitalTests.App2WorkoutDetailProjectionTests test_includedRequest_isNotExcluded]' started.
Test Case '-[HavitalTests.App2WorkoutDetailProjectionTests test_includedRequest_isNotExcluded]' passed (0.000 seconds).
Test Case '-[HavitalTests.App2WorkoutDetailProjectionTests test_isSameChoice_ignoresExcludedReason]' started.
Test Case '-[HavitalTests.App2WorkoutDetailProjectionTests test_isSameChoice_ignoresExcludedReason]' passed (0.001 seconds).
Test Case '-[HavitalTests.App2WorkoutDetailProjectionTests test_metrics_excludeAdvancedTrio]' started.
Test Case '-[HavitalTests.App2WorkoutDetailProjectionTests test_metrics_excludeAdvancedTrio]' passed (0.001 seconds).
Test Case '-[HavitalTests.App2WorkoutDetailProjectionTests test_metrics_includeRPE]' started.
Test Case '-[HavitalTests.App2WorkoutDetailProjectionTests test_metrics_includeRPE]' passed (0.001 seconds).
Test Case '-[HavitalTests.App2WorkoutDetailProjectionTests test_metrics_neverShowsCalories]' started.
Test Case '-[HavitalTests.App2WorkoutDetailProjectionTests test_metrics_neverShowsCalories]' passed (0.001 seconds).
Test Case '-[HavitalTests.App2WorkoutDetailProjectionTests test_metrics_omitsMissingDistance]' started.
Test Case '-[HavitalTests.App2WorkoutDetailProjectionTests test_metrics_omitsMissingDistance]' passed (0.001 seconds).
Test Case '-[HavitalTests.App2WorkoutDetailProjectionTests test_metrics_omitsMissingHeartRate]' started.
Test Case '-[HavitalTests.App2WorkoutDetailProjectionTests test_metrics_omitsMissingHeartRate]' passed (0.001 seconds).
Test Case '-[HavitalTests.App2WorkoutDetailProjectionTests test_metrics_orderAfterReclassification]' started.
Test Case '-[HavitalTests.App2WorkoutDetailProjectionTests test_metrics_orderAfterReclassification]' passed (0.001 seconds).
Test Case '-[HavitalTests.App2WorkoutDetailProjectionTests test_pace_imperialConvertsPerMile]' started.
Test Case '-[HavitalTests.App2WorkoutDetailProjectionTests test_pace_imperialConvertsPerMile]' passed (0.000 seconds).
Test Case '-[HavitalTests.App2WorkoutDetailProjectionTests test_plannedSummary_joinsAvailableParts]' started.
Test Case '-[HavitalTests.App2WorkoutDetailProjectionTests test_plannedSummary_joinsAvailableParts]' passed (0.000 seconds).
Test Case '-[HavitalTests.App2WorkoutDetailProjectionTests test_plannedSummary_nilWhenNoPlanForThatDay]' started.
Test Case '-[HavitalTests.App2WorkoutDetailProjectionTests test_plannedSummary_nilWhenNoPlanForThatDay]' passed (0.000 seconds).
Test Case '-[HavitalTests.App2WorkoutDetailProjectionTests test_providerLabel_mapsKnownProviders]' started.
Test Case '-[HavitalTests.App2WorkoutDetailProjectionTests test_providerLabel_mapsKnownProviders]' passed (0.000 seconds).
Test Case '-[HavitalTests.App2WorkoutDetailProjectionTests test_title_fallsBackToActivityTypeWhenNoTrainingType]' started.
Test Case '-[HavitalTests.App2WorkoutDetailProjectionTests test_title_fallsBackToActivityTypeWhenNoTrainingType]' passed (0.001 seconds).
Test Case '-[HavitalTests.App2WorkoutDetailProjectionTests test_title_prefersTrainingTypeOverActivityType]' started.
Test Case '-[HavitalTests.App2WorkoutDetailProjectionTests test_title_prefersTrainingTypeOverActivityType]' passed (0.001 seconds).
Test Case '-[HavitalTests.App2WorkoutDetailProjectionTests test_vdotInclusion_excludedKeepsExistingReason]' started.
Test Case '-[HavitalTests.App2WorkoutDetailProjectionTests test_vdotInclusion_excludedKeepsExistingReason]' passed (0.001 seconds).
Test Case '-[HavitalTests.App2WorkoutDetailProjectionTests test_vdotInclusion_noOverrideIsAutomatic]' started.
Test Case '-[HavitalTests.App2WorkoutDetailProjectionTests test_vdotInclusion_noOverrideIsAutomatic]' passed (0.000 seconds).
Test Case '-[HavitalTests.App2WorkoutDetailProjectionTests test_vdotInclusion_notExcludedIsIncluded]' started.
Test Case '-[HavitalTests.App2WorkoutDetailProjectionTests test_vdotInclusion_notExcludedIsIncluded]' passed (0.000 seconds).
Test Suite 'App2WorkoutDetailProjectionTests' passed at 2026-08-29 15:40:05.345.
	 Executed 30 tests, with 0 failures (0 unexpected) in 0.017 (0.022) seconds
Test Suite 'AppDelegateTests' started at 2026-08-29 15:40:05.346.
Test Case '-[HavitalTests.AppDelegateTests testInitDoesNotRequireFeatureDependencies]' started.
Test Case '-[HavitalTests.AppDelegateTests testInitDoesNotRequireFeatureDependencies]' passed (0.002 seconds).
Test Case '-[HavitalTests.AppDelegateTests testWorkoutProcessedNotificationReturnsNoDataWhenRepositoryUnavailable]' started.
📬 收到遠端推播: type=workout_processed
⚠️ WorkoutRepository 尚未註冊，略過 workout_processed cooldown reset
Test Case '-[HavitalTests.AppDelegateTests testWorkoutProcessedNotificationReturnsNoDataWhenRepositoryUnavailable]' passed (0.001 seconds).
Test Suite 'AppDelegateTests' passed at 2026-08-29 15:40:05.349.
	 Executed 2 tests, with 0 failures (0 unexpected) in 0.003 (0.004) seconds
Test Suite 'AppStateManagerAnalyticsTests' started at 2026-08-29 15:40:05.349.
Test Case '-[HavitalTests.AppStateManagerAnalyticsTests testInitializeApp_WhenSelectedTargetTypeExists_SetsTargetTypeUserProperty]' started.
[AchievementsVM] refresh start (pull-to-refresh)
[PersonalAchievementsViewModel] [INFO] [AchievementsVM] refresh start (pull-to-refresh)
[AchievementsVM] refresh start (pull-to-refresh)
[PersonalAchievementsViewModel] [INFO] [AchievementsVM] refresh start (pull-to-refresh)
[AchievementsVM] refresh start (pull-to-refresh)
[PersonalAchievementsViewModel] [INFO] [AchievementsVM] refresh start (pull-to-refresh)
[AchievementsVM] refresh start (pull-to-refresh)
[PersonalAchievementsViewModel] [INFO] [AchievementsVM] refresh start (pull-to-refresh)
[AchievementsVM] refresh start (pull-to-refresh)
[PersonalAchievementsViewModel] [INFO] [AchievementsVM] refresh start (pull-to-refresh)
[AchievementsVM] refresh start (pull-to-refresh)
[PersonalAchievementsViewModel] [INFO] [AchievementsVM] refresh start (pull-to-refresh)
[AchievementsVM] refresh start (pull-to-refresh)
[PersonalAchievementsViewModel] [INFO] [AchievementsVM] refresh start (pull-to-refresh)
[HTTPClient] [WARN] [HTTPClient] authSessionRepository nil — Authorization header skipped for /v2/races?date_from=2026-08-15&curated_only=true&limit=60; request will likely 401
[HTTPClient] [DEBUG] 📱 [API] RaceRemoteDS: getRaces → GET /v2/races?date_from=2026-08-15&curated_only=true&limit=60
[HTTPClient] [WARN] [HTTPClient] authSessionRepository nil — Authorization header skipped for /v2/races?date_from=2026-08-15&curated_only=true&limit=60; request will likely 401
[HTTPClient] [DEBUG] 📱 [API] RaceRemoteDS: getRaces → GET /v2/races?date_from=2026-08-15&curated_only=true&limit=60
[HTTPClient] [WARN] [HTTPClient] authSessionRepository nil — Authorization header skipped for /v2/races?date_from=2026-08-15&curated_only=true&limit=60; request will likely 401
[HTTPClient] [DEBUG] 📱 [API] RaceRemoteDS: getRaces → GET /v2/races?date_from=2026-08-15&curated_only=true&limit=60
[Subscription] State.update applied: nil → none inGrace=false hasOverride=nil
🏁 AppStateManager: 已初始化（測試用注入）
[HTTPClient] [DEBUG] ⚠️ 請求被取消
[APICallHelper] [DEBUG] [RaceRemoteDS] Task cancelled, preserving original error type
[HTTPClient] [DEBUG] ⚠️ 請求被取消
[RaceRepositoryImpl] [ERROR] [RaceRepo] getRaces failed: Request cancelled.
[HTTPClient] [DEBUG] ⚠️ 請求被取消
[APICallHelper] [DEBUG] [RaceRemoteDS] Task cancelled, preserving original error type
[APICallHelper] [DEBUG] [RaceRemoteDS] Task cancelled, preserving original error type
[RaceRepositoryImpl] [ERROR] [RaceRepo] getRaces failed: Request cancelled.
[RaceRepositoryImpl] [ERROR] [RaceRepo] getRaces failed: Request cancelled.
🚀 AppStateManager: 開始完整初始化流程
[AchievementsAPI] fetchSummary start path=/v2/achievements/summary
[AchievementsAPI] fetchSummary start path=/v2/achievements/summary
[AchievementsAPI] fetchSummary start path=/v2/achievements/summary
[HTTPClient] [WARN] [HTTPClient] authSessionRepository nil — Authorization header skipped for /v2/announcements; request will likely 401
[AchievementRemoteDataSource] [INFO] [AchievementsAPI] fetchSummary start path=/v2/achievements/summary
[AchievementRemoteDataSource] [INFO] [AchievementsAPI] fetchSummary start path=/v2/achievements/summary
[AchievementsAPI] fetchSummary start path=/v2/achievements/summary
[AchievementsAPI] fetchSummary start path=/v2/achievements/summary
[AchievementRemoteDataSource] [INFO] [AchievementsAPI] fetchSummary start path=/v2/achievements/summary
[AchievementRemoteDataSource] [INFO] [AchievementsAPI] fetchSummary start path=/v2/achievements/summary
[AchievementsAPI] fetchSummary start path=/v2/achievements/summary
[HTTPClient] [DEBUG] 📱 [API] AnnouncementRemoteDataSource: fetchAnnouncements → GET /v2/announcements
[AchievementRemoteDataSource] [INFO] [AchievementsAPI] fetchSummary start path=/v2/achievements/summary
[AchievementsAPI] fetchSummary start path=/v2/achievements/summary
[AchievementRemoteDataSource] [INFO] [AchievementsAPI] fetchSummary start path=/v2/achievements/summary
[HTTPClient] [WARN] [HTTPClient] authSessionRepository nil — Authorization header skipped for /v2/announcements; request will likely 401
[AchievementRemoteDataSource] [INFO] [AchievementsAPI] fetchSummary start path=/v2/achievements/summary
🔐 AppStateManager: 開始用戶認證
[HTTPClient] [DEBUG] 📱 [API] AnnouncementRemoteDataSource: fetchAnnouncements → GET /v2/announcements
⚠️ AppStateManager: 用戶未認證
[HTTPClient] [WARN] [HTTPClient] authSessionRepository nil — Authorization header skipped for /v2/announcements; request will likely 401
✅ AppStateManager: 認證檢查完成 - 已認證: false
[HTTPClient] [DEBUG] 📱 [API] AnnouncementRemoteDataSource: fetchAnnouncements → GET /v2/announcements
📥 AppStateManager: 開始載入用戶資料
⚠️ AppStateManager: 用戶未認證，跳過資料載入
[HTTPClient] [WARN] [HTTPClient] authSessionRepository nil — Authorization header skipped for /v2/announcements; request will likely 401
[HTTPClient] [DEBUG] 📱 [API] AnnouncementRemoteDataSource: fetchAnnouncements → GET /v2/announcements
[Subscription] State.update skipped (no change): status=none inGrace=false
[HTTPClient] [WARN] [HTTPClient] authSessionRepository nil — Authorization header skipped for /v2/announcements; request will likely 401
[HTTPClient] [DEBUG] 📱 [API] AnnouncementRemoteDataSource: fetchAnnouncements → GET /v2/announcements
⚙️ AppStateManager: 開始設置服務
[HTTPClient] [WARN] [HTTPClient] authSessionRepository nil — Authorization header skipped for /v2/announcements; request will likely 401
[HTTPClient] [DEBUG] 📱 [API] AnnouncementRemoteDataSource: fetchAnnouncements → GET /v2/announcements
[HTTPClient] [WARN] [HTTPClient] authSessionRepository nil — Authorization header skipped for /v2/announcements; request will likely 401
[HTTPClient] [DEBUG] 📱 [API] AnnouncementRemoteDataSource: fetchAnnouncements → GET /v2/announcements
[CacheEventBus] [INFO] [FirebaseLogging] 快取管理器已註冊
[CacheEventBus] [INFO] [FirebaseLogging] 快取管理器已註冊
ℹ️ AppStateManager: 訪客模式，跳過需認證的服務
✅ AppStateManager: 服務設置完成
[HTTPClient] [WARN] [HTTPClient] authSessionRepository nil — Authorization header skipped for /v2/achievements/summary; request will likely 401
[HTTPClient] [DEBUG] 📱 [API] AchievementRemoteDataSource: fetchSummary → GET /v2/achievements/summary
[HTTPClient] [WARN] [HTTPClient] authSessionRepository nil — Authorization header skipped for /v2/achievements/summary; request will likely 401
[HTTPClient] [DEBUG] 📱 [API] AchievementRemoteDataSource: fetchSummary → GET /v2/achievements/summary
[HTTPClient] [WARN] [HTTPClient] authSessionRepository nil — Authorization header skipped for /v2/achievements/summary; request will likely 401
[HTTPClient] [DEBUG] 📱 [API] AchievementRemoteDataSource: fetchSummary → GET /v2/achievements/summary
[HTTPClient] [WARN] [HTTPClient] authSessionRepository nil — Authorization header skipped for /v2/achievements/summary; request will likely 401
[HTTPClient] [DEBUG] 📱 [API] AchievementRemoteDataSource: fetchSummary → GET /v2/achievements/summary
[HTTPClient] [WARN] [HTTPClient] authSessionRepository nil — Authorization header skipped for /v2/achievements/summary; request will likely 401
[HTTPClient] [DEBUG] 📱 [API] AchievementRemoteDataSource: fetchSummary → GET /v2/achievements/summary
[HTTPClient] [WARN] [HTTPClient] authSessionRepository nil — Authorization header skipped for /v2/achievements/summary; request will likely 401
[HTTPClient] [DEBUG] 📱 [API] AchievementRemoteDataSource: fetchSummary → GET /v2/achievements/summary
[HTTPClient] [WARN] [HTTPClient] authSessionRepository nil — Authorization header skipped for /v2/achievements/summary; request will likely 401
[HTTPClient] [DEBUG] 📱 [API] AchievementRemoteDataSource: fetchSummary → GET /v2/achievements/summary
✅ AppStateManager: 初始化完成
[AppStateManager] [INFO] [FirebaseLogging] App 初始化完成
[Subscription] State.update skipped (no change): status=none inGrace=false
[AppDependencyBootstrap] [DEBUG] [Bootstrap] 開始註冊所有模組依賴
[CacheRegistrationCoordinator] [DEBUG] [CacheRegistrationCoordinator] Already registered — skipping
[AnalyticsUserDefaults] [DEBUG] [Bootstrap] Analytics module registered
[AppDependencyBootstrap] [DEBUG] [Bootstrap] ✅ Analytics module registered
[AuthRepositoryImpl] [DEBUG] [DI] Authentication module registered
[AppDependencyBootstrap] [DEBUG] [Bootstrap] ✅ Authentication module registered
[WorkoutRepositoryImpl] [DEBUG] [DI] Workout module registered
[AppDependencyBootstrap] [DEBUG] [Bootstrap] ✅ Workout module registered
[MonthlyStatsRepositoryImpl] [DEBUG] [DI] 🔧 registerMonthlyStatsModule() called
[MonthlyStatsRepositoryImpl] [DEBUG] [DI] 📦 Creating MonthlyStatsRepositoryImpl.shared instance
[MonthlyStatsRepositoryImpl] [DEBUG] [DI] 📦 Repository instance created: MonthlyStatsRepositoryImpl
[MonthlyStatsRepositoryImpl] [DEBUG] [DI] ✅ MonthlyStats module registered successfully
[MonthlyStatsRepositoryImpl] [DEBUG] [DI] 🔍 Verification - can resolve: true
[AppDependencyBootstrap] [DEBUG] [Bootstrap] ✅ MonthlyStats module registered
[UserProfileRepositoryImpl] [DEBUG] [DI] UserProfile module registered
[AppDependencyBootstrap] [DEBUG] [Bootstrap] ✅ UserProfile module registered
[TargetRepositoryImpl] [DEBUG] [DI] Target module dependencies registered
[AppDependencyBootstrap] [DEBUG] [Bootstrap] ✅ Target module registered
[TrainingVersionRouter] [DEBUG] [DI] TrainingVersionRouter registered (concrete + protocol)
[AppDependencyBootstrap] [DEBUG] [Bootstrap] ✅ TrainingVersionRouter registered (early)
[TrainingPlanRepositoryImpl] [DEBUG] [DI] TrainingPlan module registered (V1RepositoryGuardDecorator enabled)
[AppDependencyBootstrap] [DEBUG] [Bootstrap] ✅ TrainingPlan V1 module registered
[TrainingPlanV2RepositoryImpl] [DEBUG] [DI] TrainingPlanV2 module dependencies registered
[TrainingVersionRouter] [DEBUG] [DI] TrainingVersionRouter already registered, skipping
[AppDependencyBootstrap] [DEBUG] [Bootstrap] ✅ TrainingPlanV2 module registered
[SubscriptionRepositoryImpl] [DEBUG] [DI] registerSubscriptionModule() called
[SubscriptionRepositoryImpl] [DEBUG] [SubscriptionRepositoryImpl] 初始化完成
2026-08-29 15:40:05.395756+0900 paceriz_dev[36303:239938931] [connection] nw_proxy_resolver_create_parsed_array [C4.1 proxy pac] Eval[SubscriptionRepositoryImpl] [DEBUG] [DI] ✅ Subscription module registered
uation error: NSURLErrorDomain: -1003
[AppDependencyBootstrap] [DEBUG] [Bootstrap] ✅ Subscription module registered
[AnnouncementRepositoryImpl] [DEBUG] [DI] Announcement module registered
[AppDependencyBootstrap] [DEBUG] [Bootstrap] ✅ Announcement module registered
[RaceRepositoryImpl] [DEBUG] [DI] Race module dependencies registered
[AppDependencyBootstrap] [DEBUG] [Bootstrap] ✅ Race module registered
[AchievementRepositoryImpl] [DEBUG] [DI] Achievement module registered
[AppDependencyBootstrap] [DEBUG] [Bootstrap] ✅ Achievement module registered
2026-08-29 15:40:05.395973+0900 paceriz_dev[36303:239938931] [connection] nw_proxy_resolver_create_parsed_array [C4.1 proxy pac] Evaluation error: NSURLErrorDomain: -1003
[RizoRepositoryImpl] [DEBUG] [RizoRepositoryImpl] 初始化完成
[RizoRepositoryImpl] [DEBUG] [DI] Rizo module dependencies registered
[AppDependencyBootstrap] [DEBUG] [Bootstrap] ✅ Rizo module registered
[DailyStateRepositoryImpl] [DEBUG] [DailyStateRepositoryImpl] 初始化完成2026-08-29 15:40:05.396045+0900 paceriz_dev[36303:239938931] [connection] nw_proxy_resolver_create_parsed_array [C4.1 proxy pac] Evaluation error: NSURLErrorDomain: -1003

[DailyStateRepositoryImpl] [DEBUG] [DI] DailyState module dependencies registered
[AppDependencyBootstrap] [DEBUG] [Bootstrap] ✅ DailyState module registered
[ReadinessRepositoryImpl] [DEBUG] [DI] Readiness module dependencies registered
[AppDependencyBootstrap] [DEBUG] [Bootstrap] ✅ Readiness module registered
[AppDependencyBootstrap] [DEBUG] [Bootstrap] ✅ 所有模組依賴註冊完成
Test Case '-[HavitalTests.AppStateManagerAnalyticsTests testInitializeApp_WhenSelectedTargetTypeExists_SetsTargetTypeUserProperty]' passed (0.047 seconds).
Test Case '-[HavitalTests.AppStateManagerAnalyticsTests testInitializeApp_WhenUnauthenticated_TracksAppOpenAndSetsUserProperties]' started.
[Subscription] State.update skipped (no change): status=none inGrace=false
🏁 AppStateManager: 已初始化（測試用注入）
🚀 AppStateManager: 開始完整初始化流程
🔐 AppStateManager: 開始用戶認證
⚠️ AppStateManager: 用戶未認證
✅ AppStateManager: 認證檢查完成 - 已認證: false
[HTTPClient] [WARN] [HTTPClient] authSessionRepository nil — Authorization header skipped for /internal/cloud-logging; request will likely 401
[HTTPClient] [DEBUG] 📱 [API] Unknown → POST /internal/cloud-logging
📥 AppStateManager: 開始載入用戶資料
⚠️ AppStateManager: 用戶未認證，跳過資料載入
[Subscription] State.update skipped (no change): status=none inGrace=false
⚙️ AppStateManager: 開始設置服務
ℹ️ AppStateManager: 訪客模式，跳過需認證的服務
✅ AppStateManager: 服務設置完成
✅ AppStateManager: 初始化完成
[AppStateManager] [INFO] [FirebaseLogging] App 初始化完成
[HTTPClient] [WARN] [HTTPClient] authSessionRepository nil — Authorization header skipped for /internal/cloud-logging; request will likely 401
[HTTPClient] [DEBUG] 📱 [API] Unknown → POST /internal/cloud-logging
[Subscription] State.update skipped (no change): status=none inGrace=false
[AppDependencyBootstrap] [DEBUG] [Bootstrap] 開始註冊所有模組依賴
[CacheRegistrationCoordinator] [DEBUG] [CacheRegistrationCoordinator] Already registered — skipping
[AnalyticsUserDefaults] [DEBUG] [Bootstrap] Analytics module registered
[AppDependencyBootstrap] [DEBUG] [Bootstrap] ✅ Analytics module registered
[AuthRepositoryImpl] [DEBUG] [DI] Authentication module registered
[AppDependencyBootstrap] [DEBUG] [Bootstrap] ✅ Authentication module registered
[WorkoutRepositoryImpl] [DEBUG] [DI] Workout module registered
[AppDependencyBootstrap] [DEBUG] [Bootstrap] ✅ Workout module registered
[MonthlyStatsRepositoryImpl] [DEBUG] [DI] 🔧 registerMonthlyStatsModule() called
[MonthlyStatsRepositoryImpl] [DEBUG] [DI] 📦 Creating MonthlyStatsRepositoryImpl.shared instance
[MonthlyStatsRepositoryImpl] [DEBUG] [DI] 📦 Repository instance created: MonthlyStatsRepositoryImpl
[MonthlyStatsRepositoryImpl] [DEBUG] [DI] ✅ MonthlyStats module registered successfully
[MonthlyStatsRepositoryImpl] [DEBUG] [DI] 🔍 Verification - can resolve: true
[AppDependencyBootstrap] [DEBUG] [Bootstrap] ✅ MonthlyStats module registered
[UserProfileRepositoryImpl] [DEBUG] [DI] UserProfile module registered
[AppDependencyBootstrap] [DEBUG] [Bootstrap] ✅ UserProfile module registered
[TargetRepositoryImpl] [DEBUG] [DI] Target module dependencies registered
[AppDependencyBootstrap] [DEBUG] [Bootstrap] ✅ Target module registered
[TrainingVersionRouter] [DEBUG] [DI] TrainingVersionRouter registered (concrete + protocol)
[AppDependencyBootstrap] [DEBUG] [Bootstrap] ✅ TrainingVersionRouter registered (early)
[TrainingPlanRepositoryImpl] [DEBUG] [DI] TrainingPlan module registered (V1RepositoryGuardDecorator enabled)
[AppDependencyBootstrap] [DEBUG] [Bootstrap] ✅ TrainingPlan V1 module registered
[TrainingPlanV2RepositoryImpl] [DEBUG] [DI] TrainingPlanV2 module dependencies registered
[TrainingVersionRouter] [DEBUG] [DI] TrainingVersionRouter already registered, skipping
[AppDependencyBootstrap] [DEBUG] [Bootstrap] ✅ TrainingPlanV2 module registered
[SubscriptionRepositoryImpl] [DEBUG] [DI] registerSubscriptionModule() called
[SubscriptionRepositoryImpl] [DEBUG] [SubscriptionRepositoryImpl] 初始化完成
[SubscriptionRepositoryImpl] [DEBUG] [DI] ✅ Subscription module registered
[AppDependencyBootstrap] [DEBUG] [Bootstrap] ✅ Subscription module registered
[AnnouncementRepositoryImpl] [DEBUG] [DI] Announcement module registered
[AppDependencyBootstrap] [DEBUG] [Bootstrap] ✅ Announcement module registered
[RaceRepositoryImpl] [DEBUG] [DI] Race module dependencies registered
[AppDependencyBootstrap] [DEBUG] [Bootstrap] ✅ Race module registered
[AchievementRepositoryImpl] [DEBUG] [DI] Achievement module registered
[AppDependencyBootstrap] [DEBUG] [Bootstrap] ✅ Achievement module registered
[RizoRepositoryImpl] [DEBUG] [RizoRepositoryImpl] 初始化完成
[RizoRepositoryImpl] [DEBUG] [DI] Rizo module dependencies registered
[AppDependencyBootstrap] [DEBUG] [Bootstrap] ✅ Rizo module registered
[DailyStateRepositoryImpl] [DEBUG] [DailyStateRepositoryImpl] 初始化完成
[DailyStateRepositoryImpl] [DEBUG] [DI] DailyState module dependencies registered
[AppDependencyBootstrap] [DEBUG] [Bootstrap] ✅ DailyState module registered
[ReadinessRepositoryImpl] [DEBUG] [DI] Readiness module dependencies registered
[AppDependencyBootstrap] [DEBUG] [Bootstrap] ✅ Readiness module registered
[AppDependencyBootstrap] [DEBUG] [Bootstrap] ✅ 所有模組依賴註冊完成
Test Case '-[HavitalTests.AppStateManagerAnalyticsTests testInitializeApp_WhenUnauthenticated_TracksAppOpenAndSetsUserProperties]' passed (0.004 seconds).
Test Suite 'AppStateManagerAnalyticsTests' passed at 2026-08-29 15:40:05.401.
	 Executed 2 tests, with 0 failures (0 unexpected) in 0.051 (0.051) seconds
Test Suite 'AppViewModelTests' started at 2026-08-29 15:40:05.401.
Test Case '-[HavitalTests.AppViewModelTests testCheckDataSourceBindingReminderIfNeeded_Bound_DoesNotShowAlert]' started.
數據來源已切換為: Apple Health
[HealthDataUploadManagerV2] [INFO] [FirebaseLogging] 設置健康數據同步
[VDOTManager] [INFO] [FirebaseLogging] VDOT 數據已清除
[VDOTManager] [INFO] [FirebaseLogging] VDOTManager 初始化
數據來源已切換為: Apple Health
[VDOTManager] [DEBUG] VDOTManager: 本地緩存無數據
🧭 [DSReminder] load user via getUserProfile
[HealthDataUploadManagerV2] [INFO] [FirebaseLogging] 設置健康數據同步
[VDOTManager] [INFO] [FirebaseLogging] VDOT 數據已清除
[VDOTManager] [INFO] [FirebaseLogging] VDOTManager 初始化
[DataManageable] 數據載入中，跳過重複調用: upload_pending_health_data
[VDOTManager] [DEBUG] VDOTManager: 本地緩存無數據
數據來源已切換為: Apple Health
Test Case '-[HavitalTests.AppViewModelTests testCheckDataSourceBindingReminderIfNeeded_Bound_DoesNotShowAlert]' passed (0.006 seconds).
Test Case '-[HavitalTests.AppViewModelTests testCheckDataSourceBindingReminderIfNeeded_ForceRefresh_UsesRefreshUserProfile]' started.
📤 [performUploadPendingData] 開始上傳待處理的健康數據
[DataManageable] 數據載入中，跳過重複調用: load_vdot_data
[HealthDataUploadManagerV2] [INFO] [FirebaseLogging] 設置健康數據同步
[VDOTManager] [INFO] [FirebaseLogging] VDOT 數據已清除
[VDOTManager] [INFO] [FirebaseLogging] VDOTManager 初始化
[AuthSessionRepositoryImpl] [ERROR] [AuthSession] ❌ Failed to get ID Token: Authentication token has expired.
數據來源已切換為: Apple Health
[VDOTManager] [DEBUG] VDOTManager: 本地緩存無數據
[HealthDataUploadManagerV2] [WARN] [FirebaseLogging] 背景同步任務註冊失敗: The operation couldn’t be completed. (BGTaskSchedulerErrorDomain error 1.)
[DataManageable] 數據載入中，跳過重複調用: upload_pending_health_data
[HealthDataUploadManagerV2] [INFO] [FirebaseLogging] 設置健康數據同步
[VDOTManager] [INFO] [FirebaseLogging] VDOT 數據已清除
[VDOTManager] [INFO] [FirebaseLogging] VDOTManager 初始化
數據來源已切換為: Apple Health
[VDOTManager] [DEBUG] VDOTManager: 本地緩存無數據
🧭 [DSReminder] load user via refreshUserProfile
🔐 [collectHealthDataForUpload] HRV 授權狀態: 1, 靜息心率授權狀態: 1
📤 [collectHealthDataForUpload] 總共 7 天，已上傳 0 天，待上傳 7 天
[DataManageable] 數據載入中，跳過重複調用: upload_pending_health_data
[VDOTManager] [INFO] [FirebaseLogging] VDOT 數據已清除
[HealthDataUploadManagerV2] [INFO] [FirebaseLogging] 設置健康數據同步
[VDOTManager] [INFO] [FirebaseLogging] VDOTManager 初始化
[VDOTManager] [DEBUG] VDOTManager: 本地緩存無數據
[DataManageable] 數據載入中，跳過重複調用: load_vdot_data
 HRV authorization status: 1
[HealthDataUploadManagerV2] [WARN] [FirebaseLogging] 背景同步任務註冊失敗: The operation couldn’t be completed. (BGTaskSchedulerErrorDomain error 1.)
[DataManageable] 數據載入中，跳過重複調用: load_vdot_data
[DataManageable] 數據載入中，跳過重複調用: upload_pending_health_data
[AuthSessionRepositoryImpl] [ERROR] [AuthSession] ❌ Failed to get ID Token: Authentication token has expired.
數據來源已切換為: Apple Health
Test Case '-[HavitalTests.AppViewModelTests testCheckDataSourceBindingReminderIfNeeded_ForceRefresh_UsesRefreshUserProfile]' passed (0.013 seconds).
Test Case '-[HavitalTests.AppViewModelTests testCheckDataSourceBindingReminderIfNeeded_LocalPreferenceUnboundButBackendBound_DoesNotFlashAlert]' started.
[HealthDataUploadManagerV2] [WARN] [FirebaseLogging] 背景同步任務註冊失敗: The operation couldn’t be completed. (BGTaskSchedulerErrorDomain error 1.)
[HealthDataUploadManagerV2] [INFO] [FirebaseLogging] 設置健康數據同步
[VDOTManager] [INFO] [FirebaseLogging] VDOT 數據已清除
[VDOTManager] [INFO] [FirebaseLogging] VDOTManager 初始化
數據來源已切換為: Apple Health
[HealthDataUploadManagerV2] [WARN] [FirebaseLogging] 背景同步任務註冊失敗: The operation couldn’t be completed. (BGTaskSchedulerErrorDomain error 1.)
[DataManageable] 數據載入中，跳過重複調用: upload_pending_health_data
[HealthDataUploadManagerV2] [INFO] [FirebaseLogging] 設置健康數據同步
[VDOTManager] [INFO] [FirebaseLogging] VDOT 數據已清除
數據來源已切換為: Not Connected
[VDOTManager] [DEBUG] VDOTManager: 本地緩存無數據
[VDOTManager] [INFO] [FirebaseLogging] VDOTManager 初始化
🧭 [DSReminder] load user via refreshUserProfile
[DataManageable] 數據載入中，跳過重複調用: upload_pending_health_data
[HealthDataUploadManagerV2] [INFO] [FirebaseLogging] 設置健康數據同步
[HealthDataUploadManagerV2] [INFO] [FirebaseLogging] 數據源未綁定，跳過健康數據同步
數據來源已切換為: Apple Health
[VDOTManager] [INFO] [FirebaseLogging] VDOT 數據已清除
[VDOTManager] [INFO] [FirebaseLogging] VDOTManager 初始化
[VDOTManager] [DEBUG] VDOTManager: 本地緩存無數據
[HealthDataUploadManagerV2] [WARN] [FirebaseLogging] 背景同步任務註冊失敗: The operation couldn’t be completed. (BGTaskSchedulerErrorDomain error 1.)
[HealthDataUploadManagerV2] [INFO] [FirebaseLogging] 設置健康數據同步
📊 [fetchRestingHeartRateData] 獲取到 0 筆靜息心率數據
[VDOTManager] [DEBUG] VDOTManager: 本地緩存無數據
[VDOTManager] [INFO] [FirebaseLogging] VDOT 數據已清除
數據來源已切換為: Apple Health
[VDOTManager] [INFO] [FirebaseLogging] VDOTManager 初始化
Test Case '-[HavitalTests.AppViewModelTests testCheckDataSourceBindingReminderIfNeeded_LocalPreferenceUnboundButBackendBound_DoesNotFlashAlert]' passed (0.004 seconds).
 HRV raw samples count: 0, sources: []
Test Case '-[HavitalTests.AppViewModelTests testCheckDataSourceBindingReminderIfNeeded_Unbound_ShowsAlert]' started.
[HealthDataUploadManagerV2] [INFO] [FirebaseLogging] 檢測到健康數據更新
[VDOTManager] [DEBUG] VDOTManager: 本地緩存無數據
[HealthDataUploadManagerV2] [INFO] [FirebaseLogging] 檢測到健康數據更新
[DataManageable] 數據載入中，跳過重複調用: load_vdot_data
[HealthDataUploadManagerV2] [WARN] [FirebaseLogging] 背景同步任務註冊失敗: The operation couldn’t be completed. (BGTaskSchedulerErrorDomain error 1.)
[DataManageable] 數據載入中，跳過重複調用: upload_pending_health_data
[DataManageable] 數據載入中，跳過重複調用: load_vdot_data
[HealthDataUploadManagerV2] [INFO] [FirebaseLogging] 設置健康數據同步
📤 [collectHealthDataForUpload] 獲取到 0 筆 HRV 原始數據
📤 [collectHealthDataForUpload] 獲取到 0 筆靜息心率原始數據
📤 [collectHealthDataForUpload] 分組後有 0 天的 HRV 數據
📤 [collectHealthDataForUpload] 分組後有 0 天的靜息心率數據
[AuthSessionRepositoryImpl] [ERROR] [AuthSession] ❌ Failed to get ID Token: Authentication token has expired.
📤 [collectHealthDataForUpload] 準備上傳 0 筆健康記錄
[VDOTManager] [INFO] [FirebaseLogging] VDOT 數據已清除
[HealthDataUploadManagerV2] [INFO] [FirebaseLogging] 收集健康數據完成
[VDOTManager] [INFO] [FirebaseLogging] VDOTManager 初始化
[VDOTManager] [DEBUG] VDOTManager: 本地緩存無數據
📤 [performUploadPendingData] 沒有需要上傳的數據
數據來源已切換為: Apple Health
[HealthDataUploadManagerV2] [INFO] [FirebaseLogging] 檢測到健康數據更新
[DataManageable] 數據載入中，跳過重複調用: load_vdot_data
[DataManageable] 數據載入中，跳過重複調用: upload_recent_health_data
[DataManageable] 數據載入中，跳過重複調用: upload_recent_health_data
[DataManageable] 數據載入中，跳過重複調用: upload_pending_health_data
[HealthDataUploadManagerV2] [INFO] [FirebaseLogging] 檢測到健康數據更新
[HealthDataUploadManagerV2] [INFO] [FirebaseLogging] 檢測到健康數據更新
[HealthDataUploadManagerV2] [INFO] [FirebaseLogging] 檢測到健康數據更新
[HealthDataUploadManagerV2] [INFO] [FirebaseLogging] 設置健康數據同步
[VDOTManager] [INFO] [FirebaseLogging] VDOT 數據已清除
[VDOTManager] [INFO] [FirebaseLogging] VDOTManager 初始化
數據來源已切換為: Apple Health
[VDOTManager] [DEBUG] VDOTManager: 本地緩存無數據
🧭 [DSReminder] load user via getUserProfile
[DataManageable] 數據載入中，跳過重複調用: upload_recent_health_data
[HealthDataUploadManagerV2] [WARN] [FirebaseLogging] 背景同步任務註冊失敗: The operation couldn’t be completed. (BGTaskSchedulerErrorDomain error 1.)
[HealthDataUploadManagerV2] [INFO] [FirebaseLogging] 檢測到健康數據更新
[HealthDataUploadManagerV2] [INFO] [FirebaseLogging] 設置健康數據同步
[DataManageable] 數據載入中，跳過重複調用: load_vdot_data
[VDOTManager] [INFO] [FirebaseLogging] VDOT 數據已清除
[VDOTManager] [INFO] [FirebaseLogging] VDOTManager 初始化
[VDOTManager] [DEBUG] VDOTManager: 本地緩存無數據
[HealthDataUploadManagerV2] [WARN] [FirebaseLogging] 背景同步任務註冊失敗: The operation couldn’t be completed. (BGTaskSchedulerErrorDomain error 1.)
[DataManageable] 數據載入中，跳過重複調用: upload_pending_health_data
[DataManageable] 數據載入中，跳過重複調用: load_vdot_data
[AuthSessionRepositoryImpl] [ERROR] [AuthSession] ❌ Failed to get ID Token: Authentication token has expired.
數據來源已切換為: Apple Health
Test Case '-[HavitalTests.AppViewModelTests testCheckDataSourceBindingReminderIfNeeded_Unbound_ShowsAlert]' passed (0.006 seconds).
Test Case '-[HavitalTests.AppViewModelTests testDismissDataSourceNotBoundAlert_ClearsState]' started.
[HealthDataUploadManagerV2] [WARN] [FirebaseLogging] 背景同步任務註冊失敗: The operation couldn’t be completed. (BGTaskSchedulerErrorDomain error 1.)
📤 [performUploadRecentData] 開始上傳最近的健康數據
📤 [performUploadRecentData] 開始上傳最近的健康數據
📤 [performUploadRecentData] 開始上傳最近的健康數據
📤 [performUploadPendingData] 開始上傳待處理的健康數據
[HealthDataUploadManagerV2] [INFO] [FirebaseLogging] 設置健康數據同步
[VDOTManager] [INFO] [FirebaseLogging] VDOT 數據已清除
[VDOTManager] [INFO] [FirebaseLogging] VDOTManager 初始化
數據來源已切換為: Apple Health
[VDOTManager] [DEBUG] VDOTManager: 本地緩存無數據
📤 [performUploadRecentData] 開始上傳最近的健康數據
[HealthDataUploadManagerV2] [WARN] [FirebaseLogging] 背景同步任務註冊失敗: The operation couldn’t be completed. (BGTaskSchedulerErrorDomain error 1.)
[HealthDataUploadManagerV2] [INFO] [FirebaseLogging] 設置健康數據同步
[DataManageable] 數據載入中，跳過重複調用: upload_pending_health_data
[HealthDataUploadManagerV2] [INFO] [FirebaseLogging] 檢測到健康數據更新
[VDOTManager] [INFO] [FirebaseLogging] VDOT 數據已清除
[VDOTManager] [INFO] [FirebaseLogging] VDOTManager 初始化
數據來源已切換為: Apple Health
[VDOTManager] [DEBUG] VDOTManager: 本地緩存無數據
Test Case '-[HavitalTests.AppViewModelTests testDismissDataSourceNotBoundAlert_ClearsState]' passed (0.002 seconds).
Test Case '-[HavitalTests.AppViewModelTests testHandleDataSourceNotBoundNotification_ShowsOnlyOncePerSession]' started.
🔐 [collectHealthDataForUpload] HRV 授權狀態: 1, 靜息心率授權狀態: 1
📤 [collectHealthDataForUpload] 總共 7 天，已上傳 0 天，待上傳 7 天
📊 [loadHealthDataForRange] 開始載入數據，天數: 14
🔐 [collectHealthDataForUpload] HRV 授權狀態: 1, 靜息心率授權狀態: 1
📤 [collectHealthDataForUpload] 總共 7 天，已上傳 0 天，待上傳 7 天
🔐 [collectHealthDataForUpload] HRV 授權狀態: 1, 靜息心率授權狀態: 1
📤 [collectHealthDataForUpload] 總共 7 天，已上傳 0 天，待上傳 7 天
🔐 [collectHealthDataForUpload] HRV 授權狀態: 1, 靜息心率授權狀態: 1
📤 [collectHealthDataForUpload] 總共 7 天，已上傳 0 天，待上傳 7 天
📊 [loadHealthDataForRange] 開始載入數據，天數: 14
[DataManageable] 數據載入中，跳過重複調用: upload_pending_health_data
[DataManageable] 數據載入中，跳過重複調用: upload_recent_health_data
[HealthDataUploadManagerV2] [INFO] [FirebaseLogging] 檢測到健康數據更新
[HealthDataUploadManagerV2] [INFO] [FirebaseLogging] 檢測到健康數據更新
[HealthDataUploadManagerV2] [INFO] [FirebaseLogging] 設置健康數據同步
[DataManageable] 數據載入中，跳過重複調用: load_vdot_data
數據來源已切換為: Apple Health
[VDOTManager] [INFO] [FirebaseLogging] VDOT 數據已清除
[VDOTManager] [INFO] [FirebaseLogging] VDOTManager 初始化
[VDOTManager] [DEBUG] VDOTManager: 本地緩存無數據
📊 [loadHealthDataForRange] 開始載入數據，天數: 14
📊 [loadHealthDataForRange] 開始載入數據，天數: 14
📊 [loadHealthDataForRange] 開始載入數據，天數: 14
[AuthSessionRepositoryImpl] [ERROR] [AuthSession] ❌ Failed to get ID Token: Authentication token has expired.
 HRV authorization status: 1
🔐 [collectHealthDataForUpload] HRV 授權狀態: 1, 靜息心率授權狀態: 1
 HRV authorization status: 1
📤 [collectHealthDataForUpload] 總共 7 天，已上傳 0 天，待上傳 7 天
 HRV authorization status: 1
 HRV authorization status: 1
[HealthDataUploadManagerV2] [WARN] [FirebaseLogging] 背景同步任務註冊失敗: The operation couldn’t be completed. (BGTaskSchedulerErrorDomain error 1.)
[AuthSessionRepositoryImpl] [ERROR] [AuthSession] ❌ Failed to get ID Token: Authentication token has expired.
[HealthDataUploadManagerV2] [INFO] [FirebaseLogging] 設置健康數據同步
[DataManageable] 數據載入中，跳過重複調用: upload_pending_health_data
[AuthSessionRepositoryImpl] [ERROR] [AuthSession] ❌ Failed to get ID Token: Authentication token has expired.
[VDOTManager] [INFO] [FirebaseLogging] VDOT 數據已清除
[HealthDataUploadManagerV2] [INFO] [FirebaseLogging] 檢測到健康數據更新
[DataManageable] 數據載入中，跳過重複調用: load_vdot_data
[DataManageable] 數據載入中，跳過重複調用: upload_recent_health_data
[VDOTManager] [INFO] [FirebaseLogging] VDOTManager 初始化
[DataManageable] 數據載入中，跳過重複調用: upload_recent_health_data
數據來源已切換為: Apple Health
[VDOTManager] [DEBUG] VDOTManager: 本地緩存無數據
Test Case '-[HavitalTests.AppViewModelTests testHandleDataSourceNotBoundNotification_ShowsOnlyOncePerSession]' passed (0.006 seconds).
Test Case '-[HavitalTests.AppViewModelTests testHandleDataSourceNotBoundNotification_UpdatesState]' started.
📊 [loadHealthDataForRange] 開始載入數據，天數: 14
[AuthSessionRepositoryImpl] [ERROR] [AuthSession] ❌ Failed to get ID Token: Authentication token has expired.
[AuthSessionRepositoryImpl] [ERROR] [AuthSession] ❌ Failed to get ID Token: Authentication token has expired.
[AuthSessionRepositoryImpl] [ERROR] [AuthSession] ❌ Failed to get ID Token: Authentication token has expired.
📊 [fetchRestingHeartRateData] 獲取到 0 筆靜息心率數據
📊 [fetchRestingHeartRateData] 獲取到 0 筆靜息心率數據
 HRV raw samples count: 0, sources: []
📊 [loadHealthDataForRange] ❌ API 調用失敗: Authentication token has expired.
📊 [loadHealthDataForRange] 回退到本地 HealthKit 數據
[HealthDataUploadManagerV2] [WARN] [FirebaseLogging] 背景同步任務註冊失敗: The operation couldn’t be completed. (BGTaskSchedulerErrorDomain error 1.)
📊 [loadHealthDataForRange] ❌ API 調用失敗: Authentication token has expired.
📊 [loadHealthDataForRange] 回退到本地 HealthKit 數據
[DataManageable] 數據載入中，跳過重複調用: upload_pending_health_data
[HealthDataUploadManagerV2] [INFO] [FirebaseLogging] 設置健康數據同步
[VDOTManager] [INFO] [FirebaseLogging] VDOT 數據已清除
[DataManageable] 數據載入中，跳過重複調用: upload_recent_health_data
[VDOTManager] [INFO] [FirebaseLogging] VDOTManager 初始化
[VDOTManager] [DEBUG] VDOTManager: 本地緩存無數據
數據來源已切換為: Apple Health
 HRV authorization status: 1
📊 [fetchRestingHeartRateData] 獲取到 0 筆靜息心率數據
📊 [loadHealthDataForRange] ❌ API 調用失敗: Authentication token has expired.
📊 [loadHealthDataForRange] 回退到本地 HealthKit 數據
📊 [loadHealthDataForRange] ❌ API 調用失敗: Authentication token has expired.
📊 [loadHealthDataForRange] 回退到本地 HealthKit 數據
📊 [loadHealthDataForRange] ❌ API 調用失敗: Authentication token has expired.
📊 [loadHealthDataForRange] 回退到本地 HealthKit 數據
📤 [collectHealthDataForUpload] 獲取到 0 筆 HRV 原始數據
📤 [collectHealthDataForUpload] 獲取到 0 筆靜息心率原始數據
📤 [collectHealthDataForUpload] 分組後有 0 天的 HRV 數據
📤 [collectHealthDataForUpload] 分組後有 0 天的靜息心率數據
📤 [collectHealthDataForUpload] 準備上傳 0 筆健康記錄
[HealthDataUploadManagerV2] [INFO] [FirebaseLogging] 收集健康數據完成
📊 [fetchRestingHeartRateData] 獲取到 0 筆靜息心率數據
📤 [performUploadPendingData] 沒有需要上傳的數據
 HRV raw samples count: 0, sources: []
[HealthDataUploadManagerV2] [WARN] [FirebaseLogging] 背景同步任務註冊失敗: The operation couldn’t be completed. (BGTaskSchedulerErrorDomain error 1.)
[AuthSessionRepositoryImpl] [ERROR] [AuthSession] ❌ Failed to get ID Token: Authentication token has expired.
[DataManageable] 數據載入中，跳過重複調用: upload_pending_health_data
 HRV raw samples count: 0, sources: []
[HealthDataUploadManagerV2] [INFO] [FirebaseLogging] 設置健康數據同步
[VDOTManager] [INFO] [FirebaseLogging] VDOT 數據已清除
[DataManageable] 數據載入中，跳過重複調用: load_vdot_data
[VDOTManager] [INFO] [FirebaseLogging] VDOTManager 初始化
[VDOTManager] [DEBUG] VDOTManager: 本地緩存無數據
 HRV raw samples count: 0, sources: []
 HRV authorization status: 1
數據來源已切換為: Apple Health
📊 [fetchRestingHTest Case '-[HavitalTests.AppViewModelTests testHandleDataSourceNotBoundNotification_UpdatesState]' passed (0.005 seconds).
eartRateData] 獲取到 0 筆靜息心率數據
Test Case '-[HavitalTests.AppViewModelTests testInitializeApp_DelegatesToAppStateManager]' started.
📤 [collectHealthDataForUpload] 獲取到 0 筆 HRV 原始數據
📤 [collectHealthDataForUpload] 獲取到 0 筆靜息心率原始數據
📤 [collectHealthDataForUpload] 分組後有 0 天的 HRV 數據
📤 [collectHealthDataForUpload] 分組後有 0 天的靜息心率數據
📤 [collectHealthDataForUpload] 準備上傳 0 筆健康記錄
[HealthDataUploadManagerV2] [INFO] [FirebaseLogging] 收集健康數據完成
📤 [performUploadRecentData] 沒有需要上傳的數據
📊 [loadHealthDataForRange] ❌ API 調用失敗: Authentication token has expired.
📊 [loadHealthDataForRange] 回退到本地 HealthKit 數據
 HRV authorization status: 1
[HealthDataUploadManagerV2] [WARN] [FirebaseLogging] 背景同步任務註冊失敗: The operation couldn’t be completed. (BGTaskSchedulerErrorDomain error 1.)
 HRV raw samples count: 0, sources: []
 HRV authorization status: 1
 HRV authorization status: 1
[DataManageable] 數據載入中，跳過重複調用: upload_pending_health_data
📤 [collectHealthDataForUpload] 獲取到 0 筆 HRV 原始數據
📤 [collectHealthDataForUpload] 獲取到 0 筆靜息心率原始數據
📤 [collectHealthDataForUpload] 分組後有 0 天的 HRV 數據
📤 [collectHealthDataForUpload] 分組後有 0 天的靜息心率數據
📤 [collectHealthDataForUpload] 準備上傳 0 筆健康記錄
[HealthDataUploadManagerV2] [INFO] [FirebaseLogging] 收集健康數據完成
 HRV authorization status: 1
📤 [performUploadRecentData] 沒有需要上傳的數據
📤 [collectHealthDataForUpload] 獲取到 0 筆 HRV 原始數據
📤 [collectHealthDataForUpload] 獲取到 0 筆靜息心率原始數據
📤 [collectHealthDataForUpload] 分組後有 0 天的 HRV 數據
📤 [collectHealthDataForUpload] 分組後有 0 天的靜息心率數據
[DataManageable] 數據載入中，跳過重複調用: load_vdot_data
[AuthSessionRepositoryImpl] [ERROR] [AuthSession] ❌ Failed to get ID Token: Authentication token has expired.
📤 [collectHealthDataForUpload] 準備上傳 0 筆健康記錄
[HealthDataUploadManagerV2] [INFO] [FirebaseLogging] 收集健康數據完成
📤 [performUploadRecentData] 沒有需要上傳的數據
[HealthDataUploadManagerV2] [INFO] [FirebaseLogging] 設置健康數據同步
[HealthDataUploadManagerV2] [INFO] [FirebaseLogging] 檢測到健康數據更新
[VDOTManager] [INFO] [FirebaseLogging] VDOT 數據已清除
[VDOTManager] [INFO] [FirebaseLogging] VDOTManager 初始化
數據來源已切換為: Apple Health
[VDOTManager] [DEBUG] VDOTManager: 本地緩存無數據
[HealthDataUploadManagerV2] [INFO] [FirebaseLogging] 檢測到健康數據更新
📤 [collectHealthDataForUpload] 獲取到 0 筆 HRV 原始數據
📤 [collectHealthDataForUpload] 獲取到 0 筆靜息心率原始數據
📤 [collectHealthDataForUpload] 分組後有 0 天的 HRV 數據
📤 [collectHealthDataForUpload] 分組後有 0 天的靜息心率數據
📤 [collectHealthDataForUpload] 準備上傳 0 筆健康記錄
[HealthDataUploadManagerV2] [INFO] [FirebaseLogging] 收集健康數據完成
📤 [performUploadRecentData] 沒有需要上傳的數據
[HealthDataUploadManagerV2] [WARN] [FirebaseLogging] 背景同步任務註冊失敗: The operation couldn’t be completed. (BGTaskSchedulerErrorDomain error 1.)
 HRV raw samples count: 0, sources: []
[HealthDataUploadManagerV2] [INFO] [FirebaseLogging] 檢測到健康數據更新
📊 [loadHealthDataForRange] 開始載入數據，天數: 14
[HealthDataUploadManagerV2] [INFO] [FirebaseLogging] 設置健康數據同步
📱 AppViewModel: 開始委託 AppStateManager 初始化
[VDOTManager] [INFO] [FirebaseLogging] VDOT 數據已清除
 HRV authorization status: 1
 HRV raw samples count: 0, sources: []
[VDOTManager] [INFO] [FirebaseLogging] VDOTManager 初始化
[VDOTManager] [DEBUG] VDOTManager: 本地緩存無數據
[CacheEventBus] [INFO] [FirebaseLogging] 快取管理器已註冊
[CacheEventBus] [INFO] [FirebaseLogging] 快取管理器已註冊
[CacheEventBus] [INFO] [FirebaseLogging] 快取管理器已註冊
 HRV raw samples count: 0, sources: []
 HRV raw samples count: 0, sources: []
 HRV raw samples count: 0, sources: []
[CacheEventBus] [INFO] [FirebaseLogging] 快取管理器已註冊
[AppViewModel] [INFO] [FirebaseLogging] 所有快取管理器已註冊到 CacheEventBus
✅ AppViewModel: 初始化委託完成
[HealthDataUploadManagerV2] [WARN] [FirebaseLogging] 背景同步任務註冊失敗: The operation couldn’t be completed. (BGTaskSchedulerErrorDomain error 1.)
📊 [getLocalHealthData] ✅ 返回 1 筆記錄（HRV: 0 天，RHR: 1 天）
📊 [loadHealthDataForRange] 開始載入數據，天數: 14
📊 [loadHealthDataForRange] 開始載入數據，天數: 14
[DataManageable] 數據載入中，跳過重複調用: load_vdot_data
📊 [getLocalHealthData] ✅ 返回 1 筆記錄（HRV: 0 天，RHR: 1 天）
📊 [getLocalHealthData] ✅ 返回 1 筆記錄（HRV: 0 天，RHR: 1 天）
📊 [getLocalHealthData] ✅ 返回 1 筆記錄（HRV: 0 天，RHR: 1 天）
[HealthDataUploadManagerV2] [INFO] [FirebaseLogging] 檢測到健康數據更新
[AuthSessionRepositoryImpl] [ERROR] [AuthSession] ❌ Failed to get ID Token: Authentication token has expired.
📊 [getLocalHealthData] ✅ 返回 1 筆記錄（HRV: 0 天，RHR: 1 天）
數據來源已切換為: Apple Health
Test Case '-[HavitalTests.AppViewModelTests testInitializeApp_DelegatesToAppStateManager]' passed (0.007 seconds).
Test Case '-[HavitalTests.AppViewModelTests testNotification_GarminDataSourceMismatch_UpdatesState]' started.
[HealthDataUploadManagerV2] [INFO] [FirebaseLogging] 檢測到健康數據更新
 HRV raw samples count: 0, sources: []
[HealthDataUploadManagerV2] [WARN] [FirebaseLogging] 背景同步任務註冊失敗: The operation couldn’t be completed. (BGTaskSchedulerErrorDomain error 1.)
📊 [loadHealthDataForRange] 開始載入數據，天數: 14
[HealthDataUploadManagerV2] [WARN] [FirebaseLogging] 從 API 載入失敗，使用本地數據
📤 [performUploadPendingData] 開始上傳待處理的健康數據
📊 [forceRefreshHealthData] 強制刷新 14 天數據
📤 [performUploadRecentData] 開始上傳最近的健康數據
[HealthDataUploadManagerV2] [WARN] [FirebaseLogging] 從 API 載入失敗，使用本地數據
[HealthDataUploadManagerV2] [WARN] [FirebaseLogging] 從 API 載入失敗，使用本地數據
[AuthSessionRepositoryImpl] [ERROR] [AuthSession] ❌ Failed to get ID Token: Authentication token has expired.
[HealthDataUploadManagerV2] [WARN] [FirebaseLogging] 從 API 載入失敗，使用本地數據
📊 [loadHealthDataForRange] ❌ API 調用失敗: Authentication token has expired.
📊 [loadHealthDataForRange] 回退到本地 HealthKit 數據
[HealthDataUploadManagerV2] [WARN] [FirebaseLogging] 從 API 載入失敗，使用本地數據
[AuthSessionRepositoryImpl] [ERROR] [AuthSession] ❌ Failed to get ID Token: Authentication token has expired.
[HealthDataUploadManagerV2] [INFO] [FirebaseLogging] 設置健康數據同步
[AuthSessionRepositoryImpl] [ERROR] [AuthSession] ❌ Failed to get ID Token: Authentication token has expired.
數據來源已切換為: Apple Health
[DataManageable] 數據載入中，跳過重複調用: upload_recent_health_data
[VDOTManager] [INFO] [FirebaseLogging] VDOT 數據已清除
[VDOTManager] [INFO] [FirebaseLogging] VDOTManager 初始化
[VDOTManager] [DEBUG] VDOTManager: 本地緩存無數據
收到 Garmin 數據源不一致通知，顯示重新綁定對話框
收到 Garmin 數據源不一致通知，顯示重新綁定對話框
收到 Garmin 數據源不一致通知，顯示重新綁定對話框
收到 Garmin 數據源不一致通知，顯示重新綁定對話框
收到 Garmin 數據源不一致通知，顯示重新綁定對話框
收到 Garmin 數據源不一致通知，顯示重新綁定對話框
收到 Garmin 數據源不一致通知，顯示重新綁定對話框
收到 Garmin 數據源不一致通知，顯示重新綁定對話框
收到 Garmin 數據源不一致通知，顯示重新綁定對話框
收到 Garmin 數據源不一致通知，顯示重新綁定對話框
[DataManageable] 數據載入中，跳過重複調用: upload_recent_health_data
📊 [forceRefreshHealthData] 強制刷新 14 天數據
📤 [performUploadRecentData] 開始上傳最近的健康數據
📊 [getLocalHealthData] ✅ 返回 1 筆記錄（HRV: 0 天，RHR: 1 天）
[HealthDataUploadManagerV2] [INFO] [FirebaseLogging] 檢測到健康數據更新
📤 [performUploadRecentData] 開始上傳最近的健康數據
[AuthSessionRepositoryImpl] [ERROR] [AuthSession] ❌ Failed to get ID Token: Authentication token has expired.
[HealthDataUploadManagerV2] [WARN] [FirebaseLogging] 背景同步任務註冊失敗: The operation couldn’t be completed. (BGTaskSchedulerErrorDomain error 1.)
📤 [performUploadPendingData] 開始上傳待處理的健康數據
📊 [loadHealthDataForRange] ❌ API 調用失敗: Authentication token has expired.
📊 [loadHealthDataForRange] 回退到本地 HealthKit 數據
[DataManageable] 數據載入中，跳過重複調用: upload_pending_health_data
[HealthDataUploadManagerV2] [INFO] [FirebaseLogging] 設置健康數據同步
[VDOTManager] [INFO] [FirebaseLogging] VDOT 數據已清除
[HealthDataUploadManagerV2] [INFO] [FirebaseLogging] 檢測到健康數據更新
📊 [loadHealthDataForRange] ❌ API 調用失敗: Authentication token has expired.
📊 [loadHealthDataForRange] 回退到本地 HealthKit 數據
[VDOTManager] [INFO] [FirebaseLogging] VDOTManager 初始化
[VDOTManager] [DEBUG] VDOTManager: 本地緩存無數據
 HRV authorization status: 1
[HealthDataUploadManagerV2] [WARN] [FirebaseLogging] 從 API 載入失敗，使用本地數據
[DataManageable] 數據載入中，跳過重複調用: upload_recent_health_data
🔐 [collectHealthDataForUpload] HRV 授權狀態: 1, 靜息心率授權狀態: 1
📤 [collectHealthDataForUpload] 總共 7 天，已上傳 0 天，待上傳 7 天
📊 [loadHealthDataForRange] ❌ API 調用失敗: Authentication token has expired.
📊 [loadHealthDataForRange] 回退到本地 HealthKit 數據
 HRV raw samples count: 0, sources: []
🔐 [collectHealthDataForUpload] HRV 授權狀態: 1, 靜息心率授權狀態: 1
📤 [collectHealthDataForUpload] 總共 7 天，已上傳 0 天，待上傳 7 天
📊 [loadHealthDataForRange] 開始載入數據，天數: 14
📊 [forceRefreshHealthData] 強制刷新 14 天數據
[DataManageable] 數據載入中，跳過重複調用: upload_pending_health_data
[DataManageable] 數據載入中，跳過重複調用: upload_recent_health_data
數據來源已切換為: Apple Health
Test Case '-[HavitalTests.AppViewModelTests testNotification_GarminDataSourceMismatch_UpdatesState]' passed (0.005 seconds).
 HRV authorization status: 1
Test Case '-[HavitalTests.AppViewModelTests testNotification_ShowHealthKitPermissionAlert_UpdatesState]' started.
 HRV authorization status: 1
📊 [forceRefreshHealthData] 強制刷新 14 天數據
🔐 [collectHealthDataForUpload] HRV 授權狀態: 1, 靜息心率授權狀態: 1
 HRV raw samples count: 0, sources: []
 HRV raw samples count: 0, sources: []
📤 [collectHealthDataForUpload] 總共 7 天，已上傳 0 天，待上傳 7 天
📊 [loadHealthDataForRange] 開始載入數據，天數: 14
🔐 [collectHealthDataForUpload] HRV 授權狀態: 1, 靜息心率授權狀態: 1
📤 [collectHealthDataForUpload] 總共 7 天，已上傳 0 天，待上傳 7 天
 HRV authorization status: 1
🔐 [collectHealthDataForUpload] HRV 授權狀態: 1, 靜息心率授權狀態: 1
📤 [collectHealthDataForUpload] 總共 7 天，已上傳 0 天，待上傳 7 天
📊 [getLocalHealthData] ✅ 返回 1 筆記錄（HRV: 0 天，RHR: 1 天）
[HealthDataUploadManagerV2] [WARN] [FirebaseLogging] 背景同步任務註冊失敗: The operation couldn’t be completed. (BGTaskSchedulerErrorDomain error 1.)
[HealthDataUploadManagerV2] [INFO] [FirebaseLogging] 設置健康數據同步
[AuthSessionRepositoryImpl] [ERROR] [AuthSession] ❌ Failed to get ID Token: Authentication token has expired.
[AuthSessionRepositoryImpl] [ERROR] [AuthSession] ❌ Failed to get ID Token: Authentication token has expired.
[VDOTManager] [INFO] [FirebaseLogging] VDOT 數據已清除
[VDOTManager] [INFO] [FirebaseLogging] VDOTManager 初始化
 HRV authorization status: 1
 HRV authorization status: 1
數據來源已切換為: Apple Health
 HRV raw samples count: 0, sources: []
📊 [fetchRestingHeartRateData] 獲取到 0 筆靜息心率數據
[HealthDataUploadManagerV2] [INFO] [FirebaseLogging] 檢測到健康數據更新
[VDOTManager] [DEBUG] VDOTManager: 本地緩存無數據
📊 [fetchRestingHeartRateData] 獲取到 0 筆靜息心率數據
📊 [getLocalHealthData] ✅ 返回 1 筆記錄（HRV: 0 天，RHR: 1 天）
📊 [getLocalHealthData] ✅ 返回 1 筆記錄（HRV: 0 天，RHR: 1 天）
[HealthDataUploadManagerV2] [WARN] [FirebaseLogging] 從 API 載入失敗，使用本地數據
📊 [loadHealthDataForRange] 開始載入數據，天數: 14
[AuthSessionRepositoryImpl] [ERROR] [AuthSession] ❌ Failed to get ID Token: Authentication token has expired.
 HRV authorization status: 1
[HealthDataUploadManagerV2] [WARN] [FirebaseLogging] 背景同步任務註冊失敗: The operation couldn’t be completed. (BGTaskSchedulerErrorDomain error 1.)
📊 [forceRefreshHealthData] 強制刷新 14 天數據
[DataManageable] 數據載入中，跳過重複調用: upload_pending_health_data
[AuthSessionRepositoryImpl] [ERROR] [AuthSession] ❌ Failed to get ID Token: Authentication token has expired.
 HRV authorization status: 1
 HRV authorization status: 1
📊 [loadHealthDataForRange] ❌ API 調用失敗: Authentication token has expired.
📊 [loadHealthDataForRange] 回退到本地 HealthKit 數據
[HealthDataUploadManagerV2] [INFO] [FirebaseLogging] 設置健康數據同步
📤 [collectHealthDataForUpload] 獲取到 0 筆 HRV 原始數據
📤 [collectHealthDataForUpload] 獲取到 0 筆靜息心率原始數據
[VDOTManager] [INFO] [FirebaseLogging] VDOT 數據已清除
 HRV raw samples count: 0, sources: []
📤 [collectHealthDataForUpload] 分組後有 0 天的 HRV 數據
📤 [collectHealthDataForUpload] 分組後有 0 天的靜息心率數據
[VDOTManager] [INFO] [FirebaseLogging] VDOTManager 初始化
📤 [collectHealthDataForUpload] 準備上傳 0 筆健康記錄
[VDOTManager] [DEBUG] VDOTManager: 本地緩存無數據
[HealthDataUploadManagerV2] [INFO] [FirebaseLogging] 收集健康數據完成
📤 [performUploadPendingData] 沒有需要上傳的數據
 HRV raw samples count: 0, sources: []
📊 [loadHealthDataForRange] 開始載入數據，天數: 14
[HealthDataUploadManagerV2] [WARN] [FirebaseLogging] 從 API 載入失敗，使用本地數據
[HealthDataUploadManagerV2] [WARN] [FirebaseLogging] 從 API 載入失敗，使用本地數據
[DataManageable] 數據載入中，跳過重複調用: upload_recent_health_data
📊 [loadHealthDataForRange] ❌ API 調用失敗: Authentication token has expired.
📊 [loadHealthDataForRange] 回退到本地 HealthKit 數據
[HealthDataUploadManagerV2] [INFO] [FirebaseLogging] 檢測到健康數據更新
[DataManageable] 數據載入中，跳過重複調用: upload_pending_health_data
📊 [getLocalHealthData] ✅ 返回 1 筆記錄（HRV: 0 天，RHR: 1 天）
📤 [collectHealthDataForUpload] 獲取到 0 筆 HRV 原始數據
📤 [collectHealthDataForUpload] 獲取到 0 筆靜息心率原始數據
📤 [collectHealthDataForUpload] 分組後有 0 天的 HRV 數據
📤 [collectHealthDataForUpload] 分組後有 0 天的靜息心率數據
📤 [collectHealthDataForUpload] 準備上傳 0 筆健康記錄
[AuthSessionRepositoryImpl] [ERROR] [AuthSession] ❌ Failed to get ID Token: Authentication token has expired.
[HealthDataUploadManagerV2] [INFO] [FirebaseLogging] 收集健康數據完成
📤 [performUploadRecentData] 沒有需要上傳的數據
📊 [fetchRestingHeartRateData] 獲取到 0 筆靜息心率數據
數據來源已切換為: Apple Health
Test Case '-[HavitalTests.AppViewModelTests testNotification_ShowHealthKitPermissionAlert_UpdatesState]' passed (0.007 seconds).
 HRV authorization status: 1
Test Case '-[HavitalTests.AppViewModelTests testOnAppBecameActive_NotReadyState_DoesNotRefreshWorkouts]' started.
[AuthSessionRepositoryImpl] [ERROR] [AuthSession] ❌ Failed to get ID Token: Authentication token has expired.
[HealthDataUploadManagerV2] [WARN] [FirebaseLogging] 背景同步任務註冊失敗: The operation couldn’t be completed. (BGTaskSchedulerErrorDomain error 1.)
📊 [loadHealthDataForRange] 開始載入數據，天數: 14
📊 [fetchRestingHeartRateData] 獲取到 0 筆靜息心率數據
 HRV authorization status: 1
[HealthDataUploadManagerV2] [WARN] [FirebaseLogging] 從 API 載入失敗，使用本地數據
📊 [loadHealthDataForRange] ❌ API 調用失敗: Authentication token has expired.
📊 [loadHealthDataForRange] 回退到本地 HealthKit 數據
[HealthDataUploadManagerV2] [INFO] [FirebaseLogging] 設置健康數據同步
[VDOTManager] [INFO] [FirebaseLogging] VDOT 數據已清除
[VDOTManager] [INFO] [FirebaseLogging] VDOTManager 初始化
[VDOTManager] [DEBUG] VDOTManager: 本地緩存無數據
 HRV raw samples count: 0, sources: []
📊 [fetchRestingHeartRateData] 獲取到 0 筆靜息心率數據
數據來源已切換為: Apple Health
 HRV raw samples count: 0, sources: []
 HRV raw samples count: 0, sources: []
📊 [loadHealthDataForRange] ❌ API 調用失敗: Authentication token has expired.
📊 [loadHealthDataForRange] 回退到本地 HealthKit 數據
📊 [forceRefreshHealthData] 強制刷新 14 天數據
📊 [loadHealthDataForRange] 開始載入數據，天數: 14
[HealthDataUploadManagerV2] [WARN] [FirebaseLogging] 背景同步任務註冊失敗: The operation couldn’t be completed. (BGTaskSchedulerErrorDomain error 1.)
📤 [collectHealthDataForUpload] 獲取到 0 筆 HRV 原始數據
📤 [collectHealthDataForUpload] 獲取到 0 筆靜息心率原始數據
📤 [collectHealthDataForUpload] 分組後有 0 天的 HRV 數據
📤 [collectHealthDataForUpload] 分組後有 0 天的靜息心率數據
📤 [collectHealthDataForUpload] 準備上傳 0 筆健康記錄
[DataManageable] 數據載入中，跳過重複調用: load_vdot_data
[HealthDataUploadManagerV2] [INFO] [FirebaseLogging] 收集健康數據完成
[AuthSessionRepositoryImpl] [ERROR] [AuthSession] ❌ Failed to get ID Token: Authentication token has expired.
[AuthSessionRepositoryImpl] [ERROR] [AuthSession] ❌ Failed to get ID Token: Authentication token has expired.
📤 [performUploadPendingData] 沒有需要上傳的數據
[HealthDataUploadManagerV2] [INFO] [FirebaseLogging] 設置健康數據同步
📤 [collectHealthDataForUpload] 獲取到 0 筆 HRV 原始數據
[VDOTManager] [INFO] [FirebaseLogging] VDOT 數據已清除
📤 [collectHealthDataForUpload] 獲取到 0 筆靜息心率原始數據
 HRV authorization status: 1
 HRV raw samples count: 0, sources: []
[AuthSessionRepositoryImpl] [ERROR] [AuthSession] ❌ Failed to get ID Token: Authentication token has expired.
📤 [collectHealthDataForUpload] 分組後有 0 天的 HRV 數據
📤 [collectHealthDataForUpload] 分組後有 0 天的靜息心率數據
📤 [collectHealthDataForUpload] 準備上傳 0 筆健康記錄
[VDOTManager] [INFO] [FirebaseLogging] VDOTManager 初始化
[HealthDataUploadManagerV2] [INFO] [FirebaseLogging] 收集健康數據完成
[VDOTManager] [DEBUG] VDOTManager: 本地緩存無數據
📤 [performUploadRecentData] 沒有需要上傳的數據
📤 [collectHealthDataForUpload] 獲取到 0 筆 HRV 原始數據
📤 [collectHealthDataForUpload] 獲取到 0 筆靜息心率原始數據
📤 [collectHealthDataForUpload] 分組後有 0 天的 HRV 數據
📤 [collectHealthDataForUpload] 分組後有 0 天的靜息心率數據
📤 [collectHealthDataForUpload] 準備上傳 0 筆健康記錄
[HealthDataUploadManagerV2] [INFO] [FirebaseLogging] 收集健康數據完成
 HRV raw samples count: 0, sources: []
📤 [performUploadRecentData] 沒有需要上傳的數據
⚠️ AppViewModel: App 未就緒，跳過前台刷新
[HealthDataUploadManagerV2] [INFO] [FirebaseLogging] 檢測到健康數據更新
[AuthSessionRepositoryImpl] [ERROR] [AuthSession] ❌ Failed to get ID Token: Authentication token has expired.
[HealthDataUploadManagerV2] [WARN] [FirebaseLogging] 背景同步任務註冊失敗: The operation couldn’t be completed. (BGTaskSchedulerErrorDomain error 1.)
📤 [performUploadRecentData] 開始上傳最近的健康數據
[DataManageable] 數據載入中，跳過重複調用: upload_pending_health_data
📊 [loadHealthDataForRange] ❌ API 調用失敗: Authentication token has expired.
📊 [loadHealthDataForRange] 回退到本地 HealthKit 數據
 HRV authorization status: 1
📊 [getLocalHealthData] ✅ 返回 1 筆記錄（HRV: 0 天，RHR: 1 天）
📊 [getLocalHealthData] ✅ 返回 1 筆記錄（HRV: 0 天，RHR: 1 天）
數據來源已切換為: Apple Health
Test Case '-[HavitalTests.AppViewModelTests testOnAppBecameActive_NotReadyState_DoesNotRefreshWorkouts]' passed (0.008 seconds).
Test Case '-[HavitalTests.AppViewModelTests testOnAppBecameActive_ReadyState_RefreshesWorkouts]' started.
📊 [loadHealthDataForRange] 開始載入數據，天數: 14
[DataManageable] 數據載入中，跳過重複調用: upload_recent_health_data
📊 [loadHealthDataForRange] ❌ API 調用失敗: Authentication token has expired.
📊 [loadHealthDataForRange] 回退到本地 HealthKit 數據
📤 [performUploadPendingData] 開始上傳待處理的健康數據
[HealthDataUploadManagerV2] [WARN] [FirebaseLogging] 從 API 載入失敗，使用本地數據
[HealthDataUploadManagerV2] [WARN] [FirebaseLogging] 從 API 載入失敗，使用本地數據
[HealthDataUploadManagerV2] [INFO] [FirebaseLogging] 設置健康數據同步
[VDOTManager] [INFO] [FirebaseLogging] VDOT 數據已清除
[VDOTManager] [INFO] [FirebaseLogging] VDOTManager 初始化
數據來源已切換為: Apple Health
[AuthSessionRepositoryImpl] [ERROR] [AuthSession] ❌ Failed to get ID Token: Authentication token has expired.
[VDOTManager] [DEBUG] VDOTManager: 本地緩存無數據
 HRV authorization status: 1
 HRV authorization status: 1
🔐 [collectHealthDataForUpload] HRV 授權狀態: 1, 靜息心率授權狀態: 1
📤 [collectHealthDataForUpload] 總共 7 天，已上傳 0 天，待上傳 7 天
[HealthDataUploadManagerV2] [WARN] [FirebaseLogging] 背景同步任務註冊失敗: The operation couldn’t be completed. (BGTaskSchedulerErrorDomain error 1.)
[HealthDataUploadManagerV2] [INFO] [FirebaseLogging] 設置健康數據同步
[AuthSessionRepositoryImpl] [ERROR] [AuthSession] ❌ Failed to get ID Token: Authentication token has expired.
[VDOTManager] [INFO] [FirebaseLogging] VDOT 數據已清除
[VDOTManager] [INFO] [FirebaseLogging] VDOTManager 初始化
[VDOTManager] [DEBUG] VDOTManager: 本地緩存無數據
🔐 [collectHealthDataForUpload] HRV 授權狀態: 1, 靜息心率授權狀態: 1
📤 [collectHealthDataForUpload] 總共 7 天，已上傳 0 天，待上傳 7 天
📊 [forceRefreshHealthData] 強制刷新 14 天數據
📊 [loadHealthDataForRange] ❌ API 調用失敗: Authentication token has expired.
📊 [loadHealthDataForRange] 回退到本地 HealthKit 數據
[DataManageable] 數據載入中，跳過重複調用: load_vdot_data
[DataManageable] 數據載入中，跳過重複調用: upload_pending_health_data
📊 [forceRefreshHealthData] 強制刷新 14 天數據
 HRV authorization status: 1
📤 [performUploadPendingData] 開始上傳待處理的健康數據
[SubscriptionRepositoryImpl] [DEBUG] [SubscriptionRepositoryImpl] refreshStatus: bypassing cache
[SubscriptionRemoteDataSource] [DEBUG] [SubscriptionRemoteDS] fetchStatus: GET /api/v1/subscription/status
📊 [loadHealthDataForRange] 開始載入數據，天數: 14
[HealthDataUploadManagerV2] [WARN] [FirebaseLogging] 背景同步任務註冊失敗: The operation couldn’t be completed. (BGTaskSchedulerErrorDomain error 1.)
📊 [loadHealthDataForRange] 開始載入數據，天數: 14
 HRV authorization status: 1
 HRV authorization status: 1
🔐 [collectHealthDataForUpload] HRV 授權狀態: 1, 靜息心率授權狀態: 1
📤 [collectHealthDataForUpload] 總共 7 天，已上傳 0 天，待上傳 7 天
[AuthSessionRepositoryImpl] [ERROR] [AuthSession] ❌ Failed to get ID Token: Authentication token has expired.
[AuthSessionRepositoryImpl] [ERROR] [AuthSession] ❌ Failed to get ID Token: Authentication token has expired.
[AuthSessionRepositoryImpl] [ERROR] [AuthSession] ❌ Failed to get ID Token: Authentication token has expired.
[AuthSessionRepositoryImpl] [ERROR] [AuthSession] ❌ Failed to get ID Token: Authentication token has expired.
🧭 [DSReminder] load user via getUserProfile
📊 [loadHealthDataForRange] ❌ API 調用失敗: Authentication token has expired.
📊 [loadHealthDataForRange] 回退到本地 HealthKit 數據
📊 [loadHealthDataForRange] ❌ API 調用失敗: Authentication token has expired.
📊 [loadHealthDataForRange] 回退到本地 HealthKit 數據
 HRV authorization status: 1
數據來源已切換為: Apple Health
Test Case '-[HavitalTests.AppViewModelTests testOnAppBecameActive_ReadyState_RefreshesWorkouts]' passed (0.023 seconds).
Test Case '-[HavitalTests.AppViewModelTests testRefreshData_NotReadyState_DoesNotRefreshWorkouts]' started.
[HealthDataUploadManagerV2] [INFO] [FirebaseLogging] 設置健康數據同步
[VDOTManager] [INFO] [FirebaseLogging] VDOT 數據已清除
[VDOTManager] [INFO] [FirebaseLogging] VDOTManager 初始化
數據來源已切換為: Apple Health
[DataManageable] 數據載入中，跳過重複調用: upload_pending_health_data
[HealthDataUploadManagerV2] [INFO] [FirebaseLogging] 設置健康數據同步
⚠️ AppViewModel: App 未就緒，跳過手動刷新
[DataManageable] 數據載入中，跳過重複調用: upload_pending_health_data
[VDOTManager] [INFO] [FirebaseLogging] VDOT 數據已清除
[VDOTManager] [DEBUG] VDOTManager: 本地緩存無數據
[VDOTManager] [INFO] [FirebaseLogging] VDOTManager 初始化
數據來源已切換為: Apple Health
 HRV authorization status: 1
Test Case '-[HavitalTests.AppViewModelTests testRefreshData_NotReadyState_DoesNotRefreshWorkouts]' passed (0.001 seconds).
Test Case '-[HavitalTests.AppViewModelTests testRefreshData_ReadyState_RefreshesWorkouts]' started.
 HRV authorization status: 1
[HealthDataUploadManagerV2] [WARN] [FirebaseLogging] 背景同步任務註冊失敗: The operation couldn’t be completed. (BGTaskSchedulerErrorDomain error 1.)
[VDOTManager] [DEBUG] VDOTManager: 本地緩存無數據
[HealthDataUploadManagerV2] [INFO] [FirebaseLogging] 設置健康數據同步
[VDOTManager] [INFO] [FirebaseLogging] VDOT 數據已清除
[VDOTManager] [INFO] [FirebaseLogging] VDOTManager 初始化
數據來源已切換為: Apple Health
[HealthDataUploadManagerV2] [WARN] [FirebaseLogging] 背景同步任務註冊失敗: The operation couldn’t be completed. (BGTaskSchedulerErrorDomain error 1.)
[HealthDataUploadManagerV2] [INFO] [FirebaseLogging] 設置健康數據同步
[DataManageable] 數據載入中，跳過重複調用: upload_pending_health_data
[DataManageable] 數據載入中，跳過重複調用: upload_pending_health_data
[HealthDataUploadManagerV2] [WARN] [FirebaseLogging] 背景同步任務註冊失敗: The operation couldn’t be completed. (BGTaskSchedulerErrorDomain error 1.)
[VDOTManager] [DEBUG] VDOTManager: 本地緩存無數據
數據來源已切換為: Apple Health
[VDOTManager] [INFO] [FirebaseLogging] VDOT 數據已清除
[VDOTManager] [INFO] [FirebaseLogging] VDOTManager 初始化
Test Case '-[HavitalTests.AppViewModelTests testRefreshData_ReadyState_RefreshesWorkouts]' passed (0.002 seconds).
Test Suite 'AppViewModelTests' passed at 2026-08-29 15:40:05.499.
	 Executed 14 tests, with 0 failures (0 unexpected) in 0.096 (0.099) seconds
[VDOTManager] [DEBUG] VDOTManager: 本地緩存無數據
Test Suite 'ApplyAdjustmentItemsResponseDTOTests' started at 2026-08-29 15:40:05.501.
Test Case '-[HavitalTests.ApplyAdjustmentItemsResponseDTOTests test_decodeBeginnerSkippedItems_withReasonField]' started.
Test Case '-[HavitalTests.ApplyAdjustmentItemsResponseDTOTests test_decodeBeginnerSkippedItems_withReasonField]' passed (0.004 seconds).
Test Case '-[HavitalTests.ApplyAdjustmentItemsResponseDTOTests test_decodeMissingAppliesToWeek_succeedsWithOptionalField]' started.
Test Case '-[HavitalTests.ApplyAdjustmentItemsResponseDTOTests test_decodeMissingAppliesToWeek_succeedsWithOptionalField]' passed (0.000 seconds).
Test Suite 'ApplyAdjustmentItemsResponseDTOTests' passed at 2026-08-29 15:40:05.506.
	 Executed 2 tests, with 0 failures (0 unexpected) in 0.004 (0.005) seconds
Test Suite 'AuthCoordinatorViewModelTests' started at 2026-08-29 15:40:05.506.
Test Case '-[HavitalTests.AuthCoordinatorViewModelTests testAuthStateEquatable_Authenticated]' started.
[AuthCoordinatorViewModel] [DEBUG] [AuthCoordinator] Initialized
[AuthCoordinatorViewModel] [DEBUG] [AuthCoordinator] Subscribed to authentication events
[AuthCoordinatorViewModel] [DEBUG] [AuthCoordinator] Deinitialized
Test Case '-[HavitalTests.AuthCoordinatorViewModelTests testAuthStateEquatable_Authenticated]' passed (0.001 seconds).
Test Case '-[HavitalTests.AuthCoordinatorViewModelTests testAuthStateEquatable_DifferentStates]' started.
[AuthCoordinatorViewModel] [DEBUG] [AuthCoordinator] Initialized
[AuthCoordinatorViewModel] [DEBUG] [AuthCoordinator] Subscribed to authentication events
[AuthCoordinatorViewModel] [DEBUG] [AuthCoordinator] Deinitialized
Test Case '-[HavitalTests.AuthCoordinatorViewModelTests testAuthStateEquatable_DifferentStates]' passed (0.000 seconds).
Test Case '-[HavitalTests.AuthCoordinatorViewModelTests testAuthStateEquatable_Error]' started.
[AuthCoordinatorViewModel] [DEBUG] [AuthCoordinator] Initialized
[AuthCoordinatorViewModel] [DEBUG] [AuthCoordinator] Subscribed to authentication events
[AuthCoordinatorViewModel] [DEBUG] [AuthCoordinator] Deinitialized
Test Case '-[HavitalTests.AuthCoordinatorViewModelTests testAuthStateEquatable_Error]' passed (0.000 seconds).
Test Case '-[HavitalTests.AuthCoordinatorViewModelTests testAuthStateEquatable_Loading]' started.
[AuthCoordinatorViewModel] [DEBUG] [AuthCoordinator] Initialized
[AuthCoordinatorViewModel] [DEBUG] [AuthCoordinator] Subscribed to authentication events
[AuthCoordinatorViewModel] [DEBUG] [AuthCoordinator] Deinitialized
Test Case '-[HavitalTests.AuthCoordinatorViewModelTests testAuthStateEquatable_Loading]' passed (0.000 seconds).
Test Case '-[HavitalTests.AuthCoordinatorViewModelTests testAuthStateEquatable_Onboarding]' started.
[AuthCoordinatorViewModel] [DEBUG] [AuthCoordinator] Initialized
[AuthCoordinatorViewModel] [DEBUG] [AuthCoordinator] Subscribed to authentication events
[AuthCoordinatorViewModel] [DEBUG] [AuthCoordinator] Deinitialized
Test Case '-[HavitalTests.AuthCoordinatorViewModelTests testAuthStateEquatable_Onboarding]' passed (0.000 seconds).
Test Case '-[HavitalTests.AuthCoordinatorViewModelTests testAuthStateEquatable_Unauthenticated]' started.
[AuthCoordinatorViewModel] [DEBUG] [AuthCoordinator] Initialized
[AuthCoordinatorViewModel] [DEBUG] [AuthCoordinator] Subscribed to authentication events
[AuthCoordinatorViewModel] [DEBUG] [AuthCoordinator] Deinitialized
Test Case '-[HavitalTests.AuthCoordinatorViewModelTests testAuthStateEquatable_Unauthenticated]' passed (0.000 seconds).
Test Case '-[HavitalTests.AuthCoordinatorViewModelTests testAuthUserExtension_WithCompletedOnboarding]' started.
[AuthCoordinatorViewModel] [DEBUG] [AuthCoordinator] Initialized
[AuthCoordinatorViewModel] [DEBUG] [AuthCoordinator] Subscribed to authentication events
[AuthCoordinatorViewModel] [DEBUG] [AuthCoordinator] Deinitialized
Test Case '-[HavitalTests.AuthCoordinatorViewModelTests testAuthUserExtension_WithCompletedOnboarding]' passed (0.002 seconds).
Test Case '-[HavitalTests.AuthCoordinatorViewModelTests testCurrentUser_WhenInAuthenticatedOrOnboardingState]' started.
[AuthCoordinatorViewModel] [DEBUG] [AuthCoordinator] Initialized
[AuthCoordinatorViewModel] [DEBUG] [AuthCoordinator] Subscribed to authentication events
[AuthCoordinatorViewModel] [DEBUG] [AuthCoordinator] Deinitialized
Test Case '-[HavitalTests.AuthCoordinatorViewModelTests testCurrentUser_WhenInAuthenticatedOrOnboardingState]' passed (0.002 seconds).
Test Case '-[HavitalTests.AuthCoordinatorViewModelTests testCurrentUser_WhenInOtherStates]' started.
[AuthCoordinatorViewModel] [DEBUG] [AuthCoordinator] Initialized
[AuthCoordinatorViewModel] [DEBUG] [AuthCoordinator] Subscribed to authentication events
[AuthCoordinatorViewModel] [DEBUG] [AuthCoordinator] Deinitialized
Test Case '-[HavitalTests.AuthCoordinatorViewModelTests testCurrentUser_WhenInOtherStates]' passed (0.000 seconds).
Test Case '-[HavitalTests.AuthCoordinatorViewModelTests testHandleOnboardingComplete_Failure]' started.
[AuthCoordinatorViewModel] [DEBUG] [AuthCoordinator] Initialized
[AuthCoordinatorViewModel] [DEBUG] [AuthCoordinator] Subscribed to authentication events
[HealthDataUploadManagerV2] [WARN] [FirebaseLogging] 背景同步任務註冊失敗: The operation couldn’t be completed. (BGTaskSchedulerErrorDomain error 1.)
[HealthDataUploadManagerV2] [INFO] [FirebaseLogging] 設置健康數據同步
[DataManageable] 數據載入中，跳過重複調用: load_vdot_data
[AuthCoordinatorViewModel] [DEBUG] [AuthCoordinator] Handling onboarding completion
[AuthSessionRepositoryImpl] [ERROR] [AuthSession] ❌ Failed to get ID Token: Authentication token has expired.
[DataManageable] 數據載入中，跳過重複調用: load_vdot_data
[DataManageable] 數據載入中，跳過重複調用: upload_pending_health_data
[AuthSessionRepositoryImpl] [ERROR] [AuthSession] ❌ Failed to get ID Token: Authentication token has expired.
[VDOTManager] [INFO] [FirebaseLogging] VDOT 數據已清除
[VDOTManager] [INFO] [FirebaseLogging] VDOTManager 初始化
[AuthCoordinatorViewModel] [ERROR] [AuthCoordinator] Failed to complete onboarding: Backend sync failed: Failed
[VDOTManager] [DEBUG] VDOTManager: 本地緩存無數據
[HealthDataUploadManagerV2] [WARN] [FirebaseLogging] 背景同步任務註冊失敗: The operation couldn’t be completed. (BGTaskSchedulerErrorDomain error 1.)
[AuthCoordinatorViewModel] [DEBUG] [AuthCoordinator] Deinitialized
Test Case '-[HavitalTests.AuthCoordinatorViewModelTests testHandleOnboardingComplete_Failure]' passed (0.002 seconds).
Test Case '-[HavitalTests.AuthCoordinatorViewModelTests testHandleOnboardingComplete_Success]' started.
[AuthCoordinatorViewModel] [DEBUG] [AuthCoordinator] Initialized
[AuthCoordinatorViewModel] [DEBUG] [AuthCoordinator] Subscribed to authentication events
[AuthCoordinatorViewModel] [DEBUG] [AuthCoordinator] Handling onboarding completion
[AuthCoordinatorViewModel] [DEBUG] [AuthCoordinator] Onboarding completed successfully
[SubscriptionLocalDataSource] [DEBUG] [SubscriptionLocalDS] Cache cleared
[TargetLocalDataSource] [DEBUG] [TargetLocalDS] All caches cleared
[TrainingPlanV2LocalDataSource] [INFO] [TrainingPlanV2LocalDS] All caches cleared
[UserProfileLocalDataSource] [DEBUG] [UserProfileLocalDS] User profile cache cleared
[UserProfileLocalDataSource] [DEBUG] [UserProfileLocalDS] Targets cache cleared
[UserProfileLocalDataSource] [DEBUG] [UserProfileLocalDS] Heart rate zones cache cleared
[UserProfileLocalDataSource] [DEBUG] [UserProfileLocalDS] All caches cleared
[WorkoutV2CacheManager] [INFO] [FirebaseLogging] 所有 Workout V2 快取已清除
已清除儲存的週訓練回顧
[WeeklySummaryStorage] [INFO] [FirebaseLogging] 已清除週總結列表快取
[CacheEventBus] [INFO] [FirebaseLogging] 所有快取已清空
[CacheEventBus] [INFO] [FirebaseLogging] Onboarding 完成，清除所有緩存
[AuthCoordinatorViewModel] [DEBUG] [AuthCoordinator] Deinitialized
Test Case '-[HavitalTests.AuthCoordinatorViewModelTests testHandleOnboardingComplete_Success]' passed (0.002 seconds).
Test Case '-[HavitalTests.AuthCoordinatorViewModelTests testHandleOnboardingComplete_WhenNotInOnboardingState]' started.
[AuthCoordinatorViewModel] [DEBUG] [AuthCoordinator] Initialized
[AuthCoordinatorViewModel] [DEBUG] [AuthCoordinator] Subscribed to authentication events
[AuthCoordinatorViewModel] [DEBUG] [AuthCoordinator] Handling onboarding completion
[CacheEventBus] [DEBUG] [CacheEventBus] 通知 7 個 identifier 訂閱者: onboardingCompleted
[AuthCoordinatorViewModel] [ERROR] [AuthCoordinator] Invalid state for onboarding completion
[AuthCoordinatorViewModel] [DEBUG] [AuthCoordinator] Deinitialized
[AuthSessionRepositoryImpl] [ERROR] [AuthSession] ❌ Failed to get ID Token: Authentication token has expired.
Test Case '-[HavitalTests.AuthCoordinatorViewModelTests testHandleOnboardingComplete_WhenNotInOnboardingState]' passed (0.001 seconds).
Test Case '-[HavitalTests.AuthCoordinatorViewModelTests testInitialization]' started.
[AuthCoordinatorViewModel] [DEBUG] [AuthCoordinator] Initialized
[AuthCoordinatorViewModel] [DEBUG] [AuthCoordinator] Subscribed to authentication events
[AuthCoordinatorViewModel] [DEBUG] [AuthCoordinator] Deinitialized
Test Case '-[HavitalTests.AuthCoordinatorViewModelTests testInitialization]' passed (0.000 seconds).
Test Case '-[HavitalTests.AuthCoordinatorViewModelTests testInitializeAuthState_WhenAuthenticatedAndOnboardingCompleted]' started.
[AuthCoordinatorViewModel] [DEBUG] [AuthCoordinator] Initialized
[AuthCoordinatorViewModel] [DEBUG] [AuthCoordinator] Subscribed to authentication events
[AuthCoordinatorViewModel] [DEBUG] [AuthCoordinator] Initializing auth state
[AuthCoordinatorViewModel] [DEBUG] [AuthCoordinator] User authenticated and completed onboarding
[AuthCoordinatorViewModel] [DEBUG] [AuthCoordinator] Deinitialized
Test Case '-[HavitalTests.AuthCoordinatorViewModelTests testInitializeAuthState_WhenAuthenticatedAndOnboardingCompleted]' passed (0.001 seconds).
Test Case '-[HavitalTests.AuthCoordinatorViewModelTests testInitializeAuthState_WhenAuthenticatedButNeedsOnboarding]' started.
[AuthCoordinatorViewModel] [DEBUG] [AuthCoordinator] Initialized
[AuthCoordinatorViewModel] [DEBUG] [AuthCoordinator] Subscribed to authentication events
[HealthDataUploadManagerV2] [INFO] [FirebaseLogging] 檢測到健康數據更新
[AuthCoordinatorViewModel] [DEBUG] [AuthCoordinator] Initializing auth state
[DataManageable] 數據載入中，跳過重複調用: upload_recent_health_data
[AuthCoordinatorViewModel] [DEBUG] [AuthCoordinator] User authenticated but needs onboarding
[AuthCoordinatorViewModel] [DEBUG] [AuthCoordinator] Deinitialized
 HRV raw samples count: 0, sources: []
 HRV raw samples count: 0, sources: []
Test Case '-[HavitalTests.AuthCoordinatorViewModelTests testInitializeAuthState_WhenAuthenticatedButNeedsOnboarding]' passed (0.006 seconds).
Test Case '-[HavitalTests.AuthCoordinatorViewModelTests testInitializeAuthState_WhenFetchUserFails]' started.
 HRV raw samples count: 0, sources: []
[AuthCoordinatorViewModel] [DEBUG] [AuthCoordinator] Initialized
[AuthCoordinatorViewModel] [DEBUG] [AuthCoordinator] Subscribed to authentication events
 HRV raw samples count: 0, sources: []
📊 [getLocalHealthData] ✅ 返回 1 筆記錄（HRV: 0 天，RHR: 1 天）
📊 [getLocalHealthData] ✅ 返回 1 筆記錄（HRV: 0 天，RHR: 1 天）
[HealthDataUploadManagerV2] [INFO] [FirebaseLogging] 檢測到健康數據更新
📊 [getLocalHealthData] ✅ 返回 1 筆記錄（HRV: 0 天，RHR: 1 天）
[AuthCoordinatorViewModel] [DEBUG] [AuthCoordinator] Initializing auth state
📊 [getLocalHealthData] ✅ 返回 1 筆記錄（HRV: 0 天，RHR: 1 天）
[HealthDataUploadManagerV2] [WARN] [FirebaseLogging] 從 API 載入失敗，使用本地數據
[HealthDataUploadManagerV2] [INFO] [FirebaseLogging] 檢測到健康數據更新
[HealthDataUploadManagerV2] [WARN] [FirebaseLogging] 從 API 載入失敗，使用本地數據
[DataManageable] 數據載入中，跳過重複調用: upload_recent_health_data
[HealthDataUploadManagerV2] [WARN] [FirebaseLogging] 從 API 載入失敗，使用本地數據
📊 [fetchRestingHeartRateData] 獲取到 0 筆靜息心率數據
[AuthCoordinatorViewModel] [ERROR] [AuthCoordinator] Failed to initialize auth state: User not found.
 HRV raw samples count: 0, sources: []
[AuthCoordinatorViewModel] [DEBUG] [AuthCoordinator] Deinitialized
📊 [fetchRestingHeartRateData] 獲取到 0 筆靜息心率數據
Test Case '-[HavitalTests.AuthCoordinatorViewModelTests testInitializeAuthState_WhenFetchUserFails]' passed (0.003 seconds).
 HRV raw samples count: 0, sources: []
 HRV raw samples count: 0, sources: []
📊 [fetchRestingHeartRateData] 獲取到 0 筆靜息心率數據
Test Case '-[HavitalTests.AuthCoordinatorViewModelTests testInitializeAuthState_WhenNotAuthenticated]' started.
 HRV raw samples count: 0, sources: []
[AuthCoordinatorViewModel] [DEBUG] [AuthCoordinator] Initialized
[AuthCoordinatorViewModel] [DEBUG] [AuthCoordinator] Subscribed to authentication events
 HRV raw samples count: 0, sources: []
[HealthDataUploadManagerV2] [WARN] [FirebaseLogging] 從 API 載入失敗，使用本地數據
📤 [collectHealthDataForUpload] 獲取到 0 筆 HRV 原始數據
📤 [collectHealthDataForUpload] 獲取到 0 筆靜息心率原始數據
📤 [collectHealthDataForUpload] 分組後有 0 天的 HRV 數據
📤 [collectHealthDataForUpload] 分組後有 0 天的靜息心率數據
📤 [collectHealthDataForUpload] 準備上傳 0 筆健康記錄
[DataManageable] 數據載入中，跳過重複調用: upload_recent_health_data
[HealthDataUploadManagerV2] [INFO] [FirebaseLogging] 收集健康數據完成
📤 [performUploadRecentData] 沒有需要上傳的數據
📤 [collectHealthDataForUpload] 獲取到 0 筆 HRV 原始數據
📤 [collectHealthDataForUpload] 獲取到 0 筆靜息心率原始數據
📤 [collectHealthDataForUpload] 分組後有 0 天的 HRV 數據
📤 [collectHealthDataForUpload] 分組後有 0 天的靜息心率數據
 HRV raw samples count: 0, sources: []
📤 [collectHealthDataForUpload] 準備上傳 0 筆健康記錄
[HealthDataUploadManagerV2] [INFO] [FirebaseLogging] 收集健康數據完成
📤 [performUploadPendingData] 沒有需要上傳的數據
📊 [getLocalHealthData] ✅ 返回 1 筆記錄（HRV: 0 天，RHR: 1 天）
[HealthDataUploadManagerV2] [INFO] [FirebaseLogging] 檢測到健康數據更新
📤 [collectHealthDataForUpload] 獲取到 0 筆 HRV 原始數據
📤 [collectHealthDataForUpload] 獲取到 0 筆靜息心率原始數據
📤 [collectHealthDataForUpload] 分組後有 0 天的 HRV 數據
📤 [collectHealthDataForUpload] 分組後有 0 天的靜息心率數據
📤 [collectHealthDataForUpload] 準備上傳 0 筆健康記錄
[HealthDataUploadManagerV2] [INFO] [FirebaseLogging] 收集健康數據完成
📤 [performUploadPendingData] 沒有需要上傳的數據
[AuthCoordinatorViewModel] [DEBUG] [AuthCoordinator] Initializing auth state
[AuthCoordinatorViewModel] [DEBUG] [AuthCoordinator] No Firebase session, switching to unauthenticated
📊 [getLocalHealthData] ✅ 返回 1 筆記錄（HRV: 0 天，RHR: 1 天）
[AuthCoordinatorViewModel] [DEBUG] [AuthCoordinator] Deinitialized
Test Case '-[HavitalTests.AuthCoordinatorViewModelTests testInitializeAuthState_WhenNotAuthenticated]' passed (0.003 seconds).
Test Case '-[HavitalTests.AuthCoordinatorViewModelTests testIsAuthenticated_WhenInAuthenticatedState]' started.
[AuthCoordinatorViewModel] [DEBUG] [AuthCoordinator] Initialized
[AuthCoordinatorViewModel] [DEBUG] [AuthCoordinator] Subscribed to authentication events
[AuthCoordinatorViewModel] [DEBUG] [AuthCoordinator] Deinitialized
Test Case '-[HavitalTests.AuthCoordinatorViewModelTests testIsAuthenticated_WhenInAuthenticatedState]' passed (0.000 seconds).
Test Case '-[HavitalTests.AuthCoordinatorViewModelTests testIsAuthenticated_WhenInOtherStates]' started.
[AuthCoordinatorViewModel] [DEBUG] [AuthCoordinator] Initialized
[AuthCoordinatorViewModel] [DEBUG] [AuthCoordinator] Subscribed to authentication events
[AuthCoordinatorViewModel] [DEBUG] [AuthCoordinator] Deinitialized
Test Case '-[HavitalTests.AuthCoordinatorViewModelTests testIsAuthenticated_WhenInOtherStates]' passed (0.001 seconds).
Test Case '-[HavitalTests.AuthCoordinatorViewModelTests testNeedsOnboarding_WhenInOnboardingState]' started.
[AuthCoordinatorViewModel] [DEBUG] [AuthCoordinator] Initialized
[AuthCoordinatorViewModel] [DEBUG] [AuthCoordinator] Subscribed to authentication events
[AuthCoordinatorViewModel] [DEBUG] [AuthCoordinator] Deinitialized
Test Case '-[HavitalTests.AuthCoordinatorViewModelTests testNeedsOnboarding_WhenInOnboardingState]' passed (0.000 seconds).
Test Case '-[HavitalTests.AuthCoordinatorViewModelTests testNeedsOnboarding_WhenInOtherStates]' started.
[AuthCoordinatorViewModel] [DEBUG] [AuthCoordinator] Initialized
[AuthCoordinatorViewModel] [DEBUG] [AuthCoordinator] Subscribed to authentication events
[AuthCoordinatorViewModel] [DEBUG] [AuthCoordinator] Deinitialized
Test Case '-[HavitalTests.AuthCoordinatorViewModelTests testNeedsOnboarding_WhenInOtherStates]' passed (0.000 seconds).
Test Case '-[HavitalTests.AuthCoordinatorViewModelTests testSignOut_Failure]' started.
[AuthCoordinatorViewModel] [DEBUG] [AuthCoordinator] Initialized
[AuthCoordinatorViewModel] [DEBUG] [AuthCoordinator] Subscribed to authentication events
📊 [forceRefreshHealthData] 強制刷新 14 天數據
[HealthDataUploadManagerV2] [INFO] [FirebaseLogging] 檢測到健康數據更新
📊 [getLocalHealthData] ✅ 返回 1 筆記錄（HRV: 0 天，RHR: 1 天）
[HealthDataUploadManagerV2] [INFO] [FirebaseLogging] 檢測到健康數據更新
[HealthDataUploadManagerV2] [WARN] [FirebaseLogging] 從 API 載入失敗，使用本地數據
[DataManageable] 數據載入中，跳過重複調用: upload_recent_health_data
[HealthDataUploadManagerV2] [INFO] [FirebaseLogging] 檢測到健康數據更新
[HealthDataUploadManagerV2] [INFO] [FirebaseLogging] 檢測到健康數據更新
[HealthDataUploadManagerV2] [INFO] [FirebaseLogging] 檢測到健康數據更新
[HealthDataUploadManagerV2] [WARN] [FirebaseLogging] 從 API 載入失敗，使用本地數據
[AuthCoordinatorViewModel] [DEBUG] [AuthCoordinator] Signing out user
[HealthDataUploadManagerV2] [WARN] [FirebaseLogging] 從 API 載入失敗，使用本地數據
[AuthCoordinatorViewModel] [ERROR] [AuthCoordinator] Sign-out failed: Firebase authentication failed: Sign out failed
📊 [loadHealthDataForRange] 開始載入數據，天數: 14
📊 [forceRefreshHealthData] 強制刷新 14 天數據
[AuthCoordinatorViewModel] [DEBUG] [AuthCoordinator] Deinitialized
Test Case '-[HavitalTests.AuthCoordinatorViewModelTests testSignOut_Failure]' passed (0.002 seconds).
Test Case '-[HavitalTests.AuthCoordinatorViewModelTests testSignOut_Success]' started.
[AuthCoordinatorViewModel] [DEBUG] [AuthCoordinator] Initialized
[AuthCoordinatorViewModel] [DEBUG] [AuthCoordinator] Subscribed to authentication events
[HealthDataUploadManagerV2] [WARN] [FirebaseLogging] 背景同步任務註冊失敗: The operation couldn’t be completed. (BGTaskSchedulerErrorDomain error 1.)
📊 [forceRefreshHealthData] 強制刷新 14 天數據
📤 [performUploadRecentData] 開始上傳最近的健康數據
[HealthDataUploadManagerV2] [WARN] [FirebaseLogging] 背景同步任務註冊失敗: The operation couldn’t be completed. (BGTaskSchedulerErrorDomain error 1.)
[HealthDataUploadManagerV2] [INFO] [FirebaseLogging] 檢測到健康數據更新
[HealthDataUploadManagerV2] [INFO] [FirebaseLogging] 檢測到健康數據更新
[AuthCoordinatorViewModel] [DEBUG] [AuthCoordinator] Signing out user
📤 [performUploadRecentData] 開始上傳最近的健康數據
📤 [performUploadRecentData] 開始上傳最近的健康數據
📤 [performUploadRecentData] 開始上傳最近的健康數據
📤 [performUploadRecentData] 開始上傳最近的健康數據
[AuthSessionRepositoryImpl] [ERROR] [AuthSession] ❌ Failed to get ID Token: Authentication token has expired.
📊 [loadHealthDataForRange] 開始載入數據，天數: 14
[AuthCoordinatorViewModel] [DEBUG] [AuthCoordinator] Sign-out succeeded
[SubscriptionLocalDataSource] [DEBUG] [SubscriptionLocalDS] Cache cleared
[TargetLocalDataSource] [DEBUG] [TargetLocalDS] All caches cleared
[TrainingPlanV2LocalDataSource] [INFO] [TrainingPlanV2LocalDS] All caches cleared
[UserProfileLocalDataSource] [DEBUG] [UserProfileLocalDS] User profile cache cleared
[UserProfileLocalDataSource] [DEBUG] [UserProfileLocalDS] Targets cache cleared
[UserProfileLocalDataSource] [DEBUG] [UserProfileLocalDS] Heart rate zones cache cleared
[UserProfileLocalDataSource] [DEBUG] [UserProfileLocalDS] All caches cleared
[WorkoutV2CacheManager] [INFO] [FirebaseLogging] 所有 Workout V2 快取已清除
已清除儲存的週訓練回顧
[WeeklySummaryStorage] [INFO] [FirebaseLogging] 已清除週總結列表快取
[CacheEventBus] [INFO] [FirebaseLogging] 所有快取已清空
[DataManageable] 數據載入中，跳過重複調用: upload_recent_health_data
[AuthCoordinatorViewModel] [DEBUG] [AuthCoordinator] Deinitialized
Test Case '-[HavitalTests.AuthCoordinatorViewModelTests testSignOut_Success]' passed (0.005 seconds).
Test Case '-[HavitalTests.AuthCoordinatorViewModelTests testStateTransition_LoginFlow]' started.
[AuthCoordinatorViewModel] [DEBUG] [AuthCoordinator] Initialized
[AuthCoordinatorViewModel] [DEBUG] [AuthCoordinator] Subscribed to authentication events
[DataManageable] 數據載入中，跳過重複調用: upload_recent_health_data
🔐 [collectHealthDataForUpload] HRV 授權狀態: 1, 靜息心率授權狀態: 1
📤 [collectHealthDataForUpload] 總共 7 天，已上傳 0 天，待上傳 7 天
📊 [loadHealthDataForRange] 開始載入數據，天數: 14
📊 [loadHealthDataForRange] ❌ API 調用失敗: Authentication token has expired.
📊 [loadHealthDataForRange] 回退到本地 HealthKit 數據
[AuthCoordinatorViewModel] [DEBUG] [AuthCoordinator] Initializing auth state
[CacheEventBus] [DEBUG] [CacheEventBus] 通知 3 個 event 訂閱者: userLogout
[AuthCoordinatorViewModel] [DEBUG] [AuthCoordinator] No Firebase session, switching to unauthenticated
[AuthSessionRepositoryImpl] [ERROR] [AuthSession] ❌ Failed to get ID Token: Authentication token has expired.
[AuthCoordinatorViewModel] [DEBUG] [AuthCoordinator] Initializing auth state
🔐 [collectHealthDataForUpload] HRV 授權狀態: 1, 靜息心率授權狀態: 1
📤 [collectHealthDataForUpload] 總共 7 天，已上傳 0 天，待上傳 7 天
🔐 [collectHealthDataForUpload] HRV 授權狀態: 1, 靜息心率授權狀態: 1
📤 [collectHealthDataForUpload] 總共 7 天，已上傳 0 天，待上傳 7 天
🔐 [collectHealthDataForUpload] HRV 授權狀態: 1, 靜息心率授權狀態: 1
📤 [collectHealthDataForUpload] 總共 7 天，已上傳 0 天，待上傳 7 天
🔐 [collectHealthDataForUpload] HRV 授權狀態: 1, 靜息心率授權狀態: 1
📤 [collectHealthDataForUpload] 總共 7 天，已上傳 0 天，待上傳 7 天
📊 [loadHealthDataForRange] 開始載入數據，天數: 14
[AuthenticationViewModel] [DEBUG] [AuthViewModel] Received userLogout event, clearing auth state
📊 [loadHealthDataForRange] ❌ API 調用失敗: Authentication token has expired.
📊 [loadHealthDataForRange] 回退到本地 HealthKit 數據
[AuthCoordinatorViewModel] [DEBUG] [AuthCoordinator] User authenticated but needs onboarding
[AuthCoordinatorViewModel] [DEBUG] [AuthCoordinator] Handling onboarding completion
📊 [loadHealthDataForRange] 開始載入數據，天數: 14
📊 [loadHealthDataForRange] 開始載入數據，天數: 14
[AuthSessionRepositoryImpl] [ERROR] [AuthSession] ❌ Failed to get ID Token: Authentication token has expired.
📊 [loadHealthDataForRange] 開始載入數據，天數: 14
 HRV authorization status: 1
[AuthCoordinatorViewModel] [DEBUG] [AuthCoordinator] Onboarding completed successfully
[SubscriptionLocalDataSource] [DEBUG] [SubscriptionLocalDS] Cache cleared
[TargetLocalDataSource] [DEBUG] [TargetLocalDS] All caches cleared
 HRV authorization status: 1
[TrainingPlanV2LocalDataSource] [INFO] [TrainingPlanV2LocalDS] All caches cleared
[UserProfileLocalDataSource] [DEBUG] [UserProfileLocalDS] User profile cache cleared
[UserProfileLocalDataSource] [DEBUG] [UserProfileLocalDS] Targets cache cleared
[UserProfileLocalDataSource] [DEBUG] [UserProfileLocalDS] Heart rate zones cache cleared
[UserProfileLocalDataSource] [DEBUG] [UserProfileLocalDS] All caches cleared
 HRV authorization status: 1
 HRV authorization status: 1
[WorkoutV2CacheManager] [INFO] [FirebaseLogging] 所有 Workout V2 快取已清除
已清除儲存的週訓練回顧
[WeeklySummaryStorage] [INFO] [FirebaseLogging] 已清除週總結列表快取
[CacheEventBus] [INFO] [FirebaseLogging] 所有快取已清空
[CacheEventBus] [INFO] [FirebaseLogging] Onboarding 完成，清除所有緩存
[AuthCoordinatorViewModel] [DEBUG] [AuthCoordinator] Signing out user
 HRV authorization status: 1
 HRV authorization status: 1
 HRV authorization status: 1
📊 [loadHealthDataForRange] ❌ API 調用失敗: Authentication token has expired.
📊 [loadHealthDataForRange] 回退到本地 HealthKit 數據
[AuthSessionRepositoryImpl] [ERROR] [AuthSession] ❌ Failed to get ID Token: Authentication token has expired.
[AuthCoordinatorViewModel] [DEBUG] [AuthCoordinator] Sign-out succeeded
[CacheEventBus] [DEBUG] [CacheEventBus] 通知 7 個 identifier 訂閱者: onboardingCompleted
[SubscriptionLocalDataSource] [DEBUG] [SubscriptionLocalDS] Cache cleared
[TargetLocalDataSource] [DEBUG] [TargetLocalDS] All caches cleared
[AuthSessionRepositoryImpl] [ERROR] [AuthSession] ❌ Failed to get ID Token: Authentication token has expired.
[AuthSessionRepositoryImpl] [ERROR] [AuthSession] ❌ Failed to get ID Token: Authentication token has expired.
[AuthSessionRepositoryImpl] [ERROR] [AuthSession] ❌ Failed to get ID Token: Authentication token has expired.
[TrainingPlanV2LocalDataSource] [INFO] [TrainingPlanV2LocalDS] All caches cleared
[UserProfileLocalDataSource] [DEBUG] [UserProfileLocalDS] User profile cache cleared
[UserProfileLocalDataSource] [DEBUG] [UserProfileLocalDS] Targets cache cleared
[UserProfileLocalDataSource] [DEBUG] [UserProfileLocalDS] Heart rate zones cache cleared
[UserProfileLocalDataSource] [DEBUG] [UserProfileLocalDS] All caches cleared
[WorkoutV2CacheManager] [INFO] [FirebaseLogging] 所有 Workout V2 快取已清除
已清除儲存的週訓練回顧
[WeeklySummaryStorage] [INFO] [FirebaseLogging] 已清除週總結列表快取
[CacheEventBus] [INFO] [FirebaseLogging] 所有快取已清空
[AuthCoordinatorViewModel] [DEBUG] [AuthCoordinator] Deinitialized
📊 [fetchRestingHeartRateData] 獲取到 0 筆靜息心率數據
Test Case '-[HavitalTests.AuthCoordinatorViewModelTests testStateTransition_LoginFlow]' passed (0.004 seconds).
Test Suite 'AuthCoordinatorViewModelTests' passed at 2026-08-29 15:40:05.550.
	 Executed 24 tests, with 0 failures (0 unexpected) in 0.038 (0.044) seconds
Test Suite 'AuthUserTests' started at 2026-08-29 15:40:05.550.
Test Case '-[HavitalTests.AuthUserTests testAuthUserInitialization]' started.
Test Case '-[HavitalTests.AuthUserTests testAuthUserInitialization]' passed (0.000 seconds).
📊 [fetchRestingHeartRateData] 獲取到 0 筆靜息心率數據
 HRV raw samples count: 0, sources: []
Test Case '-[HavitalTests.AuthUserTests testAuthUserWithDefaultValues]' started.
Test Case '-[HavitalTests.AuthUserTests testAuthUserWithDefaultValues]' passed (0.000 seconds).
Test Case '-[HavitalTests.AuthUserTests testCodableDecoding]' started.
 HRV raw samples count: 0, sources: []
📊 [fetchRestingHeartRateData] 獲取到 0 筆靜息心率數據
📊 [fetchRestingHeartRateData] 獲取到 0 筆靜息心率數據
📊 [fetchRestingHeartRateData] 獲取到 0 筆靜息心率數據
Test Case '-[HavitalTests.AuthUserTests testCodableDecoding]' passed (0.002 seconds).
Test Case '-[HavitalTests.AuthUserTests testCodableEncoding]' started.
 HRV raw samples count: 0, sources: []
 HRV raw samples count: 0, sources: []
 HRV raw samples count: 0, sources: []
 HRV raw samples count: 0, sources: []
Test Case '-[HavitalTests.AuthUserTests testCodableEncoding]' passed (0.001 seconds).
Test Case '-[HavitalTests.AuthUserTests testEquatable_DifferentOnboardingMode]' started.
Test Case '-[HavitalTests.AuthUserTests testEquatable_DifferentOnboardingMode]' passed (0.000 seconds).
 HRV raw samples count: 0, sources: []
Test Case '-[HavitalTests.AuthUserTests testEquatable_DifferentUID]' started.
Test Case '-[HavitalTests.AuthUserTests testEquatable_DifferentUID]' passed (0.000 seconds).
Test Case '-[HavitalTests.AuthUserTests testEquatable_SameProperties]' started.
Test Case '-[HavitalTests.AuthUserTests testEquatable_SameProperties]' passed (0.000 seconds).
Test Case '-[HavitalTests.AuthUserTests testIsNewUser]' started.
Test Case '-[HavitalTests.AuthUserTests testIsNewUser]' passed (0.000 seconds).
Test Case '-[HavitalTests.AuthUserTests testIsReonboarding]' started.
Test Case '-[HavitalTests.AuthUserTests testIsReonboarding]' passed (0.000 seconds).
Test Case '-[HavitalTests.AuthUserTests testNeedsOnboarding_WhenCompleted]' started.
Test Case '-[HavitalTests.AuthUserTests testNeedsOnboarding_WhenCompleted]' passed (0.000 seconds).
Test Case '-[HavitalTests.AuthUserTests testNeedsOnboarding_WhenNotCompletedAndModeIsInitial]' started.
Test Case '-[HavitalTests.AuthUserTests testNeedsOnboarding_WhenNotCompletedAndModeIsInitial]' passed (0.000 seconds).
Test Case '-[HavitalTests.AuthUserTests testNeedsOnboarding_WhenNotCompletedAndModeIsReonboarding]' started.
Test Case '-[HavitalTests.AuthUserTests testNeedsOnboarding_WhenNotCompletedAndModeIsReonboarding]' passed (0.001 seconds).
Test Case '-[HavitalTests.AuthUserTests testNeedsOnboarding_WhenNotCompletedButModeIsNone]' started.
Test Case '-[HavitalTests.AuthUserTests testNeedsOnboarding_WhenNotCompletedButModeIsNone]' passed (0.000 seconds).
Test Case '-[HavitalTests.AuthUserTests testOnboardingModeCodable]' started.
Test Case '-[HavitalTests.AuthUserTests testOnboardingModeCodable]' passed (0.000 seconds).
Test Case '-[HavitalTests.AuthUserTests testOnboardingModeRawValues]' started.
Test Case '-[HavitalTests.AuthUserTests testOnboardingModeRawValues]' passed (0.000 seconds).
Test Suite 'AuthUserTests' passed at 2026-08-29 15:40:05.560.
	 Executed 15 tests, with 0 failures (0 unexpected) in 0.008 (0.011) seconds
Test Suite 'AuthenticationErrorTests' started at 2026-08-29 15:40:05.560.
Test Case '-[HavitalTests.AuthenticationErrorTests testAppleSignInFailed]' started.
Test Case '-[HavitalTests.AuthenticationErrorTests testAppleSignInFailed]' passed (0.003 seconds).
Test Case '-[HavitalTests.AuthenticationErrorTests testBackendSyncFailed]' started.
Test Case '-[HavitalTests.AuthenticationErrorTests testBackendSyncFailed]' passed (0.000 seconds).
Test Case '-[HavitalTests.AuthenticationErrorTests testEquatable_DifferentErrorTypes]' started.
Test Case '-[HavitalTests.AuthenticationErrorTests testEquatable_DifferentErrorTypes]' passed (0.000 seconds).
Test Case '-[HavitalTests.AuthenticationErrorTests testEquatable_DifferentMessages]' started.
Test Case '-[HavitalTests.AuthenticationErrorTests testEquatable_DifferentMessages]' passed (0.000 seconds).
Test Case '-[HavitalTests.AuthenticationErrorTests testEquatable_SameErrorWithMessage]' started.
Test Case '-[HavitalTests.AuthenticationErrorTests testEquatable_SameErrorWithMessage]' passed (0.000 seconds).
Test Case '-[HavitalTests.AuthenticationErrorTests testEquatable_SimpleErrors]' started.
Test Case '-[HavitalTests.AuthenticationErrorTests testEquatable_SimpleErrors]' passed (0.001 seconds).
Test Case '-[HavitalTests.AuthenticationErrorTests testFirebaseAuthFailed]' started.
Test Case '-[HavitalTests.AuthenticationErrorTests testFirebaseAuthFailed]' passed (0.000 seconds).
Test Case '-[HavitalTests.AuthenticationErrorTests testGoogleSignInFailed]' started.
Test Case '-[HavitalTests.AuthenticationErrorTests testGoogleSignInFailed]' passed (0.000 seconds).
Test Case '-[HavitalTests.AuthenticationErrorTests testInvalidCredentials]' started.
Test Case '-[HavitalTests.AuthenticationErrorTests testInvalidCredentials]' passed (0.000 seconds).
Test Case '-[HavitalTests.AuthenticationErrorTests testLocalizedDescription_GoogleSignInFailed]' started.
Test Case '-[HavitalTests.AuthenticationErrorTests testLocalizedDescription_GoogleSignInFailed]' passed (0.000 seconds).
Test Case '-[HavitalTests.AuthenticationErrorTests testLocalizedDescription_InvalidCredentials]' started.
Test Case '-[HavitalTests.AuthenticationErrorTests testLocalizedDescription_InvalidCredentials]' passed (0.000 seconds).
Test Case '-[HavitalTests.AuthenticationErrorTests testLocalizedDescription_NetworkFailure]' started.
Test Case '-[HavitalTests.AuthenticationErrorTests testLocalizedDescription_NetworkFailure]' passed (0.000 seconds).
Test Case '-[HavitalTests.AuthenticationErrorTests testNetworkFailure]' started.
Test Case '-[HavitalTests.AuthenticationErrorTests testNetworkFailure]' passed (0.000 seconds).
Test Case '-[HavitalTests.AuthenticationErrorTests testOnboardingRequired]' started.
Test Case '-[HavitalTests.AuthenticationErrorTests testOnboardingRequired]' passed (0.000 seconds).
Test Case '-[HavitalTests.AuthenticationErrorTests testToDomainError_AppleSignInFailed]' started.
Test Case '-[HavitalTests.AuthenticationErrorTests testToDomainError_AppleSignInFailed]' passed (0.000 seconds).
Test Case '-[HavitalTests.AuthenticationErrorTests testToDomainError_BackendSyncFailed]' started.
Test Case '-[HavitalTests.AuthenticationErrorTests testToDomainError_BackendSyncFailed]' passed (0.000 seconds).
Test Case '-[HavitalTests.AuthenticationErrorTests testToDomainError_FirebaseAuthFailed]' started.
Test Case '-[HavitalTests.AuthenticationErrorTests testToDomainError_FirebaseAuthFailed]' passed (0.000 seconds).
Test Case '-[HavitalTests.AuthenticationErrorTests testToDomainError_GoogleSignInFailed]' started.
Test Case '-[HavitalTests.AuthenticationErrorTests testToDomainError_GoogleSignInFailed]' passed (0.000 seconds).
Test Case '-[HavitalTests.AuthenticationErrorTests testToDomainError_InvalidCredentials]' started.
Test Case '-[HavitalTests.AuthenticationErrorTests testToDomainError_InvalidCredentials]' passed (0.000 seconds).
Test Case '-[HavitalTests.AuthenticationErrorTests testToDomainError_NetworkFailure]' started.
Test Case '-[HavitalTests.AuthenticationErrorTests testToDomainError_NetworkFailure]' passed (0.000 seconds).
Test Case '-[HavitalTests.AuthenticationErrorTests testToDomainError_OnboardingRequired]' started.
Test Case '-[HavitalTests.AuthenticationErrorTests testToDomainError_OnboardingRequired]' passed (0.000 seconds).
Test Case '-[HavitalTests.AuthenticationErrorTests testToDomainError_TokenExpired]' started.
Test Case '-[HavitalTests.AuthenticationErrorTests testToDomainError_TokenExpired]' passed (0.003 seconds).
Test Case '-[HavitalTests.AuthenticationErrorTests testToDomainError_UserNotFound]' started.
Test Case '-[HavitalTests.AuthenticationErrorTests testToDomainError_UserNotFound]' passed (0.000 seconds).
Test Case '-[HavitalTests.AuthenticationErrorTests testTokenExpired]' started.
Test Case '-[HavitalTests.AuthenticationErrorTests testTokenExpired]' passed (0.000 seconds).
Test Case '-[HavitalTests.AuthenticationErrorTests testUserNotFound]' started.
Test Case '-[HavitalTests.AuthenticationErrorTests testUserNotFound]' passed (0.000 seconds).
Test Suite 'AuthenticationErrorTests' passed at 2026-08-29 15:40:05.582.
	 Executed 25 tests, with 0 failures (0 unexpected) in 0.014 (0.021) seconds
Test Suite 'AuthenticationIntegrationTests' started at 2026-08-29 15:40:05.582.
Test Case '-[HavitalTests.AuthenticationIntegrationTests testConcurrentDemoLogins_NoRaceCondition]' started.
📊 [loadHealthDataForRange] ❌ API 調用失敗: Authentication token has expired.
📊 [loadHealthDataForRange] 回退到本地 HealthKit 數據
[CacheEventBus] [DEBUG] [CacheEventBus] 通知 7 個 identifier 訂閱者: userLogout
📊 [loadHealthDataForRange] ❌ API 調用失敗: Authentication token has expired.
📊 [loadHealthDataForRange] 回退到本地 HealthKit 數據
📊 [loadHealthDataForRange] ❌ API 調用失敗: Authentication token has expired.
📊 [loadHealthDataForRange] 回退到本地 HealthKit 數據
📊 [loadHealthDataForRange] ❌ API 調用失敗: Authentication token has expired.
📊 [loadHealthDataForRange] 回退到本地 HealthKit 數據
📊 [loadHealthDataForRange] 開始載入數據，天數: 14
📤 [collectHealthDataForUpload] 獲取到 0 筆 HRV 原始數據
📤 [collectHealthDataForUpload] 獲取到 0 筆靜息心率原始數據
📤 [collectHealthDataForUpload] 分組後有 0 天的 HRV 數據
📤 [collectHealthDataForUpload] 分組後有 0 天的靜息心率數據
📤 [collectHealthDataForUpload] 準備上傳 0 筆健康記錄
[CacheEventBus] [DEBUG] [CacheEventBus] 通知 3 個 event 訂閱者: userLogout
[HealthDataUploadManagerV2] [INFO] [FirebaseLogging] 收集健康數據完成
 HRV authorization status: 1
📤 [performUploadRecentData] 沒有需要上傳的數據
📊 [getLocalHealthData] ✅ 返回 1 筆記錄（HRV: 0 天，RHR: 1 天）
📤 [collectHealthDataForUpload] 獲取到 0 筆 HRV 原始數據
📤 [collectHealthDataForUpload] 獲取到 0 筆靜息心率原始數據
📤 [collectHealthDataForUpload] 分組後有 0 天的 HRV 數據
📤 [collectHealthDataForUpload] 分組後有 0 天的靜息心率數據
📤 [collectHealthDataForUpload] 準備上傳 0 筆健康記錄
[HealthDataUploadManagerV2] [INFO] [FirebaseLogging] 收集健康數據完成
📤 [performUploadRecentData] 沒有需要上傳的數據
📤 [collectHealthDataForUpload] 獲取到 0 筆 HRV 原始數據
📤 [collectHealthDataForUpload] 獲取到 0 筆靜息心率原始數據
📤 [collectHealthDataForUpload] 分組後有 0 天的 HRV 數據
📤 [collectHealthDataForUpload] 分組後有 0 天的靜息心率數據
📤 [collectHealthDataForUpload] 準備上傳 0 筆健康記錄
[HealthDataUploadManagerV2] [INFO] [FirebaseLogging] 收集健康數據完成
📤 [performUploadRecentData] 沒有需要上傳的數據
📊 [getLocalHealthData] ✅ 返回 1 筆記錄（HRV: 0 天，RHR: 1 天）
📤 [collectHealthDataForUpload] 獲取到 0 筆 HRV 原始數據
📤 [collectHealthDataForUpload] 獲取到 0 筆靜息心率原始數據
📤 [collectHealthDataForUpload] 分組後有 0 天的 HRV 數據
📤 [collectHealthDataForUpload] 分組後有 0 天的靜息心率數據
📤 [collectHealthDataForUpload] 準備上傳 0 筆健康記錄
[HealthDataUploadManagerV2] [INFO] [FirebaseLogging] 收集健康數據完成
📤 [performUploadRecentData] 沒有需要上傳的數據
📤 [collectHealthDataForUpload] 獲取到 0 筆 HRV 原始數據
📤 [collectHealthDataForUpload] 獲取到 0 筆靜息心率原始數據
📤 [collectHealthDataForUpload] 分組後有 0 天的 HRV 數據
📤 [collectHealthDataForUpload] 分組後有 0 天的靜息心率數據
📤 [collectHealthDataForUpload] 準備上傳 0 筆健康記錄
[HealthDataUploadManagerV2] [INFO] [FirebaseLogging] 收集健康數據完成
📤 [performUploadRecentData] 沒有需要上傳的數據
[LoginViewModel] [DEBUG] [LoginViewModel] Initialized
[AuthCoordinatorViewModel] [DEBUG] [AuthCoordinator] Initialized
[AuthCoordinatorViewModel] [DEBUG] [AuthCoordinator] Subscribed to authentication events
[Subscription] State.update skipped (no change): status=none inGrace=false
 HRV raw samples count: 0, sources: []
[OnboardingCoordinator] 狀態已重置
📊 [loadHealthDataForRange] 開始載入數據，天數: 14
[AuthenticationViewModel] [DEBUG] [AuthViewModel] Received userLogout event, clearing auth state
[HealthDataUploadManagerV2] [WARN] [FirebaseLogging] 從 API 載入失敗，使用本地數據
[HealthDataUploadManagerV2] [WARN] [FirebaseLogging] 從 API 載入失敗，使用本地數據
[AuthSessionRepositoryImpl] [ERROR] [AuthSession] ❌ Failed to get ID Token: Authentication token has expired.
 HRV authorization status: 1
 HRV authorization status: 1
 HRV authorization status: 1
 HRV authorization status: 1
 HRV raw samples count: 0, sources: []
 HRV raw samples count: 0, sources: []
 HRV raw samples count: 0, sources: []
 HRV raw samples count: 0, sources: []
/Users/wubaizong/havital/apps/ios/Havital/.worktrees/t0306-app2-skeleton/HavitalTests/Features/Authentication/Integration/AuthenticationIntegrationTests.swift:317: -[HavitalTests.AuthenticationIntegrationTests testConcurrentDemoLogins_NoRaceCondition] : Test skipped - Set HAVITAL_REVIEWER_PASSCODE to run reviewer demo login integration tests.
📊 [getLocalHealthData] ✅ 返回 1 筆記錄（HRV: 0 天，RHR: 1 天）
📊 [loadHealthDataForRange] ❌ API 調用失敗: Authentication token has expired.
📊 [loadHealthDataForRange] 回退到本地 HealthKit 數據
📊 [getLocalHealthData] ✅ 返回 1 筆記錄（HRV: 0 天，RHR: 1 天）
[AuthSessionRepositoryImpl] [ERROR] [AuthSession] ❌ Failed to get ID Token: Authentication token has expired.
📊 [getLocalHealthData] ✅ 返回 1 筆記錄（HRV: 0 天，RHR: 1 天）
📊 [getLocalHealthData] ✅ 返回 1 筆記錄（HRV: 0 天，RHR: 1 天）
📊 [getLocalHealthData] ✅ 返回 1 筆記錄（HRV: 0 天，RHR: 1 天）
[AuthRepositoryImpl] [DEBUG] [AuthRepository] Signing out user
[FirebaseAuthDataSource] [DEBUG] Firebase sign-out succeeded
[AuthSessionRepositoryImpl] [DEBUG] [AuthSession] 🎯 Demo token set in SessionRepo ID: ObjectIdentifier(0x0000000133be0600). Token: cleared
[AuthSessionRepositoryImpl] [DEBUG] [AuthSession] 🎯 Demo user cleared
[UserDefaultsAuthCache] [DEBUG] Auth cache cleared
[AuthRepositoryImpl] [DEBUG] [AuthRepository] Sign-out completed successfully
[HealthDataUploadManagerV2] [WARN] [FirebaseLogging] 從 API 載入失敗，使用本地數據
[HealthDataUploadManagerV2] [WARN] [FirebaseLogging] 從 API 載入失敗，使用本地數據
[HealthDataUploadManagerV2] [WARN] [FirebaseLogging] 從 API 載入失敗，使用本地數據
📊 [loadHealthDataForRange] ❌ API 調用失敗: Authentication token has expired.
📊 [loadHealthDataForRange] 回退到本地 HealthKit 數據
[HealthDataUploadManagerV2] [WARN] [FirebaseLogging] 從 API 載入失敗，使用本地數據
[HealthDataUploadManagerV2] [WARN] [FirebaseLogging] 從 API 載入失敗，使用本地數據
[AuthCoordinatorViewModel] [DEBUG] [AuthCoordinator] Deinitialized
Test Case '-[HavitalTests.AuthenticationIntegrationTests testConcurrentDemoLogins_NoRaceCondition]' skipped (0.013 seconds).
Test Case '-[HavitalTests.AuthenticationIntegrationTests testDemoLogin_CompleteFlow]' started.
 HRV authorization status: 1
📊 [forceRefreshHealthData] 強制刷新 14 天數據
[CacheEventBus] [DEBUG] [CacheEventBus] 通知 6 個 identifier 訂閱者: userLogout
[LoginViewModel] [DEBUG] [LoginViewModel] Initialized
[AuthCoordinatorViewModel] [DEBUG] [AuthCoordinator] Initialized
[AuthCoordinatorViewModel] [DEBUG] [AuthCoordinator] Subscribed to authentication events
[Subscription] State.update skipped (no change): status=none inGrace=false
[OnboardingCoordinator] 狀態已重置
 HRV authorization status: 1
/Users/wubaizong/havital/apps/ios/Havital/.worktrees/t0306-app2-skeleton/HavitalTests/Features/Authentication/Integration/AuthenticationIntegrationTests.swift:107: -[HavitalTests.AuthenticationIntegrationTests testDemoLogin_CompleteFlow] : Test skipped - Set HAVITAL_REVIEWER_PASSCODE to run reviewer demo login integration tests.
📊 [loadHealthDataForRange] 開始載入數據，天數: 14
[AuthRepositoryImpl] [DEBUG] [AuthRepository] Signing out user
[FirebaseAuthDataSource] [DEBUG] Firebase sign-out succeeded
[AuthSessionRepositoryImpl] [DEBUG] [AuthSession] 🎯 Demo token set in SessionRepo ID: ObjectIdentifier(0x0000000133be0c60). Token: cleared
[AuthSessionRepositoryImpl] [DEBUG] [AuthSession] 🎯 Demo user cleared
[UserDefaultsAuthCache] [DEBUG] Auth cache cleared
[AuthRepositoryImpl] [DEBUG] [AuthRepository] Sign-out completed successfully
[AuthCoordinatorViewModel] [DEBUG] [AuthCoordinator] Deinitialized
[AuthSessionRepositoryImpl] [ERROR] [AuthSession] ❌ Failed to get ID Token: Authentication token has expired.
Test Case '-[HavitalTests.AuthenticationIntegrationTests testDemoLogin_CompleteFlow]' skipped (0.001 seconds).
Test Case '-[HavitalTests.AuthenticationIntegrationTests testDemoLogin_HandlesNetworkFailure]' started.
📊 [loadHealthDataForRange] ❌ API 調用失敗: Authentication token has expired.
📊 [loadHealthDataForRange] 回退到本地 HealthKit 數據
[LoginViewModel] [DEBUG] [LoginViewModel] Initialized
[AuthCoordinatorViewModel] [DEBUG] [AuthCoordinator] Initialized
[AuthCoordinatorViewModel] [DEBUG] [AuthCoordinator] Subscribed to authentication events
 HRV raw samples count: 0, sources: []
📊 [getLocalHealthData] ✅ 返回 1 筆記錄（HRV: 0 天，RHR: 1 天）
[HealthDataUploadManagerV2] [WARN] [FirebaseLogging] 從 API 載入失敗，使用本地數據
[AuthRepositoryImpl] [DEBUG] [AuthRepository] Signing out user
 HRV raw samples count: 0, sources: []
[FirebaseAuthDataSource] [DEBUG] Firebase sign-out succeeded
[AuthSessionRepositoryImpl] [DEBUG] [AuthSession] 🎯 Demo token set in SessionRepo ID: ObjectIdentifier(0x0000000133be08a0). Token: cleared
📊 [getLocalHealthData] ✅ 返回 1 筆記錄（HRV: 0 天，RHR: 1 天）
 HRV authorization status: 1
[AuthSessionRepositoryImpl] [DEBUG] [AuthSession] 🎯 Demo user cleared
[UserDefaultsAuthCache] [DEBUG] Auth cache cleared
[AuthRepositoryImpl] [DEBUG] [AuthRepository] Sign-out completed successfully
[HealthDataUploadManagerV2] [WARN] [FirebaseLogging] 從 API 載入失敗，使用本地數據
[AuthCoordinatorViewModel] [DEBUG] [AuthCoordinator] Deinitialized
Test Case '-[HavitalTests.AuthenticationIntegrationTests testDemoLogin_HandlesNetworkFailure]' passed (0.002 seconds).
Test Case '-[HavitalTests.AuthenticationIntegrationTests testDemoLogin_UpdatesAuthCoordinator]' started.
[LoginViewModel] [DEBUG] [LoginViewModel] Initialized
[AuthCoordinatorViewModel] [DEBUG] [AuthCoordinator] Initialized
[AuthCoordinatorViewModel] [DEBUG] [AuthCoordinator] Subscribed to authentication events
 HRV raw samples count: 0, sources: []
/Users/wubaizong/havital/apps/ios/Havital/.worktrees/t0306-app2-skeleton/HavitalTests/Features/Authentication/Integration/AuthenticationIntegrationTests.swift:144: -[HavitalTests.AuthenticationIntegrationTests testDemoLogin_UpdatesAuthCoordinator] : Test skipped - Set HAVITAL_REVIEWER_PASSCODE to run reviewer demo login integration tests.
📊 [getLocalHealthData] ✅ 返回 1 筆記錄（HRV: 0 天，RHR: 1 天）
[AuthRepositoryImpl] [DEBUG] [AuthRepository] Signing out user
[FirebaseAuthDataSource] [DEBUG] Firebase sign-out succeeded
[HealthDataUploadManagerV2] [WARN] [FirebaseLogging] 從 API 載入失敗，使用本地數據
[AuthSessionRepositoryImpl] [DEBUG] [AuthSession] 🎯 Demo token set in SessionRepo ID: ObjectIdentifier(0x0000000133be08a0). Token: cleared
[AuthSessionRepositoryImpl] [DEBUG] [AuthSession] 🎯 Demo user cleared
[UserDefaultsAuthCache] [DEBUG] Auth cache cleared
[AuthRepositoryImpl] [DEBUG] [AuthRepository] Sign-out completed successfully
[AuthCoordinatorViewModel] [DEBUG] [AuthCoordinator] Deinitialized
Test Case '-[HavitalTests.AuthenticationIntegrationTests testDemoLogin_UpdatesAuthCoordinator]' skipped (0.003 seconds).
Test Case '-[HavitalTests.AuthenticationIntegrationTests testSessionRestoration_FromCache]' started.
[LoginViewModel] [DEBUG] [LoginViewModel] Initialized
[AuthCoordinatorViewModel] [DEBUG] [AuthCoordinator] Initialized
[AuthCoordinatorViewModel] [DEBUG] [AuthCoordinator] Subscribed to authentication events
/Users/wubaizong/havital/apps/ios/Havital/.worktrees/t0306-app2-skeleton/HavitalTests/Features/Authentication/Integration/AuthenticationIntegrationTests.swift:244: -[HavitalTests.AuthenticationIntegrationTests testSessionRestoration_FromCache] : Test skipped - Set HAVITAL_REVIEWER_PASSCODE to run reviewer demo login integration tests.
[AuthRepositoryImpl] [DEBUG] [AuthRepository] Signing out user
[FirebaseAuthDataSource] [DEBUG] Firebase sign-out succeeded
[AuthSessionRepositoryImpl] [DEBUG] [AuthSession] 🎯 Demo token set in SessionRepo ID: ObjectIdentifier(0x0000000133be08a0). Token: cleared
[AuthSessionRepositoryImpl] [DEBUG] [AuthSession] 🎯 Demo user cleared
[UserDefaultsAuthCache] [DEBUG] Auth cache cleared
[AuthRepositoryImpl] [DEBUG] [AuthRepository] Sign-out completed successfully
[AuthCoordinatorViewModel] [DEBUG] [AuthCoordinator] Deinitialized
Test Case '-[HavitalTests.AuthenticationIntegrationTests testSessionRestoration_FromCache]' skipped (0.001 seconds).
Test Case '-[HavitalTests.AuthenticationIntegrationTests testSignOut_ClearsAuthenticationState]' started.
[LoginViewModel] [DEBUG] [LoginViewModel] Initialized
[AuthCoordinatorViewModel] [DEBUG] [AuthCoordinator] Initialized
[AuthCoordinatorViewModel] [DEBUG] [AuthCoordinator] Subscribed to authentication events
/Users/wubaizong/havital/apps/ios/Havital/.worktrees/t0306-app2-skeleton/HavitalTests/Features/Authentication/Integration/AuthenticationIntegrationTests.swift:189: -[HavitalTests.AuthenticationIntegrationTests testSignOut_ClearsAuthenticationState] : Test skipped - Set HAVITAL_REVIEWER_PASSCODE to run reviewer demo login integration tests.
[AuthRepositoryImpl] [DEBUG] [AuthRepository] Signing out user
[FirebaseAuthDataSource] [DEBUG] Firebase sign-out succeeded
[AuthSessionRepositoryImpl] [DEBUG] [AuthSession] 🎯 Demo token set in SessionRepo ID: ObjectIdentifier(0x0000000133be08a0). Token: cleared
[AuthSessionRepositoryImpl] [DEBUG] [AuthSession] 🎯 Demo user cleared
[UserDefaultsAuthCache] [DEBUG] Auth cache cleared
[AuthRepositoryImpl] [DEBUG] [AuthRepository] Sign-out completed successfully
[AuthCoordinatorViewModel] [DEBUG] [AuthCoordinator] Deinitialized
Test Case '-[HavitalTests.AuthenticationIntegrationTests testSignOut_ClearsAuthenticationState]' skipped (0.001 seconds).
Test Case '-[HavitalTests.AuthenticationIntegrationTests testSignOut_ClearsCache]' started.
[LoginViewModel] [DEBUG] [LoginViewModel] Initialized
[AuthCoordinatorViewModel] [DEBUG] [AuthCoordinator] Initialized
[AuthCoordinatorViewModel] [DEBUG] [AuthCoordinator] Subscribed to authentication events
/Users/wubaizong/havital/apps/ios/Havital/.worktrees/t0306-app2-skeleton/HavitalTests/Features/Authentication/Integration/AuthenticationIntegrationTests.swift:216: -[HavitalTests.AuthenticationIntegrationTests testSignOut_ClearsCache] : Test skipped - Set HAVITAL_REVIEWER_PASSCODE to run reviewer demo login integration tests.
[AuthRepositoryImpl] [DEBUG] [AuthRepository] Signing out user
[FirebaseAuthDataSource] [DEBUG] Firebase sign-out succeeded
[AuthSessionRepositoryImpl] [DEBUG] [AuthSession] 🎯 Demo token set in SessionRepo ID: ObjectIdentifier(0x0000000133be0c60). Token: cleared
[AuthSessionRepositoryImpl] [DEBUG] [AuthSession] 🎯 Demo user cleared
[UserDefaultsAuthCache] [DEBUG] Auth cache cleared
[AuthRepositoryImpl] [DEBUG] [AuthRepository] Sign-out completed successfully
[AuthCoordinatorViewModel] [DEBUG] [AuthCoordinator] Deinitialized
Test Case '-[HavitalTests.AuthenticationIntegrationTests testSignOut_ClearsCache]' skipped (0.001 seconds).
Test Suite 'AuthenticationIntegrationTests' passed at 2026-08-29 15:40:05.605.
	 Executed 7 tests, with 6 tests skipped and 0 failures (0 unexpected) in 0.022 (0.023) seconds
Test Suite 'BackfillPromptViewModelTests' started at 2026-08-29 15:40:05.605.
Test Case '-[HavitalTests.BackfillPromptViewModelTests testConfirmBackfillNavigatesToSyncWithoutMarkingSkipped]' started.
[OnboardingBackfillCoordinator] [DEBUG] OnboardingBackfillCoordinator: 重置 backfill 狀態
[BackfillPromptViewModel] [DEBUG] BackfillPromptViewModel: 初始化
[BackfillPromptViewModel] [DEBUG]   - 資料來源: garmin
[BackfillPromptViewModel] [DEBUG]   - 目標距離: 21.1 km
[BackfillPromptViewModel] [DEBUG] BackfillPromptViewModel: 用戶確認進行 backfill
[BackfillPromptViewModel] [INFO] [FirebaseLogging] 用戶確認 Onboarding backfill
[OnboardingBackfillCoordinator] [DEBUG] OnboardingBackfillCoordinator: 重置 backfill 狀態
Test Case '-[HavitalTests.BackfillPromptViewModelTests testConfirmBackfillNavigatesToSyncWithoutMarkingSkipped]' passed (0.002 seconds).
Test Case '-[HavitalTests.BackfillPromptViewModelTests testDataSourceMetadataMatchesProvider]' started.
[OnboardingBackfillCoordinator] [DEBUG] OnboardingBackfillCoordinator: 重置 backfill 狀態
[BackfillPromptViewModel] [DEBUG] BackfillPromptViewModel: 初始化
[BackfillPromptViewModel] [DEBUG]   - 資料來源: garmin
[BackfillPromptViewModel] [DEBUG]   - 目標距離: 10.0 km
[BackfillPromptViewModel] [DEBUG] BackfillPromptViewModel: 初始化
[BackfillPromptViewModel] [DEBUG]   - 資料來源: strava
[BackfillPromptViewModel] [DEBUG]   - 目標距離: 10.0 km
[BackfillPromptViewModel] [DEBUG] BackfillPromptViewModel: 初始化
[BackfillPromptViewModel] [DEBUG]   - 資料來源: apple_health
[BackfillPromptViewModel] [DEBUG]   - 目標距離: 10.0 km
[OnboardingBackfillCoordinator] [DEBUG] OnboardingBackfillCoordinator: 重置 backfill 狀態
Test Case '-[HavitalTests.BackfillPromptViewModelTests testDataSourceMetadataMatchesProvider]' passed (0.000 seconds).
Test Case '-[HavitalTests.BackfillPromptViewModelTests testSkipBackfillMarksSkippedAndNavigatesToPersonalBest]' started.
[OnboardingBackfillCoordinator] [DEBUG] OnboardingBackfillCoordinator: 重置 backfill 狀態
[BackfillPromptViewModel] [DEBUG] BackfillPromptViewModel: 初始化
[BackfillPromptViewModel] [DEBUG]   - 資料來源: strava
[BackfillPromptViewModel] [DEBUG]   - 目標距離: 42.195 km
[BackfillPromptViewModel] [DEBUG] BackfillPromptViewModel: 用戶選擇跳過 backfill
[BackfillPromptViewModel] [INFO] [FirebaseLogging] 用戶跳過 Onboarding backfill
[OnboardingBackfillCoordinator] [DEBUG] OnboardingBackfillCoordinator: 用戶選擇跳過 backfill
[OnboardingBackfillCoordinator] [INFO] [FirebaseLogging] 用戶跳過 Onboarding backfill
[OnboardingBackfillCoordinator] [DEBUG] OnboardingBackfillCoordinator: 重置 backfill 狀態
Test Case '-[HavitalTests.BackfillPromptViewModelTests testSkipBackfillMarksSkippedAndNavigatesToPersonalBest]' passed (0.002 seconds).
Test Suite 'BackfillPromptViewModelTests' passed at 2026-08-29 15:40:05.610.
	 Executed 3 tests, with 0 failures (0 unexpected) in 0.005 (0.005) seconds
Test Suite 'BackfillServiceTests' started at 2026-08-29 15:40:05.611.
Test Case '-[HavitalTests.BackfillServiceTests testEnsureInitialGarminBackfillCallsGuardEndpointAndCapsDaysAt90]' started.
[BackfillService] [DEBUG] [BackfillService] Garmin ensure-initial backfill - 調用 API: POST /garmin/backfill/ensure-initial
[BackfillService] [DEBUG] [BackfillService] Garmin ensure-initial backfill - 收到響應，數據大小: 124 bytes
[BackfillService] [INFO] [FirebaseLogging] Garmin ensure-initial backfill decision
[BackfillService] [DEBUG] [BackfillService] 已保存 backfill_id: garmin-backfill-1 for garmin
Test Case '-[HavitalTests.BackfillServiceTests testEnsureInitialGarminBackfillCallsGuardEndpointAndCapsDaysAt90]' passed (0.005 seconds).
Test Case '-[HavitalTests.BackfillServiceTests testEnsureInitialGarminBackfillDoesNotThrowOnNonStartedDecisions]' started.
[BackfillService] [DEBUG] [BackfillService] Garmin ensure-initial backfill - 調用 API: POST /garmin/backfill/ensure-initial
[BackfillService] [DEBUG] [BackfillService] Garmin ensure-initial backfill - 收到響應，數據大小: 81 bytes
[AuthSessionRepositoryImpl] [ERROR] [AuthSession] ❌ Failed to get ID Token: Authentication token has expired.
[FirebaseLogging] 上傳失敗: Authentication token has expired.
[BackfillService] [INFO] [FirebaseLogging] Garmin ensure-initial backfill decision
[BackfillService] [DEBUG] [BackfillService] Garmin ensure-initial backfill - 調用 API: POST /garmin/backfill/ensure-initial
[BackfillService] [DEBUG] [BackfillService] Garmin ensure-initial backfill - 收到響應，數據大小: 80 bytes
[AuthSessionRepositoryImpl] [ERROR] [AuthSession] ❌ Failed to get ID Token: Authentication token has expired.
[FirebaseLogging] 上傳失敗: Authentication token has expired.
[BackfillService] [INFO] [FirebaseLogging] Garmin ensure-initial backfill decision
[BackfillService] [DEBUG] [BackfillService] Garmin ensure-initial backfill - 調用 API: POST /garmin/backfill/ensure-initial
[BackfillService] [DEBUG] [BackfillService] Garmin ensure-initial backfill - 收到響應，數據大小: 75 bytes
[AuthSessionRepositoryImpl] [ERROR] [AuthSession] ❌ Failed to get ID Token: Authentication token has expired.
[FirebaseLogging] 上傳失敗: Authentication token has expired.
[BackfillService] [INFO] [FirebaseLogging] Garmin ensure-initial backfill decision
[BackfillService] [DEBUG] [BackfillService] Garmin ensure-initial backfill - 調用 API: POST /garmin/backfill/ensure-initial
[BackfillService] [DEBUG] [BackfillService] Garmin ensure-initial backfill - 收到響應，數據大小: 76 bytes
[AuthSessionRepositoryImpl] [ERROR] [AuthSession] ❌ Failed to get ID Token: Authentication token has expired.
[BackfillService] [INFO] [FirebaseLogging] Garmin ensure-initial backfill decision
[FirebaseLogging] 上傳失敗: Authentication token has expired.
Test Case '-[HavitalTests.BackfillServiceTests testEnsureInitialGarminBackfillDoesNotThrowOnNonStartedDecisions]' passed (0.002 seconds).
Test Case '-[HavitalTests.BackfillServiceTests testGetGarminBackfillStatusBuildsPathAndParsesResponse]' started.
[AuthSessionRepositoryImpl] [ERROR] [AuthSession] ❌ Failed to get ID Token: Authentication token has expired.
[FirebaseLogging] 上傳失敗: Authentication token has expired.
[BackfillService] [DEBUG] [BackfillService] Garmin Backfill 狀態查詢 - 調用 API: GET /garmin/backfill/garmin-123
[BackfillService] [DEBUG] [BackfillService] Garmin Backfill 狀態查詢 - 收到響應，數據大小: 451 bytes
[BackfillService] [INFO] [FirebaseLogging] Garmin Backfill 狀態查詢成功
Test Case '-[HavitalTests.BackfillServiceTests testGetGarminBackfillStatusBuildsPathAndParsesResponse]' passed (0.005 seconds).
Test Case '-[HavitalTests.BackfillServiceTests testTriggerStravaBackfillPostsExpectedBodyAndReturnsBackfillId]' started.
[AuthSessionRepositoryImpl] [ERROR] [AuthSession] ❌ Failed to get ID Token: Authentication token has expired.
[FirebaseLogging] 上傳失敗: Authentication token has expired.
[BackfillService] [DEBUG] [BackfillService] Strava Backfill 觸發 - 調用 API: POST /strava/backfill
[BackfillService] [DEBUG] [BackfillService] Strava Backfill 觸發 - 收到響應，數據大小: 96 bytes
[BackfillService] [INFO] [FirebaseLogging] Strava Backfill 觸發成功
Test Case '-[HavitalTests.BackfillServiceTests testTriggerStravaBackfillPostsExpectedBodyAndReturnsBackfillId]' passed (0.004 seconds).
Test Case '-[HavitalTests.BackfillServiceTests testTriggerStravaBackfillReturnsNilWhenServerResponds429]' started.
[AuthSessionRepositoryImpl] [ERROR] [AuthSession] ❌ Failed to get ID Token: Authentication token has expired.
[FirebaseLogging] 上傳失敗: Authentication token has expired.
[BackfillService] [DEBUG] [BackfillService] Strava Backfill 觸發 - 調用 API: POST /strava/backfill
[BackfillService] [INFO] [FirebaseLogging] Strava Backfill 已在進行中 (429)
Test Case '-[HavitalTests.BackfillServiceTests testTriggerStravaBackfillReturnsNilWhenServerResponds429]' passed (0.001 seconds).
Test Suite 'BackfillServiceTests' passed at 2026-08-29 15:40:05.628.
	 Executed 5 tests, with 0 failures (0 unexpected) in 0.016 (0.018) seconds
Test Suite 'BadgeDetailRedesignACTests' started at 2026-08-29 15:40:05.628.
Test Case '-[HavitalTests.BadgeDetailRedesignACTests test_badge_image_status_visually_distinct]' started.
/Users/wubaizong/havital/apps/ios/Havital/.worktrees/t0306-app2-skeleton/HavitalTests/spec_compliance/BadgeDetailRedesignACTests.swift:315: -[HavitalTests.BadgeDetailRedesignACTests test_badge_image_status_visually_distinct] : Test skipped - Backlog: AC-PACH-09/11/NEW-03 criteriaSection + 4-state badge image not yet implemented
Test Case '-[HavitalTests.BadgeDetailRedesignACTests test_badge_image_status_visually_distinct]' skipped (0.001 seconds).
Test Case '-[HavitalTests.BadgeDetailRedesignACTests test_pach_09_progress_shows_numeric_and_criteria]' started.
/Users/wubaizong/havital/apps/ios/Havital/.worktrees/t0306-app2-skeleton/HavitalTests/spec_compliance/BadgeDetailRedesignACTests.swift:112: -[HavitalTests.BadgeDetailRedesignACTests test_pach_09_progress_shows_numeric_and_criteria] : Test skipped - Backlog: AC-PACH-09/11/NEW-03 criteriaSection + 4-state badge image not yet implemented
Test Case '-[HavitalTests.BadgeDetailRedesignACTests test_pach_09_progress_shows_numeric_and_criteria]' skipped (0.001 seconds).
Test Case '-[HavitalTests.BadgeDetailRedesignACTests test_pach_11_unlocked_detail_full]' started.
/Users/wubaizong/havital/apps/ios/Havital/.worktrees/t0306-app2-skeleton/HavitalTests/spec_compliance/BadgeDetailRedesignACTests.swift:138: -[HavitalTests.BadgeDetailRedesignACTests test_pach_11_unlocked_detail_full] : Test skipped - Backlog: AC-PACH-09/11/NEW-03 criteriaSection + 4-state badge image not yet implemented
Test Case '-[HavitalTests.BadgeDetailRedesignACTests test_pach_11_unlocked_detail_full]' skipped (0.000 seconds).
Test Case '-[HavitalTests.BadgeDetailRedesignACTests test_pach_25_criteria_copy_covers_whole_catalog]' started.
/Users/wubaizong/havital/apps/ios/Havital/.worktrees/t0306-app2-skeleton/HavitalTests/spec_compliance/BadgeDetailRedesignACTests.swift:223: -[HavitalTests.BadgeDetailRedesignACTests test_pach_25_criteria_copy_covers_whole_catalog] : Test skipped - Blocked on AC-PACH-11 (criteriaSection not implemented) + backend-owned unlock rules for the 26 track badges. Locale parity for the criteria copy that DOES exist is covered by test_pach_25_i18n_no_raw_keys.
Test Case '-[HavitalTests.BadgeDetailRedesignACTests test_pach_25_criteria_copy_covers_whole_catalog]' skipped (0.000 seconds).
Test Case '-[HavitalTests.BadgeDetailRedesignACTests test_pach_25_i18n_no_raw_keys]' started.
[HTTPClient] [WARN] [HTTPClient] 收到 401 錯誤，嘗試刷新 token 並重試: GET /v2/announcements
[HTTPClient] [WARN] [FirebaseLogging] 收到 401 錯誤 - 嘗試刷新 token
[AuthSessionRepositoryImpl] [ERROR] [AuthSession] Failed to refresh ID Token: Authentication token has expired.
[HTTPClient] [ERROR] [HTTPClient] Token 刷新或重試失敗: Authentication token has expired.
[HTTPClient] [ERROR] [FirebaseLogging] 401 重試失敗
[HTTPClient] [ERROR] HTTP 錯誤 401: {"detail":{"success":false,"error":"Missing Authorization header"}}
[HTTPClient] [ERROR] ❌ Unauthorized: {"detail":{"success":false,"error":"Missing Authorization header"}}
[APICallTracker] [ERROR] 💥 [API Error] AnnouncementRemoteDataSource: fetchAnnouncements → GET /v2/announcements | Unauthorized: {"detail":{"success":false,"error":"Missing Authorization header"}}
[AnnouncementRepositoryImpl] [ERROR] [AnnouncementRepository] fetchAnnouncements failed: Unauthorized: {"detail":{"success":false,"error":"Missing Authorization header"}}
Test Case '-[HavitalTests.BadgeDetailRedesignACTests test_pach_25_i18n_no_raw_keys]' passed (0.021 seconds).
Test Case '-[HavitalTests.BadgeDetailRedesignACTests test_pach_new_01_hero_artwork_size]' started.
Test Case '-[HavitalTests.BadgeDetailRedesignACTests test_pach_new_01_hero_artwork_size]' passed (0.001 seconds).
Test Case '-[HavitalTests.BadgeDetailRedesignACTests test_pach_new_02_chapter_visual_distinct]' started.
Test Case '-[HavitalTests.BadgeDetailRedesignACTests test_pach_new_02_chapter_visual_distinct]' passed (0.001 seconds).
Test Case '-[HavitalTests.BadgeDetailRedesignACTests test_pach_new_03_locked_shows_criteria]' started.
/Users/wubaizong/havital/apps/ios/Havital/.worktrees/t0306-app2-skeleton/HavitalTests/spec_compliance/BadgeDetailRedesignACTests.swift:299: -[HavitalTests.BadgeDetailRedesignACTests test_pach_new_03_locked_shows_criteria] : Test skipped - Backlog: AC-PACH-09/11/NEW-03 criteriaSection + 4-state badge image not yet implemented
Test Case '-[HavitalTests.BadgeDetailRedesignACTests test_pach_new_03_locked_shows_criteria]' skipped (0.001 seconds).
Test Suite 'BadgeDetailRedesignACTests' passed at 2026-08-29 15:40:05.655.
	 Executed 8 tests, with 5 tests skipped and 0 failures (0 unexpected) in 0.025 (0.026) seconds
Test Suite 'BanisterModelTests' started at 2026-08-29 15:40:05.655.
Test Case '-[HavitalTests.BanisterModelTests testCalculateTrimpIncreasesWithHigherHeartRate]' started.
Test Case '-[HavitalTests.BanisterModelTests testCalculateTrimpIncreasesWithHigherHeartRate]' passed (0.000 seconds).
Test Case '-[HavitalTests.BanisterModelTests testGetPerformanceForFutureDateAppliesDecay]' started.
Test Case '-[HavitalTests.BanisterModelTests testGetPerformanceForFutureDateAppliesDecay]' passed (0.001 seconds).
Test Case '-[HavitalTests.BanisterModelTests testResetRestoresBaselinePerformance]' started.
Test Case '-[HavitalTests.BanisterModelTests testResetRestoresBaselinePerformance]' passed (0.000 seconds).
Test Case '-[HavitalTests.BanisterModelTests testUpdateFirstWorkoutLowersPerformanceFromBaseline]' started.
Test Case '-[HavitalTests.BanisterModelTests testUpdateFirstWorkoutLowersPerformanceFromBaseline]' passed (0.001 seconds).
Test Case '-[HavitalTests.BanisterModelTests testUpdateRestDayDecaysTowardBaseline]' started.
Test Case '-[HavitalTests.BanisterModelTests testUpdateRestDayDecaysTowardBaseline]' passed (0.001 seconds).
Test Case '-[HavitalTests.BanisterModelTests testUpdateSameDayAccumulatesTrainingLoad]' started.
Test Case '-[HavitalTests.BanisterModelTests testUpdateSameDayAccumulatesTrainingLoad]' passed (0.001 seconds).
Test Suite 'BanisterModelTests' passed at 2026-08-29 15:40:05.659.
	 Executed 6 tests, with 0 failures (0 unexpected) in 0.003 (0.004) seconds
Test Suite 'BenchmarkAdjustmentDecodeTests' started at 2026-08-29 15:40:05.659.
Test Case '-[HavitalTests.BenchmarkAdjustmentDecodeTests test_adjustVdot_decodes_calibration_preview]' started.
[HTTPClient] [WARN] [HTTPClient] 收到 401 錯誤，嘗試刷新 token 並重試: GET /v2/achievements/summary
[HTTPClient] [WARN] [FirebaseLogging] 收到 401 錯誤 - 嘗試刷新 token
[AuthSessionRepositoryImpl] [ERROR] [AuthSession] Failed to refresh ID Token: Authentication token has expired.
[HTTPClient] [ERROR] [HTTPClient] Token 刷新或重試失敗: Authentication token has expired.
[HTTPClient] [ERROR] [FirebaseLogging] 401 重試失敗
[HTTPClient] [ERROR] HTTP 錯誤 401: {"detail":{"success":false,"error":"Missing Authorization header"}}
[HTTPClient] [ERROR] ❌ Unauthorized: {"detail":{"success":false,"error":"Missing Authorization header"}}
[APICallTracker] [ERROR] 💥 [API Error] AchievementRemoteDataSource: fetchSummary → GET /v2/achievements/summary | Unauthorized: {"detail":{"success":false,"error":"Missing Authorization header"}}
[AchievementsAPI] fetchSummary request failed path=/v2/achievements/summary error=HTTPError(status=401) Unauthorized: {"detail":{"success":false,"error":"Missing Authorization header"}}
[AchievementRemoteDataSource] [ERROR] [AchievementsAPI] fetchSummary request failed path=/v2/achievements/summary error=HTTPError(status=401) Unauthorized: {"detail":{"success":false,"error":"Missing Authorization header"}}
Test Case '-[HavitalTests.BenchmarkAdjustmentDecodeTests test_adjustVdot_decodes_calibration_preview]' passed (0.005 seconds).
Test Case '-[HavitalTests.BenchmarkAdjustmentDecodeTests test_executeBenchmark_decodes_type_and_value]' started.
Test Case '-[HavitalTests.BenchmarkAdjustmentDecodeTests test_executeBenchmark_decodes_type_and_value]' passed (0.000 seconds).
Test Case '-[HavitalTests.BenchmarkAdjustmentDecodeTests test_unknownType_and_missingValue_decodes_to_nil_no_crash]' started.
Test Case '-[HavitalTests.BenchmarkAdjustmentDecodeTests test_unknownType_and_missingValue_decodes_to_nil_no_crash]' passed (0.000 seconds).
Test Suite 'BenchmarkAdjustmentDecodeTests' passed at 2026-08-29 15:40:05.665.
	 Executed 3 tests, with 0 failures (0 unexpected) in 0.006 (0.006) seconds
Test Suite 'BenchmarkAdjustmentMapperTests' started at 2026-08-29 15:40:05.665.
Test Case '-[HavitalTests.BenchmarkAdjustmentMapperTests test_adjustVdot_maps_to_calibration_payload]' started.
[HTTPClient] [WARN] [HTTPClient] 收到 401 錯誤，嘗試刷新 token 並重試: POST /internal/cloud-logging
[HTTPClient] [WARN] [FirebaseLogging] 收到 401 錯誤 - 嘗試刷新 token
[AuthSessionRepositoryImpl] [ERROR] [AuthSession] Failed to refresh ID Token: Authentication token has expired.
[HTTPClient] [ERROR] [HTTPClient] Token 刷新或重試失敗: Authentication token has expired.
[HTTPClient] [ERROR] [FirebaseLogging] 401 重試失敗
[HTTPClient] [ERROR] HTTP 錯誤 401: {"detail":{"success":false,"error":"Missing Authorization header"}}
[HTTPClient] [ERROR] ❌ Unauthorized: {"detail":{"success":false,"error":"Missing Authorization header"}}
[APICallTracker] [ERROR] 💥 [API Error] Unknown → POST /internal/cloud-logging | Unauthorized: {"detail":{"success":false,"error":"Missing Authorization header"}}
[FirebaseLogging] 上傳失敗: Unauthorized: {"detail":{"success":false,"error":"Missing Authorization header"}}
[AchievementRemoteDataSource] [ERROR] [FirebaseLogging] Achievements summary load failed
[AchievementRepositoryImpl] [ERROR] [AchievementRepository] fetchSummary failed: Unauthorized: {"detail":{"success":false,"error":"Missing Authorization header"}}
Test Case '-[HavitalTests.BenchmarkAdjustmentMapperTests test_adjustVdot_maps_to_calibration_payload]' passed (0.004 seconds).
Test Case '-[HavitalTests.BenchmarkAdjustmentMapperTests test_adjustVdot_missing_calibration_still_maps_payload_with_nil_preview]' started.
Test Case '-[HavitalTests.BenchmarkAdjustmentMapperTests test_adjustVdot_missing_calibration_still_maps_payload_with_nil_preview]' passed (0.000 seconds).
Test Case '-[HavitalTests.BenchmarkAdjustmentMapperTests test_executeBenchmark_maps_to_execute_payload]' started.
[HTTPClient] [WARN] [HTTPClient] 收到 401 錯誤，嘗試刷新 token 並重試: POST /internal/cloud-logging
[HTTPClient] [WARN] [FirebaseLogging] 收到 401 錯誤 - 嘗試刷新 token
[AuthSessionRepositoryImpl] [ERROR] [AuthSession] Failed to refresh ID Token: Authentication token has expired.
[HTTPClient] [ERROR] [HTTPClient] Token 刷新或重試失敗: Authentication token has expired.
[HTTPClient] [ERROR] [FirebaseLogging] 401 重試失敗
[HTTPClient] [ERROR] HTTP 錯誤 401: {"detail":{"success":false,"error":"Missing Authorization header"}}
[HTTPClient] [ERROR] ❌ Unauthorized: {"detail":{"success":false,"error":"Missing Authorization header"}}
[APICallTracker] [ERROR] 💥 [API Error] Unknown → POST /internal/cloud-logging | Unauthorized: {"detail":{"success":false,"error":"Missing Authorization header"}}
[FirebaseLogging] 上傳失敗: Unauthorized: {"detail":{"success":false,"error":"Missing Authorization header"}}
Test Case '-[HavitalTests.BenchmarkAdjustmentMapperTests test_executeBenchmark_maps_to_execute_payload]' passed (0.003 seconds).
Test Case '-[HavitalTests.BenchmarkAdjustmentMapperTests test_unknownType_maps_to_plain_item_both_nil]' started.
Test Case '-[HavitalTests.BenchmarkAdjustmentMapperTests test_unknownType_maps_to_plain_item_both_nil]' passed (0.000 seconds).
Test Suite 'BenchmarkAdjustmentMapperTests' passed at 2026-08-29 15:40:05.674.
	 Executed 4 tests, with 0 failures (0 unexpected) in 0.008 (0.009) seconds
Test Suite 'BenchmarkReadinessAttributionTests' started at 2026-08-29 15:40:05.674.
Test Case '-[HavitalTests.BenchmarkReadinessAttributionTests test_raceFitnessMetric_decodes_benchmark_attribution]' started.
Test Case '-[HavitalTests.BenchmarkReadinessAttributionTests test_raceFitnessMetric_decodes_benchmark_attribution]' passed (0.000 seconds).
Test Case '-[HavitalTests.BenchmarkReadinessAttributionTests test_raceFitnessMetric_missing_attribution_decodes_nil_no_crash]' started.
Test Case '-[HavitalTests.BenchmarkReadinessAttributionTests test_raceFitnessMetric_missing_attribution_decodes_nil_no_crash]' passed (0.000 seconds).
Test Case '-[HavitalTests.BenchmarkReadinessAttributionTests test_raceFitnessMetric_training_source_benchmark_date_nil]' started.
Test Case '-[HavitalTests.BenchmarkReadinessAttributionTests test_raceFitnessMetric_training_source_benchmark_date_nil]' passed (0.000 seconds).
Test Case '-[HavitalTests.BenchmarkReadinessAttributionTests test_raceFitnessSummaryDTO_decodes_benchmark_attribution]' started.
Test Case '-[HavitalTests.BenchmarkReadinessAttributionTests test_raceFitnessSummaryDTO_decodes_benchmark_attribution]' passed (0.002 seconds).
Test Case '-[HavitalTests.BenchmarkReadinessAttributionTests test_raceFitnessSummaryDTO_missing_attribution_decodes_nil_no_crash]' started.
Test Case '-[HavitalTests.BenchmarkReadinessAttributionTests test_raceFitnessSummaryDTO_missing_attribution_decodes_nil_no_crash]' passed (0.000 seconds).
Test Suite 'BenchmarkReadinessAttributionTests' passed at 2026-08-29 15:40:05.679.
	 Executed 5 tests, with 0 failures (0 unexpected) in 0.003 (0.004) seconds
Test Suite 'CacheEventBusPubSubMatchingTests' started at 2026-08-29 15:40:05.679.
Test Case '-[HavitalTests.CacheEventBusPubSubMatchingTests test_dataChanged_doesNotCrossDeliverBetweenDataTypes]' started.
[SubscriptionLocalDataSource] [DEBUG] [SubscriptionLocalDS] Cache cleared
[AuthSessionRepositoryImpl] [ERROR] [AuthSession] ❌ Failed to get ID Token: Authentication token has expired.
[TargetLocalDataSource] [DEBUG] [TargetLocalDS] All caches cleared
[AuthSessionRepositoryImpl] [ERROR] [AuthSession] ❌ Failed to get ID Token: Authentication token has expired.
[AuthSessionRepositoryImpl] [ERROR] [AuthSession] ❌ Failed to get ID Token: Authentication token has expired.
[UserProfileLocalDataSource] [DEBUG] [UserProfileLocalDS] User profile cache cleared
[AuthSessionRepositoryImpl] [ERROR] [AuthSession] ❌ Failed to get ID Token: Authentication token has expired.
[AuthSessionRepositoryImpl] [ERROR] [AuthSession] ❌ Failed to get ID Token: Authentication token has expired.
[UserProfileLocalDataSource] [DEBUG] [UserProfileLocalDS] Targets cache cleared
[FirebaseLogging] 上傳失敗: Authentication token has expired.
[UserProfileLocalDataSource] [DEBUG] [UserProfileLocalDS] Heart rate zones cache cleared
[UserProfileLocalDataSource] [DEBUG] [UserProfileLocalDS] All caches cleared
[WorkoutV2CacheManager] [INFO] [FirebaseLogging] 所有 Workout V2 快取已清除
已清除儲存的週訓練回顧
[FirebaseLogging] 上傳失敗: Authentication token has expired.
[WeeklySummaryStorage] [INFO] [FirebaseLogging] 已清除週總結列表快取
[FirebaseLogging] 上傳失敗: Authentication token has expired.
[CacheEventBus] [INFO] [FirebaseLogging] 相關快取已清空
[FirebaseLogging] 上傳失敗: Authentication token has expired.
[FirebaseLogging] 上傳失敗: Authentication token has expired.
[AchievementsVM] load failed state=error error=AchievementError: Unauthorized: {"detail":{"success":false,"error":"Missing Authorization header"}}
[PersonalAchievementsViewModel] [ERROR] [AchievementsVM] load failed state=error error=AchievementError: Unauthorized: {"detail":{"success":false,"error":"Missing Authorization header"}}
[PersonalAchievementsViewModel] [ERROR] [FirebaseLogging] Achievements screen entered error state
[AuthSessionRepositoryImpl] [ERROR] [AuthSession] ❌ Failed to get ID Token: Authentication token has expired.
[FirebaseLogging] 上傳失敗: Authentication token has expired.
[CacheEventBus] [DEBUG] [CacheEventBus] 通知 4 個 event 訂閱者: dataChanged(paceriz_dev.DataType.user)
[AuthenticationViewModel] [DEBUG] [AuthViewModel] Received dataChanged.user event, refreshing user data
[AuthSessionRepositoryImpl] [ERROR] [AuthSession] ❌ Failed to get ID Token: Authentication token has expired.
[AuthSessionRepositoryImpl] [DEBUG] [AuthSession] Authentication status: false
[AuthenticationViewModel] [DEBUG] [AuthViewModel] Updated isAuthenticated: false
[FirebaseLogging] 上傳失敗: Authentication token has expired.
[AuthenticationViewModel] [DEBUG] [AuthViewModel] Fetching current user data
[AuthSessionRepositoryImpl] [DEBUG] [AuthSession] 🎯 fetchCurrentUser called. SessionRepo ID: ObjectIdentifier(0x0000000105d158c0). DemoToken: nil
[AuthSessionRepositoryImpl] [DEBUG] [AuthSession] No Firebase user session found
[AuthSessionRepositoryImpl] [ERROR] [AuthSession] Failed to fetch user: User not found.
[AuthenticationViewModel] [ERROR] [AuthViewModel] Failed to fetch user data: User not found.
[CacheEventBus] [DEBUG] [CacheEventBus] 通知 7 個 identifier 訂閱者: dataChanged(paceriz_dev.DataType.user)
Test Case '-[HavitalTests.CacheEventBusPubSubMatchingTests test_dataChanged_doesNotCrossDeliverBetweenDataTypes]' passed (0.005 seconds).
Test Case '-[HavitalTests.CacheEventBusPubSubMatchingTests test_distinctBaseEvents_doNotCrossDeliver]' started.
[SubscriptionLocalDataSource] [DEBUG] [SubscriptionLocalDS] Cache cleared
[TargetLocalDataSource] [DEBUG] [TargetLocalDS] All caches cleared
[TrainingPlanV2LocalDataSource] [INFO] [TrainingPlanV2LocalDS] All caches cleared
[UserProfileLocalDataSource] [DEBUG] [UserProfileLocalDS] User profile cache cleared
[UserProfileLocalDataSource] [DEBUG] [UserProfileLocalDS] Targets cache cleared
[UserProfileLocalDataSource] [DEBUG] [UserProfileLocalDS] Heart rate zones cache cleared
[UserProfileLocalDataSource] [DEBUG] [UserProfileLocalDS] All caches cleared
[WorkoutV2CacheManager] [INFO] [FirebaseLogging] 所有 Workout V2 快取已清除
已清除儲存的週訓練回顧
[WeeklySummaryStorage] [INFO] [FirebaseLogging] 已清除週總結列表快取
[CacheEventBus] [INFO] [FirebaseLogging] 所有快取已清空
[CacheEventBus] [INFO] [FirebaseLogging] Onboarding 完成，清除所有緩存
[CacheEventBus] [DEBUG] [CacheEventBus] 通知 1 個 event 訂閱者: onboardingCompleted
[CacheEventBus] [DEBUG] [CacheEventBus] 通知 7 個 identifier 訂閱者: onboardingCompleted
Test Case '-[HavitalTests.CacheEventBusPubSubMatchingTests test_distinctBaseEvents_doNotCrossDeliver]' passed (0.002 seconds).
Test Case '-[HavitalTests.CacheEventBusPubSubMatchingTests test_publish_dataChanged_deliversToExactKey]' started.
[HTTPClient] [WARN] [HTTPClient] 收到 401 錯誤，嘗試刷新 token 並重試: GET /v2/announcements
[HTTPClient] [WARN] [FirebaseLogging] 收到 401 錯誤 - 嘗試刷新 token
[AuthSessionRepositoryImpl] [ERROR] [AuthSession] Failed to refresh ID Token: Authentication token has expired.
[HTTPClient] [ERROR] [HTTPClient] Token 刷新或重試失敗: Authentication token has expired.
[HTTPClient] [ERROR] [FirebaseLogging] 401 重試失敗
[HTTPClient] [ERROR] HTTP 錯誤 401: {"detail":{"success":false,"error":"Missing Authorization header"}}
[HTTPClient] [ERROR] ❌ Unauthorized: {"detail":{"success":false,"error":"Missing Authorization header"}}
[CacheEventBus] [INFO] [FirebaseLogging] 相關快取已清空
[APICallTracker] [ERROR] 💥 [API Error] AnnouncementRemoteDataSource: fetchAnnouncements → GET /v2/announcements | Unauthorized: {"detail":{"success":false,"error":"Missing Authorization header"}}
[AuthSessionRepositoryImpl] [ERROR] [AuthSession] ❌ Failed to get ID Token: Authentication token has expired.
[CacheEventBus] [DEBUG] [CacheEventBus] 通知 8 個 event 訂閱者: dataChanged(paceriz_dev.DataType.trainingPlanV2)
[AnnouncementRepositoryImpl] [ERROR] [AnnouncementRepository] fetchAnnouncements failed: Unauthorized: {"detail":{"success":false,"error":"Missing Authorization header"}}
[FirebaseLogging] 上傳失敗: Authentication token has expired.
[AchievementsVM] event dataChanged.trainingPlanV2 → forceRefresh
[PersonalAchievementsViewModel] [INFO] [AchievementsVM] event dataChanged.trainingPlanV2 → forceRefresh
[AchievementsVM] event dataChanged.trainingPlanV2 → forceRefresh
[PersonalAchievementsViewModel] [INFO] [AchievementsVM] event dataChanged.trainingPlanV2 → forceRefresh
[AchievementsVM] event dataChanged.trainingPlanV2 → forceRefresh
[AchievementsAPI] fetchSummary start path=/v2/achievements/summary
[PersonalAchievementsViewModel] [INFO] [AchievementsVM] event dataChanged.trainingPlanV2 → forceRefresh
[AchievementRemoteDataSource] [INFO] [AchievementsAPI] fetchSummary start path=/v2/achievements/summary
[AchievementsVM] event dataChanged.trainingPlanV2 → forceRefresh
[PersonalAchievementsViewModel] [INFO] [AchievementsVM] event dataChanged.trainingPlanV2 → forceRefresh
[AchievementsAPI] fetchSummary start path=/v2/achievements/summary
[AchievementRemoteDataSource] [INFO] [AchievementsAPI] fetchSummary start path=/v2/achievements/summary
[AchievementsVM] event dataChanged.trainingPlanV2 → forceRefresh
[AuthSessionRepositoryImpl] [ERROR] [AuthSession] ❌ Failed to get ID Token: Authentication token has expired.
[PersonalAchievementsViewModel] [INFO] [AchievementsVM] event dataChanged.trainingPlanV2 → forceRefresh
[AchievementsAPI] fetchSummary request failed path=/v2/achievements/summary error=AuthenticationError: Authentication token has expired.
[AchievementsAPI] fetchSummary start path=/v2/achievements/summary
[AchievementRemoteDataSource] [INFO] [AchievementsAPI] fetchSummary start path=/v2/achievements/summary
[AchievementsVM] event dataChanged.trainingPlanV2 → forceRefresh
[AchievementRemoteDataSource] [ERROR] [AchievementsAPI] fetchSummary request failed path=/v2/achievements/summary error=AuthenticationError: Authentication token has expired.
[AuthSessionRepositoryImpl] [ERROR] [AuthSession] ❌ Failed to get ID Token: Authentication token has expired.
[PersonalAchievementsViewModel] [INFO] [AchievementsVM] event dataChanged.trainingPlanV2 → forceRefresh
[AchievementsAPI] fetchSummary request failed path=/v2/achievements/summary error=AuthenticationError: Authentication token has expired.
[AchievementsAPI] fetchSummary start path=/v2/achievements/summary
[AchievementsVM] event dataChanged.trainingPlanV2 → forceRefresh
[AchievementsAPI] fetchSummary start path=/v2/achievements/summary
[AchievementRemoteDataSource] [ERROR] [AchievementsAPI] fetchSummary request failed path=/v2/achievements/summary error=AuthenticationError: Authentication token has expired.
[PersonalAchievementsViewModel] [INFO] [AchievementsVM] event dataChanged.trainingPlanV2 → forceRefresh
[AuthSessionRepositoryImpl] [ERROR] [AuthSession] ❌ Failed to get ID Token: Authentication token has expired.
[AchievementRemoteDataSource] [INFO] [AchievementsAPI] fetchSummary start path=/v2/achievements/summary
[AchievementsAPI] fetchSummary start path=/v2/achievements/summary
[AchievementRemoteDataSource] [INFO] [AchievementsAPI] fetchSummary start path=/v2/achievements/summary
[AchievementRemoteDataSource] [INFO] [AchievementsAPI] fetchSummary start path=/v2/achievements/summary
[AchievementsAPI] fetchSummary request failed path=/v2/achievements/summary error=AuthenticationError: Authentication token has expired.
[AuthSessionRepositoryImpl] [ERROR] [AuthSession] ❌ Failed to get ID Token: Authentication token has expired.
[CacheEventBus] [DEBUG] [CacheEventBus] 通知 7 個 identifier 訂閱者: dataChanged(paceriz_dev.DataType.trainingPlanV2)
[AchievementsAPI] fetchSummary request failed path=/v2/achievements/summary error=AuthenticationError: Authentication token has expired.
[AchievementRemoteDataSource] [ERROR] [AchievementsAPI] fetchSummary request failed path=/v2/achievements/summary error=AuthenticationError: Authentication token has expired.
[AchievementRemoteDataSource] [ERROR] [AchievementsAPI] fetchSummary request failed path=/v2/achievements/summary error=AuthenticationError: Authentication token has expired.
Test Case '-[HavitalTests.CacheEventBusPubSubMatchingTests test_publish_dataChanged_deliversToExactKey]' passed (0.002 seconds).
Test Case '-[HavitalTests.CacheEventBusPubSubMatchingTests test_publish_deliversToExactMatchingKey]' started.
[SubscriptionLocalDataSource] [DEBUG] [SubscriptionLocalDS] Cache cleared
[AuthSessionRepositoryImpl] [ERROR] [AuthSession] ❌ Failed to get ID Token: Authentication token has expired.
[AchievementsAPI] fetchSummary request failed path=/v2/achievements/summary error=AuthenticationError: Authentication token has expired.
[AuthSessionRepositoryImpl] [ERROR] [AuthSession] ❌ Failed to get ID Token: Authentication token has expired.
[AchievementRemoteDataSource] [ERROR] [AchievementsAPI] fetchSummary request failed path=/v2/achievements/summary error=AuthenticationError: Authentication token has expired.
[TargetLocalDataSource] [DEBUG] [TargetLocalDS] All caches cleared
[AchievementsAPI] fetchSummary request failed path=/v2/achievements/summary error=AuthenticationError: Authentication token has expired.
[AchievementRemoteDataSource] [ERROR] [AchievementsAPI] fetchSummary request failed path=/v2/achievements/summary error=AuthenticationError: Authentication token has expired.
[TrainingPlanV2LocalDataSource] [INFO] [TrainingPlanV2LocalDS] All caches cleared
[AchievementRemoteDataSource] [ERROR] [FirebaseLogging] Achievements summary load failed
[AchievementRemoteDataSource] [ERROR] [FirebaseLogging] Achievements summary load failed
[UserProfileLocalDataSource] [DEBUG] [UserProfileLocalDS] User profile cache cleared
[AchievementRemoteDataSource] [ERROR] [FirebaseLogging] Achievements summary load failed
[AchievementRemoteDataSource] [ERROR] [FirebaseLogging] Achievements summary load failed
[AchievementRepositoryImpl] [ERROR] [AchievementRepository] fetchSummary failed: Authentication token has expired.
[AchievementRepositoryImpl] [ERROR] [AchievementRepository] fetchSummary failed: Authentication token has expired.
[UserProfileLocalDataSource] [DEBUG] [UserProfileLocalDS] Targets cache cleared
[AchievementRepositoryImpl] [ERROR] [AchievementRepository] fetchSummary failed: Authentication token has expired.
[UserProfileLocalDataSource] [DEBUG] [UserProfileLocalDS] Heart rate zones cache cleared
[AchievementRepositoryImpl] [ERROR] [AchievementRepository] fetchSummary failed: Authentication token has expired.
[AchievementsVM] load failed state=error error=AchievementError: Authentication token has expired.
[UserProfileLocalDataSource] [DEBUG] [UserProfileLocalDS] All caches cleared
[AchievementRemoteDataSource] [ERROR] [FirebaseLogging] Achievements summary load failed
[AchievementRemoteDataSource] [ERROR] [FirebaseLogging] Achievements summary load failed
[PersonalAchievementsViewModel] [ERROR] [AchievementsVM] load failed state=error error=AchievementError: Authentication token has expired.
[AchievementRepositoryImpl] [ERROR] [AchievementRepository] fetchSummary failed: Authentication token has expired.
[PersonalAchievementsViewModel] [ERROR] [FirebaseLogging] Achievements screen entered error state
[AchievementRepositoryImpl] [ERROR] [AchievementRepository] fetchSummary failed: Authentication token has expired.
[AchievementsVM] load failed state=error error=AchievementError: Authentication token has expired.
[PersonalAchievementsViewModel] [ERROR] [AchievementsVM] load failed state=error error=AchievementError: Authentication token has expired.
[WorkoutV2CacheManager] [INFO] [FirebaseLogging] 所有 Workout V2 快取已清除
[PersonalAchievementsViewModel] [ERROR] [FirebaseLogging] Achievements screen entered error state
[AchievementsVM] load failed state=error error=AchievementError: Authentication token has expired.
[PersonalAchievementsViewModel] [ERROR] [AchievementsVM] load failed state=error error=AchievementError: Authentication token has expired.
[PersonalAchievementsViewModel] [ERROR] [FirebaseLogging] Achievements screen entered error state
[AchievementsVM] load failed state=error error=AchievementError: Authentication token has expired.
[PersonalAchievementsViewModel] [ERROR] [AchievementsVM] load failed state=error error=AchievementError: Authentication token has expired.
已清除儲存的週訓練回顧
[AuthSessionRepositoryImpl] [ERROR] [AuthSession] ❌ Failed to get ID Token: Authentication token has expired.
[PersonalAchievementsViewModel] [ERROR] [FirebaseLogging] Achievements screen entered error state
[WeeklySummaryStorage] [INFO] [FirebaseLogging] 已清除週總結列表快取
[AuthSessionRepositoryImpl] [ERROR] [AuthSession] ❌ Failed to get ID Token: Authentication token has expired.
[AuthSessionRepositoryImpl] [ERROR] [AuthSession] ❌ Failed to get ID Token: Authentication token has expired.
[FirebaseLogging] 上傳失敗: Authentication token has expired.
[AuthSessionRepositoryImpl] [ERROR] [AuthSession] ❌ Failed to get ID Token: Authentication token has expired.
[CacheEventBus] [INFO] [FirebaseLogging] 所有快取已清空
[AchievementsVM] load failed state=error error=AchievementError: Authentication token has expired.
[CacheEventBus] [INFO] [FirebaseLogging] Onboarding 完成，清除所有緩存
[PersonalAchievementsViewModel] [ERROR] [AchievementsVM] load failed state=error error=AchievementError: Authentication token has expired.
[PersonalAchievementsViewModel] [ERROR] [FirebaseLogging] Achievements screen entered error state
[FirebaseLogging] 上傳失敗: Authentication token has expired.
[AchievementsVM] load failed state=error error=AchievementError: Authentication token has expired.
[AuthSessionRepositoryImpl] [ERROR] [AuthSession] ❌ Failed to get ID Token: Authentication token has expired.
[PersonalAchievementsViewModel] [ERROR] [AchievementsVM] load failed state=error error=AchievementError: Authentication token has expired.
[FirebaseLogging] 上傳失敗: Authentication token has expired.
[PersonalAchievementsViewModel] [ERROR] [FirebaseLogging] Achievements screen entered error state
[AuthSessionRepositoryImpl] [ERROR] [AuthSession] ❌ Failed to get ID Token: Authentication token has expired.
[FirebaseLogging] 上傳失敗: Authentication token has expired.
[AuthSessionRepositoryImpl] [ERROR] [AuthSession] ❌ Failed to get ID Token: Authentication token has expired.
[CacheEventBus] [DEBUG] [CacheEventBus] 通知 2 個 event 訂閱者: onboardingCompleted
[AuthSessionRepositoryImpl] [ERROR] [AuthSession] ❌ Failed to get ID Token: Authentication token has expired.
[FirebaseLogging] 上傳失敗: Authentication token has expired.
[AuthSessionRepositoryImpl] [ERROR] [AuthSession] ❌ Failed to get ID Token: Authentication token has expired.
[AuthSessionRepositoryImpl] [ERROR] [AuthSession] ❌ Failed to get ID Token: Authentication token has expired.
[CacheEventBus] [DEBUG] [CacheEventBus] 通知 7 個 identifier 訂閱者: onboardingCompleted
[FirebaseLogging] 上傳失敗: Authentication token has expired.
[FirebaseLogging] 上傳失敗: Authentication token has expired.
[FirebaseLogging] 上傳失敗: Authentication token has expired.
[FirebaseLogging] 上傳失敗: Authentication token has expired.
[FirebaseLogging] 上傳失敗: Authentication token has expired.
Test Case '-[HavitalTests.CacheEventBusPubSubMatchingTests test_publish_deliversToExactMatchingKey]' passed (0.005 seconds).
Test Suite 'CacheEventBusPubSubMatchingTests' passed at 2026-08-29 15:40:05.693.
	 Executed 4 tests, with 0 failures (0 unexpected) in 0.014 (0.015) seconds
Test Suite 'CalculateUserStatsUseCaseTests' started at 2026-08-29 15:40:05.693.
Test Case '-[HavitalTests.CalculateUserStatsUseCaseTests testExecuteReturnsNilWhenRepositoryHasNoStatistics]' started.
[CalculateUserStatsUseCase] [DEBUG] [CalculateUserStatsUseCase] Calculating user statistics
[CalculateUserStatsUseCase] [DEBUG] [CalculateUserStatsUseCase] No statistics available
[AuthSessionRepositoryImpl] [ERROR] [AuthSession] ❌ Failed to get ID Token: Authentication token has expired.
[AuthSessionRepositoryImpl] [ERROR] [AuthSession] ❌ Failed to get ID Token: Authentication token has expired.
[FirebaseLogging] 上傳失敗: Authentication token has expired.
[FirebaseLogging] 上傳失敗: Authentication token has expired.
Test Case '-[HavitalTests.CalculateUserStatsUseCaseTests testExecuteReturnsNilWhenRepositoryHasNoStatistics]' passed (0.000 seconds).
Test Case '-[HavitalTests.CalculateUserStatsUseCaseTests testExecuteReturnsOutputWhenRepositoryProvidesStatistics]' started.
[CalculateUserStatsUseCase] [DEBUG] [CalculateUserStatsUseCase] Calculating user statistics
[CalculateUserStatsUseCase] [DEBUG] [CalculateUserStatsUseCase] Success: stats calculated
Test Case '-[HavitalTests.CalculateUserStatsUseCaseTests testExecuteReturnsOutputWhenRepositoryProvidesStatistics]' passed (0.001 seconds).
Test Suite 'CalculateUserStatsUseCaseTests' passed at 2026-08-29 15:40:05.695.
	 Executed 2 tests, with 0 failures (0 unexpected) in 0.002 (0.002) seconds
Test Suite 'CalendarTrainingColorTests' started at 2026-08-29 15:40:05.695.
Test Case '-[HavitalTests.CalendarTrainingColorTests test_caseInsensitiveAndWhitespace]' started.
Test Case '-[HavitalTests.CalendarTrainingColorTests test_caseInsensitiveAndWhitespace]' passed (0.000 seconds).
[HTTPClient] [WARN] [HTTPClient] 收到 401 錯誤，嘗試刷新 token 並重試: GET /v2/announcements
[HTTPClient] [WARN] [FirebaseLogging] 收到 401 錯誤 - 嘗試刷新 token
[AuthSessionRepositoryImpl] [ERROR] [AuthSession] Failed to refresh ID Token: Authentication token has expired.
[HTTPClient] [WARN] [HTTPClient] 收到 401 錯誤，Test Case '-[HavitalTests.CalendarTrainingColorTests test_intervalFamily_getsDistinctIcon_butThresholdTempoDoNot]' started.
嘗試刷新 token 並重試: GET /v2/announcements
[HTTPClient] [WARN] [FirebaseLogging] 收到 401 錯誤 - 嘗試刷新 token
[HTTPClient] [ERROR] [HTTPClient] Token 刷新或重試失敗: Authentication token has expired.
[AuthSessionRepositoryImpl] [ERROR] [AuthSession] Failed to refresh ID Token: Authentication token has expired.
[HTTPClient] [ERROR] [FirebaseLogging] 401 重試失敗
[HTTPClient] [ERROR] HTTP 錯誤 401: {"detail":{"success":false,"error":"Missing Authorization header"}}
[HTTPClient] [ERROR] ❌ Unauthorized: {"detail":{"success":false,"error":"Missing Authorization header"}}
[APICallTracker] [ERROR] 💥 [API Error] AnnouncementRemoteDataSource: fetchAnnouncements → GET /v2/announcements | Unauthorized: {"detail":{"success":false,"error":"Missing Authorization header"}}
[HTTPClient] [WARN] [HTTPClient] 收到 401 錯誤，嘗試刷新 token \344Test Case '-[HavitalTests.CalendarTrainingColorTests test_intervalFamily_getsDistinctIcon_butThresholdTempoDoNot]' passed (0.002 seconds).
\270\246重試: GET /v2/announcements
[HTTPClient] [WARN] [FirebaseLogging] 收到 401 錯誤 - 嘗試刷新 token
[AuthSessionRepositoryImpl] [ERROR] [AuthSession] Failed to refresh ID Token: Authentication token has expired.
[HTTPClient] [WARN] [HTTPClient] 收到 401 錯誤，嘗試刷新 token 並重試: GET /v2/announcements
[HTTPClient] [WARN] [FirebaseLogging] 收到 401 錯誤 - 嘗試刷新 token
[AuthSessionRepositoryImpl] [ERROR] [AuthSession] Failed to refresh ID Token: Authentication token has expired.
[HTTPClient] [WARN] [HTTPClient] 收到 401 錯誤，嘗試刷新 token 並重試: GET /v2/announcements
[HTTPClient] [WARN] [FirebaseLogging] 收到 401 錯誤 - 嘗試刷新 token
[AuthSessionRepositoryImpl] [ERROR] [AuthSession] Failed to refresh ID Token: Authentication token has expired.
[HTTPClient] [ERROR] [HTTPClient] Token 刷新或重試\345\244Test Case '-[HavitalTests.CalendarTrainingColorTests test_runTypes_mapToExpectedBuckets]' started.
\261敗: Authentication token has expired.
[HTTPClient] [ERROR] [FirebaseLogging] 401 重試失敗
[HTTPClient] [ERROR] HTTP 錯誤 401: {"detail":{"success":false,"error":"Missing Authorization header"}}
[HTTPClient] [ERROR] ❌ Unauthorized: {"detail":{"success":false,"error":"Missing Authorization header"}}
[APICallTracker] [ERROR] 💥 [API Error] AnnouncementRemoteDataSource: fetchAnnouncements → GET /v2/announcements | Unauthorized: {"detail":{"success":false,"error":"Missing Authorization header"}}
[AnnouncementRepositoryImpl] [ERROR] [AnnouncementRepository] fetchAnnouncements failed: Unauthorized: {"detail":{"success":false,"error":"Missing Authorization header"}}
[HTTPClient] [ERROR] [HTTPClient] Token 刷新或重試失敗: Authentication token has expired.
[HTTPClient] [ERROR] [FirebaseLogging] 401 重試失敗
[HTTPClient] [ERROR] HTTP 錯誤 401: {"detail":{"success":false,"error"Test Case '-[HavitalTests.CalendarTrainingColorTests test_runTypes_mapToExpectedBuckets]' passed (0.002 seconds).
:"Missing Authorization header"}}
[HTTPClient] [ERROR] ❌ Unauthorized: {"detail":{"success":false,"error":"Missing Authorization header"}}
[APICallTracker] [ERROR] 💥 [API Error] AnnouncementRemoteDataSource: fetchAnnouncements → GET /v2/announcements | Unauthorized: {"detail":{"success":false,"error":"Missing Authorization header"}}
[HTTPClient] [ERROR] [HTTPClient] Token 刷新或重試失敗: Authentication token has expired.
[HTTPClient] [ERROR] [FirebaseLogging] 401 重試失敗
[HTTPClient] [ERROR] HTTP 錯誤 401: {"detail":{"success":false,"error":"Missing Authorization header"}}
[HTTPClient] [ERROR] ❌ Unauthorized: {"detail":{"success":false,"error":"Missing Authorization header"}}
[APICallTracker] [ERROR] 💥 [API Error] AnnouncementRemoteDataSource: fetchAnnouncements → GET /v2/announcements | Unauthorized: {"detail":{"success":false,"error":"Missing AuthorTest Case '-[HavitalTests.CalendarTrainingColorTests test_unknownAndEmpty_fallBackToGreen_perD5]' started.
ization header"}}
[HTTPClient] [ERROR] [HTTPClient] Token 刷新或重試失敗: Authentication token has expired.
[HTTPClient] [ERROR] [FirebaseLogging] 401 重試失敗
[HTTPClient] [ERROR] HTTP 錯誤 401: {"detail":{"success":false,"error":"Missing Authorization header"}}
[HTTPClient] [ERROR] ❌ Unauthorized: {"detail":{"success":false,"error":"Missing Authorization header"}}
[APICallTracker] [ERROR] 💥 [API Error] AnnouncementRemoteDataSource: fetchAnnouncements → GET /v2/announcements | Unauthorized: {"detail":{"success":false,"error":"Missing Authorization header"}}
[AnnouncementRepositoryImpl] [ERROR] [AnnouncementRepository] fetchAnnouncements failed: Unauthorized: {"detail":{"success":false,"error":"Missing Authorization header"}}
[AnnouncementRepositoryImpl] [ERROR] [AnnouncementRepository] fetchAnnouncements failed: Unauthorized: {"detail":{"success":false,"error":"Missing Authorization header"}}
[AnnouncementRepositoryImpl] [ERROR] [AnnouncementRepository] fetchAnnouncements failed: Unauthorized: {"detail":{"success":false,"error":"Missing Authorization header"}}
[AnnouncementRepositoryImpl] [ERROR] [AnnouncementRepository] fetchAnnouncements failed: Unauthorized: {"detail":{"success":false,"error":"Missing Authorization header"}}
Test Case '-[HavitalTests.CalendarTrainingColorTests test_unknownAndEmpty_fallBackToGreen_perD5]' passed (0.001 seconds).
Test Suite 'CalendarTrainingColorTests' passed at 2026-08-29 15:40:05.701.
	 Executed 4 tests, with 0 failures (0 unexpected) in 0.005 (0.006) seconds
Test Suite 'CelebrationShareCardPrivacyTests' started at 2026-08-29 15:40:05.701.
Test Case '-[HavitalTests.CelebrationShareCardPrivacyTests test_allSafeFields_exposed]' started.
Test Case '-[HavitalTests.CelebrationShareCardPrivacyTests test_allSafeFields_exposed]' passed (0.001 seconds).
Test Case '-[HavitalTests.CelebrationShareCardPrivacyTests test_caseInsensitiveExclusion]' started.
Test Case '-[HavitalTests.CelebrationShareCardPrivacyTests test_caseInsensitiveExclusion]' passed (0.000 seconds).
Test Case '-[HavitalTests.CelebrationShareCardPrivacyTests test_emptyOptionalFields_exposeNone]' started.
Test Case '-[HavitalTests.CelebrationShareCardPrivacyTests test_emptyOptionalFields_exposeNone]' passed (0.000 seconds).
Test Case '-[HavitalTests.CelebrationShareCardPrivacyTests test_heartRateFieldsExcluded_fromPublicFields]' started.
Test Case '-[HavitalTests.CelebrationShareCardPrivacyTests test_heartRateFieldsExcluded_fromPublicFields]' passed (0.000 seconds).
Test Case '-[HavitalTests.CelebrationShareCardPrivacyTests test_paceSeriesAndLapFieldsExcluded]' started.
Test Case '-[HavitalTests.CelebrationShareCardPrivacyTests test_paceSeriesAndLapFieldsExcluded]' passed (0.000 seconds).
Test Case '-[HavitalTests.CelebrationShareCardPrivacyTests test_routeAndGpsFieldsExcluded]' started.
Test Case '-[HavitalTests.CelebrationShareCardPrivacyTests test_routeAndGpsFieldsExcluded]' passed (0.000 seconds).
Test Suite 'CelebrationShareCardPrivacyTests' passed at 2026-08-29 15:40:05.705.
	 Executed 6 tests, with 0 failures (0 unexpected) in 0.002 (0.004) seconds
Test Suite 'ClimateAdjustmentSyncStoreTests' started at 2026-08-29 15:40:05.705.
Test Case '-[HavitalTests.ClimateAdjustmentSyncStoreTests test_saveReadAndRemoveUsesSharedClimateAdjustmentKey]' started.
Test Case '-[HavitalTests.ClimateAdjustmentSyncStoreTests test_saveReadAndRemoveUsesSharedClimateAdjustmentKey]' passed (0.003 seconds).
Test Suite 'ClimateAdjustmentSyncStoreTests' passed at 2026-08-29 15:40:05.708.
	 Executed 1 test, with 0 failures (0 unexpected) in 0.003 (0.004) seconds
Test Suite 'ClimateDayTests' started at 2026-08-29 15:40:05.708.
Test Case '-[HavitalTests.ClimateDayTests testAdjustedPaceDiffersByAbility]' started.
Test Case '-[HavitalTests.ClimateDayTests testAdjustedPaceDiffersByAbility]' passed (0.000 seconds).
Test Case '-[HavitalTests.ClimateDayTests testCapsuleTextIsNilWhenLegacyMetaHasNoTemperature]' started.
Test Case '-[HavitalTests.ClimateDayTests testCapsuleTextIsNilWhenLegacyMetaHasNoTemperature]' passed (0.001 seconds).
Test Case '-[HavitalTests.ClimateDayTests testClimateAdjustedPaceDerivedFromPrescription]' started.
Test Case '-[HavitalTests.ClimateDayTests testClimateAdjustedPaceDerivedFromPrescription]' passed (0.000 seconds).
Test Case '-[HavitalTests.ClimateDayTests testClimateIsLookedUpByDayIndexNotArrayPosition]' started.
Test Case '-[HavitalTests.ClimateDayTests testClimateIsLookedUpByDayIndexNotArrayPosition]' passed (0.000 seconds).
Test Case '-[HavitalTests.ClimateDayTests testComfortableDayHasNoAdjustedPace]' started.
Test Case '-[HavitalTests.ClimateDayTests testComfortableDayHasNoAdjustedPace]' passed (0.000 seconds).
Test Case '-[HavitalTests.ClimateDayTests testComfortableDaySaysNothing]' started.
Test Case '-[HavitalTests.ClimateDayTests testComfortableDaySaysNothing]' passed (0.000 seconds).
Test Case '-[HavitalTests.ClimateDayTests testDangerDayGetsAdjustedPaceFromBackendPct]' started.
Test Case '-[HavitalTests.ClimateDayTests testDangerDayGetsAdjustedPaceFromBackendPct]' passed (0.000 seconds).
Test Case '-[HavitalTests.ClimateDayTests testDecodesPlanLevelClimateIncludingComfortableAndRestDay]' started.
Test Case '-[HavitalTests.ClimateDayTests testDecodesPlanLevelClimateIncludingComfortableAndRestDay]' passed (0.000 seconds).
Test Case '-[HavitalTests.ClimateDayTests testFallsBackToLegacyClimateMetaWhenPlanHasNoClimateArray]' started.
Test Case '-[HavitalTests.ClimateDayTests testFallsBackToLegacyClimateMetaWhenPlanHasNoClimateArray]' passed (0.002 seconds).
Test Case '-[HavitalTests.ClimateDayTests testFreshClimateWinsOverLegacyMeta]' started.
Test Case '-[HavitalTests.ClimateDayTests testFreshClimateWinsOverLegacyMeta]' passed (0.000 seconds).
Test Case '-[HavitalTests.ClimateDayTests testHotDayHasAdviceAndIcon]' started.
Test Case '-[HavitalTests.ClimateDayTests testHotDayHasAdviceAndIcon]' passed (0.000 seconds).
Test Case '-[HavitalTests.ClimateDayTests testLongRunReductionTextShowsReductionNotKeepRatio]' started.
Test Case '-[HavitalTests.ClimateDayTests testLongRunReductionTextShowsReductionNotKeepRatio]' passed (0.000 seconds).
Test Case '-[HavitalTests.ClimateDayTests testLongRunSuggestedDistanceUsesKeepRatio]' started.
Test Case '-[HavitalTests.ClimateDayTests testLongRunSuggestedDistanceUsesKeepRatio]' passed (0.000 seconds).
Test Case '-[HavitalTests.ClimateDayTests testMalformedPaceReturnsNil]' started.
Test Case '-[HavitalTests.ClimateDayTests testMalformedPaceReturnsNil]' passed (0.000 seconds).
Test Case '-[HavitalTests.ClimateDayTests testMissingClimateFieldDecodesToNil]' started.
Test Case '-[HavitalTests.ClimateDayTests testMissingClimateFieldDecodesToNil]' passed (0.000 seconds).
Test Case '-[HavitalTests.ClimateDayTests testNoClimateAnywhereReturnsNil]' started.
Test Case '-[HavitalTests.ClimateDayTests testNoClimateAnywhereReturnsNil]' passed (0.001 seconds).
Test Case '-[HavitalTests.ClimateDayTests testNoKeepRatioMeansNoReductionText]' started.
Test Case '-[HavitalTests.ClimateDayTests testNoKeepRatioMeansNoReductionText]' passed (0.000 seconds).
Test Case '-[HavitalTests.ClimateDayTests testRestDayHasNoLegacyFallback]' started.
Test Case '-[HavitalTests.ClimateDayTests testRestDayHasNoLegacyFallback]' passed (0.000 seconds).
Test Case '-[HavitalTests.ClimateDayTests testSuggestedTrainingWindowsSurvive]' started.
Test Case '-[HavitalTests.ClimateDayTests testSuggestedTrainingWindowsSurvive]' passed (0.000 seconds).
Test Case '-[HavitalTests.ClimateDayTests testTemperatureTextRounds]' started.
Test Case '-[HavitalTests.ClimateDayTests testTemperatureTextRounds]' passed (0.000 seconds).
Test Suite 'ClimateDayTests' passed at 2026-08-29 15:40:05.721.
	 Executed 20 tests, with 0 failures (0 unexpected) in 0.009 (0.012) seconds
Test Suite 'ClimateForecastRemoteDataSourceTests' started at 2026-08-29 15:40:05.722.
Test Case '-[HavitalTests.ClimateForecastRemoteDataSourceTests test_fetchForecast_requestsSevenDayClimateForecast]' started.
[AuthSessionRepositoryImpl] [ERROR] [AuthSession] ❌ Failed to get ID Token: Authentication token has expired.
[AuthSessionRepositoryImpl] [ERROR] [AuthSession] ❌ Failed to get ID Token: Authentication token has expired.
[AuthSessionRepositoryImpl] [ERROR] [AuthSession] ❌ Failed to get ID Token: Authentication token has expired.
[FirebaseLogging] 上傳失敗: Authentication token has expired.
[AuthSessionRepositoryImpl] [ERROR] [AuthSession] ❌ Failed to get ID Token: Authentication token has expired.
[FirebaseLogging] 上傳失敗: Authentication token has expired.
[AuthSessionRepositoryImpl] [ERROR] [AuthSession] ❌ Failed to get ID Token: Authentication token has expired.
[FirebaseLogging] 上傳失敗: Authentication token has expired.
[FirebaseLogging] 上傳失敗: Authentication token has expired.
[FirebaseLogging] 上傳失敗: Authentication token has expired.
[HTTPClient] [WARN] [HTTPClient] 收到 401 錯誤，嘗試刷新 token 並重試: GET /v2/achievements/summary
[HTTPClient] [WARN] [FTest Case '-[HavitalTests.ClimateForecastRemoteDataSourceTests test_fetchForecast_requestsSevenDayClimateForecast]' passed (0.004 seconds).
irebaseLogging] 收到 401 錯誤 - 嘗試刷新 token
[HTTPClient] [WARN] [HTTPClient] 收到 401 錯誤，嘗試刷新 token 並重試: GET /v2/achievements/summary
[AuthSessionRepositoryImpl] [ERROR] [AuthSession] Failed to refresh ID Token: Authentication token has expired.
[HTTPClient] [WARN] [FirebaseLogging] 收到 401 錯誤 - 嘗試刷新 token
Test Suite 'ClimateForecastRemoteDataSourceTests' passed at 2026-08-29 15:40:05.727.
	 Executed 1 test, with 0 failures (0 unexpected) in 0.004 (0.004) seconds
[HTTPClient] [ERROR] [HTTPClient] Token 刷新或重試失敗: Authentication token has expired.
[AuthSessionRepositoryImpl] [ERROR] [AuthSession] Failed to refresh ID Token: Authentication token has expired.
[HTTPClient] [ERROR] [FirebaseLogging] 401 重試失敗
[HTTPClient] [ERROR] HTTP 錯誤 401: {"detail":{"success":false,Test Suite 'CompleteOnboardingUseCaseTests' started at 2026-08-29 15:40:05.727.
"error":"Missing Authorization header"}}
[HTTPClient] [ERROR] ❌ Unauthorized: {"detail":{"success":false,"error":"Missing Authorization header"}}
[APICallTracker] [ERROR] 💥 [API Error] AchievementRemoteDataSource: fetchSummary → GET /v2/achievements/summary | Unauthorized: {"detail":{"success":false,"error":"Missing Authorization header"}}
[HTTPClient] [ERROR] [HTTPClient] Token 刷新或重試失敗: Authentication token has expired.
[HTTPClient] [ERROR] [FirebaseLogging] 401 重試失敗
[HTTPClient] [ERROR] HTTP 錯誤 401: {"detail":{"success":false,"error":"Missing Authorization header"}}
[HTTPClient] [ERROR] ❌ Unauthorized: {"detail":{"success":false,"error":"Missing Authorization header"}}
[APICallTracker] [ERROR] 💥 [API Error] AchievementRemoteDataSource: fetchSummary → GET /v2/achievements/summary | Unauthorized: {"detail":{"success":false,"error":"Missing Authorization header"}}
Test Case '-[HavitalTests.CompleteOnboardingUseCaseTests test_execute_createsWeeklyPlan_success]' started.
[AchievementsAPI] fetchSummary request failed path=/v2/achievements/summary error=HTTPError(status=401) Unauthorized: {"detail":{"success":false,"error":"Missing Authorization header"}}
[AchievementRemoteDataSource] [ERROR] [AchievementsAPI] fetchSummary request failed path=/v2/achievements/summary error=HTTPError(status=401) Unauthorized: {"detail":{"success":false,"error":"Missing Authorization header"}}
[AchievementsAPI] fetchSummary request failed path=/v2/achievements/summary error=HTTPError(status=401) Unauthorized: {"detail":{"success":false,"error":"Missing Authorization header"}}
[AchievementRemoteDataSource] [ERROR] [FirebaseLogging] Achievements summary load failed
[AchievementRemoteDataSource] [ERROR] [AchievementsAPI] fetchSummary request failed path=/v2/achievements/summary error=HTTPError(status=401) Unauthorized: {"detail":{"success":false,"error":"Missing Authorization header"}}
[AchievementRepositoryImpl] [ERROR] [AchievementRepository] fetchSummary failed: Unauthorized: {"detail":{"success":false,"error":"Missing Authorization header"}}
[AchievementRemoteDataSource] [ERROR] [FirebaseLogging] Achievements summary load failed
[AchievementRepositoryImpl] [ERROR] [AchievementRepository] fetchSummary failed: Unauthorized: {"detail":{"success":false,"error":"Missing Authorization header"}}
[AchievementsVM] load failed state=error error=AchievementError: Unauthorized: {"detail":{"success":false,"error":"Missing Authorization header"}}
[PersonalAchievementsViewModel] [ERROR] [AchievementsVM] load failed state=error error=AchievementError: Unauthorized: {"detail":{"success":false,"error":"Missing Authorization header"}}
[AuthSessionRepositoryImpl] [ERROR] [AuthSession] ❌ Failed to get ID Token: Authentication token has expired.
[AuthSessionRepositoryImpl] [ERROR] [AuthSession] ❌ Failed to get ID Token: Authentication token has expired.
[FirebaseLogging] 上傳失敗: Authentication token has expired.
[PersonalAchievementsViewModel] [ERROR] [FirebaseLogging] Achievements screen entered error state
[AchievementsVM] load failed state=error error=AchievementError: Unauthorized: {"detail":{"success":false,"error":"Missing Authorization header"}}
[PersonalAchievementsViewModel] [ERROR] [AchievementsVM] load failed state=error error=AchievementError: Unauthorized: {"detail":{"success":false,"error":"Missing Authorization header"}}
[AuthSessionRepositoryImpl] [ERROR] [AuthSession] ❌ Failed to get ID Token: Authentication token has expired.
[PersonalAchievementsViewModel] [ERROR] [FirebaseLogging] Achievements screen entered error state
[FirebaseLogging] 上傳失敗: Authentication token has expired.
[AuthSessionRepositoryImpl] [ERROR] [AuthSession] ❌ Failed to get ID Token: Authentication token has expired.
[FirebaseLogging] 上傳失敗: Authentication token has expired.
[AuthSessionRepositoryImpl] [ERROR] [AuthSession] ❌ Failed to get ID Token: Authentication token has expired.
[FirebaseLogging] 上傳失敗: Authentication token has expired.
[FirebaseLogging] 上傳失敗: Authentication token has expired.
[AuthSessionRepositoryImpl] [ERROR] [AuthSession] ❌ Failed to get ID Token: Authentication token has expired.
[FirebaseLogging] 上傳失敗: Authentication token has expired.
[HTTPClient] [WARN] [HTTPClient] 收到 401 錯誤，嘗試刷新 token 並重試: GET /v2/achievements/summary
[HTTPClient] [WARN] [FirebaseLogging] 收到 401 錯誤 - 嘗試刷新 token
[AuthSessionRepositoryImpl] [ERROR] [AuthSession] Failed to refresh ID Token: Authentication token has expired.
[HTTPClient] [WARN] [HTTPClient] 收到 401 錯誤，嘗試刷新 token 並重試: GET /v2/achievements/summary
[HTTPClient] [WARN] [FirebaseLogging] 收到 401 錯誤 - 嘗試刷新 token
[HTTPClient] [WARN] [HTTPClient] 收到 401 錯誤，嘗試刷新 token 並重試: GET /v2/achievements/summary
[AuthSessionRepositoryImpl] [ERROR] [AuthSession] Failed to refresh ID Token: Authentication token has expired.
[HTTPClient] [WARN] [FirebaseLogging] 收到 401 錯誤 - 嘗試刷新 token
[HTTPClient] [WARN] [HTTPClient] 收到 401 錯誤，嘗試刷新 token 並重試: GET /v2/achievements/summary
[AuthSessionRepositoryImpl] [ERROR] [AuthSession] Failed to refresh ID Token: Authentication token has expired.
[HTTPClient] [WARN] [FirebaseLogging] 收到 401 錯誤 - 嘗試刷新 token
[HTTPClient] [ERROR] [HTTPClient] Token 刷新或重試失敗: Authentication token has expired.
[AuthSessionRepositoryImpl] [ERROR] [AuthSession] Failed to refresh ID Token: Authentication token has expired.
[HTTPClient] [ERROR] [FirebaseLogging] 401 重試失敗
[HTTPClient] [ERROR] HTTP 錯誤 401: {"detail":{"success":false,"error":"Missing Authorization header"}}
[HTTPClient] [ERROR] ❌ Unauthorized: {"detail":{"success":false,"error":"Missing Authorization header"}}
[APICallTracker] [ERROR] 💥 [API Error] AchievementRemoteDataSource: fetchSummary → GET /v2/achievements/summary | Unauthorized: {"detail":{"success":false,"error":"Missing Authorization header"}}
[HTTPClient] [ERROR] [HTTPClient] Token 刷新或重試失敗: Authentication token has expired.
[HTTPClient] [ERROR] [FirebaseLogging] 401 重試失敗
[HTTPClient] [ERROR] HTTP 錯誤 401: {"detail":{"success":false,"error":"Missing Authorization header"}}
[HTTPClient] [ERROR] ❌ Unauthorized: {"detail":{"success":false,"error":"Missing Authorization header"}}
[APICallTracker] [ERROR] 💥 [API Error] AchievementRemoteDataSource: fetchSummary → GET /v2/achievements/summary | Unauthorized: {"detail":{"success":false,"error":"Missing Authorization header"}}
[HTTPClient] [ERROR] [HTTPClient] Token 刷新或重試失敗: Authentication token has expired.
[HTTPClient] [ERROR] [FirebaseLogging] 401 重試失敗
[HTTPClient] [ERROR] HTTP 錯誤 401: {"detail":{"success":false,"error":"Missing Authorization header"}}
[HTTPClient] [ERROR] ❌ Unauthorized: {"detail":{"success":false,"error":"Missing Authorization header"}}
[APICallTracker] [ERROR] 💥 [API Error] AchievementRemoteDataSource: fetchSummary → GET /v2/achievements/summary | Unauthorized: {"detail":{"success":false,"error":"Missing Authorization header"}}
[HTTPClient] [ERROR] [HTTPClient] Token 刷新或重試失敗: Authentication token has expired.
[HTTPClient] [ERROR] [FirebaseLogging] 401 重試失敗
[HTTPClient] [ERROR] HTTP 錯誤 401: {"detail":{"success":false,"error":"Missing Authorization header"}}
[HTTPClient] [ERROR] ❌ Unauthorized: {"detail":{"success":false,"error":"Missing Authorization header"}}
[APICallTracker] [ERROR] 💥 [API Error] AchievementRemoteDataSource: fetchSummary → GET /v2/achievements/summary | Unauthorized: {"detail":{"success":false,"error":"Missing Authorization header"}}
[AchievementsAPI] fetchSummary request failed path=/v2/achievements/summary error=HTTPError(status=401) Unauthorized: {"detail":{"success":false,"error":"Missing Authorization header"}}
[AchievementsAPI] fetchSummary request failed path=/v2/achievements/summary error=HTTPError(status=401) Unauthorized: {"detail":{"success":false,"error":"Missing Authorization header"}}
[AchievementsAPI] fetchSummary request failed path=/v2/achievements/summary error=HTTPError(status=401) Unauthorized: {"detail":{"success":false,"error":"Missing Authorization header"}}
[AchievementRemoteDataSource] [ERROR] [AchievementsAPI] fetchSummary request failed path=/v2/achievements/summary error=HTTPError(status=401) Unauthorized: {"detail":{"success":false,"error":"Missing Authorization header"}}
[AchievementRemoteDataSource] [ERROR] [AchievementsAPI] fetchSummary request failed path=/v2/achievements/summary error=HTTPError(status=401) Unauthorized: {"detail":{"success":false,"error":"Missing Authorization header"}}
[AuthSessionRepositoryImpl] [ERROR] [AuthSession] ❌ Failed to get ID Token: Authentication token has expired.
[AuthSessionRepositoryImpl] [ERROR] [AuthSession] ❌ Failed to get ID Token: Authentication token has expired.
[AchievementsAPI] fetchSummary request failed path=/v2/achievements/summary error=HTTPError(status=401) Unauthorized: {"detail":{"success":false,"error":"Missing Authorization header"}}
[FirebaseLogging] 上傳失敗: Authentication token has expired.
[AchievementRemoteDataSource] [ERROR] [FirebaseLogging] Achievements summary load failed
[AchievementRemoteDataSource] [ERROR] [AchievementsAPI] fetchSummary request failed path=/v2/achievements/summary error=HTTPError(status=401) Unauthorized: {"detail":{"success":false,"error":"Missing Authorization header"}}
[AchievementRemoteDataSource] [ERROR] [FirebaseLogging] Achievements summary load failed
[AchievementRepositoryImpl] [ERROR] [AchievementRepository] fetchSummary failed: Unauthorized: {"detail":{"success":false,"error":"Missing Authorization header"}}
[AuthSessionRepositoryImpl] [ERROR] [AuthSession] ❌ Failed to get ID Token: Authentication token has expired.
[AuthSessionRepositoryImpl] [ERROR] [AuthSession] ❌ Failed to get ID Token: Authentication token has expired.
[AuthSessionRepositoryImpl] [ERROR] [AuthSession] ❌ Failed to get ID Token: Authentication token has expired.
[AchievementRemoteDataSource] [ERROR] [AchievementsAPI] fetchSummary request failed path=/v2/achievements/summary error=HTTPError(status=401) Unauthorized: {"detail":{"success":false,"error":"Missing Authorization header"}}
[AchievementRemoteDataSource] [ERROR] [FirebaseLogging] Achievements summary load failed
[AuthSessionRepositoryImpl] [ERROR] [AuthSession] ❌ Failed to get ID Token: Authentication token has expired.
[FirebaseLogging] 上傳失敗: Authentication token has expired.
[AchievementsVM] load failed state=error error=AchievementError: Unauthorized: {"detail":{"success":false,"error":"Missing Authorization header"}}
[AchievementRepositoryImpl] [ERROR] [AchievementRepository] fetchSummary failed: Unauthorized: {"detail":{"success":false,"error":"Missing Authorization header"}}
[AchievementRemoteDataSource] [ERROR] [FirebaseLogging] Achievements summary load failed
[PersonalAchievementsViewModel] [ERROR] [AchievementsVM] load failed state=error error=AchievementError: Unauthorized: {"detail":{"success":false,"error":"Missing Authorization header"}}
[AchievementRepositoryImpl] [ERROR] [AchievementRepository] fetchSummary failed: Unauthorized: {"detail":{"success":false,"error":"Missing Authorization header"}}
[AchievementRepositoryImpl] [ERROR] [AchievementRepository] fetchSummary failed: Unauthorized: {"detail":{"success":false,"error":"Missing Authorization header"}}
[FirebaseLogging] 上傳失敗: Authentication token has expired.
[PersonalAchievementsViewModel] [ERROR] [FirebaseLogging] Achievements screen entered error state
[FirebaseLogging] 上傳失敗: Authentication token has expired.
[AchievementsVM] load failed state=error error=AchievementError: Unauthorized: {"detail":{"success":false,"error":"Missing Authorization header"}}
[CompleteOnboardingUseCase] [DEBUG] [CompleteOnboardingUseCase] Starting completion flow
[PersonalAchievementsViewModel] [ERROR] [AchievementsVM] load failed state=error error=AchievementError: Unauthorized: {"detail":{"success":false,"error":"Missing Authorization header"}}
[CompleteOnboardingUseCase] [DEBUG] [CompleteOnboardingUseCase] - isV2Flow: false
[FirebaseLogging] 上傳失敗: Authentication token has expired.
[CompleteOnboardingUseCase] [DEBUG] [CompleteOnboardingUseCase] - targetTypeId: nil
[PersonalAchievementsViewModel] [ERROR] [FirebaseLogging] Achievements screen entered error state
[CompleteOnboardingUseCase] [DEBUG] [CompleteOnboardingUseCase] - methodologyId: nil
[AchievementsVM] load failed state=error error=AchievementError: Unauthorized: {"detail":{"success":false,"error":"Missing Authorization header"}}
[CompleteOnboardingUseCase] [DEBUG] [CompleteOnboardingUseCase] - startFromStage: nil
[FirebaseLogging] 上傳失敗: Authentication token has expired.
[PersonalAchievementsViewModel] [ERROR] [AchievementsVM] load failed state=error error=AchievementError: Unauthorized: {"detail":{"success":false,"error":"Missing Authorization header"}}
[CompleteOnboardingUseCase] [DEBUG] [CompleteOnboardingUseCase] - isBeginner: false
[CompleteOnboardingUseCase] [DEBUG] [CompleteOnboardingUseCase] - isReonboarding: false
[PersonalAchievementsViewModel] [ERROR] [FirebaseLogging] Achievements screen entered error state
[CompleteOnboardingUseCase] [DEBUG] [CompleteOnboardingUseCase] Executing V1 (legacy) flow...
[AchievementsVM] load failed state=error error=AchievementError: Unauthorized: {"detail":{"success":false,"error":"Missing Authorization header"}}
[CompleteOnboardingUseCase] [DEBUG] [CompleteOnboardingUseCase] Creating V1 first week plan...
[PersonalAchievementsViewModel] [ERROR] [AchievementsVM] load failed state=error error=AchievementError: Unauthorized: {"detail":{"success":false,"error":"Missing Authorization header"}}
[CompleteOnboardingUseCase] [DEBUG] [CompleteOnboardingUseCase] V1 First week plan created: plan_123_1
[CompleteOnboardingUseCase] [DEBUG] [CompleteOnboardingUseCase] V1 weekly plan created: plan_123_1
[PersonalAchievementsViewModel] [ERROR] [FirebaseLogging] Achievements screen entered error state
[AuthSessionRepositoryImpl] [ERROR] [AuthSession] ❌ Failed to get ID Token: Authentication token has expired.
[AuthSessionRepositoryImpl] [ERROR] [AuthSession] ❌ Failed to get ID Token: Authentication token has expired.
[FirebaseLogging] 上傳失敗: Authentication token has expired.
[CompleteOnboardingUseCase] [DEBUG] [CompleteOnboardingUseCase] New user onboarding completion flags set
[CompleteOnboardingUseCase] [DEBUG] [CompleteOnboardingUseCase] Onboarding completion flow finished successfully
[FirebaseLogging] 上傳失敗: Authentication token has expired.
Test Case '-[HavitalTests.CompleteOnboardingUseCaseTests test_execute_createsWeeklyPlan_success]' passed (0.006 seconds).
Test Case '-[HavitalTests.CompleteOnboardingUseCaseTests test_execute_handlesBeginnerMode]' started.
[CompleteOnboardingUseCase] [DEBUG] [CompleteOnboardingUseCase] Starting completion flow
[CompleteOnboardingUseCase] [DEBUG] [CompleteOnboardingUseCase] - isV2Flow: false
[AuthSessionRepositoryImpl] [ERROR] [AuthSession] ❌ Failed to get ID Token: Authentication token has expired.
[CompleteOnboardingUseCase] [DEBUG] [CompleteOnboardingUseCase] - targetTypeId: nil
[CompleteOnboardingUseCase] [DEBUG] [CompleteOnboardingUseCase] - methodologyId: nil
[CompleteOnboardingUseCase] [DEBUG] [CompleteOnboardingUseCase] - startFromStage: nil
[AuthSessionRepositoryImpl] [ERROR] [AuthSession] ❌ Failed to get ID Token: Authentication token has expired.
[CompleteOnboardingUseCase] [DEBUG] [CompleteOnboardingUseCase] - isBeginner: true
[AuthSessionRepositoryImpl] [ERROR] [AuthSession] ❌ Failed to get ID Token: Authentication token has expired.
[CompleteOnboardingUseCase] [DEBUG] [CompleteOnboardingUseCase] - isReonboarding: false
[CompleteOnboardingUseCase] [DEBUG] [CompleteOnboardingUseCase] Executing V1 (legacy) flow...
[FirebaseLogging] 上傳失敗: Authentication token has expired.
[CompleteOnboardingUseCase] [DEBUG] [CompleteOnboardingUseCase] Creating V1 first week plan...
[AuthSessionRepositoryImpl] [ERROR] [AuthSession] ❌ Failed to get ID Token: Authentication token has expired.
[CompleteOnboardingUseCase] [DEBUG] [CompleteOnboardingUseCase] V1 First week plan created: plan_123_1
[FirebaseLogging] 上傳失敗: Authentication token has expired.
[CompleteOnboardingUseCase] [DEBUG] [CompleteOnboardingUseCase] V1 weekly plan created: plan_123_1
[FirebaseLogging] 上傳失敗: Authentication token has expired.
[CompleteOnboardingUseCase] [DEBUG] [CompleteOnboardingUseCase] New user onboarding completion flags set
[FirebaseLogging] 上傳失敗: Authentication token has expired.
[CompleteOnboardingUseCase] [DEBUG] [CompleteOnboardingUseCase] Onboarding completion flow finished successfully
Test Case '-[HavitalTests.CompleteOnboardingUseCaseTests test_execute_handlesBeginnerMode]' passed (0.002 seconds).
Test Case '-[HavitalTests.CompleteOnboardingUseCaseTests test_execute_handlesReonboardingMode]' started.
[CompleteOnboardingUseCase] [DEBUG] [CompleteOnboardingUseCase] Starting completion flow
[CompleteOnboardingUseCase] [DEBUG] [CompleteOnboardingUseCase] - isV2Flow: false
[CompleteOnboardingUseCase] [DEBUG] [CompleteOnboardingUseCase] - targetTypeId: nil
[CompleteOnboardingUseCase] [DEBUG] [CompleteOnboardingUseCase] - methodologyId: nil
[CompleteOnboardingUseCase] [DEBUG] [CompleteOnboardingUseCase] - startFromStage: nil
[CompleteOnboardingUseCase] [DEBUG] [CompleteOnboardingUseCase] - isBeginner: false
[CompleteOnboardingUseCase] [DEBUG] [CompleteOnboardingUseCase] - isReonboarding: true
[CompleteOnboardingUseCase] [DEBUG] [CompleteOnboardingUseCase] Executing V1 (legacy) flow...
[CompleteOnboardingUseCase] [DEBUG] [CompleteOnboardingUseCase] Creating V1 first week plan...
[CompleteOnboardingUseCase] [DEBUG] [CompleteOnboardingUseCase] V1 First week plan created: plan_123_1
[CompleteOnboardingUseCase] [DEBUG] [CompleteOnboardingUseCase] V1 weekly plan created: plan_123_1
[CompleteOnboardingUseCase] [DEBUG] [CompleteOnboardingUseCase] Re-onboarding completion - no flags to update
[CompleteOnboardingUseCase] [DEBUG] [CompleteOnboardingUseCase] Onboarding completion flow finished successfully
Test Case '-[HavitalTests.CompleteOnboardingUseCaseTests test_execute_handlesReonboardingMode]' passed (0.001 seconds).
Test Case '-[HavitalTests.CompleteOnboardingUseCaseTests test_execute_passesCorrectParameters_toRepository]' started.
[CompleteOnboardingUseCase] [DEBUG] [CompleteOnboardingUseCase] Starting completion flow
[CompleteOnboardingUseCase] [DEBUG] [CompleteOnboardingUseCase] - isV2Flow: false
[CompleteOnboardingUseCase] [DEBUG] [CompleteOnboardingUseCase] - targetTypeId: nil
[CompleteOnboardingUseCase] [DEBUG] [CompleteOnboardingUseCase] - methodologyId: nil
[CompleteOnboardingUseCase] [DEBUG] [CompleteOnboardingUseCase] - startFromStage: stage_2
[CompleteOnboardingUseCase] [DEBUG] [CompleteOnboardingUseCase] - isBeginner: true
[CompleteOnboardingUseCase] [DEBUG] [CompleteOnboardingUseCase] - isReonboarding: false
[CompleteOnboardingUseCase] [DEBUG] [CompleteOnboardingUseCase] Executing V1 (legacy) flow...
[CompleteOnboardingUseCase] [DEBUG] [CompleteOnboardingUseCase] Creating V1 first week plan...
[CompleteOnboardingUseCase] [DEBUG] [CompleteOnboardingUseCase] V1 First week plan created: plan_123_1
[CompleteOnboardingUseCase] [DEBUG] [CompleteOnboardingUseCase] V1 weekly plan created: plan_123_1
[CompleteOnboardingUseCase] [DEBUG] [CompleteOnboardingUseCase] New user onboarding completion flags set
[CompleteOnboardingUseCase] [DEBUG] [CompleteOnboardingUseCase] Onboarding completion flow finished successfully
Test Case '-[HavitalTests.CompleteOnboardingUseCaseTests test_execute_passesCorrectParameters_toRepository]' passed (0.001 seconds).
Test Case '-[HavitalTests.CompleteOnboardingUseCaseTests test_execute_returnsCorrectOutput_withStartFromStage]' started.
[CompleteOnboardingUseCase] [DEBUG] [CompleteOnboardingUseCase] Starting completion flow
[CompleteOnboardingUseCase] [DEBUG] [CompleteOnboardingUseCase] - isV2Flow: false
[CompleteOnboardingUseCase] [DEBUG] [CompleteOnboardingUseCase] - targetTypeId: nil
[CompleteOnboardingUseCase] [DEBUG] [CompleteOnboardingUseCase] - methodologyId: nil
[CompleteOnboardingUseCase] [DEBUG] [CompleteOnboardingUseCase] - startFromStage: advanced_stage
[CompleteOnboardingUseCase] [DEBUG] [CompleteOnboardingUseCase] - isBeginner: false
[CompleteOnboardingUseCase] [DEBUG] [CompleteOnboardingUseCase] - isReonboarding: true
[CompleteOnboardingUseCase] [DEBUG] [CompleteOnboardingUseCase] Executing V1 (legacy) flow...
[CompleteOnboardingUseCase] [DEBUG] [CompleteOnboardingUseCase] Creating V1 first week plan...
[CompleteOnboardingUseCase] [DEBUG] [CompleteOnboardingUseCase] V1 First week plan created: plan_123_2
[CompleteOnboardingUseCase] [DEBUG] [CompleteOnboardingUseCase] V1 weekly plan created: plan_123_2
[CompleteOnboardingUseCase] [DEBUG] [CompleteOnboardingUseCase] Re-onboarding completion - no flags to update
[CompleteOnboardingUseCase] [DEBUG] [CompleteOnboardingUseCase] Onboarding completion flow finished successfully
Test Case '-[HavitalTests.CompleteOnboardingUseCaseTests test_execute_returnsCorrectOutput_withStartFromStage]' passed (0.001 seconds).
Test Case '-[HavitalTests.CompleteOnboardingUseCaseTests test_execute_throwsError_whenPlanCreationFails]' started.
[CompleteOnboardingUseCase] [DEBUG] [CompleteOnboardingUseCase] Starting completion flow
[CompleteOnboardingUseCase] [DEBUG] [CompleteOnboardingUseCase] - isV2Flow: false
[CompleteOnboardingUseCase] [DEBUG] [CompleteOnboardingUseCase] - targetTypeId: nil
[CompleteOnboardingUseCase] [DEBUG] [CompleteOnboardingUseCase] - methodologyId: nil
[CompleteOnboardingUseCase] [DEBUG] [CompleteOnboardingUseCase] - startFromStage: nil
[CompleteOnboardingUseCase] [DEBUG] [CompleteOnboardingUseCase] - isBeginner: false
[CompleteOnboardingUseCase] [DEBUG] [CompleteOnboardingUseCase] - isReonboarding: false
[CompleteOnboardingUseCase] [DEBUG] [CompleteOnboardingUseCase] Executing V1 (legacy) flow...
[CompleteOnboardingUseCase] [DEBUG] [CompleteOnboardingUseCase] Creating V1 first week plan...
[CompleteOnboardingUseCase] [ERROR] [CompleteOnboardingUseCase] Failed to create V1 weekly plan: The operation couldn’t be completed. (paceriz_dev.TrainingPlanError error 4.)
[CompleteOnboardingUseCase] [ERROR] [CompleteOnboardingUseCase] Failed with OnboardingError: Failed to create weekly plan: The operation couldn’t be completed. (paceriz_dev.TrainingPlanError error 4.)
Test Case '-[HavitalTests.CompleteOnboardingUseCaseTests test_execute_throwsError_whenPlanCreationFails]' passed (0.004 seconds).
Test Case '-[HavitalTests.CompleteOnboardingUseCaseTests test_execute_throwsError_whenRepositoryReturnsNil]' started.
[CompleteOnboardingUseCase] [DEBUG] [CompleteOnboardingUseCase] Starting completion flow
[CompleteOnboardingUseCase] [DEBUG] [CompleteOnboardingUseCase] - isV2Flow: false
[CompleteOnboardingUseCase] [DEBUG] [CompleteOnboardingUseCase] - targetTypeId: nil
[CompleteOnboardingUseCase] [DEBUG] [CompleteOnboardingUseCase] - methodologyId: nil
[CompleteOnboardingUseCase] [DEBUG] [CompleteOnboardingUseCase] - startFromStage: nil
[CompleteOnboardingUseCase] [DEBUG] [CompleteOnboardingUseCase] - isBeginner: false
[CompleteOnboardingUseCase] [DEBUG] [CompleteOnboardingUseCase] - isReonboarding: false
[CompleteOnboardingUseCase] [DEBUG] [CompleteOnboardingUseCase] Executing V1 (legacy) flow...
[CompleteOnboardingUseCase] [DEBUG] [CompleteOnboardingUseCase] Creating V1 first week plan...
[CompleteOnboardingUseCase] [ERROR] [CompleteOnboardingUseCase] Failed to create V1 weekly plan: The operation couldn’t be completed. (paceriz_dev.TrainingPlanError error 4.)
[CompleteOnboardingUseCase] [ERROR] [CompleteOnboardingUseCase] Failed with OnboardingError: Failed to create weekly plan: The operation couldn’t be completed. (paceriz_dev.TrainingPlanError error 4.)
Test Case '-[HavitalTests.CompleteOnboardingUseCaseTests test_execute_throwsError_whenRepositoryReturnsNil]' passed (0.001 seconds).
Test Case '-[HavitalTests.CompleteOnboardingUseCaseTests test_execute_v2NonPlanExpanderFailure_doesNotRetryFallbackStage]' started.
[CompleteOnboardingUseCase] [DEBUG] [CompleteOnboardingUseCase] Starting completion flow
[CompleteOnboardingUseCase] [DEBUG] [CompleteOnboardingUseCase] - isV2Flow: true
[CompleteOnboardingUseCase] [DEBUG] [CompleteOnboardingUseCase] - targetTypeId: race_run
[CompleteOnboardingUseCase] [DEBUG] [CompleteOnboardingUseCase] - methodologyId: paceriz
[CompleteOnboardingUseCase] [DEBUG] [CompleteOnboardingUseCase] - startFromStage: build
[CompleteOnboardingUseCase] [DEBUG] [CompleteOnboardingUseCase] - isBeginner: false
[CompleteOnboardingUseCase] [DEBUG] [CompleteOnboardingUseCase] - isReonboarding: false
[CompleteOnboardingUseCase] [DEBUG] [CompleteOnboardingUseCase] Executing V2 flow...
[CompleteOnboardingUseCase] [DEBUG] [CompleteOnboardingUseCase] Reusing existing V2 overview: overview_1
[CompleteOnboardingUseCase] [DEBUG] [CompleteOnboardingUseCase] Creating V2 first week plan...
[CompleteOnboardingUseCase] [ERROR] [CompleteOnboardingUseCase] Failed to create V2 weekly plan: Invalid request: {"error":"subscription required"}
[CompleteOnboardingUseCase] [ERROR] [CompleteOnboardingUseCase] Failed with OnboardingError: Failed to create weekly plan: V2 Weekly plan creation failed: Invalid request: {"error":"subscription required"}
Test Case '-[HavitalTests.CompleteOnboardingUseCaseTests test_execute_v2NonPlanExpanderFailure_doesNotRetryFallbackStage]' passed (0.001 seconds).
Test Case '-[HavitalTests.CompleteOnboardingUseCaseTests test_execute_v2RacePlanExpanderFailure_retriesWithFallbackStage]' started.
[CompleteOnboardingUseCase] [DEBUG] [CompleteOnboardingUseCase] Starting completion flow
[CompleteOnboardingUseCase] [DEBUG] [CompleteOnboardingUseCase] - isV2Flow: true
[CompleteOnboardingUseCase] [DEBUG] [CompleteOnboardingUseCase] - targetTypeId: race_run
[CompleteOnboardingUseCase] [DEBUG] [CompleteOnboardingUseCase] - methodologyId: paceriz
[CompleteOnboardingUseCase] [DEBUG] [CompleteOnboardingUseCase] - startFromStage: build
[CompleteOnboardingUseCase] [DEBUG] [CompleteOnboardingUseCase] - isBeginner: false
[CompleteOnboardingUseCase] [DEBUG] [CompleteOnboardingUseCase] - isReonboarding: false
[CompleteOnboardingUseCase] [DEBUG] [CompleteOnboardingUseCase] Executing V2 flow...
[CompleteOnboardingUseCase] [DEBUG] [CompleteOnboardingUseCase] Reusing existing V2 overview: overview_1
[CompleteOnboardingUseCase] [DEBUG] [CompleteOnboardingUseCase] Creating V2 first week plan...
[CompleteOnboardingUseCase] [WARN] [CompleteOnboardingUseCase] Weekly generation failed with PlanExpander. Retrying fallback stages...
[CompleteOnboardingUseCase] [WARN] [CompleteOnboardingUseCase] Retrying weekly generation with start stage: peak
[CompleteOnboardingUseCase] [WARN] [CompleteOnboardingUseCase] Weekly generation recovered by switching start stage from build to build
[CompleteOnboardingUseCase] [DEBUG] [CompleteOnboardingUseCase] V2 weekly plan created: plan_1
[CompleteOnboardingUseCase] [DEBUG] [CompleteOnboardingUseCase] New user onboarding completion flags set
[CompleteOnboardingUseCase] [DEBUG] [CompleteOnboardingUseCase] Onboarding completion flow finished successfully
Test Case '-[HavitalTests.CompleteOnboardingUseCaseTests test_execute_v2RacePlanExpanderFailure_retriesWithFallbackStage]' passed (0.001 seconds).
Test Suite 'CompleteOnboardingUseCaseTests' passed at 2026-08-29 15:40:05.747.
	 Executed 9 tests, with 0 failures (0 unexpected) in 0.019 (0.021) seconds
Test Suite 'CreateTargetUseCaseTests' started at 2026-08-29 15:40:05.747.
Test Case '-[HavitalTests.CreateTargetUseCaseTests testExecute_CreatesTargetSuccess]' started.
[CreateTargetUseCase] [DEBUG] [CreateTargetUseCase] Creating target: Test Race
[CreateTargetUseCase] [DEBUG] [CreateTargetUseCase] Success
Test Case '-[HavitalTests.CreateTargetUseCaseTests testExecute_CreatesTargetSuccess]' passed (0.000 seconds).
Test Case '-[HavitalTests.CreateTargetUseCaseTests testExecute_OnFailure_ThrowsError]' started.
[CreateTargetUseCase] [DEBUG] [CreateTargetUseCase] Creating target: Test Race
[CreateTargetUseCase] [ERROR] [CreateTargetUseCase] Failed: The operation couldn’t be completed. (test error -1.)
Test Case '-[HavitalTests.CreateTargetUseCaseTests testExecute_OnFailure_ThrowsError]' passed (0.001 seconds).
Test Suite 'CreateTargetUseCaseTests' passed at 2026-08-29 15:40:05.749.
	 Executed 2 tests, with 0 failures (0 unexpected) in 0.001 (0.001) seconds
Test Suite 'DailyStateCardViewModelTests' started at 2026-08-29 15:40:05.749.
Test Case '-[HavitalTests.DailyStateCardViewModelTests test_applyBenchmark_cancelled_no_error_no_refresh]' started.
Test Case '-[HavitalTests.DailyStateCardViewModelTests test_applyBenchmark_cancelled_no_error_no_refresh]' passed (0.002 seconds).
Test Case '-[HavitalTests.DailyStateCardViewModelTests test_applyBenchmark_failure_sets_error_keeps_card_no_refresh]' started.
Test Case '-[HavitalTests.DailyStateCardViewModelTests test_applyBenchmark_failure_sets_error_keeps_card_no_refresh]' passed (0.001 seconds).
Test Case '-[HavitalTests.DailyStateCardViewModelTests test_applyBenchmark_retry_after_failure_clears_error]' started.
Test Case '-[HavitalTests.DailyStateCardViewModelTests test_applyBenchmark_retry_after_failure_clears_error]' passed (0.001 seconds).
Test Case '-[HavitalTests.DailyStateCardViewModelTests test_applyBenchmark_success_refreshes_readiness_and_dismisses]' started.
Test Case '-[HavitalTests.DailyStateCardViewModelTests test_applyBenchmark_success_refreshes_readiness_and_dismisses]' passed (0.001 seconds).
Test Case '-[HavitalTests.DailyStateCardViewModelTests test_cancelled_does_not_set_error]' started.
Test Case '-[HavitalTests.DailyStateCardViewModelTests test_cancelled_does_not_set_error]' passed (0.001 seconds).
Test Case '-[HavitalTests.DailyStateCardViewModelTests test_load_error_sets_error]' started.
Test Case '-[HavitalTests.DailyStateCardViewModelTests test_load_error_sets_error]' passed (0.005 seconds).
Test Case '-[HavitalTests.DailyStateCardViewModelTests test_load_success_sets_loaded]' started.
Test Case '-[HavitalTests.DailyStateCardViewModelTests test_load_success_sets_loaded]' passed (0.001 seconds).
Test Case '-[HavitalTests.DailyStateCardViewModelTests test_onboardingCompleted_refetchesTodayState]' started.
[SubscriptionLocalDataSource] [DEBUG] [SubscriptionLocalDS] Cache cleared
[TargetLocalDataSource] [DEBUG] [TargetLocalDS] All caches cleared
[TrainingPlanV2LocalDataSource] [INFO] [TrainingPlanV2LocalDS] All caches cleared
[UserProfileLocalDataSource] [DEBUG] [UserProfileLocalDS] User profile cache cleared
[UserProfileLocalDataSource] [DEBUG] [UserProfileLocalDS] Targets cache cleared
[UserProfileLocalDataSource] [DEBUG] [UserProfileLocalDS] Heart rate zones cache cleared
[UserProfileLocalDataSource] [DEBUG] [UserProfileLocalDS] All caches cleared
[WorkoutV2CacheManager] [INFO] [FirebaseLogging] 所有 Workout V2 快取已清除
已清除儲存的週訓練回顧
[WeeklySummaryStorage] [INFO] [FirebaseLogging] 已清除週總結列表快取
[CacheEventBus] [INFO] [FirebaseLogging] 所有快取已清空
[CacheEventBus] [INFO] [FirebaseLogging] Onboarding 完成，清除所有緩存
[CacheEventBus] [DEBUG] [CacheEventBus] 通知 2 個 event 訂閱者: onboardingCompleted
[CacheEventBus] [DEBUG] [CacheEventBus] 通知 8 個 identifier 訂閱者: onboardingCompleted
Test Case '-[HavitalTests.DailyStateCardViewModelTests test_onboardingCompleted_refetchesTodayState]' passed (0.012 seconds).
Test Case '-[HavitalTests.DailyStateCardViewModelTests test_subscriptionAccessChange_refetchesLockedState]' started.
[Subscription] State.update skipped (no change): status=none inGrace=false
[Subscription] State.update applied: none → active inGrace=false hasOverride=nil
[FirebaseAnalyticsServiceImpl] [DEBUG] [Analytics] 👤 userProperty: subscription_status = active
[Subscription] State.update applied: active → none inGrace=false hasOverride=nil
[FirebaseAnalyticsServiceImpl] [DEBUG] [Analytics] 👤 userProperty: subscription_status = free
Test Case '-[HavitalTests.DailyStateCardViewModelTests test_subscriptionAccessChange_refetchesLockedState]' passed (0.012 seconds).
Test Case '-[HavitalTests.DailyStateCardViewModelTests test_subscriptionBackendConfirmation_refetchesWhenAccessRemainsPremium]' started.
[Subscription] State.update applied: none → active inGrace=false hasOverride=nil
[FirebaseAnalyticsServiceImpl] [DEBUG] [Analytics] 👤 userProperty: subscription_status = active
[Subscription] State.update applied: active → active inGrace=false hasOverride=nil
[Subscription] State.update applied: active → none inGrace=false hasOverride=nil
[FirebaseAnalyticsServiceImpl] [DEBUG] [Analytics] 👤 userProperty: subscription_status = free
Test Case '-[HavitalTests.DailyStateCardViewModelTests test_subscriptionBackendConfirmation_refetchesWhenAccessRemainsPremium]' passed (0.011 seconds).
Test Case '-[HavitalTests.DailyStateCardViewModelTests test_trainingPlanV2Changed_refetchesTodayState]' started.
[CacheEventBus] [INFO] [FirebaseLogging] 相關快取已清空
[CacheEventBus] [DEBUG] [CacheEventBus] 通知 8 個 event 訂閱者: dataChanged(paceriz_dev.DataType.trainingPlanV2)
[AchievementsVM] event dataChanged.trainingPlanV2 → forceRefresh
[PersonalAchievementsViewModel] [INFO] [AchievementsVM] event dataChanged.trainingPlanV2 → forceRefresh
[AchievementsVM] event dataChanged.trainingPlanV2 → forceRefresh
[PersonalAchievementsViewModel] [INFO] [AchievementsVM] event dataChanged.trainingPlanV2 → forceRefresh
[AchievementsVM] event dataChanged.trainingPlanV2 → forceRefresh
[PersonalAchievementsViewModel] [INFO] [AchievementsVM] event dataChanged.trainingPlanV2 → forceRefresh
[AchievementsVM] event dataChanged.trainingPlanV2 → forceRefresh
[PersonalAchievementsViewModel] [INFO] [AchievementsVM] event dataChanged.trainingPlanV2 → forceRefresh
[AchievementsVM] event dataChanged.trainingPlanV2 → forceRefresh
[PersonalAchievementsViewModel] [INFO] [AchievementsVM] event dataChanged.trainingPlanV2 → forceRefresh
[AchievementsVM] event dataChanged.trainingPlanV2 → forceRefresh
[PersonalAchievementsViewModel] [INFO] [AchievementsVM] event dataChanged.trainingPlanV2 → forceRefresh
[AchievementsVM] event dataChanged.trainingPlanV2 → forceRefresh
[PersonalAchievementsViewModel] [INFO] [AchievementsVM] event dataChanged.trainingPlanV2 → forceRefresh
[CacheEventBus] [DEBUG] [CacheEventBus] 通知 8 個 identifier 訂閱者: dataChanged(paceriz_dev.DataType.trainingPlanV2)
Test Case '-[HavitalTests.DailyStateCardViewModelTests test_trainingPlanV2Changed_refetchesTodayState]' passed (0.011 seconds).
Test Suite 'DailyStateCardViewModelTests' passed at 2026-08-29 15:40:05.808.
	 Executed 11 tests, with 0 failures (0 unexpected) in 0.057 (0.059) seconds
Test Suite 'DailyStateRepositoryImplTests' started at 2026-08-29 15:40:05.808.
Test Case '-[HavitalTests.DailyStateRepositoryImplTests test_returns_mapped_entity]' started.
[DailyStateRepositoryImpl] [DEBUG] [DailyStateRepositoryImpl] 初始化完成
[UserDefaultsAuthCache] [DEBUG] Auth cache expired or not found
[UserDefaultsAuthCache] [DEBUG] Auth cache cleared
[AuthSessionRepositoryImpl] [DEBUG] [AuthSession] No valid cached user found
Test Case '-[HavitalTests.DailyStateRepositoryImplTests test_returns_mapped_entity]' passed (0.001 seconds).
Test Suite 'DailyStateRepositoryImplTests' passed at 2026-08-29 15:40:05.809.
	 Executed 1 test, with 0 failures (0 unexpected) in 0.001 (0.001) seconds
Test Suite 'DataSourceBindingReminderManagerTests' started at 2026-08-29 15:40:05.809.
Test Case '-[HavitalTests.DataSourceBindingReminderManagerTests testCanShowReminder_AfterThreeDaysAndSessionReset_ReturnsTrue]' started.
Test Case '-[HavitalTests.DataSourceBindingReminderManagerTests testCanShowReminder_AfterThreeDaysAndSessionReset_ReturnsTrue]' passed (0.001 seconds).
Test Case '-[HavitalTests.DataSourceBindingReminderManagerTests testCanShowReminder_DoesNotWriteTimestampUntilMarkedShown]' started.
Test Case '-[HavitalTests.DataSourceBindingReminderManagerTests testCanShowReminder_DoesNotWriteTimestampUntilMarkedShown]' passed (0.000 seconds).
Test Case '-[HavitalTests.DataSourceBindingReminderManagerTests testCanShowReminder_FirstEligibleRequest_ReturnsTrue]' started.
Test Case '-[HavitalTests.DataSourceBindingReminderManagerTests testCanShowReminder_FirstEligibleRequest_ReturnsTrue]' passed (0.000 seconds).
Test Case '-[HavitalTests.DataSourceBindingReminderManagerTests testCanShowReminder_WithinThreeDaysAfterDismiss_ReturnsFalse]' started.
Test Case '-[HavitalTests.DataSourceBindingReminderManagerTests testCanShowReminder_WithinThreeDaysAfterDismiss_ReturnsFalse]' passed (0.001 seconds).
Test Case '-[HavitalTests.DataSourceBindingReminderManagerTests testClearReminderHistory_RemovesCooldownAndResetsSession]' started.
Test Case '-[HavitalTests.DataSourceBindingReminderManagerTests testClearReminderHistory_RemovesCooldownAndResetsSession]' passed (0.001 seconds).
Test Suite 'DataSourceBindingReminderManagerTests' passed at 2026-08-29 15:40:05.814.
	 Executed 5 tests, with 0 failures (0 unexpected) in 0.004 (0.005) seconds
Test Suite 'DateFormatterHelperTests' started at 2026-08-29 15:40:05.814.
Test Case '-[HavitalTests.DateFormatterHelperTests testDateExtensionFormattedDateTime]' started.
Test Case '-[HavitalTests.DateFormatterHelperTests testDateExtensionFormattedDateTime]' passed (0.001 seconds).
Test Case '-[HavitalTests.DateFormatterHelperTests testDateExtensionFormattedShortDate]' started.
Test Case '-[HavitalTests.DateFormatterHelperTests testDateExtensionFormattedShortDate]' passed (0.001 seconds).
Test Case '-[HavitalTests.DateFormatterHelperTests testFormatDateTime]' started.
Test Case '-[HavitalTests.DateFormatterHelperTests testFormatDateTime]' passed (0.001 seconds).
Test Case '-[HavitalTests.DateFormatterHelperTests testFormatFullDate]' started.
Test Case '-[HavitalTests.DateFormatterHelperTests testFormatFullDate]' passed (0.001 seconds).
Test Case '-[HavitalTests.DateFormatterHelperTests testFormatRelativeTimeJustNow]' started.
Test Case '-[HavitalTests.DateFormatterHelperTests testFormatRelativeTimeJustNow]' passed (0.001 seconds).
Test Case '-[HavitalTests.DateFormatterHelperTests testFormatRelativeTimeMinutesAgo]' started.
DEBUG: formatted string is '5 minutes ago'
Test Case '-[HavitalTests.DateFormatterHelperTests testFormatRelativeTimeMinutesAgo]' passed (0.001 seconds).
Test Case '-[HavitalTests.DateFormatterHelperTests testFormatShortDate]' started.
Test Case '-[HavitalTests.DateFormatterHelperTests testFormatShortDate]' passed (0.001 seconds).
Test Case '-[HavitalTests.DateFormatterHelperTests testFormatSubscriptionExpiryDate_usesUTCCalendarDate]' started.
Test Case '-[HavitalTests.DateFormatterHelperTests testFormatSubscriptionExpiryDate_usesUTCCalendarDate]' passed (0.001 seconds).
Test Case '-[HavitalTests.DateFormatterHelperTests testFormatterUsesCurrentTimezoneWhenUserTimezoneNotSet]' started.
Test Case '-[HavitalTests.DateFormatterHelperTests testFormatterUsesCurrentTimezoneWhenUserTimezoneNotSet]' passed (0.001 seconds).
Test Case '-[HavitalTests.DateFormatterHelperTests testFormatterUsesUserTimezone]' started.
Test Case '-[HavitalTests.DateFormatterHelperTests testFormatterUsesUserTimezone]' passed (0.001 seconds).
Test Case '-[HavitalTests.DateFormatterHelperTests testFormatTime]' started.
Test Case '-[HavitalTests.DateFormatterHelperTests testFormatTime]' passed (0.001 seconds).
Test Case '-[HavitalTests.DateFormatterHelperTests testGetCurrentTimezoneInfo]' started.
Test Case '-[HavitalTests.DateFormatterHelperTests testGetCurrentTimezoneInfo]' passed (0.001 seconds).
Test Case '-[HavitalTests.DateFormatterHelperTests testHandleInvalidTimezoneIdentifier]' started.
Test Case '-[HavitalTests.DateFormatterHelperTests testHandleInvalidTimezoneIdentifier]' passed (0.002 seconds).
Test Case '-[HavitalTests.DateFormatterHelperTests testHandleNilDate]' started.
Test Case '-[HavitalTests.DateFormatterHelperTests testHandleNilDate]' passed (0.001 seconds).
Test Case '-[HavitalTests.DateFormatterHelperTests testParseDate]' started.
Test Case '-[HavitalTests.DateFormatterHelperTests testParseDate]' passed (0.002 seconds).
Test Case '-[HavitalTests.DateFormatterHelperTests testParseDateWithInvalidFormat]' started.
Test Case '-[HavitalTests.DateFormatterHelperTests testParseDateWithInvalidFormat]' passed (0.001 seconds).
Test Case '-[HavitalTests.DateFormatterHelperTests testTimezoneConversionFromUTCToNewYork]' started.
Test Case '-[HavitalTests.DateFormatterHelperTests testTimezoneConversionFromUTCToNewYork]' passed (0.001 seconds).
Test Case '-[HavitalTests.DateFormatterHelperTests testTimezoneConversionFromUTCToTokyo]' started.
Test Case '-[HavitalTests.DateFormatterHelperTests testTimezoneConversionFromUTCToTokyo]' passed (0.001 seconds).
Test Suite 'DateFormatterHelperTests' passed at 2026-08-29 15:40:05.836.
	 Executed 18 tests, with 0 failures (0 unexpected) in 0.019 (0.021) seconds
Test Suite 'DayWorkoutAggregatorTests' started at 2026-08-29 15:40:05.836.
Test Case '-[HavitalTests.DayWorkoutAggregatorTests test_restExcluded]' started.
Test Case '-[HavitalTests.DayWorkoutAggregatorTests test_restExcluded]' passed (0.001 seconds).
Test Case '-[HavitalTests.DayWorkoutAggregatorTests test_runPlusStrength_splitByDisplayType]' started.
Test Case '-[HavitalTests.DayWorkoutAggregatorTests test_runPlusStrength_splitByDisplayType]' passed (0.002 seconds).
Test Case '-[HavitalTests.DayWorkoutAggregatorTests test_runWithoutRunType_fallsBackToGreen_perD5]' started.
Test Case '-[HavitalTests.DayWorkoutAggregatorTests test_runWithoutRunType_fallsBackToGreen_perD5]' passed (0.000 seconds).
Test Case '-[HavitalTests.DayWorkoutAggregatorTests test_sameDay_twoDifferentRunTypes_splitIntoTwoBreakdowns]' started.
Test Case '-[HavitalTests.DayWorkoutAggregatorTests test_sameDay_twoDifferentRunTypes_splitIntoTwoBreakdowns]' passed (0.000 seconds).
Test Suite 'DayWorkoutAggregatorTests' passed at 2026-08-29 15:40:05.840.
	 Executed 4 tests, with 0 failures (0 unexpected) in 0.004 (0.004) seconds
Test Suite 'DeleteWorkoutUseCaseTests' started at 2026-08-29 15:40:05.840.
Test Case '-[HavitalTests.DeleteWorkoutUseCaseTests testExecute_callsClearCache]' started.
[DeleteWorkoutUseCase] [DEBUG] [DeleteWorkoutUseCase] Deleting workout: workout_456
[DeleteWorkoutUseCase] [INFO] [FirebaseLogging] 訓練刪除成功
[DeleteWorkoutUseCase] [DEBUG] [DeleteWorkoutUseCase] ✅ Workout deleted successfully
Test Case '-[HavitalTests.DeleteWorkoutUseCaseTests testExecute_callsClearCache]' passed (0.000 seconds).
Test Case '-[HavitalTests.DeleteWorkoutUseCaseTests testExecute_callsRepositoryDeleteWorkout]' started.
[DeleteWorkoutUseCase] [DEBUG] [DeleteWorkoutUseCase] Deleting workout: workout_123
[DeleteWorkoutUseCase] [INFO] [FirebaseLogging] 訓練刪除成功
[DeleteWorkoutUseCase] [DEBUG] [DeleteWorkoutUseCase] ✅ Workout deleted successfully
Test Case '-[HavitalTests.DeleteWorkoutUseCaseTests testExecute_callsRepositoryDeleteWorkout]' passed (0.000 seconds).
Test Case '-[HavitalTests.DeleteWorkoutUseCaseTests testExecute_doesNotPublishCacheEventBus]' started.
[DeleteWorkoutUseCase] [DEBUG] [DeleteWorkoutUseCase] Deleting workout: workout_negative_test
[DeleteWorkoutUseCase] [INFO] [FirebaseLogging] 訓練刪除成功
[DeleteWorkoutUseCase] [DEBUG] [DeleteWorkoutUseCase] ✅ Workout deleted successfully
Test Case '-[HavitalTests.DeleteWorkoutUseCaseTests testExecute_doesNotPublishCacheEventBus]' passed (0.508 seconds).
Test Case '-[HavitalTests.DeleteWorkoutUseCaseTests testExecute_whenRepositoryFails_throwsError]' started.
[DeleteWorkoutUseCase] [DEBUG] [DeleteWorkoutUseCase] Deleting workout: workout_789
Test Case '-[HavitalTests.DeleteWorkoutUseCaseTests testExecute_whenRepositoryFails_throwsError]' passed (0.008 seconds).
Test Suite 'DeleteWorkoutUseCaseTests' passed at 2026-08-29 15:40:06.358.
	 Executed 4 tests, with 0 failures (0 unexpected) in 0.517 (0.518) seconds
Test Suite 'DomainErrorIncorrectVersionRoutingTests' started at 2026-08-29 15:40:06.359.
Test Case '-[HavitalTests.DomainErrorIncorrectVersionRoutingTests test_incorrectVersionRouting_errorDescription_containsContext]' started.
[LanguageManager] [INFO] [FirebaseLogging] Language bundle set for: zh-Hant
Test Case '-[HavitalTests.DomainErrorIncorrectVersionRoutingTests test_incorrectVersionRouting_errorDescription_containsContext]' passed (0.003 seconds).
Test Case '-[HavitalTests.DomainErrorIncorrectVersionRoutingTests test_incorrectVersionRouting_isRetryable_false]' started.
[LanguageManager] [INFO] [FirebaseLogging] Language bundle set for: zh-Hant
Test Case '-[HavitalTests.DomainErrorIncorrectVersionRoutingTests test_incorrectVersionRouting_isRetryable_false]' passed (0.001 seconds).
Test Case '-[HavitalTests.DomainErrorIncorrectVersionRoutingTests test_incorrectVersionRouting_shouldShowErrorView_true]' started.
[LanguageManager] [INFO] [FirebaseLogging] Language bundle set for: zh-Hant
Test Case '-[HavitalTests.DomainErrorIncorrectVersionRoutingTests test_incorrectVersionRouting_shouldShowErrorView_true]' passed (0.001 seconds).
Test Case '-[HavitalTests.DomainErrorIncorrectVersionRoutingTests test_incorrectVersionRouting_userFriendlyMessage_localizedHint]' started.
[LanguageManager] [INFO] [FirebaseLogging] Language bundle set for: zh-Hant
Test Case '-[HavitalTests.DomainErrorIncorrectVersionRoutingTests test_incorrectVersionRouting_userFriendlyMessage_localizedHint]' passed (0.001 seconds).
Test Suite 'DomainErrorIncorrectVersionRoutingTests' passed at 2026-08-29 15:40:06.367.
	 Executed 4 tests, with 0 failures (0 unexpected) in 0.006 (0.008) seconds
Test Suite 'DomainErrorMappingTests' started at 2026-08-29 15:40:06.367.
Test Case '-[HavitalTests.DomainErrorMappingTests testShouldShowErrorView_DataCorruption_IsTrueForGlobalBehavior]' started.
Test Case '-[HavitalTests.DomainErrorMappingTests testShouldShowErrorView_DataCorruption_IsTrueForGlobalBehavior]' passed (0.001 seconds).
Test Case '-[HavitalTests.DomainErrorMappingTests testToDomainError_DecodingError_MapsToDataCorruption]' started.
Test Case '-[HavitalTests.DomainErrorMappingTests testToDomainError_DecodingError_MapsToDataCorruption]' passed (0.001 seconds).
Test Case '-[HavitalTests.DomainErrorMappingTests testToDomainError_ParseErrorDecodingFailed_MapsToDataCorruption]' started.
Test Case '-[HavitalTests.DomainErrorMappingTests testToDomainError_ParseErrorDecodingFailed_MapsToDataCorruption]' passed (0.001 seconds).
Test Suite 'DomainErrorMappingTests' passed at 2026-08-29 15:40:06.371.
	 Executed 3 tests, with 0 failures (0 unexpected) in 0.003 (0.004) seconds
Test Suite 'EditScheduleV2ViewModelFartlekTests' started at 2026-08-29 15:40:06.372.
Test Case '-[HavitalTests.EditScheduleV2ViewModelFartlekTests test_fartlekSegmentDescription_fallbackFromOriginalWhenMissing]' started.
[EditScheduleV2ViewModel] [DEBUG] [EditScheduleV2VM] loadVDOT - using weekly plan VDOT: 45.0
[EditScheduleV2ViewModel] [DEBUG] [EditScheduleV2VM] init - editingDays: 1
Test Case '-[HavitalTests.EditScheduleV2ViewModelFartlekTests test_fartlekSegmentDescription_fallbackFromOriginalWhenMissing]' passed (0.005 seconds).
Test Case '-[HavitalTests.EditScheduleV2ViewModelFartlekTests test_fartlekSegmentPaceChange_reflectedInDayDetailDTO]' started.
[EditScheduleV2ViewModel] [DEBUG] [EditScheduleV2VM] loadVDOT - using weekly plan VDOT: 45.0
[EditScheduleV2ViewModel] [DEBUG] [EditScheduleV2VM] init - editingDays: 1
Test Case '-[HavitalTests.EditScheduleV2ViewModelFartlekTests test_fartlekSegmentPaceChange_reflectedInDayDetailDTO]' passed (0.001 seconds).
Test Case '-[HavitalTests.EditScheduleV2ViewModelFartlekTests test_reorderedRun_sendsNoClimate]' started.
[EditScheduleV2ViewModel] [DEBUG] [EditScheduleV2VM] loadVDOT - using weekly plan VDOT: 45.0
[EditScheduleV2ViewModel] [DEBUG] [EditScheduleV2VM] init - editingDays: 2
Test Case '-[HavitalTests.EditScheduleV2ViewModelFartlekTests test_reorderedRun_sendsNoClimate]' passed (0.001 seconds).
Test Suite 'EditScheduleV2ViewModelFartlekTests' passed at 2026-08-29 15:40:06.379.
	 Executed 3 tests, with 0 failures (0 unexpected) in 0.007 (0.008) seconds
Test Suite 'EditScheduleV2ViewModelTests' started at 2026-08-29 15:40:06.379.
Test Case '-[HavitalTests.EditScheduleV2ViewModelTests testSaveEdits_clearsClimateMetaWhenRunChangedToStrength]' started.
[VDOTManager] [DEBUG] VDOTManager: 本地緩存無數據
[EditScheduleV2ViewModel] [DEBUG] [EditScheduleV2VM] loadVDOT - fallback VDOTManager/current default: 45.0
[EditScheduleV2ViewModel] [DEBUG] [EditScheduleV2VM] init - editingDays: 1
[EditScheduleV2ViewModel] [DEBUG] [EditScheduleV2VM] Saving 1 days
[CacheEventBus] [INFO] [FirebaseLogging] 相關快取已清空
[EditScheduleV2ViewModel] [DEBUG] [EditScheduleV2VM] ✅ Saved plan: plan_1
Test Case '-[HavitalTests.EditScheduleV2ViewModelTests testSaveEdits_clearsClimateMetaWhenRunChangedToStrength]' passed (0.002 seconds).
Test Case '-[HavitalTests.EditScheduleV2ViewModelTests testSaveEdits_editingPacePreservesEverythingElseOnStructuredDay]' started.
[CacheEventBus] [DEBUG] [CacheEventBus] 通知 8 個 event 訂閱者: dataChanged(paceriz_dev.DataType.trainingPlanV2)
[VDOTManager] [DEBUG] VDOTManager: 本地緩存無數據
[EditScheduleV2ViewModel] [DEBUG] [EditScheduleV2VM] loadVDOT - fallback VDOTManager/current default: 45.0
[EditScheduleV2ViewModel] [DEBUG] [EditScheduleV2VM] init - editingDays: 2
[EditScheduleV2ViewModel] [DEBUG] [EditScheduleV2VM] Saving 2 days
[AchievementsVM] event dataChanged.trainingPlanV2 → forceRefresh
[PersonalAchievementsViewModel] [INFO] [AchievementsVM] event dataChanged.trainingPlanV2 → forceRefresh
[CacheEventBus] [INFO] [FirebaseLogging] 相關快取已清空
[EditScheduleV2ViewModel] [DEBUG] [EditScheduleV2VM] ✅ Saved plan: plan_1
Test Case '-[HavitalTests.EditScheduleV2ViewModelTests testSaveEdits_editingPacePreservesEverythingElseOnStructuredDay]' passed (0.007 seconds).
Test Case '-[HavitalTests.EditScheduleV2ViewModelTests testSaveEdits_neverSendsClimateFields]' started.
[AchievementsVM] event dataChanged.trainingPlanV2 → forceRefresh
[PersonalAchievementsViewModel] [INFO] [AchievementsVM] event dataChanged.trainingPlanV2 → forceRefresh
[CacheEventBus] [DEBUG] [CacheEventBus] 通知 8 個 event 訂閱者: dataChanged(paceriz_dev.DataType.trainingPlanV2)
[VDOTManager] [DEBUG] VDOTManager: 本地緩存無數據
[EditScheduleV2ViewModel] [DEBUG] [EditScheduleV2VM] loadVDOT - fallback VDOTManager/current default: 45.0
[EditScheduleV2ViewModel] [DEBUG] [EditScheduleV2VM] init - editingDays: 1
[EditScheduleV2ViewModel] [DEBUG] [EditScheduleV2VM] Saving 1 days
[AchievementsVM] event dataChanged.trainingPlanV2 → forceRefresh
[PersonalAchievementsViewModel] [INFO] [AchievementsVM] event dataChanged.trainingPlanV2 → forceRefresh
[AchievementsVM] event dataChanged.trainingPlanV2 → forceRefresh
[PersonalAchievementsViewModel] [INFO] [AchievementsVM] event dataChanged.trainingPlanV2 → forceRefresh
[CacheEventBus] [INFO] [FirebaseLogging] 相關快取已清空
[EditScheduleV2ViewModel] [DEBUG] [EditScheduleV2VM] ✅ Saved plan: plan_1
Test Case '-[HavitalTests.EditScheduleV2ViewModelTests testSaveEdits_neverSendsClimateFields]' passed (0.001 seconds).
Test Case '-[HavitalTests.EditScheduleV2ViewModelTests testSaveEdits_paceChangeSendsPrescriptionWithoutClimate]' started.
[AchievementsVM] event dataChanged.trainingPlanV2 → forceRefresh
[PersonalAchievementsViewModel] [INFO] [AchievementsVM] event dataChanged.trainingPlanV2 → forceRefresh
[AchievementsVM] event dataChanged.trainingPlanV2 → forceRefresh
[PersonalAchievementsViewModel] [INFO] [AchievementsVM] event dataChanged.trainingPlanV2 → forceRefresh
[CacheEventBus] [DEBUG] [CacheEventBus] 通知 8 個 event 訂閱者: dataChanged(paceriz_dev.DataType.trainingPlanV2)
[VDOTManager] [DEBUG] VDOTManager: 本地緩存無數據
[EditScheduleV2ViewModel] [DEBUG] [EditScheduleV2VM] loadVDOT - fallback VDOTManager/current default: 45.0
[EditScheduleV2ViewModel] [DEBUG] [EditScheduleV2VM] init - editingDays: 1
[EditScheduleV2ViewModel] [DEBUG] [EditScheduleV2VM] Saving 1 days
[AchievementsVM] event dataChanged.trainingPlanV2 → forceRefresh
[PersonalAchievementsViewModel] [INFO] [AchievementsVM] event dataChanged.trainingPlanV2 → forceRefresh
[AchievementsVM] event dataChanged.trainingPlanV2 → forceRefresh
[PersonalAchievementsViewModel] [INFO] [AchievementsVM] event dataChanged.trainingPlanV2 → forceRefresh
[AchievementsVM] event dataChanged.trainingPlanV2 → forceRefresh
[PersonalAchievementsViewModel] [INFO] [AchievementsVM] event dataChanged.trainingPlanV2 → forceRefresh
[CacheEventBus] [INFO] [FirebaseLogging] 相關快取已清空
[EditScheduleV2ViewModel] [DEBUG] [EditScheduleV2VM] ✅ Saved plan: plan_1
Test Case '-[HavitalTests.EditScheduleV2ViewModelTests testSaveEdits_paceChangeSendsPrescriptionWithoutClimate]' passed (0.001 seconds).
Test Case '-[HavitalTests.EditScheduleV2ViewModelTests testSaveEdits_preservesHeartRateRangeAndTargetIntensityWhenOnlyPaceChanges]' started.
[AchievementsVM] event dataChanged.trainingPlanV2 → forceRefresh
[PersonalAchievementsViewModel] [INFO] [AchievementsVM] event dataChanged.trainingPlanV2 → forceRefresh
[AchievementsVM] event dataChanged.trainingPlanV2 → forceRefresh
[PersonalAchievementsViewModel] [INFO] [AchievementsVM] event dataChanged.trainingPlanV2 → forceRefresh
[AchievementsVM] event dataChanged.trainingPlanV2 → forceRefresh
[PersonalAchievementsViewModel] [INFO] [AchievementsVM] event dataChanged.trainingPlanV2 → forceRefresh
[CacheEventBus] [DEBUG] [CacheEventBus] 通知 8 個 event 訂閱者: dataChanged(paceriz_dev.DataType.trainingPlanV2)
[VDOTManager] [DEBUG] VDOTManager: 本地緩存無數據
[EditScheduleV2ViewModel] [DEBUG] [EditScheduleV2VM] loadVDOT - fallback VDOTManager/current default: 45.0
[EditScheduleV2ViewModel] [DEBUG] [EditScheduleV2VM] init - editingDays: 1
[EditScheduleV2ViewModel] [DEBUG] [EditScheduleV2VM] Saving 1 days
[AchievementsVM] event dataChanged.trainingPlanV2 → forceRefresh
[PersonalAchievementsViewModel] [INFO] [AchievementsVM] event dataChanged.trainingPlanV2 → forceRefresh
[AchievementsVM] event dataChanged.trainingPlanV2 → forceRefresh
[PersonalAchievementsViewModel] [INFO] [AchievementsVM] event dataChanged.trainingPlanV2 → forceRefresh
[AchievementsVM] event dataChanged.trainingPlanV2 → forceRefresh
[PersonalAchievementsViewModel] [INFO] [AchievementsVM] event dataChanged.trainingPlanV2 → forceRefresh
[AchievementsVM] event dataChanged.trainingPlanV2 → forceRefresh
[PersonalAchievementsViewModel] [INFO] [AchievementsVM] event dataChanged.trainingPlanV2 → forceRefresh
[CacheEventBus] [INFO] [FirebaseLogging] 相關快取已清空
[EditScheduleV2ViewModel] [DEBUG] [EditScheduleV2VM] ✅ Saved plan: plan_1
Test Case '-[HavitalTests.EditScheduleV2ViewModelTests testSaveEdits_preservesHeartRateRangeAndTargetIntensityWhenOnlyPaceChanges]' passed (0.001 seconds).
Test Case '-[HavitalTests.EditScheduleV2ViewModelTests testSaveEdits_preservesHeartRateRangeAndTargetIntensityWhenUnchanged]' started.
[AchievementsVM] event dataChanged.trainingPlanV2 → forceRefresh
[PersonalAchievementsViewModel] [INFO] [AchievementsVM] event dataChanged.trainingPlanV2 → forceRefresh
[CacheEventBus] [DEBUG] [CacheEventBus] 通知 7 個 identifier 訂閱者: dataChanged(paceriz_dev.DataType.trainingPlanV2)
[AchievementsVM] event dataChanged.trainingPlanV2 → forceRefresh
[PersonalAchievementsViewModel] [INFO] [AchievementsVM] event dataChanged.trainingPlanV2 → forceRefresh
[AchievementsVM] event dataChanged.trainingPlanV2 → forceRefresh
[PersonalAchievementsViewModel] [INFO] [AchievementsVM] event dataChanged.trainingPlanV2 → forceRefresh
[CacheEventBus] [DEBUG] [CacheEventBus] 通知 8 個 event 訂閱者: dataChanged(paceriz_dev.DataType.trainingPlanV2)
[VDOTManager] [DEBUG] VDOTManager: 本地緩存無數據
[EditScheduleV2ViewModel] [DEBUG] [EditScheduleV2VM] loadVDOT - fallback VDOTManager/current default: 45.0
[EditScheduleV2ViewModel] [DEBUG] [EditScheduleV2VM] init - editingDays: 1
[EditScheduleV2ViewModel] [DEBUG] [EditScheduleV2VM] Saving 1 days
[AchievementsVM] event dataChanged.trainingPlanV2 → forceRefresh
[PersonalAchievementsViewModel] [INFO] [AchievementsVM] event dataChanged.trainingPlanV2 → forceRefresh
[AchievementsVM] event dataChanged.trainingPlanV2 → forceRefresh
[PersonalAchievementsViewModel] [INFO] [AchievementsVM] event dataChanged.trainingPlanV2 → forceRefresh
[AchievementsVM] event dataChanged.trainingPlanV2 → forceRefresh
[PersonalAchievementsViewModel] [INFO] [AchievementsVM] event dataChanged.trainingPlanV2 → forceRefresh
[AchievementsVM] event dataChanged.trainingPlanV2 → forceRefresh
[PersonalAchievementsViewModel] [INFO] [AchievementsVM] event dataChanged.trainingPlanV2 → forceRefresh
[CacheEventBus] [INFO] [FirebaseLogging] 相關快取已清空
[EditScheduleV2ViewModel] [DEBUG] [EditScheduleV2VM] ✅ Saved plan: plan_1
Test Case '-[HavitalTests.EditScheduleV2ViewModelTests testSaveEdits_preservesHeartRateRangeAndTargetIntensityWhenUnchanged]' passed (0.001 seconds).
Test Case '-[HavitalTests.EditScheduleV2ViewModelTests testSaveEdits_publishesTrainingPlanV2DataChanged]' started.
[AchievementsVM] event dataChanged.trainingPlanV2 → forceRefresh
[PersonalAchievementsViewModel] [INFO] [AchievementsVM] event dataChanged.trainingPlanV2 → forceRefresh
[AchievementsVM] event dataChanged.trainingPlanV2 → forceRefresh
[CacheEventBus] [DEBUG] [CacheEventBus] 通知 7 個 identifier 訂閱者: dataChanged(paceriz_dev.DataType.trainingPlanV2)
[PersonalAchievementsViewModel] [INFO] [AchievementsVM] event dataChanged.trainingPlanV2 → forceRefresh
[AchievementsVM] event dataChanged.trainingPlanV2 → forceRefresh
[PersonalAchievementsViewModel] [INFO] [AchievementsVM] event dataChanged.trainingPlanV2 → forceRefresh
[CacheEventBus] [DEBUG] [CacheEventBus] 通知 8 個 event 訂閱者: dataChanged(paceriz_dev.DataType.trainingPlanV2)
[VDOTManager] [DEBUG] VDOTManager: 本地緩存無數據
[EditScheduleV2ViewModel] [DEBUG] [EditScheduleV2VM] loadVDOT - fallback VDOTManager/current default: 45.0
[EditScheduleV2ViewModel] [DEBUG] [EditScheduleV2VM] init - editingDays: 1
[EditScheduleV2ViewModel] [DEBUG] [EditScheduleV2VM] Saving 1 days
[AchievementsVM] event dataChanged.trainingPlanV2 → forceRefresh
[PersonalAchievementsViewModel] [INFO] [AchievementsVM] event dataChanged.trainingPlanV2 → forceRefresh
[AchievementsVM] event dataChanged.trainingPlanV2 → forceRefresh
[PersonalAchievementsViewModel] [INFO] [AchievementsVM] event dataChanged.trainingPlanV2 → forceRefresh
[AchievementsVM] event dataChanged.trainingPlanV2 → forceRefresh
[PersonalAchievementsViewModel] [INFO] [AchievementsVM] event dataChanged.trainingPlanV2 → forceRefresh
[AchievementsVM] event dataChanged.trainingPlanV2 → forceRefresh
[PersonalAchievementsViewModel] [INFO] [AchievementsVM] event dataChanged.trainingPlanV2 → forceRefresh
[CacheEventBus] [INFO] [FirebaseLogging] 相關快取已清空
[EditScheduleV2ViewModel] [DEBUG] [EditScheduleV2VM] ✅ Saved plan: plan_1
[AchievementsVM] event dataChanged.trainingPlanV2 → forceRefresh
[PersonalAchievementsViewModel] [INFO] [AchievementsVM] event dataChanged.trainingPlanV2 → forceRefresh
[CacheEventBus] [DEBUG] [CacheEventBus] 通知 7 個 identifier 訂閱者: dataChanged(paceriz_dev.DataType.trainingPlanV2)
[AchievementsVM] event dataChanged.trainingPlanV2 → forceRefresh
[PersonalAchievementsViewModel] [INFO] [AchievementsVM] event dataChanged.trainingPlanV2 → forceRefresh
[AchievementsVM] event dataChanged.trainingPlanV2 → forceRefresh
[PersonalAchievementsViewModel] [INFO] [AchievementsVM] event dataChanged.trainingPlanV2 → forceRefresh
[AchievementsVM] event dataChanged.trainingPlanV2 → forceRefresh
[CacheEventBus] [DEBUG] [CacheEventBus] 通知 8 個 event 訂閱者: dataChanged(paceriz_dev.DataType.trainingPlanV2)
[PersonalAchievementsViewModel] [INFO] [AchievementsVM] event dataChanged.trainingPlanV2 → forceRefresh
[AchievementsVM] event dataChanged.trainingPlanV2 → forceRefresh
[PersonalAchievementsViewModel] [INFO] [AchievementsVM] event dataChanged.trainingPlanV2 → forceRefresh
[AchievementsVM] event dataChanged.trainingPlanV2 → forceRefresh
[PersonalAchievementsViewModel] [INFO] [AchievementsVM] event dataChanged.trainingPlanV2 → forceRefresh
[AchievementsVM] event dataChanged.trainingPlanV2 → forceRefresh
[PersonalAchievementsViewModel] [INFO] [AchievementsVM] event dataChanged.trainingPlanV2 → forceRefresh
[AchievementsVM] event dataChanged.trainingPlanV2 → forceRefresh
[PersonalAchievementsViewModel] [INFO] [AchievementsVM] event dataChanged.trainingPlanV2 → forceRefresh
[AchievementsVM] event dataChanged.trainingPlanV2 → forceRefresh
[CacheEventBus] [DEBUG] [CacheEventBus] 通知 7 個 identifier 訂閱者: dataChanged(paceriz_dev.DataType.trainingPlanV2)
[PersonalAchievementsViewModel] [INFO] [AchievementsVM] event dataChanged.trainingPlanV2 → forceRefresh
[AchievementsVM] event dataChanged.trainingPlanV2 → forceRefresh
[PersonalAchievementsViewModel] [INFO] [AchievementsVM] event dataChanged.trainingPlanV2 → forceRefresh
[AchievementsVM] event dataChanged.trainingPlanV2 → forceRefresh
[PersonalAchievementsViewModel] [INFO] [AchievementsVM] event dataChanged.trainingPlanV2 → forceRefresh
[AchievementsVM] event dataChanged.trainingPlanV2 → forceRefresh
[PersonalAchievementsViewModel] [INFO] [AchievementsVM] event dataChanged.trainingPlanV2 → forceRefresh
[AchievementsVM] event dataChanged.trainingPlanV2 → forceRefresh
[PersonalAchievementsViewModel] [INFO] [AchievementsVM] event dataChanged.trainingPlanV2 → forceRefresh
[AchievementsVM] event dataChanged.trainingPlanV2 → forceRefresh
[PersonalAchievementsViewModel] [INFO] [AchievementsVM] event dataChanged.trainingPlanV2 → forceRefresh
[CacheEventBus] [DEBUG] [CacheEventBus] 通知 7 個 identifier 訂閱者: dataChanged(paceriz_dev.DataType.trainingPlanV2)
[AchievementsVM] event dataChanged.trainingPlanV2 → forceRefresh
[PersonalAchievementsViewModel] [INFO] [AchievementsVM] event dataChanged.trainingPlanV2 → forceRefresh
[AchievementsVM] event dataChanged.trainingPlanV2 → forceRefresh
[PersonalAchievementsViewModel] [INFO] [AchievementsVM] event dataChanged.trainingPlanV2 → forceRefresh
[AchievementsVM] event dataChanged.trainingPlanV2 → forceRefresh
[PersonalAchievementsViewModel] [INFO] [AchievementsVM] event dataChanged.trainingPlanV2 → forceRefresh
[AchievementsVM] event dataChanged.trainingPlanV2 → forceRefresh
[PersonalAchievementsViewModel] [INFO] [AchievementsVM] event dataChanged.trainingPlanV2 → forceRefresh
[CacheEventBus] [DEBUG] [CacheEventBus] 通知 7 個 identifier 訂閱者: dataChanged(paceriz_dev.DataType.trainingPlanV2)
[AchievementsVM] event dataChanged.trainingPlanV2 → forceRefresh
[PersonalAchievementsViewModel] [INFO] [AchievementsVM] event dataChanged.trainingPlanV2 → forceRefresh
[CacheEventBus] [DEBUG] [CacheEventBus] 通知 8 個 identifier 訂閱者: dataChanged(paceriz_dev.DataType.trainingPlanV2)
Test Case '-[HavitalTests.EditScheduleV2ViewModelTests testSaveEdits_publishesTrainingPlanV2DataChanged]' passed (0.003 seconds).
Test Case '-[HavitalTests.EditScheduleV2ViewModelTests testSaveEdits_swappingTwoDaysPreservesSegmentStructureLosslessly]' started.
[VDOTManager] [DEBUG] VDOTManager: 本地緩存無數據
[EditScheduleV2ViewModel] [DEBUG] [EditScheduleV2VM] loadVDOT - fallback VDOTManager/current default: 45.0
[EditScheduleV2ViewModel] [DEBUG] [EditScheduleV2VM] init - editingDays: 2
[EditScheduleV2ViewModel] [DEBUG] [EditScheduleV2VM] Saving 2 days
[CacheEventBus] [INFO] [FirebaseLogging] 相關快取已清空
[EditScheduleV2ViewModel] [DEBUG] [EditScheduleV2VM] ✅ Saved plan: plan_1
Test Case '-[HavitalTests.EditScheduleV2ViewModelTests testSaveEdits_swappingTwoDaysPreservesSegmentStructureLosslessly]' passed (0.005 seconds).
Test Suite 'EditScheduleV2ViewModelTests' passed at 2026-08-29 15:40:06.403.
	 Executed 8 tests, with 0 failures (0 unexpected) in 0.021 (0.023) seconds
Test Suite 'EditScheduleViewModelTests' started at 2026-08-29 15:40:06.403.
Test Case '-[HavitalTests.EditScheduleViewModelTests testMockRepository_Initialized]' started.
[CacheEventBus] [DEBUG] [CacheEventBus] 通知 8 個 event 訂閱者: dataChanged(paceriz_dev.DataType.trainingPlanV2)
[AchievementsVM] event dataChanged.trainingPlanV2 → forceRefresh
[PersonalAchievementsViewModel] [INFO] [AchievementsVM] event dataChanged.trainingPlanV2 → forceRefresh
Test Case '-[HavitalTests.EditScheduleViewModelTests testMockRepository_Initialized]' passed (0.004 seconds).
Test Suite 'EditScheduleViewModelTests' passed at 2026-08-29 15:40:06.408.
	 Executed 1 test, with 0 failures (0 unexpected) in 0.004 (0.005) seconds
Test Suite 'EditSupportingTargetViewModelTests' started at 2026-08-29 15:40:06.408.
Test Case '-[HavitalTests.EditSupportingTargetViewModelTests testDeleteTarget_CloudNotFound_RemovesFromLocalAndReturnsTrue]' started.
[AchievementsVM] event dataChanged.trainingPlanV2 → forceRefresh
[PersonalAchievementsViewModel] [INFO] [AchievementsVM] event dataChanged.trainingPlanV2 → forceRefresh
[AchievementsVM] event dataChanged.trainingPlanV2 → forceRefresh
[PersonalAchievementsViewModel] [INFO] [AchievementsVM] event dataChanged.trainingPlanV2 → forceRefresh
[AchievementsVM] event dataChanged.trainingPlanV2 → forceRefresh
[PersonalAchievementsViewModel] [INFO] [AchievementsVM] event dataChanged.trainingPlanV2 → forceRefresh
[EditSupportingTargetViewModel] [DEBUG] [EditSupportingTargetVM] 支援賽事在雲端不存在，本地已刪除
[AchievementsVM] event dataChanged.trainingPlanV2 → forceRefresh
[PersonalAchievementsViewModel] [INFO] [AchievementsVM] event dataChanged.trainingPlanV2 → forceRefresh
[AchievementsVM] event dataChanged.trainingPlanV2 → forceRefresh
[PersonalAchievementsViewModel] [INFO] [AchievementsVM] event dataChanged.trainingPlanV2 → forceRefresh
Test Case '-[HavitalTests.EditSupportingTargetViewModelTests testDeleteTarget_CloudNotFound_RemovesFromLocalAndReturnsTrue]' passed (0.004 seconds).
Test Case '-[HavitalTests.EditSupportingTargetViewModelTests testDeleteTarget_Success_ReturnsTrue]' started.
[AchievementsVM] event dataChanged.trainingPlanV2 → forceRefresh
[PersonalAchievementsViewModel] [INFO] [AchievementsVM] event dataChanged.trainingPlanV2 → forceRefresh
[CacheEventBus] [DEBUG] [CacheEventBus] 通知 7 個 identifier 訂閱者: dataChanged(paceriz_dev.DataType.trainingPlanV2)
[EditSupportingTargetViewModel] [DEBUG] [EditSupportingTargetVM] 支援賽事已刪除
Test Case '-[HavitalTests.EditSupportingTargetViewModelTests testDeleteTarget_Success_ReturnsTrue]' passed (0.001 seconds).
Test Case '-[HavitalTests.EditSupportingTargetViewModelTests testInitialization_SetsUpInitialProperties]' started.
Test Case '-[HavitalTests.EditSupportingTargetViewModelTests testInitialization_SetsUpInitialProperties]' passed (0.001 seconds).
Test Case '-[HavitalTests.EditSupportingTargetViewModelTests testUpdateTarget_Success_ReturnsTrue]' started.
[EditSupportingTargetViewModel] [DEBUG] [EditSupportingTargetVM] 支援賽事已更新並同步本地: Updated Name
Test Case '-[HavitalTests.EditSupportingTargetViewModelTests testUpdateTarget_Success_ReturnsTrue]' passed (0.002 seconds).
Test Suite 'EditSupportingTargetViewModelTests' passed at 2026-08-29 15:40:06.417.
	 Executed 4 tests, with 0 failures (0 unexpected) in 0.008 (0.009) seconds
Test Suite 'ErrorHelpersTests' started at 2026-08-29 15:40:06.417.
Test Case '-[HavitalTests.ErrorHelpersTests test_cancellation_and_transient_are_disjoint]' started.
Test Case '-[HavitalTests.ErrorHelpersTests test_cancellation_and_transient_are_disjoint]' passed (0.000 seconds).
Test Case '-[HavitalTests.ErrorHelpersTests test_transient_domainError_timeout_and_noConnection_are_transient]' started.
Test Case '-[HavitalTests.ErrorHelpersTests test_transient_domainError_timeout_and_noConnection_are_transient]' passed (0.000 seconds).
Test Case '-[HavitalTests.ErrorHelpersTests test_transient_excludes_cancellation]' started.
Test Case '-[HavitalTests.ErrorHelpersTests test_transient_excludes_cancellation]' passed (0.000 seconds).
Test Case '-[HavitalTests.ErrorHelpersTests test_transient_excludes_real_problems]' started.
Test Case '-[HavitalTests.ErrorHelpersTests test_transient_excludes_real_problems]' passed (0.000 seconds).
Test Case '-[HavitalTests.ErrorHelpersTests test_transient_httpError_timeout_and_noConnection_are_transient]' started.
Test Case '-[HavitalTests.ErrorHelpersTests test_transient_httpError_timeout_and_noConnection_are_transient]' passed (0.000 seconds).
Test Case '-[HavitalTests.ErrorHelpersTests test_transient_urlError_timeout_and_connection_are_transient]' started.
Test Case '-[HavitalTests.ErrorHelpersTests test_transient_urlError_timeout_and_connection_are_transient]' passed (0.000 seconds).
Test Suite 'ErrorHelpersTests' passed at 2026-08-29 15:40:06.420.
	 Executed 6 tests, with 0 failures (0 unexpected) in 0.002 (0.003) seconds
Test Suite 'FeedbackReportViewModelTests' started at 2026-08-29 15:40:06.420.
Test Case '-[HavitalTests.FeedbackReportViewModelTests testInitPreservesUserEmailAndPrepopulatesSystemInfo]' started.
Test Case '-[HavitalTests.FeedbackReportViewModelTests testInitPreservesUserEmailAndPrepopulatesSystemInfo]' passed (0.001 seconds).
Test Case '-[HavitalTests.FeedbackReportViewModelTests testRemoveImageIgnoresOutOfBoundsIndex]' started.
Test Case '-[HavitalTests.FeedbackReportViewModelTests testRemoveImageIgnoresOutOfBoundsIndex]' passed (0.002 seconds).
Test Case '-[HavitalTests.FeedbackReportViewModelTests testRemoveImageRemovesRequestedImageOnly]' started.
Test Case '-[HavitalTests.FeedbackReportViewModelTests testRemoveImageRemovesRequestedImageOnly]' passed (0.001 seconds).
Test Case '-[HavitalTests.FeedbackReportViewModelTests testSubmitFeedbackRejectsBlankDescriptionBeforeSubmitting]' started.
Test Case '-[HavitalTests.FeedbackReportViewModelTests testSubmitFeedbackRejectsBlankDescriptionBeforeSubmitting]' passed (0.001 seconds).
Test Suite 'FeedbackReportViewModelTests' passed at 2026-08-29 15:40:06.425.
	 Executed 4 tests, with 0 failures (0 unexpected) in 0.004 (0.005) seconds
Test Suite 'FeedbackServiceTests' started at 2026-08-29 15:40:06.425.
Test Case '-[HavitalTests.FeedbackServiceTests testSubmitFeedbackPostsExpectedPayload]' started.
[FeedbackService] [DEBUG] 提交回報 JSON: {
  "category" : "other",
  "device_info" : "arm64 \/ iOS 26.5",
  "images" : [
    "data:image\/jpeg;base64,abc123"
  ],
  "app_version" : "2.0.0",
  "description" : "希望新增分享卡版型",
  "type" : "suggestion",
  "email" : ""
}
[FeedbackService] [DEBUG] 提交回報: type=suggestion, category=other, description=希望新增分享卡版型...
Test Case '-[HavitalTests.FeedbackServiceTests testSubmitFeedbackPostsExpectedPayload]' passed (0.004 seconds).
Test Case '-[HavitalTests.FeedbackServiceTests testSubmitFeedbackPropagatesHTTPError]' started.
[FeedbackService] [DEBUG] 提交回報 JSON: {
  "app_version" : "2.0.0",
  "category" : "weekly_plan",
  "description" : "週計畫生成失敗",
  "device_info" : "arm64 \/ iOS 26.5",
  "email" : "runner@example.com",
  "type" : "issue"
}
[FeedbackService] [DEBUG] 提交回報: type=issue, category=weekly_plan, description=週計畫生成失敗...
Test Case '-[HavitalTests.FeedbackServiceTests testSubmitFeedbackPropagatesHTTPError]' passed (0.001 seconds).
Test Suite 'FeedbackServiceTests' passed at 2026-08-29 15:40:06.430.
	 Executed 2 tests, with 0 failures (0 unexpected) in 0.004 (0.005) seconds
Test Suite 'FirebaseUserMapperTests' started at 2026-08-29 15:40:06.430.
Test Case '-[HavitalTests.FirebaseUserMapperTests testToDomainSyncResponse_BackendCompleted_UsesCompletedState]' started.
[FirebaseUserMapper] [DEBUG] [FirebaseUserMapper] Backend says onboarding completed for uid-123
Test Case '-[HavitalTests.FirebaseUserMapperTests testToDomainSyncResponse_BackendCompleted_UsesCompletedState]' passed (0.001 seconds).
Test Case '-[HavitalTests.FirebaseUserMapperTests testToDomainSyncResponse_BackendIncompleteLegacyComplete_UsesLegacyStatus]' started.
[FirebaseUserMapper] [DEBUG] [FirebaseUserMapper] ⚠️ Onboarding status mismatch for uid-123
[FirebaseUserMapper] [DEBUG] [FirebaseUserMapper]   Backend: false, Legacy UserDefaults: true
[FirebaseUserMapper] [DEBUG] [FirebaseUserMapper]   Using legacy status (migration scenario)
Test Case '-[HavitalTests.FirebaseUserMapperTests testToDomainSyncResponse_BackendIncompleteLegacyComplete_UsesLegacyStatus]' passed (0.001 seconds).
Test Case '-[HavitalTests.FirebaseUserMapperTests testToDomainSyncResponse_BackendIncompleteLegacyIncomplete_UsesBackendMode]' started.
[FirebaseUserMapper] [DEBUG] [FirebaseUserMapper] Onboarding not completed for uid-123
Test Case '-[HavitalTests.FirebaseUserMapperTests testToDomainSyncResponse_BackendIncompleteLegacyIncomplete_UsesBackendMode]' passed (0.001 seconds).
Test Case '-[HavitalTests.FirebaseUserMapperTests testToDomainSyncResponse_PercentEncodedPhotoURL_IsMappedAsURL]' started.
[FirebaseUserMapper] [DEBUG] [FirebaseUserMapper] Onboarding not completed for uid-123
Test Case '-[HavitalTests.FirebaseUserMapperTests testToDomainSyncResponse_PercentEncodedPhotoURL_IsMappedAsURL]' passed (0.000 seconds).
Test Suite 'FirebaseUserMapperTests' passed at 2026-08-29 15:40:06.435.
	 Executed 4 tests, with 0 failures (0 unexpected) in 0.004 (0.005) seconds
Test Suite 'GarminInitialBackfillGuardACTests' started at 2026-08-29 15:40:06.435.
Test Case '-[HavitalTests.GarminInitialBackfillGuardACTests test_ac_garmin_bf_01_callback_does_not_call_raw_backfill]' started.
Test Case '-[HavitalTests.GarminInitialBackfillGuardACTests test_ac_garmin_bf_01_callback_does_not_call_raw_backfill]' passed (0.216 seconds).
Test Case '-[HavitalTests.GarminInitialBackfillGuardACTests test_ac_garmin_bf_02_callback_calls_ensure_initial]' started.
Test Case '-[HavitalTests.GarminInitialBackfillGuardACTests test_ac_garmin_bf_02_callback_calls_ensure_initial]' passed (0.001 seconds).
Test Case '-[HavitalTests.GarminInitialBackfillGuardACTests test_ac_garmin_bf_03_non_started_decision_is_non_blocking]' started.
Test Case '-[HavitalTests.GarminInitialBackfillGuardACTests test_ac_garmin_bf_03_non_started_decision_is_non_blocking]' passed (0.001 seconds).
Test Suite 'GarminInitialBackfillGuardACTests' passed at 2026-08-29 15:40:06.654.
	 Executed 3 tests, with 0 failures (0 unexpected) in 0.219 (0.219) seconds
Test Suite 'GetWorkoutsUseCaseTests' started at 2026-08-29 15:40:06.654.
Test Case '-[HavitalTests.GetWorkoutsUseCaseTests testRepository_Initialized]' started.
Test Case '-[HavitalTests.GetWorkoutsUseCaseTests testRepository_Initialized]' passed (0.005 seconds).
Test Case '-[HavitalTests.GetWorkoutsUseCaseTests testUseCase_Initialized]' started.
Test Case '-[HavitalTests.GetWorkoutsUseCaseTests testUseCase_Initialized]' passed (0.004 seconds).
Test Suite 'GetWorkoutsUseCaseTests' passed at 2026-08-29 15:40:06.663.
	 Executed 2 tests, with 0 failures (0 unexpected) in 0.008 (0.009) seconds
Test Suite 'GlobalInterruptQueueACTests' started at 2026-08-29 15:40:06.663.
Test Case '-[HavitalTests.GlobalInterruptQueueACTests test_ac_int_01_and_10_root_features_share_single_global_queue]' started.
數據來源已切換為: Apple Health
[Subscription] State.update skipped (no change): status=none inGrace=false
[HealthDataUploadManagerV2] [INFO] [FirebaseLogging] 設置健康數據同步
[VDOTManager] [INFO] [FirebaseLogging] VDOT 數據已清除
[VDOTManager] [INFO] [FirebaseLogging] VDOTManager 初始化
📤 [performUploadPendingData] 開始上傳待處理的健康數據
[VDOTManager] [DEBUG] VDOTManager: 本地緩存無數據
🔐 [collectHealthDataForUpload] HRV 授權狀態: 1, 靜息心率授權狀態: 1
📤 [collectHealthDataForUpload] 總共 7 天，已上傳 0 天，待上傳 7 天
[AuthSessionRepositoryImpl] [ERROR] [AuthSession] ❌ Failed to get ID Token: 登入憑證已過期
 HRV authorization status: 1
📊 [fetchRestingHeartRateData] 獲取到 0 筆靜息心率數據
 HRV raw samples count: 0, sources: []
📤 [collectHealthDataForUpload] 獲取到 0 筆 HRV 原始數據
📤 [collectHealthDataForUpload] 獲取到 0 筆靜息心率原始數據
📤 [collectHealthDataForUpload] 分組後有 0 天的 HRV 數據
📤 [collectHealthDataForUpload] 分組後有 0 天的靜息心率數據
📤 [collectHealthDataForUpload] 準備上傳 0 筆健康記錄
[HealthDataUploadManagerV2] [INFO] [FirebaseLogging] 收集健康數據完成
📤 [performUploadPendingData] 沒有需要上傳的數據
[HealthDataUploadManagerV2] [WARN] [FirebaseLogging] 背景同步任務註冊失敗: The operation couldn’t be completed. (BGTaskSchedulerErrorDomain error 1.)
[HealthDataUploadManagerV2] [INFO] [FirebaseLogging] 檢測到健康數據更新
📤 [performUploadRecentData] 開始上傳最近的健康數據
🔐 [collectHealthDataForUpload] HRV 授權狀態: 1, 靜息心率授權狀態: 1
📤 [collectHealthDataForUpload] 總共 7 天，已上傳 0 天，待上傳 7 天
 HRV authorization status: 1
📊 [fetchRestingHeartRateData] 獲取到 0 筆靜息心率數據
 HRV raw samples count: 0, sources: []
📤 [collectHealthDataForUpload] 獲取到 0 筆 HRV 原始數據
📤 [collectHealthDataForUpload] 獲取到 0 筆靜息心率原始數據
📤 [collectHealthDataForUpload] 分組後有 0 天的 HRV 數據
📤 [collectHealthDataForUpload] 分組後有 0 天的靜息心率數據
📤 [collectHealthDataForUpload] 準備上傳 0 筆健康記錄
[HealthDataUploadManagerV2] [INFO] [FirebaseLogging] 收集健康數據完成
📤 [performUploadRecentData] 沒有需要上傳的數據
📊 [forceRefreshHealthData] 強制刷新 14 天數據
📊 [loadHealthDataForRange] 開始載入數據，天數: 14
[AuthSessionRepositoryImpl] [ERROR] [AuthSession] ❌ Failed to get ID Token: 登入憑證已過期
📊 [loadHealthDataForRange] ❌ API 調用失敗: 登入憑證已過期
📊 [loadHealthDataForRange] 回退到本地 HealthKit 數據
 HRV authorization status: 1
 HRV raw samples count: 0, sources: []
📊 [getLocalHealthData] ✅ 返回 1 筆記錄（HRV: 0 天，RHR: 1 天）
[HealthDataUploadManagerV2] [WARN] [FirebaseLogging] 從 API 載入失敗，使用本地數據
數據來源已切換為: Apple Health
[Subscription] State.update skipped (no change): status=none inGrace=false
Test Case '-[HavitalTests.GlobalInterruptQueueACTests test_ac_int_01_and_10_root_features_share_single_global_queue]' passed (0.054 seconds).
Test Case '-[HavitalTests.GlobalInterruptQueueACTests test_ac_int_03_and_05_priority_order_is_fixed_and_pending_items_drain_in_order]' started.
[HealthDataUploadManagerV2] [INFO] [FirebaseLogging] 設置健康數據同步
[VDOTManager] [INFO] [FirebaseLogging] VDOT 數據已清除
[VDOTManager] [INFO] [FirebaseLogging] VDOTManager 初始化
數據來源已切換為: Apple Health
[Subscription] State.update skipped (no change): status=none inGrace=false
[HealthDataUploadManagerV2] [INFO] [FirebaseLogging] 設置健康數據同步
[DataManageable] 數據載入中，跳過重複調用: upload_pending_health_data
📤 [performUploadPendingData] 開始上傳待處理的健康數據
[VDOTManager] [DEBUG] VDOTManager: 本地緩存無數據
[VDOTManager] [INFO] [FirebaseLogging] VDOT 數據已清除
[VDOTManager] [INFO] [FirebaseLogging] VDOTManager 初始化
[VDOTManager] [DEBUG] VDOTManager: 本地緩存無數據
[HealthDataUploadManagerV2] [WARN] [FirebaseLogging] 背景同步任務註冊失敗: The operation couldn’t be completed. (BGTaskSchedulerErrorDomain error 1.)
🔐 [collectHealthDataForUpload] HRV 授權狀態: 1, 靜息心率授權狀態: 1
📤 [collectHealthDataForUpload] 總共 7 天，已上傳 0 天，待上傳 7 天
[AuthSessionRepositoryImpl] [ERROR] [AuthSession] ❌ Failed to get ID Token: 登入憑證已過期
[AuthSessionRepositoryImpl] [ERROR] [AuthSession] ❌ Failed to get ID Token: 登入憑證已過期
 HRV authorization status: 1
[HealthDataUploadManagerV2] [INFO] [FirebaseLogging] 檢測到健康數據更新
[DataManageable] 數據載入中，跳過重複調用: upload_recent_health_data
📊 [forceRefreshHealthData] 強制刷新 14 天數據
📊 [loadHealthDataForRange] 開始載入數據，天數: 14
[AuthSessionRepositoryImpl] [ERROR] [AuthSession] ❌ Failed to get ID Token: 登入憑證已過期
📊 [loadHealthDataForRange] ❌ API 調用失敗: 登入憑證已過期
📊 [loadHealthDataForRange] 回退到本地 HealthKit 數據
📊 [fetchRestingHeartRateData] 獲取到 0 筆靜息心率數據
 HRV raw samples count: 0, sources: []
📤 [collectHealthDataForUpload] 獲取到 0 筆 HRV 原始數據
📤 [collectHealthDataForUpload] 獲取到 0 筆靜息心率原始數據
 HRV authorization status: 1
📤 [collectHealthDataForUpload] 分組後有 0 天的 HRV 數據
📤 [collectHealthDataForUpload] 分組後有 0 天的靜息心率數據
📤 [collectHealthDataForUpload] 準備上傳 0 筆健康記錄
[HealthDataUploadManagerV2] [INFO] [FirebaseLogging] 收集健康數據完成
📤 [performUploadPendingData] 沒有需要上傳的數據
[HealthDataUploadManagerV2] [WARN] [FirebaseLogging] 背景同步任務註冊失敗: The operation couldn’t be completed. (BGTaskSchedulerErrorDomain error 1.)
 HRV raw samples count: 0, sources: []
📊 [getLocalHealthData] ✅ 返回 1 筆記錄（HRV: 0 天，RHR: 1 天）
[HealthDataUploadManagerV2] [INFO] [FirebaseLogging] 檢測到健康數據更新
[HealthDataUploadManagerV2] [WARN] [FirebaseLogging] 從 API 載入失敗，使用本地數據
📤 [performUploadRecentData] 開始上傳最近的健康數據
🔐 [collectHealthDataForUpload] HRV 授權狀態: 1, 靜息心率授權狀態: 1
📤 [collectHealthDataForUpload] 總共 7 天，已上傳 0 天，待上傳 7 天
 HRV authorization status: 1
📊 [fetchRestingHeartRateData] 獲取到 0 筆靜息心率數據
 HRV raw samples count: 0, sources: []
📤 [collectHealthDataForUpload] 獲取到 0 筆 HRV 原始數據
📤 [collectHealthDataForUpload] 獲取到 0 筆靜息心率原始數據
📤 [collectHealthDataForUpload] 分組後有 0 天的 HRV 數據
📤 [collectHealthDataForUpload] 分組後有 0 天的靜息心率數據
📤 [collectHealthDataForUpload] 準備上傳 0 筆健康記錄
[HealthDataUploadManagerV2] [INFO] [FirebaseLogging] 收集健康數據完成
📤 [performUploadRecentData] 沒有需要上傳的數據
📊 [forceRefreshHealthData] 強制刷新 14 天數據
📊 [loadHealthDataForRange] 開始載入數據，天數: 14
[AuthSessionRepositoryImpl] [ERROR] [AuthSession] ❌ Failed to get ID Token: 登入憑證已過期
📊 [loadHealthDataForRange] ❌ API 調用失敗: 登入憑證已過期
📊 [loadHealthDataForRange] 回退到本地 HealthKit 數據
 HRV authorization status: 1
 HRV raw samples count: 0, sources: []
📊 [getLocalHealthData] ✅ 返回 1 筆記錄（HRV: 0 天，RHR: 1 天）
[HealthDataUploadManagerV2] [WARN] [FirebaseLogging] 從 API 載入失敗，使用本地數據
數據來源已切換為: Apple Health
[Subscription] State.update skipped (no change): status=none inGrace=false
Test Case '-[HavitalTests.GlobalInterruptQueueACTests test_ac_int_03_and_05_priority_order_is_fixed_and_pending_items_drain_in_order]' passed (0.052 seconds).
Test Case '-[HavitalTests.GlobalInterruptQueueACTests test_ac_int_07_data_source_reminder_enqueues_into_global_queue]' started.
[HealthDataUploadManagerV2] [INFO] [FirebaseLogging] 設置健康數據同步
[VDOTManager] [INFO] [FirebaseLogging] VDOT 數據已清除
[VDOTManager] [INFO] [FirebaseLogging] VDOTManager 初始化
數據來源已切換為: Apple Health
[Subscription] State.update skipped (no change): status=none inGrace=false
[HealthDataUploadManagerV2] [INFO] [FirebaseLogging] 設置健康數據同步
[VDOTManager] [INFO] [FirebaseLogging] VDOT 數據已清除
[VDOTManager] [DEBUG] VDOTManager: 本地緩存無數據
[DataManageable] 數據載入中，跳過重複調用: upload_pending_health_data
📤 [performUploadPendingData] 開始上傳待處理的健康數據
[VDOTManager] [INFO] [FirebaseLogging] VDOTManager 初始化
[VDOTManager] [DEBUG] VDOTManager: 本地緩存無數據
[DataManageable] 數據載入中，跳過重複調用: load_vdot_data
[HealthDataUploadManagerV2] [WARN] [FirebaseLogging] 背景同步任務註冊失敗: The operation couldn’t be completed. (BGTaskSchedulerErrorDomain error 1.)
數據來源已切換為: Apple Health
[Subscription] State.update skipped (no change): status=none inGrace=false
Test Case '-[HavitalTests.GlobalInterruptQueueACTests test_ac_int_07_data_source_reminder_enqueues_into_global_queue]' passed (0.002 seconds).
Test Case '-[HavitalTests.GlobalInterruptQueueACTests test_ac_int_08_announcement_popup_uses_shared_queue_and_waits_behind_active_interrupts]' started.
🔐 [collectHealthDataForUpload] HRV 授權狀態: 1, 靜息心率授權狀態: 1
📤 [collectHealthDataForUpload] 總共 7 天，已上傳 0 天，待上傳 7 天
[HealthDataUploadManagerV2] [INFO] [FirebaseLogging] 設置健康數據同步
[VDOTManager] [INFO] [FirebaseLogging] VDOT 數據已清除
[HealthDataUploadManagerV2] [INFO] [FirebaseLogging] 檢測到健康數據更新
[AuthSessionRepositoryImpl] [ERROR] [AuthSession] ❌ Failed to get ID Token: 登入憑證已過期
[VDOTManager] [INFO] [FirebaseLogging] VDOTManager 初始化
[VDOTManager] [DEBUG] VDOTManager: 本地緩存無數據
數據來源已切換為: Apple Health
[Subscription] State.update skipped (no change): status=none inGrace=false
[HealthDataUploadManagerV2] [INFO] [FirebaseLogging] 設置健康數據同步
[DataManageable] 數據載入中，跳過重複調用: upload_pending_health_data
[VDOTManager] [INFO] [FirebaseLogging] VDOT 數據已清除
[DataManageable] 數據載入中，跳過重複調用: upload_recent_health_data
[VDOTManager] [INFO] [FirebaseLogging] VDOTManager 初始化
[DataManageable] 數據載入中，跳過重複調用: upload_pending_health_data
[HealthDataUploadManagerV2] [WARN] [FirebaseLogging] 背景同步任務註冊失敗: The operation couldn’t be completed. (BGTaskSchedulerErrorDomain error 1.)
 HRV authorization status: 1
[VDOTManager] [DEBUG] VDOTManager: 本地緩存無數據
📊 [forceRefreshHealthData] 強制刷新 14 天數據
[DataManageable] 數據載入中，跳過重複調用: load_vdot_data
[AuthSessionRepositoryImpl] [ERROR] [AuthSession] ❌ Failed to get ID Token: 登入憑證已過期
[HealthDataUploadManagerV2] [WARN] [FirebaseLogging] 背景同步任務註冊失敗: The operation couldn’t be completed. (BGTaskSchedulerErrorDomain error 1.)
📊 [loadHealthDataForRange] 開始載入數據，天數: 14
[AuthSessionRepositoryImpl] [ERROR] [AuthSession] ❌ Failed to get ID Token: 登入憑證已過期
📊 [loadHealthDataForRange] ❌ API 調用失敗: 登入憑證已過期
📊 [loadHealthDataForRange] 回退到本地 HealthKit 數據
 HRV authorization status: 1
[HealthDataUploadManagerV2] [INFO] [FirebaseLogging] 檢測到健康數據更新
[DataManageable] 數據載入中，跳過重複調用: upload_recent_health_data
📊 [loadHealthDataForRange] 開始載入數據，天數: 14
📊 [fetchRestingHeartRateData] 獲取到 0 筆靜息心率數據
[AuthSessionRepositoryImpl] [ERROR] [AuthSession] ❌ Failed to get ID Token: 登入憑證已過期
📊 [loadHealthDataForRange] ❌ API 調用失敗: 登入憑證已過期
📊 [loadHealthDataForRange] 回退到本地 HealthKit 數據
 HRV raw samples count: 0, sources: []
📤 [collectHealthDataForUpload] 獲取到 0 筆 HRV 原始數據
📤 [collectHealthDataForUpload] 獲取到 0 筆靜息心率原始數據
📤 [collectHealthDataForUpload] 分組後有 0 天的 HRV 數據
📤 [collectHealthDataForUpload] 分組後有 0 天的靜息心率數據
📤 [collectHealthDataForUpload] 準備上傳 0 筆健康記錄
[HealthDataUploadManagerV2] [INFO] [FirebaseLogging] 收集健康數據完成
📤 [performUploadPendingData] 沒有需要上傳的數據
[HealthDataUploadManagerV2] [INFO] [FirebaseLogging] 檢測到健康數據更新
 HRV authorization status: 1
[HealthDataUploadManagerV2] [WARN] [FirebaseLogging] 背景同步任務註冊失敗: The operation couldn’t be completed. (BGTaskSchedulerErrorDomain error 1.)
📤 [performUploadRecentData] 開始上傳最近的健康數據
🔐 [collectHealthDataForUpload] HRV 授權狀態: 1, 靜息心率授權狀態: 1
📤 [collectHealthDataForUpload] 總共 7 天，已上傳 0 天，待上傳 7 天
 HRV authorization status: 1
 HRV raw samples count: 0, sources: []
📊 [getLocalHealthData] ✅ 返回 1 筆記錄（HRV: 0 天，RHR: 1 天）
[HealthDataUploadManagerV2] [WARN] [FirebaseLogging] 從 API 載入失敗，使用本地數據
 HRV raw samples count: 0, sources: []
📊 [getLocalHealthData] ✅ 返回 1 筆記錄（HRV: 0 天，RHR: 1 天）
[HealthDataUploadManagerV2] [INFO] [FirebaseLogging] 檢測到健康數據更新
📊 [fetchRestingHeartRateData] 獲取到 0 筆靜息心率數據
[HealthDataUploadManagerV2] [WARN] [FirebaseLogging] 從 API 載入失敗，使用本地數據
[DataManageable] 數據載入中，跳過重複調用: upload_recent_health_data
📊 [forceRefreshHealthData] 強制刷新 14 天數據
📊 [loadHealthDataForRange] 開始載入數據，天數: 14
[AuthSessionRepositoryImpl] [ERROR] [AuthSession] ❌ Failed to get ID Token: 登入憑證已過期
📊 [loadHealthDataForRange] ❌ API 調用失敗: 登入憑證已過期
📊 [loadHealthDataForRange] 回退到本地 HealthKit 數據
 HRV raw samples count: 0, sources: []
📤 [collectHealthDataForUpload] 獲取到 0 筆 HRV 原始數據
📤 [collectHealthDataForUpload] 獲取到 0 筆靜息心率原始數據
📤 [collectHealthDataForUpload] 分組後有 0 天的 HRV 數據
📤 [collectHealthDataForUpload] 分組後有 0 天的靜息心率數據
📤 [collectHealthDataForUpload] 準備上傳 0 筆健康記錄
[HealthDataUploadManagerV2] [INFO] [FirebaseLogging] 收集健康數據完成
📤 [performUploadRecentData] 沒有需要上傳的數據
 HRV authorization status: 1
📊 [loadHealthDataForRange] 開始載入數據，天數: 14
[AuthSessionRepositoryImpl] [ERROR] [AuthSession] ❌ Failed to get ID Token: 登入憑證已過期
📊 [loadHealthDataForRange] ❌ API 調用失敗: 登入憑證已過期
📊 [loadHealthDataForRange] 回退到本地 HealthKit 數據
 HRV authorization status: 1
 HRV raw samples count: 0, sources: []
 HRV raw samples count: 0, sources: []
📊 [getLocalHealthData] ✅ 返回 1 筆記錄（HRV: 0 天，RHR: 1 天）
📊 [getLocalHealthData] ✅ 返回 1 筆記錄（HRV: 0 天，RHR: 1 天）
[HealthDataUploadManagerV2] [WARN] [FirebaseLogging] 從 API 載入失敗，使用本地數據
[HealthDataUploadManagerV2] [WARN] [FirebaseLogging] 從 API 載入失敗，使用本地數據
數據來源已切換為: Apple Health
[Subscription] State.update skipped (no change): status=none inGrace=false
Test Case '-[HavitalTests.GlobalInterruptQueueACTests test_ac_int_08_announcement_popup_uses_shared_queue_and_waits_behind_active_interrupts]' passed (0.057 seconds).
Test Case '-[HavitalTests.GlobalInterruptQueueACTests test_ac_int_09_paywall_requests_use_global_interrupt_queue]' started.
[HealthDataUploadManagerV2] [INFO] [FirebaseLogging] 設置健康數據同步
[VDOTManager] [INFO] [FirebaseLogging] VDOT 數據已清除
[VDOTManager] [INFO] [FirebaseLogging] VDOTManager 初始化
數據來源已切換為: Apple Health
[Subscription] State.update skipped (no change): status=none inGrace=false
[HealthDataUploadManagerV2] [INFO] [FirebaseLogging] 設置健康數據同步
📤 [performUploadPendingData] 開始上傳待處理的健康數據
[Subscription] State.update applied: none → trial inGrace=false hasOverride=nil
[VDOTManager] [INFO] [FirebaseLogging] VDOT 數據已清除
[DataManageable] 數據載入中，跳過重複調用: upload_pending_health_data
[VDOTManager] [DEBUG] VDOTManager: 本地緩存無數據
[VDOTManager] [INFO] [FirebaseLogging] VDOTManager 初始化
[FirebaseAnalyticsServiceImpl] [DEBUG] [Analytics] 👤 userProperty: subscription_status = trial
[VDOTManager] [DEBUG] VDOTManager: 本地緩存無數據
[MethodologyCoordinator] [DEBUG] [MethodologyCoordinator] 切換方法論: methodology-gated, 起始階段: nil
[AchievementsAPI] fetchSummary start path=/v2/achievements/summary
[AchievementRemoteDataSource] [INFO] [AchievementsAPI] fetchSummary start path=/v2/achievements/summary
🔐 [collectHealthDataForUpload] HRV 授權狀態: 1, 靜息心率授權狀態: 1
📤 [collectHealthDataForUpload] 總共 7 天，已上傳 0 天，待上傳 7 天
[HealthDataUploadManagerV2] [WARN] [FirebaseLogging] 背景同步任務註冊失敗: The operation couldn’t be completed. (BGTaskSchedulerErrorDomain error 1.)
[AuthSessionRepositoryImpl] [ERROR] [AuthSession] ❌ Failed to get ID Token: 登入憑證已過期
[AuthSessionRepositoryImpl] [ERROR] [AuthSession] ❌ Failed to get ID Token: 登入憑證已過期
[AuthSessionRepositoryImpl] [ERROR] [AuthSession] ❌ Failed to get ID Token: 登入憑證已過期
[AchievementsAPI] fetchSummary request failed path=/v2/achievements/summary error=AuthenticationError: 登入憑證已過期
[AchievementRemoteDataSource] [ERROR] [AchievementsAPI] fetchSummary request failed path=/v2/achievements/summary error=AuthenticationError: 登入憑證已過期
[AchievementRemoteDataSource] [ERROR] [FirebaseLogging] Achievements summary load failed
 HRV authorization status: 1
[AchievementRepositoryImpl] [ERROR] [AchievementRepository] fetchSummary failed: 登入憑證已過期
[AuthSessionRepositoryImpl] [ERROR] [AuthSession] ❌ Failed to get ID Token: 登入憑證已過期
[FirebaseLogging] 上傳失敗: 登入憑證已過期
[HealthDataUploadManagerV2] [INFO] [FirebaseLogging] 檢測到健康數據更新
[DataManageable] 數據載入中，跳過重複調用: upload_recent_health_data
📊 [forceRefreshHealthData] 強制刷新 14 天數據
📊 [loadHealthDataForRange] 開始載入數據，天數: 14
[AuthSessionRepositoryImpl] [ERROR] [AuthSession] ❌ Failed to get ID Token: 登入憑證已過期
📊 [loadHealthDataForRange] ❌ API 調用失敗: 登入憑證已過期
📊 [loadHealthDataForRange] 回退到本地 HealthKit 數據
 HRV authorization status: 1
📊 [fetchRestingHeartRateData] 獲取到 0 筆靜息心率數據
 HRV raw samples count: 0, sources: []
📤 [collectHealthDataForUpload] 獲取到 0 筆 HRV 原始數據
📤 [collectHealthDataForUpload] 獲取到 0 筆靜息心率原始數據
📤 [collectHealthDataForUpload] 分組後有 0 天的 HRV 數據
📤 [collectHealthDataForUpload] 分組後有 0 天的靜息心率數據
📤 [collectHealthDataForUpload] 準備上傳 0 筆健康記錄
[HealthDataUploadManagerV2] [INFO] [FirebaseLogging] 收集健康數據完成
📤 [performUploadPendingData] 沒有需要上傳的數據
[HealthDataUploadManagerV2] [WARN] [FirebaseLogging] 背景同步任務註冊失敗: The operation couldn’t be completed. (BGTaskSchedulerErrorDomain error 1.)
 HRV raw samples count: 0, sources: []
📊 [getLocalHealthData] ✅ 返回 1 筆記錄（HRV: 0 天，RHR: 1 天）
[HealthDataUploadManagerV2] [WARN] [FirebaseLogging] 從 API 載入失敗，使用本地數據
[HealthDataUploadManagerV2] [INFO] [FirebaseLogging] 檢測到健康數據更新
📤 [performUploadRecentData] 開始上傳最近的健康數據
🔐 [collectHealthDataForUpload] HRV 授權狀態: 1, 靜息心率授權狀態: 1
📤 [collectHealthDataForUpload] 總共 7 天，已上傳 0 天，待上傳 7 天
 HRV authorization status: 1
📊 [fetchRestingHeartRateData] 獲取到 0 筆靜息心率數據
 HRV raw samples count: 0, sources: []
📤 [collectHealthDataForUpload] 獲取到 0 筆 HRV 原始數據
📤 [collectHealthDataForUpload] 獲取到 0 筆靜息心率原始數據
📤 [collectHealthDataForUpload] 分組後有 0 天的 HRV 數據
📤 [collectHealthDataForUpload] 分組後有 0 天的靜息心率數據
📤 [collectHealthDataForUpload] 準備上傳 0 筆健康記錄
[HealthDataUploadManagerV2] [INFO] [FirebaseLogging] 收集健康數據完成
📤 [performUploadRecentData] 沒有需要上傳的數據
📊 [forceRefreshHealthData] 強制刷新 14 天數據
📊 [loadHealthDataForRange] 開始載入數據，天數: 14
[AuthSessionRepositoryImpl] [ERROR] [AuthSession] ❌ Failed to get ID Token: 登入憑證已過期
📊 [loadHealthDataForRange] ❌ API 調用失敗: 登入憑證已過期
📊 [loadHealthDataForRange] 回退到本地 HealthKit 數據
 HRV authorization status: 1
 HRV raw samples count: 0, sources: []
📊 [getLocalHealthData] ✅ 返回 1 筆記錄（HRV: 0 天，RHR: 1 天）
[HealthDataUploadManagerV2] [WARN] [FirebaseLogging] 從 API 載入失敗，使用本地數據
數據來源已切換為: Apple Health
[Subscription] State.update applied: trial → none inGrace=false hasOverride=nil
[FirebaseAnalyticsServiceImpl] [DEBUG] [Analytics] 👤 userProperty: subscription_status = free
Test Case '-[HavitalTests.GlobalInterruptQueueACTests test_ac_int_09_paywall_requests_use_global_interrupt_queue]' passed (0.060 seconds).
Test Suite 'GlobalInterruptQueueACTests' passed at 2026-08-29 15:40:06.891.
	 Executed 5 tests, with 0 failures (0 unexpected) in 0.225 (0.228) seconds
Test Suite 'HKQuantitySafeDoubleValueTests' started at 2026-08-29 15:40:06.891.
Test Case '-[HavitalTests.HKQuantitySafeDoubleValueTests test_celsius_temperature]' started.
Test Case '-[HavitalTests.HKQuantitySafeDoubleValueTests test_celsius_temperature]' passed (0.001 seconds).
Test Case '-[HavitalTests.HKQuantitySafeDoubleValueTests test_celsius_withPercentUnit_returnsNil]' started.
Test Case '-[HavitalTests.HKQuantitySafeDoubleValueTests test_celsius_withPercentUnit_returnsNil]' passed (0.001 seconds).
Test Case '-[HavitalTests.HKQuantitySafeDoubleValueTests test_heartRate_compatible]' started.
Test Case '-[HavitalTests.HKQuantitySafeDoubleValueTests test_heartRate_compatible]' passed (0.001 seconds).
Test Case '-[HavitalTests.HKQuantitySafeDoubleValueTests test_heartRate_withMeterUnit_returnsNil]' started.
Test Case '-[HavitalTests.HKQuantitySafeDoubleValueTests test_heartRate_withMeterUnit_returnsNil]' passed (0.001 seconds).
Test Case '-[HavitalTests.HKQuantitySafeDoubleValueTests test_kilocalorie_energy]' started.
Test Case '-[HavitalTests.HKQuantitySafeDoubleValueTests test_kilocalorie_energy]' passed (0.001 seconds).
Test Case '-[HavitalTests.HKQuantitySafeDoubleValueTests test_kilocalorie_withMeterUnit_returnsNil]' started.
Test Case '-[HavitalTests.HKQuantitySafeDoubleValueTests test_kilocalorie_withMeterUnit_returnsNil]' passed (0.001 seconds).
Test Case '-[HavitalTests.HKQuantitySafeDoubleValueTests test_kilometer_convertedToMeter]' started.
Test Case '-[HavitalTests.HKQuantitySafeDoubleValueTests test_kilometer_convertedToMeter]' passed (0.001 seconds).
Test Case '-[HavitalTests.HKQuantitySafeDoubleValueTests test_meter_returnsValue]' started.
Test Case '-[HavitalTests.HKQuantitySafeDoubleValueTests test_meter_returnsValue]' passed (0.000 seconds).
Test Case '-[HavitalTests.HKQuantitySafeDoubleValueTests test_meter_withHeartRateUnit_returnsNil]' started.
Test Case '-[HavitalTests.HKQuantitySafeDoubleValueTests test_meter_withHeartRateUnit_returnsNil]' passed (0.000 seconds).
Test Case '-[HavitalTests.HKQuantitySafeDoubleValueTests test_millisecond_hrv]' started.
Test Case '-[HavitalTests.HKQuantitySafeDoubleValueTests test_millisecond_hrv]' passed (0.000 seconds).
Test Case '-[HavitalTests.HKQuantitySafeDoubleValueTests test_negativeValue_returnsNegative]' started.
Test Case '-[HavitalTests.HKQuantitySafeDoubleValueTests test_negativeValue_returnsNegative]' passed (0.000 seconds).
Test Case '-[HavitalTests.HKQuantitySafeDoubleValueTests test_percent_humidity]' started.
Test Case '-[HavitalTests.HKQuantitySafeDoubleValueTests test_percent_humidity]' passed (0.000 seconds).
Test Case '-[HavitalTests.HKQuantitySafeDoubleValueTests test_speed_meterPerSecond]' started.
Test Case '-[HavitalTests.HKQuantitySafeDoubleValueTests test_speed_meterPerSecond]' passed (0.000 seconds).
Test Case '-[HavitalTests.HKQuantitySafeDoubleValueTests test_veryLargeValue_returnsValue]' started.
Test Case '-[HavitalTests.HKQuantitySafeDoubleValueTests test_veryLargeValue_returnsValue]' passed (0.000 seconds).
Test Case '-[HavitalTests.HKQuantitySafeDoubleValueTests test_zeroValue_returnsZero]' started.
Test Case '-[HavitalTests.HKQuantitySafeDoubleValueTests test_zeroValue_returnsZero]' passed (0.000 seconds).
Test Suite 'HKQuantitySafeDoubleValueTests' passed at 2026-08-29 15:40:06.906.
	 Executed 15 tests, with 0 failures (0 unexpected) in 0.010 (0.015) seconds
Test Suite 'HRVChartViewModelTests' started at 2026-08-29 15:40:06.906.
Test Case '-[HavitalTests.HRVChartViewModelTests testFetchDiagnosticsBuildsReadableSummary]' started.
[LanguageManager] [INFO] [FirebaseLogging] Language bundle set for: zh-Hant
[HealthDataUploadManagerV2] [INFO] [FirebaseLogging] 設置健康數據同步
[VDOTManager] [INFO] [FirebaseLogging] VDOT 數據已清除
[VDOTManager] [INFO] [FirebaseLogging] VDOTManager 初始化
[VDOTManager] [DEBUG] VDOTManager: 本地緩存無數據
📤 [performUploadPendingData] 開始上傳待處理的健康數據
🔐 [collectHealthDataForUpload] HRV 授權狀態: 1, 靜息心率授權狀態: 1
📤 [collectHealthDataForUpload] 總共 7 天，已上傳 0 天，待上傳 7 天
[AuthSessionRepositoryImpl] [ERROR] [AuthSession] ❌ Failed to get ID Token: 登入憑證已過期
 HRV authorization status: 1
Test Case '-[HavitalTests.HRVChartViewModelTests testFetchDiagnosticsBuildsReadableSummary]' passed (0.010 seconds).
Test Case '-[HavitalTests.HRVChartViewModelTests testFetchReadAuthStatusFailureStoresError]' started.
[LanguageManager] [INFO] [FirebaseLogging] Language bundle set for: zh-Hant
📊 [fetchRestingHeartRateData] 獲取到 0 筆靜息心率數據
Test Case '-[HavitalTests.HRVChartViewModelTests testFetchReadAuthStatusFailureStoresError]' passed (0.001 seconds).
 HRV raw samples count: 0, sources: []
Test Case '-[HavitalTests.HRVChartViewModelTests testLoadHRVDataFailureClearsDataAndSetsError]' started.
[LanguageManager] [INFO] [FirebaseLogging] Language bundle set for: zh-Hant
📤 [collectHealthDataForUpload] 獲取到 0 筆 HRV 原始數據
📤 [collectHealthDataForUpload] 獲取到 0 筆靜息心率原始數據
📤 [collectHealthDataForUpload] 分組後有 0 天的 HRV 數據
📤 [collectHealthDataForUpload] 分組後有 0 天的靜息心率數據
📤 [collectHealthDataForUpload] 準備上傳 0 筆健康記錄
[HealthDataUploadManagerV2] [INFO] [FirebaseLogging] 收集健康數據完成
📤 [performUploadPendingData] 沒有需要上傳的數據
📊 [HRVChartViewModel] 從未更新過，需要刷新
[HealthDataUploadManagerV2] [WARN] [FirebaseLogging] 背景同步任務註冊失敗: The operation couldn’t be completed. (BGTaskSchedulerErrorDomain error 1.)
Error loading HRV data: Error Domain=MockHRVHealthKitManager Code=-1 "(null)"
Test Case '-[HavitalTests.HRVChartViewModelTests testLoadHRVDataFailureClearsDataAndSetsError]' passed (0.002 seconds).
Test Case '-[HavitalTests.HRVChartViewModelTests testLoadHRVDataGroupsMorningSamplesByDayAndSortsAscending]' started.
[LanguageManager] [INFO] [FirebaseLogging] Language bundle set for: zh-Hant
📊 [HRVChartViewModel] 從未更新過，需要刷新
[HealthDataUploadManagerV2] [INFO] [FirebaseLogging] 檢測到健康數據更新
📊 [HRVChartViewModel] 成功保存緩存數據: 2 筆
📤 [performUploadRecentData] 開始上傳最近的健康數據
Test Case '-[HavitalTests.HRVChartViewModelTests testLoadHRVDataGroupsMorningSamplesByDayAndSortsAscending]' passed (0.004 seconds).
Test Suite 'HRVChartViewModelTests' passed at 2026-08-29 15:40:06.923.
	 Executed 4 tests, with 0 failures (0 unexpected) in 0.016 (0.017) seconds
Test Suite 'HealthDailyDecodingTests' started at 2026-08-29 15:40:06.923.
Test Case '-[HavitalTests.HealthDailyDecodingTests testDecodesNonIntegralFloatsWithoutThrowing]' started.
Test Case '-[HavitalTests.HealthDailyDecodingTests testDecodesNonIntegralFloatsWithoutThrowing]' passed (0.003 seconds).
Test Case '-[HavitalTests.HealthDailyDecodingTests testDecodesRealDevPayloadShape]' started.
Test Case '-[HavitalTests.HealthDailyDecodingTests testDecodesRealDevPayloadShape]' passed (0.000 seconds).
Test Case '-[HavitalTests.HealthDailyDecodingTests testDecodesTsbMetricsIncludingFloatTimestamp]' started.
Test Case '-[HavitalTests.HealthDailyDecodingTests testDecodesTsbMetricsIncludingFloatTimestamp]' passed (0.001 seconds).
Test Case '-[HavitalTests.HealthDailyDecodingTests testStillDecodesPlainIntegers]' started.
Test Case '-[HavitalTests.HealthDailyDecodingTests testStillDecodesPlainIntegers]' passed (0.000 seconds).
Test Case '-[HavitalTests.HealthDailyDecodingTests testVdotEntryToleratesFloatDailyCount]' started.
Test Case '-[HavitalTests.HealthDailyDecodingTests testVdotEntryToleratesFloatDailyCount]' passed (0.002 seconds).
Test Suite 'HealthDailyDecodingTests' passed at 2026-08-29 15:40:06.932.
	 Executed 5 tests, with 0 failures (0 unexpected) in 0.008 (0.009) seconds
Test Suite 'HeartRateProfileRefreshNotifierTests' started at 2026-08-29 15:40:06.932.
Test Case '-[HavitalTests.HeartRateProfileRefreshNotifierTests test_onboardingModeSaveDoesNotPublishUserDataChangedEvent]' started.
🔐 [collectHealthDataForUpload] HRV 授權狀態: 1, 靜息心率授權狀態: 1
📤 [collectHealthDataForUpload] 總共 7 天，已上傳 0 天，待上傳 7 天
 HRV authorization status: 1
📊 [fetchRestingHeartRateData] 獲取到 0 筆靜息心率數據
 HRV raw samples count: 0, sources: []
📤 [collectHealthDataForUpload] 獲取到 0 筆 HRV 原始數據
📤 [collectHealthDataForUpload] 獲取到 0 筆靜息心率原始數據
📤 [collectHealthDataForUpload] 分組後有 0 天的 HRV 數據
📤 [collectHealthDataForUpload] 分組後有 0 天的靜息心率數據
📤 [collectHealthDataForUpload] 準備上傳 0 筆健康記錄
[HealthDataUploadManagerV2] [INFO] [FirebaseLogging] 收集健康數據完成
📤 [performUploadRecentData] 沒有需要上傳的數據
📊 [forceRefreshHealthData] 強制刷新 14 天數據
📊 [loadHealthDataForRange] 開始載入數據，天數: 14
[AuthSessionRepositoryImpl] [ERROR] [AuthSession] ❌ Failed to get ID Token: 登入憑證已過期
📊 [loadHealthDataForRange] ❌ API 調用失敗: 登入憑證已過期
📊 [loadHealthDataForRange] 回退到本地 HealthKit 數據
 HRV authorization status: 1
 HRV raw samples count: 0, sources: []
📊 [getLocalHealthData] ✅ 返回 1 筆記錄（HRV: 0 天，RHR: 1 天）
[HealthDataUploadManagerV2] [WARN] [FirebaseLogging] 從 API 載入失敗，使用本地數據
Test Case '-[HavitalTests.HeartRateProfileRefreshNotifierTests test_onboardingModeSaveDoesNotPublishUserDataChangedEvent]' passed (0.203 seconds).
Test Case '-[HavitalTests.HeartRateProfileRefreshNotifierTests test_profileModeSavePublishesUserDataChangedEvent]' started.
[SubscriptionLocalDataSource] [DEBUG] [SubscriptionLocalDS] Cache cleared
[TargetLocalDataSource] [DEBUG] [TargetLocalDS] All caches cleared
[UserProfileLocalDataSource] [DEBUG] [UserProfileLocalDS] User profile cache cleared
[UserProfileLocalDataSource] [DEBUG] [UserProfileLocalDS] Targets cache cleared
[UserProfileLocalDataSource] [DEBUG] [UserProfileLocalDS] Heart rate zones cache cleared
[UserProfileLocalDataSource] [DEBUG] [UserProfileLocalDS] All caches cleared
[WorkoutV2CacheManager] [INFO] [FirebaseLogging] 所有 Workout V2 快取已清除
已清除儲存的週訓練回顧
[WeeklySummaryStorage] [INFO] [FirebaseLogging] 已清除週總結列表快取
[CacheEventBus] [INFO] [FirebaseLogging] 相關快取已清空
[CacheEventBus] [DEBUG] [CacheEventBus] 通知 4 個 event 訂閱者: dataChanged(paceriz_dev.DataType.user)
[AuthenticationViewModel] [DEBUG] [AuthViewModel] Received dataChanged.user event, refreshing user data
[AuthSessionRepositoryImpl] [DEBUG] [AuthSession] Authentication status: false
[AuthenticationViewModel] [DEBUG] [AuthViewModel] Updated isAuthenticated: false
[AuthenticationViewModel] [DEBUG] [AuthViewModel] Fetching current user data
[AuthSessionRepositoryImpl] [DEBUG] [AuthSession] 🎯 fetchCurrentUser called. SessionRepo ID: ObjectIdentifier(0x0000000105d158c0). DemoToken: nil
[AuthSessionRepositoryImpl] [DEBUG] [AuthSession] No Firebase user session found
[AuthSessionRepositoryImpl] [ERROR] [AuthSession] Failed to fetch user: 找不到使用者
[AuthenticationViewModel] [ERROR] [AuthViewModel] Failed to fetch user data: 找不到使用者
[CacheEventBus] [DEBUG] [CacheEventBus] 通知 8 個 identifier 訂閱者: dataChanged(paceriz_dev.DataType.user)
Test Case '-[HavitalTests.HeartRateProfileRefreshNotifierTests test_profileModeSavePublishesUserDataChangedEvent]' passed (0.005 seconds).
Test Suite 'HeartRateProfileRefreshNotifierTests' passed at 2026-08-29 15:40:07.142.
	 Executed 2 tests, with 0 failures (0 unexpected) in 0.209 (0.210) seconds
Test Suite 'HeartRateZonesBridgeTests' started at 2026-08-29 15:40:07.142.
Test Case '-[HavitalTests.HeartRateZonesBridgeTests testEnsureHeartRateZonesAvailable_WhenCached_DoesNotTriggerSync]' started.
Test Case '-[HavitalTests.HeartRateZonesBridgeTests testEnsureHeartRateZonesAvailable_WhenCached_DoesNotTriggerSync]' passed (0.004 seconds).
Test Case '-[HavitalTests.HeartRateZonesBridgeTests testSyncHeartRateZones_WithValidPreferences_CalculatesAndStoresZones]' started.
已有有效的心率數據，計算心率區間
已成功儲存心率區間
Test Case '-[HavitalTests.HeartRateZonesBridgeTests testSyncHeartRateZones_WithValidPreferences_CalculatesAndStoresZones]' passed (0.213 seconds).
Test Suite 'HeartRateZonesBridgeTests' passed at 2026-08-29 15:40:07.360.
	 Executed 2 tests, with 0 failures (0 unexpected) in 0.217 (0.218) seconds
Test Suite 'IosAnalyticsP1ACTests' started at 2026-08-29 15:40:07.361.
Test Case '-[HavitalTests.IosAnalyticsP1ACTests test_p1_01_enum_cases_present]' started.
Test Case '-[HavitalTests.IosAnalyticsP1ACTests test_p1_01_enum_cases_present]' passed (0.001 seconds).
Test Case '-[HavitalTests.IosAnalyticsP1ACTests test_p1_02_data_source_prompted_emitted_enum_contract]' started.
Test Case '-[HavitalTests.IosAnalyticsP1ACTests test_p1_02_data_source_prompted_emitted_enum_contract]' passed (0.001 seconds).
Test Case '-[HavitalTests.IosAnalyticsP1ACTests test_p1_02_wiring_dedup_fires_only_once_per_session]' started.
[OnboardingCoordinator] 狀態已重置
Test Case '-[HavitalTests.IosAnalyticsP1ACTests test_p1_02_wiring_dedup_fires_only_once_per_session]' passed (0.010 seconds).
Test Case '-[HavitalTests.IosAnalyticsP1ACTests test_p1_02_wiring_dedup_resets_with_session]' started.
[OnboardingCoordinator] 狀態已重置
[OnboardingCoordinator] 狀態已重置
Test Case '-[HavitalTests.IosAnalyticsP1ACTests test_p1_02_wiring_dedup_resets_with_session]' passed (0.001 seconds).
Test Case '-[HavitalTests.IosAnalyticsP1ACTests test_p1_03_data_source_skipped_emitted_enum_contract]' started.
Test Case '-[HavitalTests.IosAnalyticsP1ACTests test_p1_03_data_source_skipped_emitted_enum_contract]' passed (0.001 seconds).
Test Case '-[HavitalTests.IosAnalyticsP1ACTests test_p1_03_wiring_skipped_emits_event]' started.
[OnboardingCoordinator] 狀態已重置
Test Case '-[HavitalTests.IosAnalyticsP1ACTests test_p1_03_wiring_skipped_emits_event]' passed (0.001 seconds).
Test Case '-[HavitalTests.IosAnalyticsP1ACTests test_p1_04_data_source_connected_with_provider_enum_contract]' started.
Test Case '-[HavitalTests.IosAnalyticsP1ACTests test_p1_04_data_source_connected_with_provider_enum_contract]' passed (0.001 seconds).
Test Case '-[HavitalTests.IosAnalyticsP1ACTests test_p1_04_wiring_connected_emits_provider_apple_health]' started.
[OnboardingCoordinator] 狀態已重置
Test Case '-[HavitalTests.IosAnalyticsP1ACTests test_p1_04_wiring_connected_emits_provider_apple_health]' passed (0.001 seconds).
Test Case '-[HavitalTests.IosAnalyticsP1ACTests test_p1_04_wiring_connected_emits_provider_garmin]' started.
[OnboardingCoordinator] 狀態已重置
Test Case '-[HavitalTests.IosAnalyticsP1ACTests test_p1_04_wiring_connected_emits_provider_garmin]' passed (0.001 seconds).
Test Case '-[HavitalTests.IosAnalyticsP1ACTests test_p1_05_goal_type_selected_with_target_type_enum_contract]' started.
Test Case '-[HavitalTests.IosAnalyticsP1ACTests test_p1_05_goal_type_selected_with_target_type_enum_contract]' passed (0.000 seconds).
Test Case '-[HavitalTests.IosAnalyticsP1ACTests test_p1_05_wiring_goal_type_selected_emits_target_type]' started.
[OnboardingCoordinator] 狀態已重置
Test Case '-[HavitalTests.IosAnalyticsP1ACTests test_p1_05_wiring_goal_type_selected_emits_target_type]' passed (0.001 seconds).
Test Case '-[HavitalTests.IosAnalyticsP1ACTests test_p1_06_target_race_set_params_enum_contract]' started.
Test Case '-[HavitalTests.IosAnalyticsP1ACTests test_p1_06_target_race_set_params_enum_contract]' passed (0.001 seconds).
Test Case '-[HavitalTests.IosAnalyticsP1ACTests test_p1_06_wiring_beginner_path_does_not_emit_target_race_set]' started.
[OnboardingCoordinator] 狀態已重置
Test Case '-[HavitalTests.IosAnalyticsP1ACTests test_p1_06_wiring_beginner_path_does_not_emit_target_race_set]' passed (0.001 seconds).
Test Case '-[HavitalTests.IosAnalyticsP1ACTests test_p1_07_schedule_set_with_available_days_enum_contract]' started.
Test Case '-[HavitalTests.IosAnalyticsP1ACTests test_p1_07_schedule_set_with_available_days_enum_contract]' passed (0.001 seconds).
Test Case '-[HavitalTests.IosAnalyticsP1ACTests test_p1_07_wiring_schedule_set_emits_available_days]' started.
[OnboardingCoordinator] 狀態已重置
Test Case '-[HavitalTests.IosAnalyticsP1ACTests test_p1_07_wiring_schedule_set_emits_available_days]' passed (0.001 seconds).
Test Case '-[HavitalTests.IosAnalyticsP1ACTests test_p1_08_plan_generating_emitted_enum_contract]' started.
Test Case '-[HavitalTests.IosAnalyticsP1ACTests test_p1_08_plan_generating_emitted_enum_contract]' passed (0.001 seconds).
Test Case '-[HavitalTests.IosAnalyticsP1ACTests test_p1_08_wiring_beginner_emits_beginner_target_type]' started.
[OnboardingCoordinator] 狀態已重置
Test Case '-[HavitalTests.IosAnalyticsP1ACTests test_p1_08_wiring_beginner_emits_beginner_target_type]' passed (0.001 seconds).
Test Case '-[HavitalTests.IosAnalyticsP1ACTests test_p1_08_wiring_nil_targetTypeId_non_beginner_falls_back_to_race_run]' started.
[OnboardingCoordinator] 狀態已重置
[OnboardingCoordinator] [WARN] [Analytics] P1-08: selectedTargetTypeId is nil and not beginner — falling back to 'race_run'. Check that targetTypeId is set before trainingOverview step.
Test Case '-[HavitalTests.IosAnalyticsP1ACTests test_p1_08_wiring_nil_targetTypeId_non_beginner_falls_back_to_race_run]' passed (0.001 seconds).
Test Case '-[HavitalTests.IosAnalyticsP1ACTests test_p1_08_wiring_selectedTargetTypeId_used_when_set]' started.
[OnboardingCoordinator] 狀態已重置
Test Case '-[HavitalTests.IosAnalyticsP1ACTests test_p1_08_wiring_selectedTargetTypeId_used_when_set]' passed (0.003 seconds).
Test Case '-[HavitalTests.IosAnalyticsP1ACTests test_p1_09_weekly_plan_view_params_enum_contract]' started.
Test Case '-[HavitalTests.IosAnalyticsP1ACTests test_p1_09_weekly_plan_view_params_enum_contract]' passed (0.000 seconds).
Test Case '-[HavitalTests.IosAnalyticsP1ACTests test_p1_09_wiring_dedup_different_week_re_fires]' started.
Test Case '-[HavitalTests.IosAnalyticsP1ACTests test_p1_09_wiring_dedup_different_week_re_fires]' passed (0.003 seconds).
Test Case '-[HavitalTests.IosAnalyticsP1ACTests test_p1_09_wiring_dedup_same_plan_week_fires_once]' started.
Test Case '-[HavitalTests.IosAnalyticsP1ACTests test_p1_09_wiring_dedup_same_plan_week_fires_once]' passed (0.001 seconds).
Test Case '-[HavitalTests.IosAnalyticsP1ACTests test_p1_10_wiring_data_guard_skips_when_nil]' started.
[WorkoutDetailViewModelV2] [DEBUG] [WorkoutDetailViewModelV2] 初始化完成 - workout: wk-002
Test Case '-[HavitalTests.IosAnalyticsP1ACTests test_p1_10_wiring_data_guard_skips_when_nil]' passed (0.002 seconds).
Test Case '-[HavitalTests.IosAnalyticsP1ACTests test_p1_10_wiring_dedup_fires_once]' started.
[WorkoutDetailViewModelV2] [DEBUG] [WorkoutDetailViewModelV2] 初始化完成 - workout: wk-001
Test Case '-[HavitalTests.IosAnalyticsP1ACTests test_p1_10_wiring_dedup_fires_once]' passed (0.001 seconds).
Test Case '-[HavitalTests.IosAnalyticsP1ACTests test_p1_10_workout_analysis_view_params_enum_contract]' started.
Test Case '-[HavitalTests.IosAnalyticsP1ACTests test_p1_10_workout_analysis_view_params_enum_contract]' passed (0.000 seconds).
Test Case '-[HavitalTests.IosAnalyticsP1ACTests test_p1_11_weekly_summary_view_params_enum_contract]' started.
Test Case '-[HavitalTests.IosAnalyticsP1ACTests test_p1_11_weekly_summary_view_params_enum_contract]' passed (0.000 seconds).
Test Case '-[HavitalTests.IosAnalyticsP1ACTests test_p1_11_wiring_dedup_fires_once]' started.
Test Case '-[HavitalTests.IosAnalyticsP1ACTests test_p1_11_wiring_dedup_fires_once]' passed (0.000 seconds).
Test Case '-[HavitalTests.IosAnalyticsP1ACTests test_p1_12_plan_overview_view_params_enum_contract]' started.
Test Case '-[HavitalTests.IosAnalyticsP1ACTests test_p1_12_plan_overview_view_params_enum_contract]' passed (0.000 seconds).
Test Case '-[HavitalTests.IosAnalyticsP1ACTests test_p1_12_wiring_dedup_fires_once]' started.
Test Case '-[HavitalTests.IosAnalyticsP1ACTests test_p1_12_wiring_dedup_fires_once]' passed (0.000 seconds).
Test Case '-[HavitalTests.IosAnalyticsP1ACTests test_p1_12_wiring_skip_when_overview_nil]' started.
Test Case '-[HavitalTests.IosAnalyticsP1ACTests test_p1_12_wiring_skip_when_overview_nil]' passed (0.000 seconds).
Test Case '-[HavitalTests.IosAnalyticsP1ACTests test_p1_13_race_prediction_view_params_enum_contract]' started.
Test Case '-[HavitalTests.IosAnalyticsP1ACTests test_p1_13_race_prediction_view_params_enum_contract]' passed (0.000 seconds).
Test Case '-[HavitalTests.IosAnalyticsP1ACTests test_p1_13_wiring_dedup_fires_once]' started.
Test Case '-[HavitalTests.IosAnalyticsP1ACTests test_p1_13_wiring_dedup_fires_once]' passed (0.000 seconds).
Test Case '-[HavitalTests.IosAnalyticsP1ACTests test_p1_13_wiring_independent_dedup_from_p1_11]' started.
Test Case '-[HavitalTests.IosAnalyticsP1ACTests test_p1_13_wiring_independent_dedup_from_p1_11]' passed (0.000 seconds).
Test Case '-[HavitalTests.IosAnalyticsP1ACTests test_p1_13_wiring_skip_when_planOverview_nil]' started.
Test Case '-[HavitalTests.IosAnalyticsP1ACTests test_p1_13_wiring_skip_when_planOverview_nil]' passed (0.000 seconds).
Test Suite 'IosAnalyticsP1ACTests' passed at 2026-08-29 15:40:07.404.
	 Executed 34 tests, with 0 failures (0 unexpected) in 0.034 (0.044) seconds
Test Suite 'LanguageManagerPreLoginTests' started at 2026-08-29 15:40:07.404.
Test Case '-[HavitalTests.LanguageManagerPreLoginTests test_applyFromBackend_marksLanguageAsExplicit]' started.
[LanguageManager] [INFO] [FirebaseLogging] Language bundle set for: en
[LanguageManager] [INFO] [FirebaseLogging] Language applied locally: en
[LanguageManager] [INFO] [FirebaseLogging] Language bundle set for: en
[LanguageManager] [INFO] [FirebaseLogging] Language applied locally: en
[LanguageManager] [INFO] [FirebaseLogging] Pre-login language applied locally: en
Test Case '-[HavitalTests.LanguageManagerPreLoginTests test_applyFromBackend_marksLanguageAsExplicit]' passed (0.002 seconds).
Test Case '-[HavitalTests.LanguageManagerPreLoginTests test_applyFromBackend_writesLocalPreferenceWhenBackendDiffers]' started.
[LanguageManager] [INFO] [FirebaseLogging] Language bundle set for: zh-Hant
[LanguageManager] [INFO] [FirebaseLogging] Language applied locally: zh-Hant
[LanguageManager] [INFO] [FirebaseLogging] Pre-login language applied locally: zh-Hant
[LanguageManager] [INFO] [FirebaseLogging] Language bundle set for: ja
[LanguageManager] [INFO] [FirebaseLogging] Language applied locally: ja
[LanguageManager] [INFO] [FirebaseLogging] Language bundle set for: en
[LanguageManager] [INFO] [FirebaseLogging] Language applied locally: en
[LanguageManager] [INFO] [FirebaseLogging] Pre-login language applied locally: en
Test Case '-[HavitalTests.LanguageManagerPreLoginTests test_applyFromBackend_writesLocalPreferenceWhenBackendDiffers]' passed (0.003 seconds).
Test Case '-[HavitalTests.LanguageManagerPreLoginTests test_applyPreLoginLanguage_canSwitchToJapaneseBeforeAuthentication]' started.
[LanguageManager] [INFO] [FirebaseLogging] Language bundle set for: ja
[LanguageManager] [INFO] [FirebaseLogging] Language applied locally: ja
[LanguageManager] [INFO] [FirebaseLogging] Pre-login language applied locally: ja
[LanguageManager] [INFO] [FirebaseLogging] Language bundle set for: en
[LanguageManager] [INFO] [FirebaseLogging] Language applied locally: en
[LanguageManager] [INFO] [FirebaseLogging] Pre-login language applied locally: en
Test Case '-[HavitalTests.LanguageManagerPreLoginTests test_applyPreLoginLanguage_canSwitchToJapaneseBeforeAuthentication]' passed (0.002 seconds).
Test Case '-[HavitalTests.LanguageManagerPreLoginTests test_applyPreLoginLanguage_updatesLocalPreferenceAndAppleLanguages]' started.
[LanguageManager] [INFO] [FirebaseLogging] Language bundle set for: en
[LanguageManager] [INFO] [FirebaseLogging] Language applied locally: en
[LanguageManager] [INFO] [FirebaseLogging] Pre-login language applied locally: en
[LanguageManager] [INFO] [FirebaseLogging] Language bundle set for: en
[LanguageManager] [INFO] [FirebaseLogging] Language applied locally: en
[LanguageManager] [INFO] [FirebaseLogging] Pre-login language applied locally: en
Test Case '-[HavitalTests.LanguageManagerPreLoginTests test_applyPreLoginLanguage_updatesLocalPreferenceAndAppleLanguages]' passed (0.002 seconds).
Test Case '-[HavitalTests.LanguageManagerPreLoginTests test_languageTag_rejectsUnsupportedLanguage]' started.
[LanguageManager] [INFO] [FirebaseLogging] Language bundle set for: en
[LanguageManager] [INFO] [FirebaseLogging] Language applied locally: en
[LanguageManager] [INFO] [FirebaseLogging] Pre-login language applied locally: en
Test Case '-[HavitalTests.LanguageManagerPreLoginTests test_languageTag_rejectsUnsupportedLanguage]' passed (0.001 seconds).
Test Case '-[HavitalTests.LanguageManagerPreLoginTests test_languageTag_simplifiedChineseFallsToTraditional]' started.
[LanguageManager] [INFO] [FirebaseLogging] Language bundle set for: en
[LanguageManager] [INFO] [FirebaseLogging] Language applied locally: en
[LanguageManager] [INFO] [FirebaseLogging] Pre-login language applied locally: en
Test Case '-[HavitalTests.LanguageManagerPreLoginTests test_languageTag_simplifiedChineseFallsToTraditional]' passed (0.001 seconds).
Test Case '-[HavitalTests.LanguageManagerPreLoginTests test_parseLanguage_mapsApiCodeNotRawValue]' started.
[LanguageManager] [INFO] [FirebaseLogging] Language bundle set for: en
[LanguageManager] [INFO] [FirebaseLogging] Language applied locally: en
[LanguageManager] [INFO] [FirebaseLogging] Pre-login language applied locally: en
Test Case '-[HavitalTests.LanguageManagerPreLoginTests test_parseLanguage_mapsApiCodeNotRawValue]' passed (0.001 seconds).
Test Case '-[HavitalTests.LanguageManagerPreLoginTests test_parseLanguage_readsEnvelopedBackendShape]' started.
[LanguageManager] [INFO] [FirebaseLogging] Language bundle set for: en
[LanguageManager] [INFO] [FirebaseLogging] Language applied locally: en
[LanguageManager] [INFO] [FirebaseLogging] Pre-login language applied locally: en
Test Case '-[HavitalTests.LanguageManagerPreLoginTests test_parseLanguage_readsEnvelopedBackendShape]' passed (0.001 seconds).
Test Case '-[HavitalTests.LanguageManagerPreLoginTests test_parseLanguage_readsTopLevelBackendShape]' started.
[LanguageManager] [INFO] [FirebaseLogging] Language bundle set for: en
[LanguageManager] [INFO] [FirebaseLogging] Language applied locally: en
[LanguageManager] [INFO] [FirebaseLogging] Pre-login language applied locally: en
Test Case '-[HavitalTests.LanguageManagerPreLoginTests test_parseLanguage_readsTopLevelBackendShape]' passed (0.002 seconds).
Test Case '-[HavitalTests.LanguageManagerPreLoginTests test_parseLanguage_returnsNilWhenLanguageMissingOrUnknown]' started.
[LanguageManager] [WARN] [FirebaseLogging] parseLanguage: response carries no language field
[LanguageManager] [WARN] [FirebaseLogging] parseLanguage: unrecognised language code ko-KR
[LanguageManager] [WARN] [FirebaseLogging] parseLanguage: response is not a JSON object
[LanguageManager] [INFO] [FirebaseLogging] Language bundle set for: en
[LanguageManager] [INFO] [FirebaseLogging] Language applied locally: en
[LanguageManager] [INFO] [FirebaseLogging] Pre-login language applied locally: en
Test Case '-[HavitalTests.LanguageManagerPreLoginTests test_parseLanguage_returnsNilWhenLanguageMissingOrUnknown]' passed (0.002 seconds).
Test Case '-[HavitalTests.LanguageManagerPreLoginTests test_resolveFromSystem_fallsBackThroughBundleThenDevelopmentRegion]' started.
[LanguageManager] [INFO] [FirebaseLogging] Language bundle set for: en
[LanguageManager] [INFO] [FirebaseLogging] Language applied locally: en
[LanguageManager] [INFO] [FirebaseLogging] Pre-login language applied locally: en
Test Case '-[HavitalTests.LanguageManagerPreLoginTests test_resolveFromSystem_fallsBackThroughBundleThenDevelopmentRegion]' passed (0.002 seconds).
Test Case '-[HavitalTests.LanguageManagerPreLoginTests test_resolveFromSystem_matchesRegionQualifiedJapaneseAndEnglish]' started.
[LanguageManager] [INFO] [FirebaseLogging] Language bundle set for: en
[LanguageManager] [INFO] [FirebaseLogging] Language applied locally: en
[LanguageManager] [INFO] [FirebaseLogging] Pre-login language applied locally: en
Test Case '-[HavitalTests.LanguageManagerPreLoginTests test_resolveFromSystem_matchesRegionQualifiedJapaneseAndEnglish]' passed (0.002 seconds).
Test Case '-[HavitalTests.LanguageManagerPreLoginTests test_resolveFromSystem_matchesScriptAndRegionQualifiedChinese]' started.
[LanguageManager] [INFO] [FirebaseLogging] Language bundle set for: en
[LanguageManager] [INFO] [FirebaseLogging] Language applied locally: en
[LanguageManager] [INFO] [FirebaseLogging] Pre-login language applied locally: en
Test Case '-[HavitalTests.LanguageManagerPreLoginTests test_resolveFromSystem_matchesScriptAndRegionQualifiedChinese]' passed (0.002 seconds).
Test Case '-[HavitalTests.LanguageManagerPreLoginTests test_resolveFromSystem_prefersSystemOrderOverBundleMatch]' started.
[LanguageManager] [INFO] [FirebaseLogging] Language bundle set for: en
[LanguageManager] [INFO] [FirebaseLogging] Language applied locally: en
[LanguageManager] [INFO] [FirebaseLogging] Pre-login language applied locally: en
Test Case '-[HavitalTests.LanguageManagerPreLoginTests test_resolveFromSystem_prefersSystemOrderOverBundleMatch]' passed (0.001 seconds).
Test Suite 'LanguageManagerPreLoginTests' passed at 2026-08-29 15:40:07.432.
	 Executed 14 tests, with 0 failures (0 unexpected) in 0.024 (0.027) seconds
Test Suite 'LapDataFromAppleHealthTests' started at 2026-08-29 15:40:07.432.
Test Case '-[HavitalTests.LapDataFromAppleHealthTests test_allInfinity_doesNotCrash]' started.
Test Case '-[HavitalTests.LapDataFromAppleHealthTests test_allInfinity_doesNotCrash]' passed (0.001 seconds).
Test Case '-[HavitalTests.LapDataFromAppleHealthTests test_allNaN_doesNotCrash]' started.
Test Case '-[HavitalTests.LapDataFromAppleHealthTests test_allNaN_doesNotCrash]' passed (0.000 seconds).
Test Case '-[HavitalTests.LapDataFromAppleHealthTests test_allNil_doesNotCrash]' started.
Test Case '-[HavitalTests.LapDataFromAppleHealthTests test_allNil_doesNotCrash]' passed (0.000 seconds).
Test Case '-[HavitalTests.LapDataFromAppleHealthTests test_appleWatch_intervalWorkout_withMetadata]' started.
Test Case '-[HavitalTests.LapDataFromAppleHealthTests test_appleWatch_intervalWorkout_withMetadata]' passed (0.000 seconds).
Test Case '-[HavitalTests.LapDataFromAppleHealthTests test_extremelyLargeValues_doesNotCrash]' started.
Test Case '-[HavitalTests.LapDataFromAppleHealthTests test_extremelyLargeValues_doesNotCrash]' passed (0.001 seconds).
Test Case '-[HavitalTests.LapDataFromAppleHealthTests test_garminWorkout_noLapData]' started.
Test Case '-[HavitalTests.LapDataFromAppleHealthTests test_garminWorkout_noLapData]' passed (0.000 seconds).
Test Case '-[HavitalTests.LapDataFromAppleHealthTests test_infinityDistance_becomesNil]' started.
Test Case '-[HavitalTests.LapDataFromAppleHealthTests test_infinityDistance_becomesNil]' passed (0.000 seconds).
Test Case '-[HavitalTests.LapDataFromAppleHealthTests test_infinityDuration_becomesNil]' started.
Test Case '-[HavitalTests.LapDataFromAppleHealthTests test_infinityDuration_becomesNil]' passed (0.000 seconds).
Test Case '-[HavitalTests.LapDataFromAppleHealthTests test_infinityHeartRate_becomesNil]' started.
Test Case '-[HavitalTests.LapDataFromAppleHealthTests test_infinityHeartRate_becomesNil]' passed (0.000 seconds).
Test Case '-[HavitalTests.LapDataFromAppleHealthTests test_infinityOffset_defaultsToZero]' started.
Test Case '-[HavitalTests.LapDataFromAppleHealthTests test_infinityOffset_defaultsToZero]' passed (0.000 seconds).
Test Case '-[HavitalTests.LapDataFromAppleHealthTests test_infinityPace_becomesNil]' started.
Test Case '-[HavitalTests.LapDataFromAppleHealthTests test_infinityPace_becomesNil]' passed (0.000 seconds).
Test Case '-[HavitalTests.LapDataFromAppleHealthTests test_metadata_preserved]' started.
Test Case '-[HavitalTests.LapDataFromAppleHealthTests test_metadata_preserved]' passed (0.000 seconds).
Test Case '-[HavitalTests.LapDataFromAppleHealthTests test_nanDistance_becomesNil]' started.
Test Case '-[HavitalTests.LapDataFromAppleHealthTests test_nanDistance_becomesNil]' passed (0.000 seconds).
Test Case '-[HavitalTests.LapDataFromAppleHealthTests test_nanDuration_becomesNil]' started.
Test Case '-[HavitalTests.LapDataFromAppleHealthTests test_nanDuration_becomesNil]' passed (0.000 seconds).
Test Case '-[HavitalTests.LapDataFromAppleHealthTests test_nanHeartRate_becomesNil]' started.
Test Case '-[HavitalTests.LapDataFromAppleHealthTests test_nanHeartRate_becomesNil]' passed (0.000 seconds).
Test Case '-[HavitalTests.LapDataFromAppleHealthTests test_nanOffset_defaultsToZero]' started.
Test Case '-[HavitalTests.LapDataFromAppleHealthTests test_nanOffset_defaultsToZero]' passed (0.000 seconds).
Test Case '-[HavitalTests.LapDataFromAppleHealthTests test_nanPace_becomesNil]' started.
Test Case '-[HavitalTests.LapDataFromAppleHealthTests test_nanPace_becomesNil]' passed (0.000 seconds).
Test Case '-[HavitalTests.LapDataFromAppleHealthTests test_negativeDuration_preserved]' started.
Test Case '-[HavitalTests.LapDataFromAppleHealthTests test_negativeDuration_preserved]' passed (0.000 seconds).
Test Case '-[HavitalTests.LapDataFromAppleHealthTests test_negativeInfinityOffset_defaultsToZero]' started.
Test Case '-[HavitalTests.LapDataFromAppleHealthTests test_negativeInfinityOffset_defaultsToZero]' passed (0.000 seconds).
Test Case '-[HavitalTests.LapDataFromAppleHealthTests test_negativeOffset_preserved]' started.
Test Case '-[HavitalTests.LapDataFromAppleHealthTests test_negativeOffset_preserved]' passed (0.000 seconds).
Test Case '-[HavitalTests.LapDataFromAppleHealthTests test_normalData_allFieldsPopulated]' started.
Test Case '-[HavitalTests.LapDataFromAppleHealthTests test_normalData_allFieldsPopulated]' passed (0.000 seconds).
Test Case '-[HavitalTests.LapDataFromAppleHealthTests test_normalData_speedCalculatedCorrectly]' started.
Test Case '-[HavitalTests.LapDataFromAppleHealthTests test_normalData_speedCalculatedCorrectly]' passed (0.000 seconds).
Test Case '-[HavitalTests.LapDataFromAppleHealthTests test_openGoalWorkout_supplementalLap]' started.
Test Case '-[HavitalTests.LapDataFromAppleHealthTests test_openGoalWorkout_supplementalLap]' passed (0.000 seconds).
Test Case '-[HavitalTests.LapDataFromAppleHealthTests test_verySmallPositiveValues_doesNotCrash]' started.
Test Case '-[HavitalTests.LapDataFromAppleHealthTests test_verySmallPositiveValues_doesNotCrash]' passed (0.000 seconds).
Test Case '-[HavitalTests.LapDataFromAppleHealthTests test_zeroDistance_speedIsNilNotZero]' started.
Test Case '-[HavitalTests.LapDataFromAppleHealthTests test_zeroDistance_speedIsNilNotZero]' passed (0.000 seconds).
Test Case '-[HavitalTests.LapDataFromAppleHealthTests test_zeroDuration_speedIsNil]' started.
Test Case '-[HavitalTests.LapDataFromAppleHealthTests test_zeroDuration_speedIsNil]' passed (0.000 seconds).
Test Case '-[HavitalTests.LapDataFromAppleHealthTests test_zeroDuration_zeroDistance_speedIsNil]' started.
Test Case '-[HavitalTests.LapDataFromAppleHealthTests test_zeroDuration_zeroDistance_speedIsNil]' passed (0.000 seconds).
Test Suite 'LapDataFromAppleHealthTests' passed at 2026-08-29 15:40:07.449.
	 Executed 27 tests, with 0 failures (0 unexpected) in 0.010 (0.017) seconds
Test Suite 'LapDataInitTests' started at 2026-08-29 15:40:07.449.
Test Case '-[HavitalTests.LapDataInitTests test_basicInit_createsCorrectValues]' started.
Test Case '-[HavitalTests.LapDataInitTests test_basicInit_createsCorrectValues]' passed (0.000 seconds).
Test Case '-[HavitalTests.LapDataInitTests test_encodeDecode_roundTrip]' started.
Test Case '-[HavitalTests.LapDataInitTests test_encodeDecode_roundTrip]' passed (0.002 seconds).
Test Case '-[HavitalTests.LapDataInitTests test_initThenEncode_producesCorrectJSON]' started.
Test Case '-[HavitalTests.LapDataInitTests test_initThenEncode_producesCorrectJSON]' passed (0.000 seconds).
Test Case '-[HavitalTests.LapDataInitTests test_minimalInit_optionalFieldsAreNil]' started.
Test Case '-[HavitalTests.LapDataInitTests test_minimalInit_optionalFieldsAreNil]' passed (0.000 seconds).
Test Suite 'LapDataInitTests' passed at 2026-08-29 15:40:07.452.
	 Executed 4 tests, with 0 failures (0 unexpected) in 0.003 (0.003) seconds
Test Suite 'LoadWeeklyWorkoutsUseCaseTests' started at 2026-08-29 15:40:07.452.
Test Case '-[HavitalTests.LoadWeeklyWorkoutsUseCaseTests testExecute_EmptyRepository_ReturnsEmpty]' started.
[LoadWeeklyWorkoutsUseCase] [DEBUG] [LoadWeeklyWorkoutsUseCase] Loading workouts from 2026-08-29 06:40:07 +0000 to 2026-09-05 06:40:07 +0000
[LoadWeeklyWorkoutsUseCase] [DEBUG] [LoadWeeklyWorkoutsUseCase] Found 0 workouts in week
[LoadWeeklyWorkoutsUseCase] [DEBUG] [LoadWeeklyWorkoutsUseCase] Grouped into days: []
Test Case '-[HavitalTests.LoadWeeklyWorkoutsUseCaseTests testExecute_EmptyRepository_ReturnsEmpty]' passed (0.001 seconds).
Test Case '-[HavitalTests.LoadWeeklyWorkoutsUseCaseTests testExecute_FiltersActivityTypes]' started.
[LoadWeeklyWorkoutsUseCase] [DEBUG] [LoadWeeklyWorkoutsUseCase] Loading workouts from 2024-01-01 00:00:00 +0000 to 2024-01-07 23:59:59 +0000
[LoadWeeklyWorkoutsUseCase] [DEBUG] [LoadWeeklyWorkoutsUseCase] Found 2 workouts in week
[LoadWeeklyWorkoutsUseCase] [DEBUG] [LoadWeeklyWorkoutsUseCase] Grouped into days: [1]
Test Case '-[HavitalTests.LoadWeeklyWorkoutsUseCaseTests testExecute_FiltersActivityTypes]' passed (0.005 seconds).
Test Case '-[HavitalTests.LoadWeeklyWorkoutsUseCaseTests testExecute_ReturnsGroupedWorkouts]' started.
[LoadWeeklyWorkoutsUseCase] [DEBUG] [LoadWeeklyWorkoutsUseCase] Loading workouts from 2024-01-01 00:00:00 +0000 to 2024-01-07 23:59:59 +0000
[LoadWeeklyWorkoutsUseCase] [DEBUG] [LoadWeeklyWorkoutsUseCase] Found 3 workouts in week
[LoadWeeklyWorkoutsUseCase] [DEBUG] [LoadWeeklyWorkoutsUseCase] Grouped into days: [1, 3]
Test Case '-[HavitalTests.LoadWeeklyWorkoutsUseCaseTests testExecute_ReturnsGroupedWorkouts]' passed (0.002 seconds).
Test Suite 'LoadWeeklyWorkoutsUseCaseTests' passed at 2026-08-29 15:40:07.463.
	 Executed 3 tests, with 0 failures (0 unexpected) in 0.008 (0.010) seconds
Test Suite 'LocalizationCoverageTests' started at 2026-08-29 15:40:07.463.
Test Case '-[HavitalTests.LocalizationCoverageTests test_achievement_tab_entry_hidden_for_current_release]' started.
Test Case '-[HavitalTests.LocalizationCoverageTests test_achievement_tab_entry_hidden_for_current_release]' passed (0.001 seconds).
Test Case '-[HavitalTests.LocalizationCoverageTests test_all_l10n_static_string_keys_exist_and_are_non_empty_in_supported_locales]' started.
Test Case '-[HavitalTests.LocalizationCoverageTests test_all_l10n_static_string_keys_exist_and_are_non_empty_in_supported_locales]' passed (0.023 seconds).
Test Case '-[HavitalTests.LocalizationCoverageTests test_all_nslocalizedstring_literal_keys_exist_in_supported_locales]' started.
Test Case '-[HavitalTests.LocalizationCoverageTests test_all_nslocalizedstring_literal_keys_exist_in_supported_locales]' passed (0.079 seconds).
Test Case '-[HavitalTests.LocalizationCoverageTests test_auth_sync_sends_selected_app_language_as_account_preference]' started.
Test Case '-[HavitalTests.LocalizationCoverageTests test_auth_sync_sends_selected_app_language_as_account_preference]' passed (0.001 seconds).
Test Case '-[HavitalTests.LocalizationCoverageTests test_authentication_domain_errors_are_not_hardcoded]' started.
Test Case '-[HavitalTests.LocalizationCoverageTests test_authentication_domain_errors_are_not_hardcoded]' passed (0.001 seconds).
Test Case '-[HavitalTests.LocalizationCoverageTests test_first_batch_user_visible_i18n_strings_are_not_hardcoded]' started.
Test Case '-[HavitalTests.LocalizationCoverageTests test_first_batch_user_visible_i18n_strings_are_not_hardcoded]' passed (0.023 seconds).
Test Case '-[HavitalTests.LocalizationCoverageTests test_localized_values_do_not_fall_back_to_key_names]' started.
Test Case '-[HavitalTests.LocalizationCoverageTests test_localized_values_do_not_fall_back_to_key_names]' passed (0.020 seconds).
Test Case '-[HavitalTests.LocalizationCoverageTests test_login_screen_exposes_pre_auth_language_picker]' started.
Test Case '-[HavitalTests.LocalizationCoverageTests test_login_screen_exposes_pre_auth_language_picker]' passed (0.001 seconds).
Test Case '-[HavitalTests.LocalizationCoverageTests test_performance_chart_user_visible_errors_are_not_hardcoded]' started.
Test Case '-[HavitalTests.LocalizationCoverageTests test_performance_chart_user_visible_errors_are_not_hardcoded]' passed (0.002 seconds).
Test Case '-[HavitalTests.LocalizationCoverageTests test_performance_data_page_keeps_personal_best_section]' started.
Test Case '-[HavitalTests.LocalizationCoverageTests test_performance_data_page_keeps_personal_best_section]' passed (0.000 seconds).
Test Case '-[HavitalTests.LocalizationCoverageTests test_second_batch_user_visible_error_strings_are_not_hardcoded]' started.
Test Case '-[HavitalTests.LocalizationCoverageTests test_second_batch_user_visible_error_strings_are_not_hardcoded]' passed (0.024 seconds).
Test Case '-[HavitalTests.LocalizationCoverageTests test_typography_audit_harness_can_skip_notification_prompt_for_clean_screenshots]' started.
Test Case '-[HavitalTests.LocalizationCoverageTests test_typography_audit_harness_can_skip_notification_prompt_for_clean_screenshots]' passed (0.002 seconds).
Test Case '-[HavitalTests.LocalizationCoverageTests test_typography_audit_harness_covers_release_gate_screens]' started.
Test Case '-[HavitalTests.LocalizationCoverageTests test_typography_audit_harness_covers_release_gate_screens]' passed (0.008 seconds).
Test Case '-[HavitalTests.LocalizationCoverageTests test_user_facing_swiftui_strings_are_not_hardcoded_traditional_chinese]' started.
Test Case '-[HavitalTests.LocalizationCoverageTests test_user_facing_swiftui_strings_are_not_hardcoded_traditional_chinese]' passed (0.464 seconds).
Test Case '-[HavitalTests.LocalizationCoverageTests test_workout_formatting_user_visible_strings_are_not_hardcoded]' started.
Test Case '-[HavitalTests.LocalizationCoverageTests test_workout_formatting_user_visible_strings_are_not_hardcoded]' passed (0.003 seconds).
Test Suite 'LocalizationCoverageTests' passed at 2026-08-29 15:40:08.117.
	 Executed 15 tests, with 0 failures (0 unexpected) in 0.652 (0.655) seconds
Test Suite 'LoginViewModelTests' started at 2026-08-29 15:40:08.118.
Test Case '-[HavitalTests.LoginViewModelTests testAuthenticatedUser_WhenInLoadedState]' started.
[LoginViewModel] [DEBUG] [LoginViewModel] Initialized
Test Case '-[HavitalTests.LoginViewModelTests testAuthenticatedUser_WhenInLoadedState]' passed (0.002 seconds).
Test Case '-[HavitalTests.LoginViewModelTests testAuthenticatedUser_WhenNotInLoadedState]' started.
[LoginViewModel] [DEBUG] [LoginViewModel] Initialized
Test Case '-[HavitalTests.LoginViewModelTests testAuthenticatedUser_WhenNotInLoadedState]' passed (0.000 seconds).
Test Case '-[HavitalTests.LoginViewModelTests testDemoLogin_Failure]' started.
[LoginViewModel] [DEBUG] [LoginViewModel] Initialized
[LoginViewModel] [DEBUG] [LoginViewModel] Starting Demo Login
[LoginViewModel] [ERROR] [LoginViewModel] Demo Login failed: Firebase authentication failed: Demo not available
Test Case '-[HavitalTests.LoginViewModelTests testDemoLogin_Failure]' passed (0.001 seconds).
Test Case '-[HavitalTests.LoginViewModelTests testDemoLogin_Success]' started.
[LoginViewModel] [DEBUG] [LoginViewModel] Initialized
[LoginViewModel] [DEBUG] [LoginViewModel] Starting Demo Login
[LoginViewModel] [DEBUG] [LoginViewModel] Demo Login succeeded: demo_user
[LoginViewModel] [DEBUG] [LoginViewModel] Publishing user authentication event
[SubscriptionLocalDataSource] [DEBUG] [SubscriptionLocalDS] Cache cleared
[TargetLocalDataSource] [DEBUG] [TargetLocalDS] All caches cleared
[UserProfileLocalDataSource] [DEBUG] [UserProfileLocalDS] User profile cache cleared
[UserProfileLocalDataSource] [DEBUG] [UserProfileLocalDS] Targets cache cleared
[UserProfileLocalDataSource] [DEBUG] [UserProfileLocalDS] Heart rate zones cache cleared
[UserProfileLocalDataSource] [DEBUG] [UserProfileLocalDS] All caches cleared
[WorkoutV2CacheManager] [INFO] [FirebaseLogging] 所有 Workout V2 快取已清除
已清除儲存的週訓練回顧
[WeeklySummaryStorage] [INFO] [FirebaseLogging] 已清除週總結列表快取
[CacheEventBus] [INFO] [FirebaseLogging] 相關快取已清空
[LoginViewModel] [DEBUG] [LoginViewModel] Authentication event published for user: demo_user
Test Case '-[HavitalTests.LoginViewModelTests testDemoLogin_Success]' passed (0.002 seconds).
Test Case '-[HavitalTests.LoginViewModelTests testErrorConversion_InvalidCredentials]' started.
[LoginViewModel] [DEBUG] [LoginViewModel] ✅ 訂閱狀態已刷新
[LoginViewModel] [DEBUG] [LoginViewModel] Initialized
[LoginViewModel] [DEBUG] [LoginViewModel] Starting Google Sign-In
[LoginViewModel] [ERROR] [LoginViewModel] Google Sign-In failed: Invalid credentials provided.
Test Case '-[HavitalTests.LoginViewModelTests testErrorConversion_InvalidCredentials]' passed (0.001 seconds).
Test Case '-[HavitalTests.LoginViewModelTests testErrorConversion_NetworkFailure]' started.
[LoginViewModel] [DEBUG] [LoginViewModel] Initialized
[LoginViewModel] [DEBUG] [LoginViewModel] Starting Google Sign-In
[LoginViewModel] [ERROR] [LoginViewModel] Google Sign-In failed: Network connection failed.
Test Case '-[HavitalTests.LoginViewModelTests testErrorConversion_NetworkFailure]' passed (0.001 seconds).
Test Case '-[HavitalTests.LoginViewModelTests testGetErrorMessage_WhenInErrorState]' started.
[LoginViewModel] [DEBUG] [LoginViewModel] Initialized
[LoginViewModel] [DEBUG] [LoginViewModel] Starting Google Sign-In
[LoginViewModel] [ERROR] [LoginViewModel] Google Sign-In failed: Google Sign-In failed: Test error
Test Case '-[HavitalTests.LoginViewModelTests testGetErrorMessage_WhenInErrorState]' passed (0.001 seconds).
Test Case '-[HavitalTests.LoginViewModelTests testGetErrorMessage_WhenNotInErrorState]' started.
[LoginViewModel] [DEBUG] [LoginViewModel] Initialized
Test Case '-[HavitalTests.LoginViewModelTests testGetErrorMessage_WhenNotInErrorState]' passed (0.000 seconds).
Test Case '-[HavitalTests.LoginViewModelTests testHasError_WhenInErrorState]' started.
[LoginViewModel] [DEBUG] [LoginViewModel] Initialized
Test Case '-[HavitalTests.LoginViewModelTests testHasError_WhenInErrorState]' passed (0.000 seconds).
Test Case '-[HavitalTests.LoginViewModelTests testHasError_WhenNotInErrorState]' started.
[LoginViewModel] [DEBUG] [LoginViewModel] Initialized
Test Case '-[HavitalTests.LoginViewModelTests testHasError_WhenNotInErrorState]' passed (0.000 seconds).
Test Case '-[HavitalTests.LoginViewModelTests testInitialization]' started.
[LoginViewModel] [DEBUG] [LoginViewModel] Initialized
Test Case '-[HavitalTests.LoginViewModelTests testInitialization]' passed (0.000 seconds).
Test Case '-[HavitalTests.LoginViewModelTests testIsLoading_WhenInLoadingState]' started.
[LoginViewModel] [DEBUG] [LoginViewModel] Initialized
Test Case '-[HavitalTests.LoginViewModelTests testIsLoading_WhenInLoadingState]' passed (0.000 seconds).
Test Case '-[HavitalTests.LoginViewModelTests testIsLoading_WhenNotInLoadingState]' started.
[LoginViewModel] [DEBUG] [LoginViewModel] Initialized
Test Case '-[HavitalTests.LoginViewModelTests testIsLoading_WhenNotInLoadingState]' passed (0.000 seconds).
Test Case '-[HavitalTests.LoginViewModelTests testMultipleSignInAttempts]' started.
[LoginViewModel] [DEBUG] [LoginViewModel] Initialized
[LoginViewModel] [DEBUG] [LoginViewModel] Starting Google Sign-In
[LoginViewModel] [ERROR] [LoginViewModel] Google Sign-In failed: Network connection failed.
[LoginViewModel] [DEBUG] [LoginViewModel] Starting Google Sign-In
[LoginViewModel] [DEBUG] [LoginViewModel] Google Sign-In succeeded: test_uid_123
[LoginViewModel] [DEBUG] [LoginViewModel] Publishing user authentication event
[SubscriptionLocalDataSource] [DEBUG] [SubscriptionLocalDS] Cache cleared
[TargetLocalDataSource] [DEBUG] [TargetLocalDS] All caches cleared
[UserProfileLocalDataSource] [DEBUG] [UserProfileLocalDS] User profile cache cleared
[UserProfileLocalDataSource] [DEBUG] [UserProfileLocalDS] Targets cache cleared
[UserProfileLocalDataSource] [DEBUG] [UserProfileLocalDS] Heart rate zones cache cleared
[UserProfileLocalDataSource] [DEBUG] [UserProfileLocalDS] All caches cleared
[WorkoutV2CacheManager] [INFO] [FirebaseLogging] 所有 Workout V2 快取已清除
已清除儲存的週訓練回顧
[WeeklySummaryStorage] [INFO] [FirebaseLogging] 已清除週總結列表快取
[CacheEventBus] [INFO] [FirebaseLogging] 相關快取已清空
[LoginViewModel] [DEBUG] [LoginViewModel] Authentication event published for user: test_uid_123
Test Case '-[HavitalTests.LoginViewModelTests testMultipleSignInAttempts]' passed (0.001 seconds).
Test Case '-[HavitalTests.LoginViewModelTests testSignInWithApple_Failure]' started.
[LoginViewModel] [DEBUG] [LoginViewModel] ✅ 訂閱狀態已刷新
[LoginViewModel] [DEBUG] [LoginViewModel] Initialized
[LoginViewModel] [DEBUG] [LoginViewModel] Starting Apple Sign-In with credential
[LoginViewModel] [ERROR] [LoginViewModel] Apple Sign-In failed: Apple Sign-In failed: Invalid credentials
Test Case '-[HavitalTests.LoginViewModelTests testSignInWithApple_Failure]' passed (0.001 seconds).
Test Case '-[HavitalTests.LoginViewModelTests testSignInWithApple_Success]' started.
[LoginViewModel] [DEBUG] [LoginViewModel] Initialized
[LoginViewModel] [DEBUG] [LoginViewModel] Starting Apple Sign-In with credential
[LoginViewModel] [DEBUG] [LoginViewModel] Apple Sign-In succeeded: test_uid_123
[LoginViewModel] [DEBUG] [LoginViewModel] Publishing user authentication event
[SubscriptionLocalDataSource] [DEBUG] [SubscriptionLocalDS] Cache cleared
[TargetLocalDataSource] [DEBUG] [TargetLocalDS] All caches cleared
[UserProfileLocalDataSource] [DEBUG] [UserProfileLocalDS] User profile cache cleared
[UserProfileLocalDataSource] [DEBUG] [UserProfileLocalDS] Targets cache cleared
[UserProfileLocalDataSource] [DEBUG] [UserProfileLocalDS] Heart rate zones cache cleared
[UserProfileLocalDataSource] [DEBUG] [UserProfileLocalDS] All caches cleared
[WorkoutV2CacheManager] [INFO] [FirebaseLogging] 所有 Workout V2 快取已清除
已清除儲存的週訓練回顧
[WeeklySummaryStorage] [INFO] [FirebaseLogging] 已清除週總結列表快取
[CacheEventBus] [INFO] [FirebaseLogging] 相關快取已清空
[LoginViewModel] [DEBUG] [LoginViewModel] Authentication event published for user: test_uid_123
Test Case '-[HavitalTests.LoginViewModelTests testSignInWithApple_Success]' passed (0.002 seconds).
Test Case '-[HavitalTests.LoginViewModelTests testSignInWithApple_UserSwitch_PublishesLogoutBeforeUserChanged]' started.
[LoginViewModel] [DEBUG] [LoginViewModel] ✅ 訂閱狀態已刷新
[LoginViewModel] [DEBUG] [LoginViewModel] Initialized
[LoginViewModel] [DEBUG] [LoginViewModel] Starting Apple Sign-In with credential
[LoginViewModel] [DEBUG] [LoginViewModel] Apple Sign-In succeeded: my-user
[LoginViewModel] [DEBUG] [LoginViewModel] Publishing user authentication event
[LoginViewModel] [DEBUG] [LoginViewModel] Detected user switch: apple-user -> my-user
[SubscriptionLocalDataSource] [DEBUG] [SubscriptionLocalDS] Cache cleared
[TargetLocalDataSource] [DEBUG] [TargetLocalDS] All caches cleared
[TrainingPlanV2LocalDataSource] [INFO] [TrainingPlanV2LocalDS] All caches cleared
[UserProfileLocalDataSource] [DEBUG] [UserProfileLocalDS] User profile cache cleared
[UserProfileLocalDataSource] [DEBUG] [UserProfileLocalDS] Targets cache cleared
[UserProfileLocalDataSource] [DEBUG] [UserProfileLocalDS] Heart rate zones cache cleared
[UserProfileLocalDataSource] [DEBUG] [UserProfileLocalDS] All caches cleared
[WorkoutV2CacheManager] [INFO] [FirebaseLogging] 所有 Workout V2 快取已清除
已清除儲存的週訓練回顧
[WeeklySummaryStorage] [INFO] [FirebaseLogging] 已清除週總結列表快取
[CacheEventBus] [INFO] [FirebaseLogging] 所有快取已清空
[SubscriptionLocalDataSource] [DEBUG] [SubscriptionLocalDS] Cache cleared
[TargetLocalDataSource] [DEBUG] [TargetLocalDS] All caches cleared
[UserProfileLocalDataSource] [DEBUG] [UserProfileLocalDS] User profile cache cleared
[UserProfileLocalDataSource] [DEBUG] [UserProfileLocalDS] Targets cache cleared
[UserProfileLocalDataSource] [DEBUG] [UserProfileLocalDS] Heart rate zones cache cleared
[UserProfileLocalDataSource] [DEBUG] [UserProfileLocalDS] All caches cleared
[WorkoutV2CacheManager] [INFO] [FirebaseLogging] 所有 Workout V2 快取已清除
已清除儲存的週訓練回顧
[WeeklySummaryStorage] [INFO] [FirebaseLogging] 已清除週總結列表快取
[CacheEventBus] [INFO] [FirebaseLogging] 相關快取已清空
[LoginViewModel] [DEBUG] [LoginViewModel] Authentication event published for user: my-user
[LoginViewModel] [DEBUG] [LoginViewModel] ✅ 訂閱狀態已刷新
[CacheEventBus] [DEBUG] [CacheEventBus] 通知 1 個 identifier 訂閱者: userLogout
[CacheEventBus] [DEBUG] [CacheEventBus] 通知 1 個 identifier 訂閱者: dataChanged(paceriz_dev.DataType.user)
Test Case '-[HavitalTests.LoginViewModelTests testSignInWithApple_UserSwitch_PublishesLogoutBeforeUserChanged]' passed (0.002 seconds).
Test Case '-[HavitalTests.LoginViewModelTests testSignInWithGoogle_Failure]' started.
[LoginViewModel] [DEBUG] [LoginViewModel] Initialized
[LoginViewModel] [DEBUG] [LoginViewModel] Starting Google Sign-In
[LoginViewModel] [ERROR] [LoginViewModel] Google Sign-In failed: Google Sign-In failed: User cancelled
Test Case '-[HavitalTests.LoginViewModelTests testSignInWithGoogle_Failure]' passed (0.001 seconds).
Test Case '-[HavitalTests.LoginViewModelTests testSignInWithGoogle_LoadingStateReset]' started.
[LoginViewModel] [DEBUG] [LoginViewModel] Initialized
[LoginViewModel] [DEBUG] [LoginViewModel] Starting Google Sign-In
[LoginViewModel] [DEBUG] [LoginViewModel] Google Sign-In succeeded: test_uid_123
[LoginViewModel] [DEBUG] [LoginViewModel] Publishing user authentication event
[SubscriptionLocalDataSource] [DEBUG] [SubscriptionLocalDS] Cache cleared
[TargetLocalDataSource] [DEBUG] [TargetLocalDS] All caches cleared
[UserProfileLocalDataSource] [DEBUG] [UserProfileLocalDS] User profile cache cleared
[UserProfileLocalDataSource] [DEBUG] [UserProfileLocalDS] Targets cache cleared
[UserProfileLocalDataSource] [DEBUG] [UserProfileLocalDS] Heart rate zones cache cleared
[UserProfileLocalDataSource] [DEBUG] [UserProfileLocalDS] All caches cleared
[WorkoutV2CacheManager] [INFO] [FirebaseLogging] 所有 Workout V2 快取已清除
已清除儲存的週訓練回顧
[WeeklySummaryStorage] [INFO] [FirebaseLogging] 已清除週總結列表快取
[CacheEventBus] [INFO] [FirebaseLogging] 相關快取已清空
[LoginViewModel] [DEBUG] [LoginViewModel] Authentication event published for user: test_uid_123
Test Case '-[HavitalTests.LoginViewModelTests testSignInWithGoogle_LoadingStateReset]' passed (0.001 seconds).
Test Case '-[HavitalTests.LoginViewModelTests testSignInWithGoogle_Success]' started.
[LoginViewModel] [DEBUG] [LoginViewModel] ✅ 訂閱狀態已刷新
[LoginViewModel] [DEBUG] [LoginViewModel] Initialized
[LoginViewModel] [DEBUG] [LoginViewModel] Starting Google Sign-In
[LoginViewModel] [DEBUG] [LoginViewModel] Google Sign-In succeeded: test_uid_123
[LoginViewModel] [DEBUG] [LoginViewModel] Publishing user authentication event
[SubscriptionLocalDataSource] [DEBUG] [SubscriptionLocalDS] Cache cleared
[TargetLocalDataSource] [DEBUG] [TargetLocalDS] All caches cleared
[UserProfileLocalDataSource] [DEBUG] [UserProfileLocalDS] User profile cache cleared
[UserProfileLocalDataSource] [DEBUG] [UserProfileLocalDS] Targets cache cleared
[UserProfileLocalDataSource] [DEBUG] [UserProfileLocalDS] Heart rate zones cache cleared
[UserProfileLocalDataSource] [DEBUG] [UserProfileLocalDS] All caches cleared
[WorkoutV2CacheManager] [INFO] [FirebaseLogging] 所有 Workout V2 快取已清除
已清除儲存的週訓練回顧
[WeeklySummaryStorage] [INFO] [FirebaseLogging] 已清除週總結列表快取
[CacheEventBus] [INFO] [FirebaseLogging] 相關快取已清空
[LoginViewModel] [DEBUG] [LoginViewModel] Authentication event published for user: test_uid_123
Test Case '-[HavitalTests.LoginViewModelTests testSignInWithGoogle_Success]' passed (0.001 seconds).
Test Case '-[HavitalTests.LoginViewModelTests testStateTransitions_FromEmptyToLoadingToError]' started.
[LoginViewModel] [DEBUG] [LoginViewModel] ✅ 訂閱狀態已刷新
[LoginViewModel] [DEBUG] [LoginViewModel] Initialized
[LoginViewModel] [DEBUG] [LoginViewModel] Starting Google Sign-In
[LoginViewModel] [ERROR] [LoginViewModel] Google Sign-In failed: Network connection failed.
Test Case '-[HavitalTests.LoginViewModelTests testStateTransitions_FromEmptyToLoadingToError]' passed (0.001 seconds).
Test Case '-[HavitalTests.LoginViewModelTests testStateTransitions_FromEmptyToLoadingToLoaded]' started.
[LoginViewModel] [DEBUG] [LoginViewModel] Initialized
[LoginViewModel] [DEBUG] [LoginViewModel] Starting Google Sign-In
[LoginViewModel] [DEBUG] [LoginViewModel] Google Sign-In succeeded: test_uid_123
[LoginViewModel] [DEBUG] [LoginViewModel] Publishing user authentication event
[SubscriptionLocalDataSource] [DEBUG] [SubscriptionLocalDS] Cache cleared
[TargetLocalDataSource] [DEBUG] [TargetLocalDS] All caches cleared
[UserProfileLocalDataSource] [DEBUG] [UserProfileLocalDS] User profile cache cleared
[UserProfileLocalDataSource] [DEBUG] [UserProfileLocalDS] Targets cache cleared
[UserProfileLocalDataSource] [DEBUG] [UserProfileLocalDS] Heart rate zones cache cleared
[UserProfileLocalDataSource] [DEBUG] [UserProfileLocalDS] All caches cleared
[WorkoutV2CacheManager] [INFO] [FirebaseLogging] 所有 Workout V2 快取已清除
已清除儲存的週訓練回顧
[WeeklySummaryStorage] [INFO] [FirebaseLogging] 已清除週總結列表快取
[CacheEventBus] [INFO] [FirebaseLogging] 相關快取已清空
[LoginViewModel] [DEBUG] [LoginViewModel] Authentication event published for user: test_uid_123
Test Case '-[HavitalTests.LoginViewModelTests testStateTransitions_FromEmptyToLoadingToLoaded]' passed (0.001 seconds).
Test Suite 'LoginViewModelTests' passed at 2026-08-29 15:40:08.140.
	 Executed 22 tests, with 0 failures (0 unexpected) in 0.018 (0.023) seconds
Test Suite 'LowDataOnboardingACTests' started at 2026-08-29 15:40:08.140.
Test Case '-[HavitalTests.LowDataOnboardingACTests test_ac_ld_01_02_dataSourceSkipPathUsesUnboundAndContinuesOnboarding]' started.
Test Case '-[HavitalTests.LowDataOnboardingACTests test_ac_ld_01_02_dataSourceSkipPathUsesUnboundAndContinuesOnboarding]' passed (0.001 seconds).
Test Case '-[HavitalTests.LowDataOnboardingACTests test_ac_ld_04_05_06_heartRateOnboardingHasDefaultsAndSkip]' started.
Test Case '-[HavitalTests.LowDataOnboardingACTests test_ac_ld_04_05_06_heartRateOnboardingHasDefaultsAndSkip]' passed (0.001 seconds).
Test Case '-[HavitalTests.LowDataOnboardingACTests test_ac_ld_10_12_vdotNoDataAndLowDataCopyKeysExist]' started.
Test Case '-[HavitalTests.LowDataOnboardingACTests test_ac_ld_10_12_vdotNoDataAndLowDataCopyKeysExist]' passed (0.008 seconds).
Test Case '-[HavitalTests.LowDataOnboardingACTests test_ac_ld_22_24_25_workoutDetailProvidesOptionalRPEEntry]' started.
Test Case '-[HavitalTests.LowDataOnboardingACTests test_ac_ld_22_24_25_workoutDetailProvidesOptionalRPEEntry]' passed (0.002 seconds).
Test Case '-[HavitalTests.LowDataOnboardingACTests test_ac_ld_23_noHrNoRPEDoesNotFabricateTSSOrAIInWorkoutDetail]' started.
Test Case '-[HavitalTests.LowDataOnboardingACTests test_ac_ld_23_noHrNoRPEDoesNotFabricateTSSOrAIInWorkoutDetail]' passed (0.005 seconds).
Test Case '-[HavitalTests.LowDataOnboardingACTests test_ac_ld_26_27_dataSourceReminderIsThrottled]' started.
Test Case '-[HavitalTests.LowDataOnboardingACTests test_ac_ld_26_27_dataSourceReminderIsThrottled]' passed (0.000 seconds).
Test Suite 'LowDataOnboardingACTests' passed at 2026-08-29 15:40:08.159.
	 Executed 6 tests, with 0 failures (0 unexpected) in 0.017 (0.018) seconds
Test Suite 'MessageCenterViewExpansionTests' started at 2026-08-29 15:40:08.159.
Test Case '-[HavitalTests.MessageCenterViewExpansionTests testExpandedCardShowsFullBodyImageAndCTAWhileCollapsedCardSummarizes]' started.
Test Case '-[HavitalTests.MessageCenterViewExpansionTests testExpandedCardShowsFullBodyImageAndCTAWhileCollapsedCardSummarizes]' passed (0.001 seconds).
Test Case '-[HavitalTests.MessageCenterViewExpansionTests testMessageCenterExpandsCardsInlineInsteadOfOpeningDetailSheet]' started.
Test Case '-[HavitalTests.MessageCenterViewExpansionTests testMessageCenterExpandsCardsInlineInsteadOfOpeningDetailSheet]' passed (0.001 seconds).
Test Case '-[HavitalTests.MessageCenterViewExpansionTests testMessageCenterViewRendersAnnouncementListInHostingController]' started.
[LoginViewModel] [DEBUG] [LoginViewModel] ✅ 訂閱狀態已刷新
Test Case '-[HavitalTests.MessageCenterViewExpansionTests testMessageCenterViewRendersAnnouncementListInHostingController]' passed (0.208 seconds).
Test Suite 'MessageCenterViewExpansionTests' passed at 2026-08-29 15:40:08.369.
	 Executed 3 tests, with 0 failures (0 unexpected) in 0.210 (0.210) seconds
Test Suite 'MethodologyConstraintTests' started at 2026-08-29 15:40:08.369.
Test Case '-[HavitalTests.MethodologyConstraintTests test_complete10k_conversionPhase_allRunsAreEasy]' started.
Test Case '-[HavitalTests.MethodologyConstraintTests test_complete10k_conversionPhase_allRunsAreEasy]' passed (0.001 seconds).
Test Case '-[HavitalTests.MethodologyConstraintTests test_complete10k_conversionPhase_noQualitySessions]' started.
Test Case '-[HavitalTests.MethodologyConstraintTests test_complete10k_conversionPhase_noQualitySessions]' passed (0.001 seconds).
Test Case '-[HavitalTests.MethodologyConstraintTests test_paceriz_basePhase_hasTempoButNoHighIntensity]' started.
Test Case '-[HavitalTests.MethodologyConstraintTests test_paceriz_basePhase_hasTempoButNoHighIntensity]' passed (0.002 seconds).
Test Case '-[HavitalTests.MethodologyConstraintTests test_paceriz_peakPhase_hasIntervalsAndThreshold]' started.
Test Case '-[HavitalTests.MethodologyConstraintTests test_paceriz_peakPhase_hasIntervalsAndThreshold]' passed (0.001 seconds).
Test Case '-[HavitalTests.MethodologyConstraintTests test_polarized_noModerateIntensity]' started.
Test Case '-[HavitalTests.MethodologyConstraintTests test_polarized_noModerateIntensity]' passed (0.004 seconds).
Test Suite 'MethodologyConstraintTests' passed at 2026-08-29 15:40:08.379.
	 Executed 5 tests, with 0 failures (0 unexpected) in 0.008 (0.009) seconds
Test Suite 'MethodologyCoordinatorTests' started at 2026-08-29 15:40:08.379.
Test Case '-[HavitalTests.MethodologyCoordinatorTests test_changeMethodology_subscriptionRequired_calls_onPaywallNeeded]' started.
[MethodologyCoordinator] [DEBUG] [MethodologyCoordinator] 切換方法論: polarized, 起始階段: nil
Test Case '-[HavitalTests.MethodologyCoordinatorTests test_changeMethodology_subscriptionRequired_calls_onPaywallNeeded]' passed (0.006 seconds).
Test Case '-[HavitalTests.MethodologyCoordinatorTests test_changeMethodology_success_calls_onMethodologyChanged]' started.
[MethodologyCoordinator] [DEBUG] [MethodologyCoordinator] 切換方法論: polarized, 起始階段: nil
[MethodologyCoordinator] [INFO] [MethodologyCoordinator] ✅ 方法論已切換至: polarized
Test Case '-[HavitalTests.MethodologyCoordinatorTests test_changeMethodology_success_calls_onMethodologyChanged]' passed (0.001 seconds).
Test Case '-[HavitalTests.MethodologyCoordinatorTests test_loadMethodologies_success]' started.
[MethodologyCoordinator] [DEBUG] [MethodologyCoordinator] 載入可用方法論列表...
[MethodologyCoordinator] [INFO] [MethodologyCoordinator] ✅ 載入 1 個方法論
Test Case '-[HavitalTests.MethodologyCoordinatorTests test_loadMethodologies_success]' passed (0.001 seconds).
Test Suite 'MethodologyCoordinatorTests' passed at 2026-08-29 15:40:08.387.
	 Executed 3 tests, with 0 failures (0 unexpected) in 0.008 (0.008) seconds
Test Suite 'MethodologyInvariantsTests' started at 2026-08-29 15:40:08.387.
Test Case '-[HavitalTests.MethodologyInvariantsTests test_methodology_initFromBackendId]' started.
Test Case '-[HavitalTests.MethodologyInvariantsTests test_methodology_initFromBackendId]' passed (0.000 seconds).
Test Case '-[HavitalTests.MethodologyInvariantsTests test_paceriz_base_fixture_passesInvariants]' started.
Test Case '-[HavitalTests.MethodologyInvariantsTests test_paceriz_base_fixture_passesInvariants]' passed (0.002 seconds).
Test Case '-[HavitalTests.MethodologyInvariantsTests test_paceriz_base_fixtureTreatedAsPeak_failsIntervalRequired]' started.
Test Case '-[HavitalTests.MethodologyInvariantsTests test_paceriz_base_fixtureTreatedAsPeak_failsIntervalRequired]' passed (0.001 seconds).
Test Case '-[HavitalTests.MethodologyInvariantsTests test_paceriz_peak_fixture_passesInvariants]' started.
Test Case '-[HavitalTests.MethodologyInvariantsTests test_paceriz_peak_fixture_passesInvariants]' passed (0.001 seconds).
Test Case '-[HavitalTests.MethodologyInvariantsTests test_paceriz_peak_treatedAsPolarized_failsMediumZero]' started.
Test Case '-[HavitalTests.MethodologyInvariantsTests test_paceriz_peak_treatedAsPolarized_failsMediumZero]' passed (0.001 seconds).
Test Case '-[HavitalTests.MethodologyInvariantsTests test_parsePaceMinutes_invalidReturnsNil]' started.
Test Case '-[HavitalTests.MethodologyInvariantsTests test_parsePaceMinutes_invalidReturnsNil]' passed (0.000 seconds).
Test Case '-[HavitalTests.MethodologyInvariantsTests test_parsePaceMinutes_validFormats]' started.
Test Case '-[HavitalTests.MethodologyInvariantsTests test_parsePaceMinutes_validFormats]' passed (0.000 seconds).
Test Case '-[HavitalTests.MethodologyInvariantsTests test_polarized_build_fixture_passesPolarizedRules]' started.
Test Case '-[HavitalTests.MethodologyInvariantsTests test_polarized_build_fixture_passesPolarizedRules]' passed (0.001 seconds).
Test Case '-[HavitalTests.MethodologyInvariantsTests test_struct_existingFixture_hasSevenDaysAndRest]' started.
Test Case '-[HavitalTests.MethodologyInvariantsTests test_struct_existingFixture_hasSevenDaysAndRest]' passed (0.001 seconds).
Test Case '-[HavitalTests.MethodologyInvariantsTests test_struct_hardSessionCountLimit_default2]' started.
Test Case '-[HavitalTests.MethodologyInvariantsTests test_struct_hardSessionCountLimit_default2]' passed (0.001 seconds).
Test Case '-[HavitalTests.MethodologyInvariantsTests test_struct_hardSessionCountLimit_tooLow_fails]' started.
Test Case '-[HavitalTests.MethodologyInvariantsTests test_struct_hardSessionCountLimit_tooLow_fails]' passed (0.001 seconds).
Test Case '-[HavitalTests.MethodologyInvariantsTests test_struct_hardTypes_matchesBackendSSOT]' started.
Test Case '-[HavitalTests.MethodologyInvariantsTests test_struct_hardTypes_matchesBackendSSOT]' passed (0.000 seconds).
Test Case '-[HavitalTests.MethodologyInvariantsTests test_struct_intensityTotalMinutesRequired]' started.
Test Case '-[HavitalTests.MethodologyInvariantsTests test_struct_intensityTotalMinutesRequired]' passed (0.001 seconds).
Test Case '-[HavitalTests.MethodologyInvariantsTests test_struct_peakWithSupplementaryStrength_violatesStage09]' started.
Test Case '-[HavitalTests.MethodologyInvariantsTests test_struct_peakWithSupplementaryStrength_violatesStage09]' passed (0.001 seconds).
Test Suite 'MethodologyInvariantsTests' passed at 2026-08-29 15:40:08.399.
	 Executed 14 tests, with 0 failures (0 unexpected) in 0.010 (0.012) seconds
Test Suite 'MethodologyV2MapperTests' started at 2026-08-29 15:40:08.400.
Test Case '-[HavitalTests.MethodologyV2MapperTests test_toEntities_emptyResponse_returnsEmpty]' started.
Test Case '-[HavitalTests.MethodologyV2MapperTests test_toEntities_emptyResponse_returnsEmpty]' passed (0.001 seconds).
Test Case '-[HavitalTests.MethodologyV2MapperTests test_toEntities_preservesOrder]' started.
Test Case '-[HavitalTests.MethodologyV2MapperTests test_toEntities_preservesOrder]' passed (0.000 seconds).
Test Case '-[HavitalTests.MethodologyV2MapperTests test_toEntity_copiesAllFields]' started.
Test Case '-[HavitalTests.MethodologyV2MapperTests test_toEntity_copiesAllFields]' passed (0.000 seconds).
Test Case '-[HavitalTests.MethodologyV2MapperTests test_toEntity_crossTrainingDisabled_preservedCorrectly]' started.
Test Case '-[HavitalTests.MethodologyV2MapperTests test_toEntity_crossTrainingDisabled_preservedCorrectly]' passed (0.001 seconds).
Test Case '-[HavitalTests.MethodologyV2MapperTests test_toEntity_emptyTargetTypes_handledCorrectly]' started.
Test Case '-[HavitalTests.MethodologyV2MapperTests test_toEntity_emptyTargetTypes_handledCorrectly]' passed (0.000 seconds).
Test Suite 'MethodologyV2MapperTests' passed at 2026-08-29 15:40:08.403.
	 Executed 5 tests, with 0 failures (0 unexpected) in 0.003 (0.003) seconds
Test Suite 'MonthlyStatsCacheSettlementTests' started at 2026-08-29 15:40:08.403.
Test Case '-[HavitalTests.MonthlyStatsCacheSettlementTests testCacheFetchedAfterSettlementIsSettled]' started.
Test Case '-[HavitalTests.MonthlyStatsCacheSettlementTests testCacheFetchedAfterSettlementIsSettled]' passed (0.000 seconds).
Test Case '-[HavitalTests.MonthlyStatsCacheSettlementTests testCacheFetchedBeforeMonthEndIsNotSettled]' started.
Test Case '-[HavitalTests.MonthlyStatsCacheSettlementTests testCacheFetchedBeforeMonthEndIsNotSettled]' passed (0.000 seconds).
Test Case '-[HavitalTests.MonthlyStatsCacheSettlementTests testCacheFetchedMidMonthIsNotSettled]' started.
Test Case '-[HavitalTests.MonthlyStatsCacheSettlementTests testCacheFetchedMidMonthIsNotSettled]' passed (0.000 seconds).
Test Case '-[HavitalTests.MonthlyStatsCacheSettlementTests testCacheFetchedWithinGraceIsNotSettled]' started.
Test Case '-[HavitalTests.MonthlyStatsCacheSettlementTests testCacheFetchedWithinGraceIsNotSettled]' passed (0.000 seconds).
Test Case '-[HavitalTests.MonthlyStatsCacheSettlementTests testDecemberSettlementCrossesYear]' started.
Test Case '-[HavitalTests.MonthlyStatsCacheSettlementTests testDecemberSettlementCrossesYear]' passed (0.000 seconds).
Test Case '-[HavitalTests.MonthlyStatsCacheSettlementTests testNilTimestampIsNotSettled]' started.
Test Case '-[HavitalTests.MonthlyStatsCacheSettlementTests testNilTimestampIsNotSettled]' passed (0.000 seconds).
Test Case '-[HavitalTests.MonthlyStatsCacheSettlementTests testSettlementDateBoundary]' started.
Test Case '-[HavitalTests.MonthlyStatsCacheSettlementTests testSettlementDateBoundary]' passed (0.000 seconds).
Test Suite 'MonthlyStatsCacheSettlementTests' passed at 2026-08-29 15:40:08.408.
	 Executed 7 tests, with 0 failures (0 unexpected) in 0.002 (0.005) seconds
Test Suite 'MonthlyStatsLocalDataSourceTests' started at 2026-08-29 15:40:08.409.
Test Case '-[HavitalTests.MonthlyStatsLocalDataSourceTests testClearAllRemovesTimestampsAndCachedStats]' started.
[MonthlyStatsLocalDataSource] [DEBUG] [MonthlyStatsLocalDataSource] 初始化完成
[CacheEventBus] [INFO] [FirebaseLogging] 快取管理器已註冊
[MonthlyStatsLocalDataSource] [DEBUG] [MonthlyStatsLocalDataSource] saveMonthlyStats - 已保存 2026-06，共 1 條記錄
[MonthlyStatsLocalDataSource] [DEBUG] [MonthlyStatsLocalDataSource] 月度時間戳已保存: 2026-06
[MonthlyStatsLocalDataSource] [DEBUG] [MonthlyStatsLocalDataSource] 已清除 1 個月度時間戳和所有數據緩存
[MonthlyStatsLocalDataSource] [DEBUG] [MonthlyStatsLocalDataSource] 無緩存數據，2026-06
[MonthlyStatsLocalDataSource] [DEBUG] [MonthlyStatsLocalDataSource] 已清除 0 個月度時間戳和所有數據緩存
Test Case '-[HavitalTests.MonthlyStatsLocalDataSourceTests testClearAllRemovesTimestampsAndCachedStats]' passed (0.005 seconds).
Test Case '-[HavitalTests.MonthlyStatsLocalDataSourceTests testGetAllSyncedMonthsReturnsDescendingYearMonthOrder]' started.
[MonthlyStatsLocalDataSource] [DEBUG] [MonthlyStatsLocalDataSource] 初始化完成
[MonthlyStatsLocalDataSource] [DEBUG] [MonthlyStatsLocalDataSource] 月度時間戳已保存: 2025-12
[MonthlyStatsLocalDataSource] [DEBUG] [MonthlyStatsLocalDataSource] 月度時間戳已保存: 2026-01
[MonthlyStatsLocalDataSource] [DEBUG] [MonthlyStatsLocalDataSource] 月度時間戳已保存: 2026-03
[MonthlyStatsLocalDataSource] [DEBUG] [MonthlyStatsLocalDataSource] 已清除 3 個月度時間戳和所有數據緩存
Test Case '-[HavitalTests.MonthlyStatsLocalDataSourceTests testGetAllSyncedMonthsReturnsDescendingYearMonthOrder]' passed (0.003 seconds).
Test Case '-[HavitalTests.MonthlyStatsLocalDataSourceTests testSaveMonthlyStatsPersistsAndReturnsCachedData]' started.
[MonthlyStatsLocalDataSource] [DEBUG] [MonthlyStatsLocalDataSource] 初始化完成
[CacheEventBus] [INFO] [FirebaseLogging] 快取管理器已註冊
[MonthlyStatsLocalDataSource] [DEBUG] [MonthlyStatsLocalDataSource] saveMonthlyStats - 已保存 2026-04，共 2 條記錄
[MonthlyStatsLocalDataSource] [DEBUG] [MonthlyStatsLocalDataSource] 緩存有效，2026-04，數量: 2
[MonthlyStatsLocalDataSource] [DEBUG] [MonthlyStatsLocalDataSource] 已清除 0 個月度時間戳和所有數據緩存
Test Case '-[HavitalTests.MonthlyStatsLocalDataSourceTests testSaveMonthlyStatsPersistsAndReturnsCachedData]' passed (0.002 seconds).
Test Case '-[HavitalTests.MonthlyStatsLocalDataSourceTests testTimestampLifecycleTracksSyncedState]' started.
[MonthlyStatsLocalDataSource] [DEBUG] [MonthlyStatsLocalDataSource] 初始化完成
[MonthlyStatsLocalDataSource] [DEBUG] [MonthlyStatsLocalDataSource] 月度時間戳已保存: 2026-05
[MonthlyStatsLocalDataSource] [DEBUG] [MonthlyStatsLocalDataSource] 月度時間戳已清除: 2026-05
[MonthlyStatsLocalDataSource] [DEBUG] [MonthlyStatsLocalDataSource] 已清除 0 個月度時間戳和所有數據緩存
Test Case '-[HavitalTests.MonthlyStatsLocalDataSourceTests testTimestampLifecycleTracksSyncedState]' passed (0.002 seconds).
Test Suite 'MonthlyStatsLocalDataSourceTests' passed at 2026-08-29 15:40:08.422.
	 Executed 4 tests, with 0 failures (0 unexpected) in 0.012 (0.013) seconds
Test Suite 'MonthlyStatsMapperTests' started at 2026-08-29 15:40:08.422.
Test Case '-[HavitalTests.MonthlyStatsMapperTests testToDailyStatMapsDTOFields]' started.
Test Case '-[HavitalTests.MonthlyStatsMapperTests testToDailyStatMapsDTOFields]' passed (0.000 seconds).
Test Case '-[HavitalTests.MonthlyStatsMapperTests testToDailyStatsDTORoundTripsEntity]' started.
Test Case '-[HavitalTests.MonthlyStatsMapperTests testToDailyStatsDTORoundTripsEntity]' passed (0.000 seconds).
Test Case '-[HavitalTests.MonthlyStatsMapperTests testToDailyStatsExtractsNestedDataFromResponse]' started.
Test Case '-[HavitalTests.MonthlyStatsMapperTests testToDailyStatsExtractsNestedDataFromResponse]' passed (0.000 seconds).
Test Suite 'MonthlyStatsMapperTests' passed at 2026-08-29 15:40:08.424.
	 Executed 3 tests, with 0 failures (0 unexpected) in 0.001 (0.002) seconds
Test Suite 'MonthlyStatsRemoteDataSourceTests' started at 2026-08-29 15:40:08.424.
Test Case '-[HavitalTests.MonthlyStatsRemoteDataSourceTests testFetchMonthlyStatsBuildsPathAndParsesResponse]' started.
[MonthlyStatsRemoteDataSource] [DEBUG] [MonthlyStatsRemoteDataSource] 初始化完成
[MonthlyStatsRemoteDataSource] [DEBUG] [MonthlyStatsRemoteDataSource] fetchMonthlyStats - year: 2026, month: 4
[MonthlyStatsRemoteDataSource] [DEBUG] [MonthlyStatsRemoteDataSource] 成功獲取月度數據，數量: 1
Test Case '-[HavitalTests.MonthlyStatsRemoteDataSourceTests testFetchMonthlyStatsBuildsPathAndParsesResponse]' passed (0.005 seconds).
Test Case '-[HavitalTests.MonthlyStatsRemoteDataSourceTests testFetchMonthlyStatsRejectsInvalidMonthBeforeMakingRequest]' started.
[MonthlyStatsRemoteDataSource] [DEBUG] [MonthlyStatsRemoteDataSource] 初始化完成
[MonthlyStatsRemoteDataSource] [ERROR] [MonthlyStatsRemoteDataSource] Invalid month: 13
Test Case '-[HavitalTests.MonthlyStatsRemoteDataSourceTests testFetchMonthlyStatsRejectsInvalidMonthBeforeMakingRequest]' passed (0.000 seconds).
Test Case '-[HavitalTests.MonthlyStatsRemoteDataSourceTests testFetchMonthlyStatsRejectsInvalidYearBeforeMakingRequest]' started.
[MonthlyStatsRemoteDataSource] [DEBUG] [MonthlyStatsRemoteDataSource] 初始化完成
[MonthlyStatsRemoteDataSource] [ERROR] [MonthlyStatsRemoteDataSource] Invalid year: 1800
Test Case '-[HavitalTests.MonthlyStatsRemoteDataSourceTests testFetchMonthlyStatsRejectsInvalidYearBeforeMakingRequest]' passed (0.000 seconds).
Test Suite 'MonthlyStatsRemoteDataSourceTests' passed at 2026-08-29 15:40:08.430.
	 Executed 3 tests, with 0 failures (0 unexpected) in 0.006 (0.006) seconds
Test Suite 'MonthlyStatsRepositoryImplTests' started at 2026-08-29 15:40:08.430.
Test Case '-[HavitalTests.MonthlyStatsRepositoryImplTests testGetMonthlyStatsDoesNotCacheEmptyWorkoutMonth]' started.
[MonthlyStatsRemoteDataSource] [DEBUG] [MonthlyStatsRemoteDataSource] 初始化完成
[MonthlyStatsLocalDataSource] [DEBUG] [MonthlyStatsLocalDataSource] 初始化完成
[MonthlyStatsRepositoryImpl] [DEBUG] [MonthlyStatsRepositoryImpl] 初始化完成
[MonthlyStatsRepositoryImpl] [DEBUG] [MonthlyStatsRepositoryImpl] getMonthlyStats - year: 2026, month: 6
📊 [MonthlyStatsRepo] 🌐 調用 API: /v2/workout/monthly_stats?year=2026&month=6
[MonthlyStatsRemoteDataSource] [DEBUG] [MonthlyStatsRemoteDataSource] fetchMonthlyStats - year: 2026, month: 6
[MonthlyStatsRemoteDataSource] [DEBUG] [MonthlyStatsRemoteDataSource] 成功獲取月度數據，數量: 1
📊 [MonthlyStatsRepo] ✅ API 返回 2026-06: 1 天, workouts: 0, 跑步 0 天, 總距離 0.0 km
📊 [MonthlyStatsRepo] ⚠️ 無 workout 數據，不緩存（下次會重試）
[MonthlyStatsRepositoryImpl] [INFO] [FirebaseLogging] 月度統計獲取成功
[MonthlyStatsLocalDataSource] [DEBUG] [MonthlyStatsLocalDataSource] 無緩存數據，2026-06
[MonthlyStatsLocalDataSource] [DEBUG] [MonthlyStatsLocalDataSource] 已清除 0 個月度時間戳和所有數據緩存
Test Case '-[HavitalTests.MonthlyStatsRepositoryImplTests testGetMonthlyStatsDoesNotCacheEmptyWorkoutMonth]' passed (0.002 seconds).
Test Case '-[HavitalTests.MonthlyStatsRepositoryImplTests testGetMonthlyStatsFallsBackToEmptyArrayOnRemoteFailure]' started.
[MonthlyStatsRemoteDataSource] [DEBUG] [MonthlyStatsRemoteDataSource] 初始化完成
[MonthlyStatsLocalDataSource] [DEBUG] [MonthlyStatsLocalDataSource] 初始化完成
[MonthlyStatsRepositoryImpl] [DEBUG] [MonthlyStatsRepositoryImpl] 初始化完成
[MonthlyStatsRepositoryImpl] [DEBUG] [MonthlyStatsRepositoryImpl] getMonthlyStats - year: 2026, month: 7
📊 [MonthlyStatsRepo] 🌐 調用 API: /v2/workout/monthly_stats?year=2026&month=7
[MonthlyStatsRemoteDataSource] [DEBUG] [MonthlyStatsRemoteDataSource] fetchMonthlyStats - year: 2026, month: 7
[MonthlyStatsRepositoryImpl] [ERROR] [MonthlyStatsRepositoryImpl] 月度數據獲取失敗，靜默降級: No network connection.
[MonthlyStatsRepositoryImpl] [WARN] [FirebaseLogging] 月度統計獲取失敗
[MonthlyStatsLocalDataSource] [DEBUG] [MonthlyStatsLocalDataSource] 已清除 0 個月度時間戳和所有數據緩存
Test Case '-[HavitalTests.MonthlyStatsRepositoryImplTests testGetMonthlyStatsFallsBackToEmptyArrayOnRemoteFailure]' passed (0.001 seconds).
Test Case '-[HavitalTests.MonthlyStatsRepositoryImplTests testGetMonthlyStatsFetchesAndCachesWhenWorkoutCountIsPositive]' started.
[MonthlyStatsRemoteDataSource] [DEBUG] [MonthlyStatsRemoteDataSource] 初始化完成
[MonthlyStatsLocalDataSource] [DEBUG] [MonthlyStatsLocalDataSource] 初始化完成
[MonthlyStatsRepositoryImpl] [DEBUG] [MonthlyStatsRepositoryImpl] 初始化完成
[MonthlyStatsRepositoryImpl] [DEBUG] [MonthlyStatsRepositoryImpl] getMonthlyStats - year: 2026, month: 5
📊 [MonthlyStatsRepo] 🌐 調用 API: /v2/workout/monthly_stats?year=2026&month=5
[MonthlyStatsRemoteDataSource] [DEBUG] [MonthlyStatsRemoteDataSource] fetchMonthlyStats - year: 2026, month: 5
[MonthlyStatsRemoteDataSource] [DEBUG] [MonthlyStatsRemoteDataSource] 成功獲取月度數據，數量: 2
📊 [MonthlyStatsRepo] ✅ API 返回 2026-05: 2 天, workouts: 1, 跑步 1 天, 總距離 12.5 km
[CacheEventBus] [INFO] [FirebaseLogging] 快取管理器已註冊
[MonthlyStatsLocalDataSource] [DEBUG] [MonthlyStatsLocalDataSource] saveMonthlyStats - 已保存 2026-05，共 2 條記錄
[MonthlyStatsLocalDataSource] [DEBUG] [MonthlyStatsLocalDataSource] 月度時間戳已保存: 2026-05
📊 [MonthlyStatsRepo] 💾 已緩存 2026-05
[MonthlyStatsRepositoryImpl] [INFO] [FirebaseLogging] 月度統計獲取成功
[MonthlyStatsLocalDataSource] [DEBUG] [MonthlyStatsLocalDataSource] 緩存有效，2026-05，數量: 2
[MonthlyStatsLocalDataSource] [DEBUG] [MonthlyStatsLocalDataSource] 已清除 1 個月度時間戳和所有數據緩存
Test Case '-[HavitalTests.MonthlyStatsRepositoryImplTests testGetMonthlyStatsFetchesAndCachesWhenWorkoutCountIsPositive]' passed (0.003 seconds).
Test Case '-[HavitalTests.MonthlyStatsRepositoryImplTests testGetMonthlyStatsReturnsCachedDataWithoutCallingAPI]' started.
[MonthlyStatsRemoteDataSource] [DEBUG] [MonthlyStatsRemoteDataSource] 初始化完成
[MonthlyStatsLocalDataSource] [DEBUG] [MonthlyStatsLocalDataSource] 初始化完成
[MonthlyStatsRepositoryImpl] [DEBUG] [MonthlyStatsRepositoryImpl] 初始化完成
[MonthlyStatsLocalDataSource] [DEBUG] [MonthlyStatsLocalDataSource] saveMonthlyStats - 已保存 2026-04，共 1 條記錄
[MonthlyStatsLocalDataSource] [DEBUG] [MonthlyStatsLocalDataSource] 月度時間戳已保存: 2026-04
[MonthlyStatsRepositoryImpl] [DEBUG] [MonthlyStatsRepositoryImpl] getMonthlyStats - year: 2026, month: 4
[MonthlyStatsLocalDataSource] [DEBUG] [MonthlyStatsLocalDataSource] 緩存有效，2026-04，數量: 1
📊 [MonthlyStatsRepo] 從本地緩存返回，2026-04，數量: 1
[MonthlyStatsLocalDataSource] [DEBUG] [MonthlyStatsLocalDataSource] 已清除 1 個月度時間戳和所有數據緩存
Test Case '-[HavitalTests.MonthlyStatsRepositoryImplTests testGetMonthlyStatsReturnsCachedDataWithoutCallingAPI]' passed (0.003 seconds).
Test Suite 'MonthlyStatsRepositoryImplTests' passed at 2026-08-29 15:40:08.440.
	 Executed 4 tests, with 0 failures (0 unexpected) in 0.009 (0.010) seconds
Test Suite 'NextRaceDialogBuilderTests' started at 2026-08-29 15:40:08.440.
Test Case '-[HavitalTests.NextRaceDialogBuilderTests test_noRace_speaksNone]' started.
[LanguageManager] [INFO] [FirebaseLogging] Language bundle set for: zh-Hant
Test Case '-[HavitalTests.NextRaceDialogBuilderTests test_noRace_speaksNone]' passed (0.001 seconds).
Test Case '-[HavitalTests.NextRaceDialogBuilderTests test_raceToday_speaksToday]' started.
[LanguageManager] [INFO] [FirebaseLogging] Language bundle set for: zh-Hant
Test Case '-[HavitalTests.NextRaceDialogBuilderTests test_raceToday_speaksToday]' passed (0.001 seconds).
Test Case '-[HavitalTests.NextRaceDialogBuilderTests test_upcomingRace_speaksCountdown]' started.
[LanguageManager] [INFO] [FirebaseLogging] Language bundle set for: zh-Hant
Test Case '-[HavitalTests.NextRaceDialogBuilderTests test_upcomingRace_speaksCountdown]' passed (0.001 seconds).
Test Suite 'NextRaceDialogBuilderTests' passed at 2026-08-29 15:40:08.442.
	 Executed 3 tests, with 0 failures (0 unexpected) in 0.002 (0.002) seconds
Test Suite 'NoPlanConversionContentTests' started at 2026-08-29 15:40:08.442.
Test Case '-[HavitalTests.NoPlanConversionContentTests test_completedWeeks_isCurrentWeekMinusOne]' started.
Test Case '-[HavitalTests.NoPlanConversionContentTests test_completedWeeks_isCurrentWeekMinusOne]' passed (0.000 seconds).
Test Case '-[HavitalTests.NoPlanConversionContentTests test_completedWeeks_neverNegative]' started.
Test Case '-[HavitalTests.NoPlanConversionContentTests test_completedWeeks_neverNegative]' passed (0.000 seconds).
Test Case '-[HavitalTests.NoPlanConversionContentTests test_nextWeekPreview_isFirstUpcoming]' started.
Test Case '-[HavitalTests.NoPlanConversionContentTests test_nextWeekPreview_isFirstUpcoming]' passed (0.000 seconds).
Test Case '-[HavitalTests.NoPlanConversionContentTests test_nextWeekPreview_nilWhenEmpty]' started.
Test Case '-[HavitalTests.NoPlanConversionContentTests test_nextWeekPreview_nilWhenEmpty]' passed (0.000 seconds).
Test Case '-[HavitalTests.NoPlanConversionContentTests test_showsRaceCountdown_onlyWhenRaceDataPresent]' started.
Test Case '-[HavitalTests.NoPlanConversionContentTests test_showsRaceCountdown_onlyWhenRaceDataPresent]' passed (0.000 seconds).
Test Suite 'NoPlanConversionContentTests' passed at 2026-08-29 15:40:08.445.
	 Executed 5 tests, with 0 failures (0 unexpected) in 0.002 (0.002) seconds
Test Suite 'OfferRedemptionCoordinatorTests' started at 2026-08-29 15:40:08.445.
Test Case '-[HavitalTests.OfferRedemptionCoordinatorTests testRedeem_ForwardsToRepositoryAndReturnsSuccess]' started.
[OfferRedemptionCoordinator] [DEBUG] [OfferRedemptionCoordinator] redeem from paywall
Test Case '-[HavitalTests.OfferRedemptionCoordinatorTests testRedeem_ForwardsToRepositoryAndReturnsSuccess]' passed (0.001 seconds).
Test Case '-[HavitalTests.OfferRedemptionCoordinatorTests testRedeem_WhenRepositoryThrows_MapsToFailedDomainError]' started.
[OfferRedemptionCoordinator] [DEBUG] [OfferRedemptionCoordinator] redeem from profile
[OfferRedemptionCoordinator] [ERROR] [OfferRedemptionCoordinator] redeem failed: scene unavailable
Test Case '-[HavitalTests.OfferRedemptionCoordinatorTests testRedeem_WhenRepositoryThrows_MapsToFailedDomainError]' passed (0.000 seconds).
Test Suite 'OfferRedemptionCoordinatorTests' passed at 2026-08-29 15:40:08.446.
	 Executed 2 tests, with 0 failures (0 unexpected) in 0.001 (0.001) seconds
Test Suite 'OnboardingCoordinatorAnalyticsTests' started at 2026-08-29 15:40:08.447.
Test Case '-[HavitalTests.OnboardingCoordinatorAnalyticsTests testCompleteOnboarding_ForNewUser_EmitsDurationBasedAnalytics]' started.
[OnboardingCoordinator] 狀態已重置
[OnboardingCoordinator] 開始執行 CompleteOnboardingUseCase...
[OnboardingCoordinator] - isV2Flow: false
[OnboardingCoordinator] - targetTypeId: nil
[OnboardingCoordinator] - methodologyId: nil
[OnboardingCoordinator] - targetId: nil
[CompleteOnboardingUseCase] [DEBUG] [CompleteOnboardingUseCase] Starting completion flow
[CompleteOnboardingUseCase] [DEBUG] [CompleteOnboardingUseCase] - isV2Flow: false
[CompleteOnboardingUseCase] [DEBUG] [CompleteOnboardingUseCase] - targetTypeId: nil
[CompleteOnboardingUseCase] [DEBUG] [CompleteOnboardingUseCase] - methodologyId: nil
[CompleteOnboardingUseCase] [DEBUG] [CompleteOnboardingUseCase] - startFromStage: nil
[CompleteOnboardingUseCase] [DEBUG] [CompleteOnboardingUseCase] - isBeginner: false
[CompleteOnboardingUseCase] [DEBUG] [CompleteOnboardingUseCase] - isReonboarding: false
[CompleteOnboardingUseCase] [DEBUG] [CompleteOnboardingUseCase] Executing V1 (legacy) flow...
[CompleteOnboardingUseCase] [DEBUG] [CompleteOnboardingUseCase] Creating V1 first week plan...
[CompleteOnboardingUseCase] [DEBUG] [CompleteOnboardingUseCase] V1 First week plan created: plan_123_1
[CompleteOnboardingUseCase] [DEBUG] [CompleteOnboardingUseCase] V1 weekly plan created: plan_123_1
[CompleteOnboardingUseCase] [DEBUG] [CompleteOnboardingUseCase] New user onboarding completion flags set
[CompleteOnboardingUseCase] [DEBUG] [CompleteOnboardingUseCase] Onboarding completion flow finished successfully
[OnboardingCoordinator] ✅ CompleteOnboardingUseCase 執行成功
[OnboardingCoordinator] - 使用 V1 API
[OnboardingCoordinator] - 創建的 V1 週計畫 ID: plan_123_1
[OnboardingCoordinator] Loading 動畫已關閉
[OnboardingCoordinator] 狀態已重置
[OnboardingCoordinator] 新用戶 onboarding 完成，發布 onboardingCompleted 事件
[SubscriptionLocalDataSource] [DEBUG] [SubscriptionLocalDS] Cache cleared
[TargetLocalDataSource] [DEBUG] [TargetLocalDS] All caches cleared
[TrainingPlanV2LocalDataSource] [INFO] [TrainingPlanV2LocalDS] All caches cleared
[UserProfileLocalDataSource] [DEBUG] [UserProfileLocalDS] User profile cache cleared
[UserProfileLocalDataSource] [DEBUG] [UserProfileLocalDS] Targets cache cleared
[UserProfileLocalDataSource] [DEBUG] [UserProfileLocalDS] Heart rate zones cache cleared
[UserProfileLocalDataSource] [DEBUG] [UserProfileLocalDS] All caches cleared
[WorkoutV2CacheManager] [INFO] [FirebaseLogging] 所有 Workout V2 快取已清除
已清除儲存的週訓練回顧
[WeeklySummaryStorage] [INFO] [FirebaseLogging] 已清除週總結列表快取
[CacheEventBus] [INFO] [FirebaseLogging] 所有快取已清空
[CacheEventBus] [INFO] [FirebaseLogging] Onboarding 完成，清除所有緩存
[OnboardingCoordinator] 狀態已重置
[AppDependencyBootstrap] [DEBUG] [Bootstrap] 開始註冊所有模組依賴
[CacheRegistrationCoordinator] [DEBUG] [CacheRegistrationCoordinator] Already registered — skipping
[AnalyticsUserDefaults] [DEBUG] [Bootstrap] Analytics module registered
[AppDependencyBootstrap] [DEBUG] [Bootstrap] ✅ Analytics module registered
[AuthRepositoryImpl] [DEBUG] [DI] Authentication module registered
[AppDependencyBootstrap] [DEBUG] [Bootstrap] ✅ Authentication module registered
[WorkoutRepositoryImpl] [DEBUG] [DI] Workout module registered
[AppDependencyBootstrap] [DEBUG] [Bootstrap] ✅ Workout module registered
[MonthlyStatsRepositoryImpl] [DEBUG] [DI] 🔧 registerMonthlyStatsModule() called
[MonthlyStatsRepositoryImpl] [DEBUG] [DI] 📦 Creating MonthlyStatsRepositoryImpl.shared instance
[MonthlyStatsRepositoryImpl] [DEBUG] [DI] 📦 Repository instance created: MonthlyStatsRepositoryImpl
[MonthlyStatsRepositoryImpl] [DEBUG] [DI] ✅ MonthlyStats module registered successfully
[MonthlyStatsRepositoryImpl] [DEBUG] [DI] 🔍 Verification - can resolve: true
[AppDependencyBootstrap] [DEBUG] [Bootstrap] ✅ MonthlyStats module registered
[UserProfileRepositoryImpl] [DEBUG] [DI] UserProfile module registered
[AppDependencyBootstrap] [DEBUG] [Bootstrap] ✅ UserProfile module registered
[TargetRepositoryImpl] [DEBUG] [DI] Target module dependencies registered
[AppDependencyBootstrap] [DEBUG] [Bootstrap] ✅ Target module registered
[TrainingVersionRouter] [DEBUG] [DI] TrainingVersionRouter registered (concrete + protocol)
[AppDependencyBootstrap] [DEBUG] [Bootstrap] ✅ TrainingVersionRouter registered (early)
[TrainingPlanRepositoryImpl] [DEBUG] [DI] TrainingPlan module registered (V1RepositoryGuardDecorator enabled)
[AppDependencyBootstrap] [DEBUG] [Bootstrap] ✅ TrainingPlan V1 module registered
[TrainingPlanV2RepositoryImpl] [DEBUG] [DI] TrainingPlanV2 module dependencies registered
[TrainingVersionRouter] [DEBUG] [DI] TrainingVersionRouter already registered, skipping
[AppDependencyBootstrap] [DEBUG] [Bootstrap] ✅ TrainingPlanV2 module registered
[SubscriptionRepositoryImpl] [DEBUG] [DI] registerSubscriptionModule() called
[SubscriptionRepositoryImpl] [DEBUG] [SubscriptionRepositoryImpl] 初始化完成
[SubscriptionRepositoryImpl] [DEBUG] [DI] ✅ Subscription module registered
[AppDependencyBootstrap] [DEBUG] [Bootstrap] ✅ Subscription module registered
[AnnouncementRepositoryImpl] [DEBUG] [DI] Announcement module registered
[AppDependencyBootstrap] [DEBUG] [Bootstrap] ✅ Announcement module registered
[RaceRepositoryImpl] [DEBUG] [DI] Race module dependencies registered
[AppDependencyBootstrap] [DEBUG] [Bootstrap] ✅ Race module registered
[AchievementRepositoryImpl] [DEBUG] [DI] Achievement module registered
[AppDependencyBootstrap] [DEBUG] [Bootstrap] ✅ Achievement module registered
[RizoRepositoryImpl] [DEBUG] [RizoRepositoryImpl] 初始化完成
[RizoRepositoryImpl] [DEBUG] [DI] Rizo module dependencies registered
[AppDependencyBootstrap] [DEBUG] [Bootstrap] ✅ Rizo module registered
[DailyStateRepositoryImpl] [DEBUG] [DailyStateRepositoryImpl] 初始化完成
[DailyStateRepositoryImpl] [DEBUG] [DI] DailyState module dependencies registered
[AppDependencyBootstrap] [DEBUG] [Bootstrap] ✅ DailyState module registered
[ReadinessRepositoryImpl] [DEBUG] [DI] Readiness module dependencies registered
[AppDependencyBootstrap] [DEBUG] [Bootstrap] ✅ Readiness module registered
[AppDependencyBootstrap] [DEBUG] [Bootstrap] ✅ 所有模組依賴註冊完成
Test Case '-[HavitalTests.OnboardingCoordinatorAnalyticsTests testCompleteOnboarding_ForNewUser_EmitsDurationBasedAnalytics]' passed (0.006 seconds).
Test Case '-[HavitalTests.OnboardingCoordinatorAnalyticsTests testTrackOnboardingStart_EmitsSourceAndCampaignId]' started.
[OnboardingCoordinator] 狀態已重置
[OnboardingCoordinator] 狀態已重置
[AppDependencyBootstrap] [DEBUG] [Bootstrap] 開始註冊所有模組依賴
[CacheRegistrationCoordinator] [DEBUG] [CacheRegistrationCoordinator] Already registered — skipping
[AnalyticsUserDefaults] [DEBUG] [Bootstrap] Analytics module registered
[AppDependencyBootstrap] [DEBUG] [Bootstrap] ✅ Analytics module registered
[AuthRepositoryImpl] [DEBUG] [DI] Authentication module registered
[AppDependencyBootstrap] [DEBUG] [Bootstrap] ✅ Authentication module registered
[WorkoutRepositoryImpl] [DEBUG] [DI] Workout module registered
[AppDependencyBootstrap] [DEBUG] [Bootstrap] ✅ Workout module registered
[MonthlyStatsRepositoryImpl] [DEBUG] [DI] 🔧 registerMonthlyStatsModule() called
[MonthlyStatsRepositoryImpl] [DEBUG] [DI] 📦 Creating MonthlyStatsRepositoryImpl.shared instance
[MonthlyStatsRepositoryImpl] [DEBUG] [DI] 📦 Repository instance created: MonthlyStatsRepositoryImpl
[MonthlyStatsRepositoryImpl] [DEBUG] [DI] ✅ MonthlyStats module registered successfully
[MonthlyStatsRepositoryImpl] [DEBUG] [DI] 🔍 Verification - can resolve: true
[AppDependencyBootstrap] [DEBUG] [Bootstrap] ✅ MonthlyStats module registered
[UserProfileRepositoryImpl] [DEBUG] [DI] UserProfile module registered
[AppDependencyBootstrap] [DEBUG] [Bootstrap] ✅ UserProfile module registered
[TargetRepositoryImpl] [DEBUG] [DI] Target module dependencies registered
[AppDependencyBootstrap] [DEBUG] [Bootstrap] ✅ Target module registered
[TrainingVersionRouter] [DEBUG] [DI] TrainingVersionRouter registered (concrete + protocol)
[AppDependencyBootstrap] [DEBUG] [Bootstrap] ✅ TrainingVersionRouter registered (early)
[TrainingPlanRepositoryImpl] [DEBUG] [DI] TrainingPlan module registered (V1RepositoryGuardDecorator enabled)
[AppDependencyBootstrap] [DEBUG] [Bootstrap] ✅ TrainingPlan V1 module registered
[TrainingPlanV2RepositoryImpl] [DEBUG] [DI] TrainingPlanV2 module dependencies registered
[TrainingVersionRouter] [DEBUG] [DI] TrainingVersionRouter already registered, skipping
[AppDependencyBootstrap] [DEBUG] [Bootstrap] ✅ TrainingPlanV2 module registered
[SubscriptionRepositoryImpl] [DEBUG] [DI] registerSubscriptionModule() called
[SubscriptionRepositoryImpl] [DEBUG] [SubscriptionRepositoryImpl] 初始化完成
[SubscriptionRepositoryImpl] [DEBUG] [DI] ✅ Subscription module registered
[AppDependencyBootstrap] [DEBUG] [Bootstrap] ✅ Subscription module registered
[AnnouncementRepositoryImpl] [DEBUG] [DI] Announcement module registered
[AppDependencyBootstrap] [DEBUG] [Bootstrap] ✅ Announcement module registered
[RaceRepositoryImpl] [DEBUG] [DI] Race module dependencies registered
[AppDependencyBootstrap] [DEBUG] [Bootstrap] ✅ Race module registered
[AchievementRepositoryImpl] [DEBUG] [DI] Achievement module registered
[AppDependencyBootstrap] [DEBUG] [Bootstrap] ✅ Achievement module registered
[RizoRepositoryImpl] [DEBUG] [RizoRepositoryImpl] 初始化完成
[RizoRepositoryImpl] [DEBUG] [DI] Rizo module dependencies registered
[AppDependencyBootstrap] [DEBUG] [Bootstrap] ✅ Rizo module registered
[DailyStateRepositoryImpl] [DEBUG] [DailyStateRepositoryImpl] 初始化完成
[DailyStateRepositoryImpl] [DEBUG] [DI] DailyState module dependencies registered
[AppDependencyBootstrap] [DEBUG] [Bootstrap] ✅ DailyState module registered
[ReadinessRepositoryImpl] [DEBUG] [DI] Readiness module dependencies registered
[AppDependencyBootstrap] [DEBUG] [Bootstrap] ✅ Readiness module registered
[AppDependencyBootstrap] [DEBUG] [Bootstrap] ✅ 所有模組依賴註冊完成
Test Case '-[HavitalTests.OnboardingCoordinatorAnalyticsTests testTrackOnboardingStart_EmitsSourceAndCampaignId]' passed (0.003 seconds).
Test Suite 'OnboardingCoordinatorAnalyticsTests' passed at 2026-08-29 15:40:08.456.
	 Executed 2 tests, with 0 failures (0 unexpected) in 0.009 (0.009) seconds
Test Suite 'OnboardingCoordinatorTests' started at 2026-08-29 15:40:08.456.
Test Case '-[HavitalTests.OnboardingCoordinatorTests test_completeOnboarding_newUser_clearsUserProfileCache]' started.
[OnboardingCoordinator] 狀態已重置
[OnboardingCoordinator] 開始執行 CompleteOnboardingUseCase...
[OnboardingCoordinator] - isV2Flow: false
[OnboardingCoordinator] - targetTypeId: nil
[OnboardingCoordinator] - methodologyId: nil
[OnboardingCoordinator] - targetId: nil
[CompleteOnboardingUseCase] [DEBUG] [CompleteOnboardingUseCase] Starting completion flow
[CompleteOnboardingUseCase] [DEBUG] [CompleteOnboardingUseCase] - isV2Flow: false
[CompleteOnboardingUseCase] [DEBUG] [CompleteOnboardingUseCase] - targetTypeId: nil
[CompleteOnboardingUseCase] [DEBUG] [CompleteOnboardingUseCase] - methodologyId: nil
[CompleteOnboardingUseCase] [DEBUG] [CompleteOnboardingUseCase] - startFromStage: nil
[CompleteOnboardingUseCase] [DEBUG] [CompleteOnboardingUseCase] - isBeginner: false
[CompleteOnboardingUseCase] [DEBUG] [CompleteOnboardingUseCase] - isReonboarding: false
[CompleteOnboardingUseCase] [DEBUG] [CompleteOnboardingUseCase] Executing V1 (legacy) flow...
[CompleteOnboardingUseCase] [DEBUG] [CompleteOnboardingUseCase] Creating V1 first week plan...
[CompleteOnboardingUseCase] [DEBUG] [CompleteOnboardingUseCase] V1 First week plan created: plan_123_1
[CompleteOnboardingUseCase] [DEBUG] [CompleteOnboardingUseCase] V1 weekly plan created: plan_123_1
[CompleteOnboardingUseCase] [DEBUG] [CompleteOnboardingUseCase] New user onboarding completion flags set
[CompleteOnboardingUseCase] [DEBUG] [CompleteOnboardingUseCase] Onboarding completion flow finished successfully
[OnboardingCoordinator] ✅ CompleteOnboardingUseCase 執行成功
[OnboardingCoordinator] - 使用 V1 API
[OnboardingCoordinator] - 創建的 V1 週計畫 ID: plan_123_1
[OnboardingCoordinator] Loading 動畫已關閉
[OnboardingCoordinator] 狀態已重置
[OnboardingCoordinator] 新用戶 onboarding 完成，發布 onboardingCompleted 事件
[SubscriptionLocalDataSource] [DEBUG] [SubscriptionLocalDS] Cache cleared
[TargetLocalDataSource] [DEBUG] [TargetLocalDS] All caches cleared
[TrainingPlanV2LocalDataSource] [INFO] [TrainingPlanV2LocalDS] All caches cleared
[UserProfileLocalDataSource] [DEBUG] [UserProfileLocalDS] User profile cache cleared
[UserProfileLocalDataSource] [DEBUG] [UserProfileLocalDS] Targets cache cleared
[UserProfileLocalDataSource] [DEBUG] [UserProfileLocalDS] Heart rate zones cache cleared
[UserProfileLocalDataSource] [DEBUG] [UserProfileLocalDS] All caches cleared
[WorkoutV2CacheManager] [INFO] [FirebaseLogging] 所有 Workout V2 快取已清除
已清除儲存的週訓練回顧
[WeeklySummaryStorage] [INFO] [FirebaseLogging] 已清除週總結列表快取
[CacheEventBus] [INFO] [FirebaseLogging] 所有快取已清空
[CacheEventBus] [INFO] [FirebaseLogging] Onboarding 完成，清除所有緩存
[OnboardingCoordinator] 狀態已重置
[AppDependencyBootstrap] [DEBUG] [Bootstrap] 開始註冊所有模組依賴
[CacheRegistrationCoordinator] [DEBUG] [CacheRegistrationCoordinator] Already registered — skipping
[AnalyticsUserDefaults] [DEBUG] [Bootstrap] Analytics module registered
[AppDependencyBootstrap] [DEBUG] [Bootstrap] ✅ Analytics module registered
[AuthRepositoryImpl] [DEBUG] [DI] Authentication module registered
[AppDependencyBootstrap] [DEBUG] [Bootstrap] ✅ Authentication module registered
[WorkoutRepositoryImpl] [DEBUG] [DI] Workout module registered
[AppDependencyBootstrap] [DEBUG] [Bootstrap] ✅ Workout module registered
[MonthlyStatsRepositoryImpl] [DEBUG] [DI] 🔧 registerMonthlyStatsModule() called
[MonthlyStatsRepositoryImpl] [DEBUG] [DI] 📦 Creating MonthlyStatsRepositoryImpl.shared instance
[MonthlyStatsRepositoryImpl] [DEBUG] [DI] 📦 Repository instance created: MonthlyStatsRepositoryImpl
[MonthlyStatsRepositoryImpl] [DEBUG] [DI] ✅ MonthlyStats module registered successfully
[MonthlyStatsRepositoryImpl] [DEBUG] [DI] 🔍 Verification - can resolve: true
[AppDependencyBootstrap] [DEBUG] [Bootstrap] ✅ MonthlyStats module registered
[UserProfileRepositoryImpl] [DEBUG] [DI] UserProfile module registered
[AppDependencyBootstrap] [DEBUG] [Bootstrap] ✅ UserProfile module registered
[TargetRepositoryImpl] [DEBUG] [DI] Target module dependencies registered
[AppDependencyBootstrap] [DEBUG] [Bootstrap] ✅ Target module registered
[TrainingVersionRouter] [DEBUG] [DI] TrainingVersionRouter registered (concrete + protocol)
[AppDependencyBootstrap] [DEBUG] [Bootstrap] ✅ TrainingVersionRouter registered (early)
[TrainingPlanRepositoryImpl] [DEBUG] [DI] TrainingPlan module registered (V1RepositoryGuardDecorator enabled)
[AppDependencyBootstrap] [DEBUG] [Bootstrap] ✅ TrainingPlan V1 module registered
[TrainingPlanV2RepositoryImpl] [DEBUG] [DI] TrainingPlanV2 module dependencies registered
[TrainingVersionRouter] [DEBUG] [DI] TrainingVersionRouter already registered, skipping
[AppDependencyBootstrap] [DEBUG] [Bootstrap] ✅ TrainingPlanV2 module registered
[SubscriptionRepositoryImpl] [DEBUG] [DI] registerSubscriptionModule() called
[SubscriptionRepositoryImpl] [DEBUG] [SubscriptionRepositoryImpl] 初始化完成
[SubscriptionRepositoryImpl] [DEBUG] [DI] ✅ Subscription module registered
[AppDependencyBootstrap] [DEBUG] [Bootstrap] ✅ Subscription module registered
[AnnouncementRepositoryImpl] [DEBUG] [DI] Announcement module registered
[AppDependencyBootstrap] [DEBUG] [Bootstrap] ✅ Announcement module registered
[RaceRepositoryImpl] [DEBUG] [DI] Race module dependencies registered
[AppDependencyBootstrap] [DEBUG] [Bootstrap] ✅ Race module registered
[AchievementRepositoryImpl] [DEBUG] [DI] Achievement module registered
[AppDependencyBootstrap] [DEBUG] [Bootstrap] ✅ Achievement module registered
[RizoRepositoryImpl] [DEBUG] [RizoRepositoryImpl] 初始化完成
[RizoRepositoryImpl] [DEBUG] [DI] Rizo module dependencies registered
[AppDependencyBootstrap] [DEBUG] [Bootstrap] ✅ Rizo module registered
[DailyStateRepositoryImpl] [DEBUG] [DailyStateRepositoryImpl] 初始化完成
[DailyStateRepositoryImpl] [DEBUG] [DI] DailyState module dependencies registered
[AppDependencyBootstrap] [DEBUG] [Bootstrap] ✅ DailyState module registered
[ReadinessRepositoryImpl] [DEBUG] [DI] Readiness module dependencies registered
[AppDependencyBootstrap] [DEBUG] [Bootstrap] ✅ Readiness module registered
[AppDependencyBootstrap] [DEBUG] [Bootstrap] ✅ 所有模組依賴註冊完成
Test Case '-[HavitalTests.OnboardingCoordinatorTests test_completeOnboarding_newUser_clearsUserProfileCache]' passed (0.003 seconds).
Test Case '-[HavitalTests.OnboardingCoordinatorTests test_completeOnboarding_reonboarding_clearsUserProfileCache]' started.
[OnboardingCoordinator] 狀態已重置
[OnboardingCoordinator] 開始執行 CompleteOnboardingUseCase...
[OnboardingCoordinator] - isV2Flow: false
[OnboardingCoordinator] - targetTypeId: nil
[OnboardingCoordinator] - methodologyId: nil
[OnboardingCoordinator] - targetId: nil
[CompleteOnboardingUseCase] [DEBUG] [CompleteOnboardingUseCase] Starting completion flow
[CompleteOnboardingUseCase] [DEBUG] [CompleteOnboardingUseCase] - isV2Flow: false
[CompleteOnboardingUseCase] [DEBUG] [CompleteOnboardingUseCase] - targetTypeId: nil
[CompleteOnboardingUseCase] [DEBUG] [CompleteOnboardingUseCase] - methodologyId: nil
[CompleteOnboardingUseCase] [DEBUG] [CompleteOnboardingUseCase] - startFromStage: nil
[CompleteOnboardingUseCase] [DEBUG] [CompleteOnboardingUseCase] - isBeginner: false
[CompleteOnboardingUseCase] [DEBUG] [CompleteOnboardingUseCase] - isReonboarding: true
[CompleteOnboardingUseCase] [DEBUG] [CompleteOnboardingUseCase] Executing V1 (legacy) flow...
[CompleteOnboardingUseCase] [DEBUG] [CompleteOnboardingUseCase] Creating V1 first week plan...
[CompleteOnboardingUseCase] [DEBUG] [CompleteOnboardingUseCase] V1 First week plan created: plan_123_1
[CompleteOnboardingUseCase] [DEBUG] [CompleteOnboardingUseCase] V1 weekly plan created: plan_123_1
[CompleteOnboardingUseCase] [DEBUG] [CompleteOnboardingUseCase] Re-onboarding completion - no flags to update
[CompleteOnboardingUseCase] [DEBUG] [CompleteOnboardingUseCase] Onboarding completion flow finished successfully
[OnboardingCoordinator] ✅ CompleteOnboardingUseCase 執行成功
[OnboardingCoordinator] - 使用 V1 API
[OnboardingCoordinator] - 創建的 V1 週計畫 ID: plan_123_1
[OnboardingCoordinator] Loading 動畫已關閉
[OnboardingCoordinator] Re-onboarding 完成，發布 reonboardingCompleted + onboardingCompleted 事件
[CacheEventBus] [INFO] [FirebaseLogging] Re-onboarding 完成，通知 UI 關閉 sheet
[SubscriptionLocalDataSource] [DEBUG] [SubscriptionLocalDS] Cache cleared
[TargetLocalDataSource] [DEBUG] [TargetLocalDS] All caches cleared
[TrainingPlanV2LocalDataSource] [INFO] [TrainingPlanV2LocalDS] All caches cleared
[UserProfileLocalDataSource] [DEBUG] [UserProfileLocalDS] User profile cache cleared
[UserProfileLocalDataSource] [DEBUG] [UserProfileLocalDS] Targets cache cleared
[UserProfileLocalDataSource] [DEBUG] [UserProfileLocalDS] Heart rate zones cache cleared
[UserProfileLocalDataSource] [DEBUG] [UserProfileLocalDS] All caches cleared
[WorkoutV2CacheManager] [INFO] [FirebaseLogging] 所有 Workout V2 快取已清除
已清除儲存的週訓練回顧
[WeeklySummaryStorage] [INFO] [FirebaseLogging] 已清除週總結列表快取
[CacheEventBus] [INFO] [FirebaseLogging] 所有快取已清空
[CacheEventBus] [INFO] [FirebaseLogging] Onboarding 完成，清除所有緩存
[OnboardingCoordinator] 狀態已重置
[AppDependencyBootstrap] [DEBUG] [Bootstrap] 開始註冊所有模組依賴
[CacheRegistrationCoordinator] [DEBUG] [CacheRegistrationCoordinator] Already registered — skipping
[AnalyticsUserDefaults] [DEBUG] [Bootstrap] Analytics module registered
[AppDependencyBootstrap] [DEBUG] [Bootstrap] ✅ Analytics module registered
[AuthRepositoryImpl] [DEBUG] [DI] Authentication module registered
[AppDependencyBootstrap] [DEBUG] [Bootstrap] ✅ Authentication module registered
[WorkoutRepositoryImpl] [DEBUG] [DI] Workout module registered
[AppDependencyBootstrap] [DEBUG] [Bootstrap] ✅ Workout module registered
[MonthlyStatsRepositoryImpl] [DEBUG] [DI] 🔧 registerMonthlyStatsModule() called
[MonthlyStatsRepositoryImpl] [DEBUG] [DI] 📦 Creating MonthlyStatsRepositoryImpl.shared instance
[MonthlyStatsRepositoryImpl] [DEBUG] [DI] 📦 Repository instance created: MonthlyStatsRepositoryImpl
[MonthlyStatsRepositoryImpl] [DEBUG] [DI] ✅ MonthlyStats module registered successfully
[MonthlyStatsRepositoryImpl] [DEBUG] [DI] 🔍 Verification - can resolve: true
[AppDependencyBootstrap] [DEBUG] [Bootstrap] ✅ MonthlyStats module registered
[UserProfileRepositoryImpl] [DEBUG] [DI] UserProfile module registered
[AppDependencyBootstrap] [DEBUG] [Bootstrap] ✅ UserProfile module registered
[TargetRepositoryImpl] [DEBUG] [DI] Target module dependencies registered
[AppDependencyBootstrap] [DEBUG] [Bootstrap] ✅ Target module registered
[TrainingVersionRouter] [DEBUG] [DI] TrainingVersionRouter registered (concrete + protocol)
[AppDependencyBootstrap] [DEBUG] [Bootstrap] ✅ TrainingVersionRouter registered (early)
[TrainingPlanRepositoryImpl] [DEBUG] [DI] TrainingPlan module registered (V1RepositoryGuardDecorator enabled)
[AppDependencyBootstrap] [DEBUG] [Bootstrap] ✅ TrainingPlan V1 module registered
[TrainingPlanV2RepositoryImpl] [DEBUG] [DI] TrainingPlanV2 module dependencies registered
[TrainingVersionRouter] [DEBUG] [DI] TrainingVersionRouter already registered, skipping
[AppDependencyBootstrap] [DEBUG] [Bootstrap] ✅ TrainingPlanV2 module registered
[SubscriptionRepositoryImpl] [DEBUG] [DI] registerSubscriptionModule() called
[SubscriptionRepositoryImpl] [DEBUG] [SubscriptionRepositoryImpl] 初始化完成
[SubscriptionRepositoryImpl] [DEBUG] [DI] ✅ Subscription module registered
[AppDependencyBootstrap] [DEBUG] [Bootstrap] ✅ Subscription module registered
[AnnouncementRepositoryImpl] [DEBUG] [DI] Announcement module registered
[AppDependencyBootstrap] [DEBUG] [Bootstrap] ✅ Announcement module registered
[RaceRepositoryImpl] [DEBUG] [DI] Race module dependencies registered
[AppDependencyBootstrap] [DEBUG] [Bootstrap] ✅ Race module registered
[AchievementRepositoryImpl] [DEBUG] [DI] Achievement module registered
[AppDependencyBootstrap] [DEBUG] [Bootstrap] ✅ Achievement module registered
[RizoRepositoryImpl] [DEBUG] [RizoRepositoryImpl] 初始化完成
[RizoRepositoryImpl] [DEBUG] [DI] Rizo module dependencies registered
[AppDependencyBootstrap] [DEBUG] [Bootstrap] ✅ Rizo module registered
[DailyStateRepositoryImpl] [DEBUG] [DailyStateRepositoryImpl] 初始化完成
[DailyStateRepositoryImpl] [DEBUG] [DI] DailyState module dependencies registered
[AppDependencyBootstrap] [DEBUG] [Bootstrap] ✅ DailyState module registered
[ReadinessRepositoryImpl] [DEBUG] [DI] Readiness module dependencies registered
[AppDependencyBootstrap] [DEBUG] [Bootstrap] ✅ Readiness module registered
[AppDependencyBootstrap] [DEBUG] [Bootstrap] ✅ 所有模組依賴註冊完成
Test Case '-[HavitalTests.OnboardingCoordinatorTests test_completeOnboarding_reonboarding_clearsUserProfileCache]' passed (0.003 seconds).
Test Suite 'OnboardingCoordinatorTests' passed at 2026-08-29 15:40:08.461.
	 Executed 2 tests, with 0 failures (0 unexpected) in 0.005 (0.006) seconds
Test Suite 'OnboardingFeatureViewModelTests' started at 2026-08-29 15:40:08.461.
Test Case '-[HavitalTests.OnboardingFeatureViewModelTests testClearSelectedRace_ReturnsToManualInputWhileKeepingAutofilledValues]' started.
[OnboardingFeatureViewModel] [DEBUG] [OnboardingFeatureVM] Initialized with repositories (including V2 + Race + VersionRouter)
Test Case '-[HavitalTests.OnboardingFeatureViewModelTests testClearSelectedRace_ReturnsToManualInputWhileKeepingAutofilledValues]' passed (0.001 seconds).
Test Case '-[HavitalTests.OnboardingFeatureViewModelTests testCompleteOnboarding_V1User_CallsV1CreateWeeklyPlanNotV2]' started.
[OnboardingFeatureViewModel] [DEBUG] [OnboardingFeatureVM] Initialized with repositories (including V2 + Race + VersionRouter)
[OnboardingFeatureViewModel] [DEBUG] [OnboardingFeatureVM: completeOnboardingV1] Weekly plan created, onboarding complete
Test Case '-[HavitalTests.OnboardingFeatureViewModelTests testCompleteOnboarding_V1User_CallsV1CreateWeeklyPlanNotV2]' passed (0.001 seconds).
Test Case '-[HavitalTests.OnboardingFeatureViewModelTests testCompleteOnboarding_V2User_BeginnerFlag_CompletesSuccessfully]' started.
[OnboardingFeatureViewModel] [DEBUG] [OnboardingFeatureVM] Initialized with repositories (including V2 + Race + VersionRouter)
[OnboardingFeatureViewModel] [INFO] [FirebaseLogging] onboarding_complete_v2
[OnboardingFeatureViewModel] [DEBUG] [OnboardingFeatureVM] V2 weekly plan generated, onboarding complete
[AuthSessionRepositoryImpl] [ERROR] [AuthSession] ❌ Failed to get ID Token: 登入憑證已過期
[FirebaseLogging] 上傳失敗: 登入憑證已過期
Test Case '-[HavitalTests.OnboardingFeatureViewModelTests testCompleteOnboarding_V2User_BeginnerFlag_CompletesSuccessfully]' passed (0.001 seconds).
Test Case '-[HavitalTests.OnboardingFeatureViewModelTests testCompleteOnboarding_V2User_CallsV2GenerateWeeklyNotV1CreateWeekly]' started.
[OnboardingFeatureViewModel] [DEBUG] [OnboardingFeatureVM] Initialized with repositories (including V2 + Race + VersionRouter)
[OnboardingFeatureViewModel] [INFO] [FirebaseLogging] onboarding_complete_v2
[OnboardingFeatureViewModel] [DEBUG] [OnboardingFeatureVM] V2 weekly plan generated, onboarding complete
[AuthSessionRepositoryImpl] [ERROR] [AuthSession] ❌ Failed to get ID Token: 登入憑證已過期
[FirebaseLogging] 上傳失敗: 登入憑證已過期
Test Case '-[HavitalTests.OnboardingFeatureViewModelTests testCompleteOnboarding_V2User_CallsV2GenerateWeeklyNotV1CreateWeekly]' passed (0.001 seconds).
Test Case '-[HavitalTests.OnboardingFeatureViewModelTests testCompleteOnboarding_V2User_RepoThrows_ReturnsFalseAndSetsFriendlyError]' started.
[OnboardingFeatureViewModel] [DEBUG] [OnboardingFeatureVM] Initialized with repositories (including V2 + Race + VersionRouter)
[OnboardingFeatureViewModel] [WARN] [OnboardingFeatureVM] V2 completeOnboarding failed: The operation couldn’t be completed. (paceriz_dev.TrainingPlanV2Error error 3.)
Test Case '-[HavitalTests.OnboardingFeatureViewModelTests testCompleteOnboarding_V2User_RepoThrows_ReturnsFalseAndSetsFriendlyError]' passed (0.001 seconds).
Test Case '-[HavitalTests.OnboardingFeatureViewModelTests testCreateBeginner5kGoal_Success]' started.
[OnboardingFeatureViewModel] [DEBUG] [OnboardingFeatureVM] Initialized with repositories (including V2 + Race + VersionRouter)
[OnboardingFeatureViewModel] [DEBUG] [OnboardingFeatureVM] Beginner 5K goal created
Test Case '-[HavitalTests.OnboardingFeatureViewModelTests testCreateBeginner5kGoal_Success]' passed (0.001 seconds).
Test Case '-[HavitalTests.OnboardingFeatureViewModelTests testCreateRaceTarget_NoTargetKey_CreatesNew]' started.
[OnboardingFeatureViewModel] [DEBUG] [OnboardingFeatureVM] Initialized with repositories (including V2 + Race + VersionRouter)
[TrainingWeeksCalculator] [DEBUG] 📅 [TrainingWeeksCalculator] 計算訓練週數:
[TrainingWeeksCalculator] [DEBUG]   ├─ 創建日期: 2026-08-29
[TrainingWeeksCalculator] [DEBUG]   ├─ 比賽日期: 2026-11-27
[TrainingWeeksCalculator] [DEBUG]   ├─ 創建週一: 2026-08-24
[TrainingWeeksCalculator] [DEBUG]   ├─ 比賽週一: 2026-11-23
[TrainingWeeksCalculator] [DEBUG]   ├─ 天數差: 91 天
[TrainingWeeksCalculator] [DEBUG]   └─ 訓練週數: 14 週
[OnboardingFeatureViewModel] [DEBUG] [OnboardingFeatureVM] 新目標創建成功: 新賽事, id: E4921B28-2A41-4292-BCED-36D168D8780A
Test Case '-[HavitalTests.OnboardingFeatureViewModelTests testCreateRaceTarget_NoTargetKey_CreatesNew]' passed (0.001 seconds).
Test Case '-[HavitalTests.OnboardingFeatureViewModelTests testCreateRaceTarget_PersistsExtraSeconds]' started.
[OnboardingFeatureViewModel] [DEBUG] [OnboardingFeatureVM] Initialized with repositories (including V2 + Race + VersionRouter)
[TrainingWeeksCalculator] [DEBUG] 📅 [TrainingWeeksCalculator] 計算訓練週數:
[TrainingWeeksCalculator] [DEBUG]   ├─ 創建日期: 2026-08-29
[TrainingWeeksCalculator] [DEBUG]   ├─ 比賽日期: 2026-10-28
[TrainingWeeksCalculator] [DEBUG]   ├─ 創建週一: 2026-08-24
[TrainingWeeksCalculator] [DEBUG]   ├─ 比賽週一: 2026-10-26
[TrainingWeeksCalculator] [DEBUG]   ├─ 天數差: 63 天
[TrainingWeeksCalculator] [DEBUG]   └─ 訓練週數: 10 週
[OnboardingFeatureViewModel] [DEBUG] [OnboardingFeatureVM] 新目標創建成功: 秒數測試, id: BFF29CB9-0F0C-40D8-8FA3-3E33F257DF11
Test Case '-[HavitalTests.OnboardingFeatureViewModelTests testCreateRaceTarget_PersistsExtraSeconds]' passed (0.001 seconds).
Test Case '-[HavitalTests.OnboardingFeatureViewModelTests testCreateRaceTarget_SecondsOnlyChangeUpdatesExistingTarget]' started.
[OnboardingFeatureViewModel] [DEBUG] [OnboardingFeatureVM] Initialized with repositories (including V2 + Race + VersionRouter)
[OnboardingFeatureViewModel] [DEBUG] [OnboardingFeatureVM] 選擇已有目標: 既有賽事, 距離: 21km -> 21.0975
[TrainingWeeksCalculator] [DEBUG] 📅 [TrainingWeeksCalculator] 計算訓練週數:
[TrainingWeeksCalculator] [DEBUG]   ├─ 創建日期: 2026-08-29
[TrainingWeeksCalculator] [DEBUG]   ├─ 比賽日期: 2026-10-28
[TrainingWeeksCalculator] [DEBUG]   ├─ 創建週一: 2026-08-24
[TrainingWeeksCalculator] [DEBUG]   ├─ 比賽週一: 2026-10-26
[TrainingWeeksCalculator] [DEBUG]   ├─ 天數差: 63 天
[TrainingWeeksCalculator] [DEBUG]   └─ 訓練週數: 10 週
[OnboardingFeatureViewModel] [DEBUG] [OnboardingFeatureVM] 目標已更新: 既有賽事
Test Case '-[HavitalTests.OnboardingFeatureViewModelTests testCreateRaceTarget_SecondsOnlyChangeUpdatesExistingTarget]' passed (0.001 seconds).
Test Case '-[HavitalTests.OnboardingFeatureViewModelTests testCreateRaceTarget_StaleTargetKey_UpdatesInsteadOfSkipping]' started.
[OnboardingFeatureViewModel] [DEBUG] [OnboardingFeatureVM] Initialized with repositories (including V2 + Race + VersionRouter)
[TrainingWeeksCalculator] [DEBUG] 📅 [TrainingWeeksCalculator] 計算訓練週數:
[TrainingWeeksCalculator] [DEBUG]   ├─ 創建日期: 2026-08-29
[TrainingWeeksCalculator] [DEBUG]   ├─ 比賽日期: 2026-11-27
[TrainingWeeksCalculator] [DEBUG]   ├─ 創建週一: 2026-08-24
[TrainingWeeksCalculator] [DEBUG]   ├─ 比賽週一: 2026-11-23
[TrainingWeeksCalculator] [DEBUG]   ├─ 天數差: 91 天
[TrainingWeeksCalculator] [DEBUG]   └─ 訓練週數: 14 週
[OnboardingFeatureViewModel] [DEBUG] [OnboardingFeatureVM] 目標已更新: 修改後的名稱
Test Case '-[HavitalTests.OnboardingFeatureViewModelTests testCreateRaceTarget_StaleTargetKey_UpdatesInsteadOfSkipping]' passed (0.001 seconds).
Test Case '-[HavitalTests.OnboardingFeatureViewModelTests testCreateRaceTarget_Success_TracksRaceRunAnalyticsPayload]' started.
[OnboardingFeatureViewModel] [DEBUG] [OnboardingFeatureVM] Initialized with repositories (including V2 + Race + VersionRouter)
[TrainingWeeksCalculator] [DEBUG] 📅 [TrainingWeeksCalculator] 計算訓練週數:
[TrainingWeeksCalculator] [DEBUG]   ├─ 創建日期: 2026-08-29
[TrainingWeeksCalculator] [DEBUG]   ├─ 比賽日期: 2026-12-27
[TrainingWeeksCalculator] [DEBUG]   ├─ 創建週一: 2026-08-24
[TrainingWeeksCalculator] [DEBUG]   ├─ 比賽週一: 2026-12-21
[TrainingWeeksCalculator] [DEBUG]   ├─ 天數差: 119 天
[TrainingWeeksCalculator] [DEBUG]   └─ 訓練週數: 18 週
[OnboardingFeatureViewModel] [DEBUG] [OnboardingFeatureVM] 新目標創建成功: 大阪馬拉松, id: 4138D226-FB62-4C46-99BA-48B8B491BE3C
Test Case '-[HavitalTests.OnboardingFeatureViewModelTests testCreateRaceTarget_Success_TracksRaceRunAnalyticsPayload]' passed (0.001 seconds).
Test Case '-[HavitalTests.OnboardingFeatureViewModelTests testDetermineNextStep_HasHistory_ReturnsTrainingDays]' started.
[OnboardingFeatureViewModel] [DEBUG] [OnboardingFeatureVM] Initialized with repositories (including V2 + Race + VersionRouter)
Test Case '-[HavitalTests.OnboardingFeatureViewModelTests testDetermineNextStep_HasHistory_ReturnsTrainingDays]' passed (0.001 seconds).
Test Case '-[HavitalTests.OnboardingFeatureViewModelTests testDetermineNextStep_NoHistory_ReturnsTrainingDays]' started.
[OnboardingFeatureViewModel] [DEBUG] [OnboardingFeatureVM] Initialized with repositories (including V2 + Race + VersionRouter)
Test Case '-[HavitalTests.OnboardingFeatureViewModelTests testDetermineNextStep_NoHistory_ReturnsTrainingDays]' passed (0.001 seconds).
Test Case '-[HavitalTests.OnboardingFeatureViewModelTests testLoadPersonalBests_NoRaceRunData_DefaultsHasPersonalBestOff]' started.
[OnboardingFeatureViewModel] [DEBUG] [OnboardingFeatureVM] Initialized with repositories (including V2 + Race + VersionRouter)
[OnboardingFeatureViewModel] [DEBUG] [OnboardingFeatureVM] Loading personal bests
[OnboardingFeatureViewModel] [DEBUG] [OnboardingFeatureVM] No PB found, defaulting hasPersonalBest to false
Test Case '-[HavitalTests.OnboardingFeatureViewModelTests testLoadPersonalBests_NoRaceRunData_DefaultsHasPersonalBestOff]' passed (0.001 seconds).
Test Case '-[HavitalTests.OnboardingFeatureViewModelTests testLoadPersonalBests_PrefillsSelectedDistanceWhenAvailable]' started.
[OnboardingFeatureViewModel] [DEBUG] [OnboardingFeatureVM] Initialized with repositories (including V2 + Race + VersionRouter)
[OnboardingFeatureViewModel] [DEBUG] [OnboardingFeatureVM] Loading personal bests
[OnboardingFeatureViewModel] [DEBUG] [OnboardingFeatureVM] Selected PB: 5km, time: 25:00
[OnboardingFeatureViewModel] [DEBUG] [OnboardingFeatureVM] Loaded 2 PB distances
Test Case '-[HavitalTests.OnboardingFeatureViewModelTests testLoadPersonalBests_PrefillsSelectedDistanceWhenAvailable]' passed (0.001 seconds).
Test Case '-[HavitalTests.OnboardingFeatureViewModelTests testLoadPersonalBests_Success]' started.
[OnboardingFeatureViewModel] [DEBUG] [OnboardingFeatureVM] Initialized with repositories (including V2 + Race + VersionRouter)
[OnboardingFeatureViewModel] [DEBUG] [OnboardingFeatureVM] Loading personal bests
[OnboardingFeatureViewModel] [DEBUG] [OnboardingFeatureVM] Selected PB: 5km, time: 30:00
[OnboardingFeatureViewModel] [DEBUG] [OnboardingFeatureVM] Loaded 1 PB distances
Test Case '-[HavitalTests.OnboardingFeatureViewModelTests testLoadPersonalBests_Success]' passed (0.001 seconds).
Test Case '-[HavitalTests.OnboardingFeatureViewModelTests testLoadTrainingDayPreferences_Success]' started.
[OnboardingFeatureViewModel] [DEBUG] [OnboardingFeatureVM] Initialized with repositories (including V2 + Race + VersionRouter)
[OnboardingFeatureViewModel] [DEBUG] [OnboardingFeatureVM] Loaded training days: [1, 3, 5]
[OnboardingFeatureViewModel] [DEBUG] [OnboardingFeatureVM] Loaded long run day: 6
Test Case '-[HavitalTests.OnboardingFeatureViewModelTests testLoadTrainingDayPreferences_Success]' passed (0.001 seconds).
Test Case '-[HavitalTests.OnboardingFeatureViewModelTests testLoadTrainingOverview_RouterReturnsV1_FallsBackToV1Path]' started.
[OnboardingFeatureViewModel] [DEBUG] [OnboardingFeatureVM] Initialized with repositories (including V2 + Race + VersionRouter)
[OnboardingFeatureViewModel] [DEBUG] [OnboardingFeatureVM: loadTrainingOverviewV1] Training overview loaded: fallback_v1
Test Case '-[HavitalTests.OnboardingFeatureViewModelTests testLoadTrainingOverview_RouterReturnsV1_FallsBackToV1Path]' passed (0.001 seconds).
Test Case '-[HavitalTests.OnboardingFeatureViewModelTests testLoadTrainingOverview_V1User_CallsV1RepoNotV2]' started.
[OnboardingFeatureViewModel] [DEBUG] [OnboardingFeatureVM] Initialized with repositories (including V2 + Race + VersionRouter)
[OnboardingFeatureViewModel] [DEBUG] [OnboardingFeatureVM: loadTrainingOverviewV1] Training overview loaded: v1_overview_xyz
Test Case '-[HavitalTests.OnboardingFeatureViewModelTests testLoadTrainingOverview_V1User_CallsV1RepoNotV2]' passed (0.001 seconds).
Test Case '-[HavitalTests.OnboardingFeatureViewModelTests testLoadTrainingOverview_V2User_CallsV2RepoNotV1]' started.
[OnboardingFeatureViewModel] [DEBUG] [OnboardingFeatureVM] Initialized with repositories (including V2 + Race + VersionRouter)
[OnboardingFeatureViewModel] [INFO] [FirebaseLogging] onboarding_load_overview_v2
[OnboardingFeatureViewModel] [DEBUG] [OnboardingFeatureVM] V2 training overview loaded: overview_001
[AuthSessionRepositoryImpl] [ERROR] [AuthSession] ❌ Failed to get ID Token: 登入憑證已過期
[FirebaseLogging] 上傳失敗: 登入憑證已過期
Test Case '-[HavitalTests.OnboardingFeatureViewModelTests testLoadTrainingOverview_V2User_CallsV2RepoNotV1]' passed (0.006 seconds).
Test Case '-[HavitalTests.OnboardingFeatureViewModelTests testLoadTrainingOverview_V2User_RepoThrows_SetsUserFriendlyErrorMessage]' started.
[OnboardingFeatureViewModel] [DEBUG] [OnboardingFeatureVM] Initialized with repositories (including V2 + Race + VersionRouter)
[OnboardingFeatureViewModel] [WARN] [OnboardingFeatureVM] V2 loadTrainingOverview failed: The operation couldn’t be completed. (paceriz_dev.TrainingPlanV2Error error 15.)
Test Case '-[HavitalTests.OnboardingFeatureViewModelTests testLoadTrainingOverview_V2User_RepoThrows_SetsUserFriendlyErrorMessage]' passed (0.001 seconds).
Test Case '-[HavitalTests.OnboardingFeatureViewModelTests testSaveTrainingDays_Success]' started.
[OnboardingFeatureViewModel] [DEBUG] [OnboardingFeatureVM] Initialized with repositories (including V2 + Race + VersionRouter)
[OnboardingFeatureViewModel] [DEBUG] [OnboardingFeatureVM] Training overview created: plan_id
Test Case '-[HavitalTests.OnboardingFeatureViewModelTests testSaveTrainingDays_Success]' passed (0.001 seconds).
Test Case '-[HavitalTests.OnboardingFeatureViewModelTests testSaveTrainingDays_ValidationFailure]' started.
[OnboardingFeatureViewModel] [DEBUG] [OnboardingFeatureVM] Initialized with repositories (including V2 + Race + VersionRouter)
Test Case '-[HavitalTests.OnboardingFeatureViewModelTests testSaveTrainingDays_ValidationFailure]' passed (0.001 seconds).
Test Case '-[HavitalTests.OnboardingFeatureViewModelTests testSaveWeeklyDistance_Success]' started.
[OnboardingFeatureViewModel] [DEBUG] [OnboardingFeatureVM] Initialized with repositories (including V2 + Race + VersionRouter)
[OnboardingFeatureViewModel] [DEBUG] [OnboardingFeatureVM] Weekly distance saved: 25km
Test Case '-[HavitalTests.OnboardingFeatureViewModelTests testSaveWeeklyDistance_Success]' passed (0.001 seconds).
Test Case '-[HavitalTests.OnboardingFeatureViewModelTests testSelectPersonalBest_UpdatesState]' started.
[OnboardingFeatureViewModel] [DEBUG] [OnboardingFeatureVM] Initialized with repositories (including V2 + Race + VersionRouter)
[OnboardingFeatureViewModel] [DEBUG] [OnboardingFeatureVM] Selected PB: 5km, time: 30:00
Test Case '-[HavitalTests.OnboardingFeatureViewModelTests testSelectPersonalBest_UpdatesState]' passed (0.000 seconds).
Test Case '-[HavitalTests.OnboardingFeatureViewModelTests testSelectRaceEvent_ClearsSelectedTargetKey]' started.
[OnboardingFeatureViewModel] [DEBUG] [OnboardingFeatureVM] Initialized with repositories (including V2 + Race + VersionRouter)
[OnboardingFeatureViewModel] [DEBUG] [OnboardingFeatureVM] 選擇已有目標: 既有賽事, 距離: 21km -> 21.0975
Test Case '-[HavitalTests.OnboardingFeatureViewModelTests testSelectRaceEvent_ClearsSelectedTargetKey]' passed (0.000 seconds).
Test Case '-[HavitalTests.OnboardingFeatureViewModelTests testSelectRaceEvent_ThenCreateRaceTarget_CreatesNewTarget]' started.
[OnboardingFeatureViewModel] [DEBUG] [OnboardingFeatureVM] Initialized with repositories (including V2 + Race + VersionRouter)
[OnboardingFeatureViewModel] [DEBUG] [OnboardingFeatureVM] 選擇已有目標: 既有賽事, 距離: 21km -> 21.0975
[TrainingWeeksCalculator] [DEBUG] 📅 [TrainingWeeksCalculator] 計算訓練週數:
[TrainingWeeksCalculator] [DEBUG]   ├─ 創建日期: 2026-08-29
[TrainingWeeksCalculator] [DEBUG]   ├─ 比賽日期: 2026-11-27
[TrainingWeeksCalculator] [DEBUG]   ├─ 創建週一: 2026-08-24
[TrainingWeeksCalculator] [DEBUG]   ├─ 比賽週一: 2026-11-23
[TrainingWeeksCalculator] [DEBUG]   ├─ 天數差: 91 天
[TrainingWeeksCalculator] [DEBUG]   └─ 訓練週數: 14 週
[OnboardingFeatureViewModel] [DEBUG] [OnboardingFeatureVM] 新目標創建成功: 新賽事, id: 076C48B1-ACAD-486B-A459-3BE981006AB1
Test Case '-[HavitalTests.OnboardingFeatureViewModelTests testSelectRaceEvent_ThenCreateRaceTarget_CreatesNewTarget]' passed (0.001 seconds).
Test Case '-[HavitalTests.OnboardingFeatureViewModelTests testSelectTarget_ClearsSelectedRaceDatabaseState]' started.
[OnboardingFeatureViewModel] [DEBUG] [OnboardingFeatureVM] Initialized with repositories (including V2 + Race + VersionRouter)
[OnboardingFeatureViewModel] [DEBUG] [OnboardingFeatureVM] 選擇已有目標: 既有目標賽事, 距離: 10km -> 10
Test Case '-[HavitalTests.OnboardingFeatureViewModelTests testSelectTarget_ClearsSelectedRaceDatabaseState]' passed (0.000 seconds).
Test Case '-[HavitalTests.OnboardingFeatureViewModelTests testUpdatePersonalBest_InvalidTime]' started.
[OnboardingFeatureViewModel] [DEBUG] [OnboardingFeatureVM] Initialized with repositories (including V2 + Race + VersionRouter)
Test Case '-[HavitalTests.OnboardingFeatureViewModelTests testUpdatePersonalBest_InvalidTime]' passed (0.001 seconds).
Test Case '-[HavitalTests.OnboardingFeatureViewModelTests testUpdatePersonalBest_Success]' started.
[OnboardingFeatureViewModel] [DEBUG] [OnboardingFeatureVM] Initialized with repositories (including V2 + Race + VersionRouter)
[OnboardingFeatureViewModel] [DEBUG] [OnboardingFeatureVM] Personal best updated successfully
Test Case '-[HavitalTests.OnboardingFeatureViewModelTests testUpdatePersonalBest_Success]' passed (0.001 seconds).
Test Suite 'OnboardingFeatureViewModelTests' passed at 2026-08-29 15:40:08.495.
	 Executed 30 tests, with 0 failures (0 unexpected) in 0.029 (0.034) seconds
Test Suite 'PBMomentACTests' started at 2026-08-29 15:40:08.495.
Test Case '-[HavitalTests.PBMomentACTests test_ac_pbm_01_standardDistancePBRefreshIsDetected]' started.
Test Case '-[HavitalTests.PBMomentACTests test_ac_pbm_01_standardDistancePBRefreshIsDetected]' passed (0.001 seconds).
Test Case '-[HavitalTests.PBMomentACTests test_ac_pbm_02_noStandardDistanceDoesNotShowMoment]' started.
Test Case '-[HavitalTests.PBMomentACTests test_ac_pbm_02_noStandardDistanceDoesNotShowMoment]' passed (0.003 seconds).
Test Case '-[HavitalTests.PBMomentACTests test_ac_pbm_03_processingWorkoutDoesNotClaimPB]' started.
Test Case '-[HavitalTests.PBMomentACTests test_ac_pbm_03_processingWorkoutDoesNotClaimPB]' passed (0.003 seconds).
Test Case '-[HavitalTests.PBMomentACTests test_ac_pbm_04_firstRecordCopyAvoidsRefreshLanguage]' started.
Test Case '-[HavitalTests.PBMomentACTests test_ac_pbm_04_firstRecordCopyAvoidsRefreshLanguage]' passed (0.008 seconds).
Test Case '-[HavitalTests.PBMomentACTests test_ac_pbm_05_workoutDetailShowsPBMoment]' started.
Test Case '-[HavitalTests.PBMomentACTests test_ac_pbm_05_workoutDetailShowsPBMoment]' passed (0.002 seconds).
Test Case '-[HavitalTests.PBMomentACTests test_ac_pbm_06_momentContainsRequiredFields]' started.
Test Case '-[HavitalTests.PBMomentACTests test_ac_pbm_06_momentContainsRequiredFields]' passed (0.001 seconds).
Test Case '-[HavitalTests.PBMomentACTests test_ac_pbm_07_multiplePBPrioritizesLargestImprovement]' started.
Test Case '-[HavitalTests.PBMomentACTests test_ac_pbm_07_multiplePBPrioritizesLargestImprovement]' passed (0.003 seconds).
Test Case '-[HavitalTests.PBMomentACTests test_ac_pbm_08_seenWorkoutDoesNotBlockAgain]' started.
Test Case '-[HavitalTests.PBMomentACTests test_ac_pbm_08_seenWorkoutDoesNotBlockAgain]' passed (0.001 seconds).
Test Case '-[HavitalTests.PBMomentACTests test_ac_pbm_09_shareCardContainsPBFields]' started.
Test Case '-[HavitalTests.PBMomentACTests test_ac_pbm_09_shareCardContainsPBFields]' passed (0.000 seconds).
Test Case '-[HavitalTests.PBMomentACTests test_ac_pbm_10_shareCardExcludesSensitiveFields]' started.
Test Case '-[HavitalTests.PBMomentACTests test_ac_pbm_10_shareCardExcludesSensitiveFields]' passed (0.003 seconds).
Test Case '-[HavitalTests.PBMomentACTests test_ac_pbm_11_shareFallbackSaveOrScreenshot]' started.
Test Case '-[HavitalTests.PBMomentACTests test_ac_pbm_11_shareFallbackSaveOrScreenshot]' passed (0.001 seconds).
Test Case '-[HavitalTests.PBMomentACTests test_ac_pbm_12_shareCardReadableConstraints]' started.
Test Case '-[HavitalTests.PBMomentACTests test_ac_pbm_12_shareCardReadableConstraints]' passed (0.001 seconds).
Test Case '-[HavitalTests.PBMomentACTests test_ac_pbm_12a_threeLanguageLocalization]' started.
Test Case '-[HavitalTests.PBMomentACTests test_ac_pbm_12a_threeLanguageLocalization]' passed (0.067 seconds).
Test Case '-[HavitalTests.PBMomentACTests test_ac_pbm_14_workoutDetailPBBadge]' started.
Test Case '-[HavitalTests.PBMomentACTests test_ac_pbm_14_workoutDetailPBBadge]' passed (0.001 seconds).
Test Case '-[HavitalTests.PBMomentACTests test_ac_pbm_16_pbMomentEventsTracked]' started.
Test Case '-[HavitalTests.PBMomentACTests test_ac_pbm_16_pbMomentEventsTracked]' passed (0.004 seconds).
Test Case '-[HavitalTests.PBMomentACTests test_ac_pbm_17_analyticsPayloadPrivacy]' started.
Test Case '-[HavitalTests.PBMomentACTests test_ac_pbm_17_analyticsPayloadPrivacy]' passed (0.002 seconds).
Test Suite 'PBMomentACTests' passed at 2026-08-29 15:40:08.599.
	 Executed 16 tests, with 0 failures (0 unexpected) in 0.101 (0.104) seconds
Test Suite 'PaceCalculatorMigrationTests' started at 2026-08-29 15:40:08.599.
Test Case '-[HavitalTests.PaceCalculatorMigrationTests testMigration_vdot45_easy]' started.
Test Case '-[HavitalTests.PaceCalculatorMigrationTests testMigration_vdot45_easy]' passed (0.002 seconds).
Test Case '-[HavitalTests.PaceCalculatorMigrationTests testMigration_vdot45_interval]' started.
Test Case '-[HavitalTests.PaceCalculatorMigrationTests testMigration_vdot45_interval]' passed (0.000 seconds).
Test Case '-[HavitalTests.PaceCalculatorMigrationTests testMigration_vdot45_threshold]' started.
Test Case '-[HavitalTests.PaceCalculatorMigrationTests testMigration_vdot45_threshold]' passed (0.000 seconds).
Test Case '-[HavitalTests.PaceCalculatorMigrationTests testMigration_vdot50_easy]' started.
Test Case '-[HavitalTests.PaceCalculatorMigrationTests testMigration_vdot50_easy]' passed (0.000 seconds).
Test Case '-[HavitalTests.PaceCalculatorMigrationTests testMigration_vdot50_threshold]' started.
Test Case '-[HavitalTests.PaceCalculatorMigrationTests testMigration_vdot50_threshold]' passed (0.000 seconds).
Test Case '-[HavitalTests.PaceCalculatorMigrationTests testNilSafety_unknownType_returnsNil]' started.
Test Case '-[HavitalTests.PaceCalculatorMigrationTests testNilSafety_unknownType_returnsNil]' passed (0.000 seconds).
Test Case '-[HavitalTests.PaceCalculatorMigrationTests testSanity_easySlowerThanThreshold_vdot45]' started.
Test Case '-[HavitalTests.PaceCalculatorMigrationTests testSanity_easySlowerThanThreshold_vdot45]' passed (0.000 seconds).
Test Case '-[HavitalTests.PaceCalculatorMigrationTests testSanity_higherVdot_fasterEasyPace]' started.
Test Case '-[HavitalTests.PaceCalculatorMigrationTests testSanity_higherVdot_fasterEasyPace]' passed (0.000 seconds).
Test Case '-[HavitalTests.PaceCalculatorMigrationTests testSanity_thresholdSlowerThanInterval_vdot45]' started.
Test Case '-[HavitalTests.PaceCalculatorMigrationTests testSanity_thresholdSlowerThanInterval_vdot45]' passed (0.000 seconds).
Test Suite 'PaceCalculatorMigrationTests' passed at 2026-08-29 15:40:08.605.
	 Executed 9 tests, with 0 failures (0 unexpected) in 0.004 (0.006) seconds
Test Suite 'PacerizRPEMetadataTests' started at 2026-08-29 15:40:08.605.
Test Case '-[HavitalTests.PacerizRPEMetadataTests test_missingRPE_returnsNil]' started.
Test Case '-[HavitalTests.PacerizRPEMetadataTests test_missingRPE_returnsNil]' passed (0.001 seconds).
Test Case '-[HavitalTests.PacerizRPEMetadataTests test_outOfRangeRPE_isIgnored]' started.
Test Case '-[HavitalTests.PacerizRPEMetadataTests test_outOfRangeRPE_isIgnored]' passed (0.001 seconds).
Test Case '-[HavitalTests.PacerizRPEMetadataTests test_validIntegerRPE_isExtracted]' started.
Test Case '-[HavitalTests.PacerizRPEMetadataTests test_validIntegerRPE_isExtracted]' passed (0.000 seconds).
Test Case '-[HavitalTests.PacerizRPEMetadataTests test_validNSNumberRPE_isExtracted]' started.
Test Case '-[HavitalTests.PacerizRPEMetadataTests test_validNSNumberRPE_isExtracted]' passed (0.000 seconds).
Test Suite 'PacerizRPEMetadataTests' passed at 2026-08-29 15:40:08.608.
	 Executed 4 tests, with 0 failures (0 unexpected) in 0.003 (0.003) seconds
Test Suite 'PaywallACTests' started at 2026-08-29 15:40:08.608.
Test Case '-[HavitalTests.PaywallACTests test_ac_paywall_01_sheet_navigation_title_unified]' started.
Test Case '-[HavitalTests.PaywallACTests test_ac_paywall_01_sheet_navigation_title_unified]' passed (0.000 seconds).
Test Case '-[HavitalTests.PaywallACTests test_ac_paywall_02_sheet_section_order]' started.
Test Case '-[HavitalTests.PaywallACTests test_ac_paywall_02_sheet_section_order]' passed (0.000 seconds).
Test Case '-[HavitalTests.PaywallACTests test_ac_paywall_03_restore_purchase_entry]' started.
Test Case '-[HavitalTests.PaywallACTests test_ac_paywall_03_restore_purchase_entry]' passed (0.000 seconds).
Test Case '-[HavitalTests.PaywallACTests test_ac_paywall_04_default_entry_default_hero]' started.
Test Case '-[HavitalTests.PaywallACTests test_ac_paywall_04_default_entry_default_hero]' passed (0.000 seconds).
Test Case '-[HavitalTests.PaywallACTests test_ac_paywall_05_resubscribe_entry_resubscribe_hero]' started.
Test Case '-[HavitalTests.PaywallACTests test_ac_paywall_05_resubscribe_entry_resubscribe_hero]' passed (0.000 seconds).
Test Case '-[HavitalTests.PaywallACTests test_ac_paywall_06_change_plan_entry_change_hero]' started.
Test Case '-[HavitalTests.PaywallACTests test_ac_paywall_06_change_plan_entry_change_hero]' passed (0.001 seconds).
Test Case '-[HavitalTests.PaywallACTests test_ac_paywall_07_timeline_shown_on_yearly_focus]' started.
Test Case '-[HavitalTests.PaywallACTests test_ac_paywall_07_timeline_shown_on_yearly_focus]' passed (0.000 seconds).
Test Case '-[HavitalTests.PaywallACTests test_ac_paywall_08_timeline_hidden_on_monthly_focus]' started.
Test Case '-[HavitalTests.PaywallACTests test_ac_paywall_08_timeline_hidden_on_monthly_focus]' passed (0.000 seconds).
Test Case '-[HavitalTests.PaywallACTests test_ac_paywall_09_timeline_hidden_during_trial]' started.
Test Case '-[HavitalTests.PaywallACTests test_ac_paywall_09_timeline_hidden_during_trial]' passed (0.000 seconds).
Test Case '-[HavitalTests.PaywallACTests test_ac_paywall_10_features_four_groups]' started.
Test Case '-[HavitalTests.PaywallACTests test_ac_paywall_10_features_four_groups]' passed (0.000 seconds).
Test Case '-[HavitalTests.PaywallACTests test_ac_paywall_11_features_no_brand_abstract_claims]' started.
Test Case '-[HavitalTests.PaywallACTests test_ac_paywall_11_features_no_brand_abstract_claims]' passed (0.000 seconds).
Test Case '-[HavitalTests.PaywallACTests test_ac_paywall_12_default_section_always_visible]' started.
Test Case '-[HavitalTests.PaywallACTests test_ac_paywall_12_default_section_always_visible]' passed (0.000 seconds).
Test Case '-[HavitalTests.PaywallACTests test_ac_paywall_13_default_yearly_trial_label_is_offer_driven]' started.
Test Case '-[HavitalTests.PaywallACTests test_ac_paywall_13_default_yearly_trial_label_is_offer_driven]' passed (0.000 seconds).
Test Case '-[HavitalTests.PaywallACTests test_ac_paywall_14_default_monthly_immediate_billing_label]' started.
Test Case '-[HavitalTests.PaywallACTests test_ac_paywall_14_default_monthly_immediate_billing_label]' passed (0.000 seconds).
Test Case '-[HavitalTests.PaywallACTests test_ac_paywall_15_earlybird_section_visibility_eligibility]' started.
Test Case '-[HavitalTests.PaywallACTests test_ac_paywall_15_earlybird_section_visibility_eligibility]' passed (0.001 seconds).
Test Case '-[HavitalTests.PaywallACTests test_ac_paywall_16_earlybird_yearly_trial_label_is_offer_driven]' started.
Test Case '-[HavitalTests.PaywallACTests test_ac_paywall_16_earlybird_yearly_trial_label_is_offer_driven]' passed (0.000 seconds).
Test Case '-[HavitalTests.PaywallACTests test_ac_paywall_17_earlybird_monthly_immediate_billing_label]' started.
Test Case '-[HavitalTests.PaywallACTests test_ac_paywall_17_earlybird_monthly_immediate_billing_label]' passed (0.000 seconds).
Test Case '-[HavitalTests.PaywallACTests test_ac_paywall_18_trial_banner_shown_during_trial]' started.
Test Case '-[HavitalTests.PaywallACTests test_ac_paywall_18_trial_banner_shown_during_trial]' passed (0.000 seconds).
Test Case '-[HavitalTests.PaywallACTests test_ac_paywall_19_trial_banner_hidden_outside_trial]' started.
Test Case '-[HavitalTests.PaywallACTests test_ac_paywall_19_trial_banner_hidden_outside_trial]' passed (0.000 seconds).
Test Case '-[HavitalTests.PaywallACTests test_ac_paywall_20_disclosure_trial_for_yearly]' started.
Test Case '-[HavitalTests.PaywallACTests test_ac_paywall_20_disclosure_trial_for_yearly]' passed (0.001 seconds).
Test Case '-[HavitalTests.PaywallACTests test_ac_paywall_21_disclosure_standard_for_monthly]' started.
Test Case '-[HavitalTests.PaywallACTests test_ac_paywall_21_disclosure_standard_for_monthly]' passed (0.002 seconds).
Test Case '-[HavitalTests.PaywallACTests test_ac_paywall_22_weekly_plan_inline_card_i18n_keys_present]' started.
Test Case '-[HavitalTests.PaywallACTests test_ac_paywall_22_weekly_plan_inline_card_i18n_keys_present]' passed (0.000 seconds).
Test Case '-[HavitalTests.PaywallACTests test_ac_paywall_23_weekly_review_inline_card_i18n_keys_present]' started.
Test Case '-[HavitalTests.PaywallACTests test_ac_paywall_23_weekly_review_inline_card_i18n_keys_present]' passed (0.000 seconds).
Test Case '-[HavitalTests.PaywallACTests test_ac_paywall_24_target_race_inline_card_i18n_keys_present]' started.
Test Case '-[HavitalTests.PaywallACTests test_ac_paywall_24_target_race_inline_card_i18n_keys_present]' passed (0.000 seconds).
Test Case '-[HavitalTests.PaywallACTests test_ac_paywall_25_week1_plan_no_subscription_required]' started.
Test Case '-[HavitalTests.PaywallACTests test_ac_paywall_25_week1_plan_no_subscription_required]' passed (0.000 seconds).
Test Case '-[HavitalTests.PaywallACTests test_ac_paywall_26_week2_plan_requires_subscription_when_enforcement_enabled]' started.
Test Case '-[HavitalTests.PaywallACTests test_ac_paywall_26_week2_plan_requires_subscription_when_enforcement_enabled]' passed (0.000 seconds).
Test Case '-[HavitalTests.PaywallACTests test_ac_paywall_27_subscriber_passes_without_inline_card]' started.
Test Case '-[HavitalTests.PaywallACTests test_ac_paywall_27_subscriber_passes_without_inline_card]' passed (0.000 seconds).
Test Case '-[HavitalTests.PaywallACTests test_ac_paywall_28_analytics_event_includes_sub_source_for_resubscribe]' started.
Test Case '-[HavitalTests.PaywallACTests test_ac_paywall_28_analytics_event_includes_sub_source_for_resubscribe]' passed (0.000 seconds).
Test Case '-[HavitalTests.PaywallACTests test_ac_paywall_28_analytics_event_name_is_paywall_opened]' started.
Test Case '-[HavitalTests.PaywallACTests test_ac_paywall_28_analytics_event_name_is_paywall_opened]' passed (0.000 seconds).
Test Case '-[HavitalTests.PaywallACTests test_ac_paywall_28_paywall_trigger_source_enum_covers_all_7_sources]' started.
Test Case '-[HavitalTests.PaywallACTests test_ac_paywall_28_paywall_trigger_source_enum_covers_all_7_sources]' passed (0.002 seconds).
Test Case '-[HavitalTests.PaywallACTests test_ac_paywall_28_resubscribe_trigger_is_resubscribe]' started.
Test Case '-[HavitalTests.PaywallACTests test_ac_paywall_28_resubscribe_trigger_is_resubscribe]' passed (0.000 seconds).
Test Case '-[HavitalTests.PaywallACTests test_ac_paywall_29_apple_intro_trial_days_computed_from_trial_end_at]' started.
Test Case '-[HavitalTests.PaywallACTests test_ac_paywall_29_apple_intro_trial_days_computed_from_trial_end_at]' passed (0.000 seconds).
Test Case '-[HavitalTests.PaywallACTests test_ac_paywall_29_trial_active_still_maps_for_backward_compatibility]' started.
Test Case '-[HavitalTests.PaywallACTests test_ac_paywall_29_trial_active_still_maps_for_backward_compatibility]' passed (0.000 seconds).
Test Case '-[HavitalTests.PaywallACTests test_ac_paywall_30_i18n_keys_all_three_languages]' started.
Test Case '-[HavitalTests.PaywallACTests test_ac_paywall_30_i18n_keys_all_three_languages]' passed (0.001 seconds).
Test Case '-[HavitalTests.PaywallACTests test_ac_paywall_31_asc_config_30day_free_trial]' started.
Test Case '-[HavitalTests.PaywallACTests test_ac_paywall_31_asc_config_30day_free_trial]' passed (0.000 seconds).
Test Case '-[HavitalTests.PaywallACTests test_ac_paywall_32_disclosure_contains_privacy_link]' started.
Test Case '-[HavitalTests.PaywallACTests test_ac_paywall_32_disclosure_contains_privacy_link]' passed (0.002 seconds).
Test Case '-[HavitalTests.PaywallACTests test_ac_paywall_33_disclosure_contains_terms_link]' started.
Test Case '-[HavitalTests.PaywallACTests test_ac_paywall_33_disclosure_contains_terms_link]' passed (0.000 seconds).
Test Case '-[HavitalTests.PaywallACTests test_ac_paywall_34_disclosure_shows_trial_end_date_yearly]' started.
Test Case '-[HavitalTests.PaywallACTests test_ac_paywall_34_disclosure_shows_trial_end_date_yearly]' passed (0.000 seconds).
Test Case '-[HavitalTests.PaywallACTests test_ac_paywall_35_free_tier_banner_visible_when_unsubscribed_with_week1]' started.
[Subscription] State.update applied: none → none inGrace=false hasOverride=nil
[Subscription] State.update applied: none → expired inGrace=false hasOverride=nil
[Subscription] State.update applied: expired → none inGrace=false hasOverride=nil
[Subscription] State.update applied: none → active inGrace=false hasOverride=nil
[Subscription] State.update applied: active → active inGrace=false hasOverride=nil
[Subscription] State.update applied: active → none inGrace=false hasOverride=nil
Test Case '-[HavitalTests.PaywallACTests test_ac_paywall_35_free_tier_banner_visible_when_unsubscribed_with_week1]' passed (0.000 seconds).
Test Case '-[HavitalTests.PaywallACTests test_ac_paywall_36_settings_subscription_tier_indicator]' started.
Test Case '-[HavitalTests.PaywallACTests test_ac_paywall_36_settings_subscription_tier_indicator]' passed (0.000 seconds).
Test Case '-[HavitalTests.PaywallACTests test_ac_paywall_37_expired_dialog_suppressed_when_banner_visible]' started.
[Subscription] State.update applied: none → active inGrace=false hasOverride=nil
Test Case '-[HavitalTests.PaywallACTests test_ac_paywall_37_expired_dialog_suppressed_when_banner_visible]' passed (0.003 seconds).
Test Case '-[HavitalTests.PaywallACTests test_ac_paywall_38_grace_period_banner_shows_remaining_days]' started.
Test Case '-[HavitalTests.PaywallACTests test_ac_paywall_38_grace_period_banner_shows_remaining_days]' passed (0.000 seconds).
Test Case '-[HavitalTests.PaywallACTests test_ac_paywall_39_grace_period_has_premium_access_but_not_real_subscription]' started.
[Subscription] State.update applied: active → none inGrace=true hasOverride=nil
[Subscription] State.update applied: none → active inGrace=false hasOverride=nil
[Subscription] State.update applied: active → none inGrace=false hasOverride=nil
Test Case '-[HavitalTests.PaywallACTests test_ac_paywall_39_grace_period_has_premium_access_but_not_real_subscription]' passed (0.000 seconds).
Test Case '-[HavitalTests.PaywallACTests test_ac_paywall_40_profile_tier_label_grace_period_format]' started.
Test Case '-[HavitalTests.PaywallACTests test_ac_paywall_40_profile_tier_label_grace_period_format]' passed (0.000 seconds).
Test Case '-[HavitalTests.PaywallACTests test_compliance_conversion_view_uses_unlock_key]' started.
Test Case '-[HavitalTests.PaywallACTests test_compliance_conversion_view_uses_unlock_key]' passed (0.000 seconds).
Test Case '-[HavitalTests.PaywallACTests test_compliance_entry_card_cta_keys_make_no_trial_claim]' started.
Test Case '-[HavitalTests.PaywallACTests test_compliance_entry_card_cta_keys_make_no_trial_claim]' passed (0.000 seconds).
Test Case '-[HavitalTests.PaywallACTests test_compliance_entry_card_cta_no_trial_in_all_locales]' started.
Test Case '-[HavitalTests.PaywallACTests test_compliance_entry_card_cta_no_trial_in_all_locales]' passed (0.048 seconds).
Test Case '-[HavitalTests.PaywallACTests test_compliance_inline_upsell_uses_unlock_key]' started.
Test Case '-[HavitalTests.PaywallACTests test_compliance_inline_upsell_uses_unlock_key]' passed (0.001 seconds).
Test Suite 'PaywallACTests' passed at 2026-08-29 15:40:08.694.
	 Executed 48 tests, with 0 failures (0 unexpected) in 0.074 (0.085) seconds
Test Suite 'PaywallCardOfferDisplayTests' started at 2026-08-29 15:40:08.694.
Test Case '-[HavitalTests.PaywallCardOfferDisplayTests test_freeTrial_oneMonth_returns30DayTrial]' started.
Test Case '-[HavitalTests.PaywallCardOfferDisplayTests test_freeTrial_oneMonth_returns30DayTrial]' passed (0.001 seconds).
Test Case '-[HavitalTests.PaywallCardOfferDisplayTests test_introductoryPayUpFront_returnsDiscount]' started.
Test Case '-[HavitalTests.PaywallCardOfferDisplayTests test_introductoryPayUpFront_returnsDiscount]' passed (0.000 seconds).
Test Case '-[HavitalTests.PaywallCardOfferDisplayTests test_noOffer_returnsNone]' started.
Test Case '-[HavitalTests.PaywallCardOfferDisplayTests test_noOffer_returnsNone]' passed (0.000 seconds).
Test Case '-[HavitalTests.PaywallCardOfferDisplayTests test_promotional_payAsYouGo_returnsDiscount]' started.
Test Case '-[HavitalTests.PaywallCardOfferDisplayTests test_promotional_payAsYouGo_returnsDiscount]' passed (0.000 seconds).
Test Case '-[HavitalTests.PaywallCardOfferDisplayTests test_winBack_payUpFront_returnsDiscount]' started.
Test Case '-[HavitalTests.PaywallCardOfferDisplayTests test_winBack_payUpFront_returnsDiscount]' passed (0.000 seconds).
Test Suite 'PaywallCardOfferDisplayTests' passed at 2026-08-29 15:40:08.697.
	 Executed 5 tests, with 0 failures (0 unexpected) in 0.002 (0.003) seconds
Test Suite 'PaywallOfferingDecisionTests' started at 2026-08-29 15:40:08.697.
Test Case '-[HavitalTests.PaywallOfferingDecisionTests test_afterSunset_buyout_keepsGraduateEb1]' started.
Test Case '-[HavitalTests.PaywallOfferingDecisionTests test_afterSunset_buyout_keepsGraduateEb1]' passed (0.000 seconds).
Test Case '-[HavitalTests.PaywallOfferingDecisionTests test_afterSunset_noBuyout_showsStandard_noEb1Leak]' started.
Test Case '-[HavitalTests.PaywallOfferingDecisionTests test_afterSunset_noBuyout_showsStandard_noEb1Leak]' passed (0.000 seconds).
Test Case '-[HavitalTests.PaywallOfferingDecisionTests test_beforeSunset_buyout_showsGraduate]' started.
Test Case '-[HavitalTests.PaywallOfferingDecisionTests test_beforeSunset_buyout_showsGraduate]' passed (0.000 seconds).
Test Case '-[HavitalTests.PaywallOfferingDecisionTests test_beforeSunset_noBuyout_showsPublicEarlyBird]' started.
Test Case '-[HavitalTests.PaywallOfferingDecisionTests test_beforeSunset_noBuyout_showsPublicEarlyBird]' passed (0.000 seconds).
Test Case '-[HavitalTests.PaywallOfferingDecisionTests test_eligibleButGraduateMissing_fallsBackToCurrent_noCrash]' started.
Test Case '-[HavitalTests.PaywallOfferingDecisionTests test_eligibleButGraduateMissing_fallsBackToCurrent_noCrash]' passed (0.000 seconds).
Test Case '-[HavitalTests.PaywallOfferingDecisionTests test_nilRcCurrent_fallsBackToDefault]' started.
Test Case '-[HavitalTests.PaywallOfferingDecisionTests test_nilRcCurrent_fallsBackToDefault]' passed (0.000 seconds).
Test Case '-[HavitalTests.PaywallOfferingDecisionTests test_notEligible_neverSelectsGraduate_evenIfPresent]' started.
Test Case '-[HavitalTests.PaywallOfferingDecisionTests test_notEligible_neverSelectsGraduate_evenIfPresent]' passed (0.000 seconds).
Test Suite 'PaywallOfferingDecisionTests' passed at 2026-08-29 15:40:08.700.
	 Executed 7 tests, with 0 failures (0 unexpected) in 0.002 (0.003) seconds
Test Suite 'PaywallViewModelTests' started at 2026-08-29 15:40:08.701.
Test Case '-[HavitalTests.PaywallViewModelTests test_afterSunset_eligible_showsGraduateEb1]' started.
[Subscription] State.update skipped (no change): status=none inGrace=false
[Subscription] State.update applied: none → none inGrace=false hasOverride=nil
[Subscription] State.update applied: none → none inGrace=false hasOverride=nil
Test Case '-[HavitalTests.PaywallViewModelTests test_afterSunset_eligible_showsGraduateEb1]' passed (0.003 seconds).
Test Case '-[HavitalTests.PaywallViewModelTests test_afterSunset_nonEligible_showsStandardNoEarlyBird_evenWhenGraduateExists]' started.
[Subscription] State.update skipped (no change): status=none inGrace=false
[Subscription] State.update skipped (no change): status=none inGrace=false
[Subscription] State.update skipped (no change): status=none inGrace=false
Test Case '-[HavitalTests.PaywallViewModelTests test_afterSunset_nonEligible_showsStandardNoEarlyBird_evenWhenGraduateExists]' passed (0.000 seconds).
Test Case '-[HavitalTests.PaywallViewModelTests test_defaultPackages_discountOffer_yieldsDiscountDisplay]' started.
[Subscription] State.update skipped (no change): status=none inGrace=false
[Subscription] State.update skipped (no change): status=none inGrace=false
Test Case '-[HavitalTests.PaywallViewModelTests test_defaultPackages_discountOffer_yieldsDiscountDisplay]' passed (0.000 seconds).
Test Case '-[HavitalTests.PaywallViewModelTests test_defaultPackages_freeTrialOffer_yieldsFreeTrialDisplay]' started.
[Subscription] State.update skipped (no change): status=none inGrace=false
[Subscription] State.update skipped (no change): status=none inGrace=false
Test Case '-[HavitalTests.PaywallViewModelTests test_defaultPackages_freeTrialOffer_yieldsFreeTrialDisplay]' passed (0.000 seconds).
Test Case '-[HavitalTests.PaywallViewModelTests test_defaultPackages_noOffer_yieldsNoneDisplay]' started.
[Subscription] State.update skipped (no change): status=none inGrace=false
[Subscription] State.update skipped (no change): status=none inGrace=false
Test Case '-[HavitalTests.PaywallViewModelTests test_defaultPackages_noOffer_yieldsNoneDisplay]' passed (0.000 seconds).
Test Case '-[HavitalTests.PaywallViewModelTests test_defaultPackages_returns_default_offering_packages_when_current_is_early_bird]' started.
[Subscription] State.update skipped (no change): status=none inGrace=false
[Subscription] State.update skipped (no change): status=none inGrace=false
Test Case '-[HavitalTests.PaywallViewModelTests test_defaultPackages_returns_default_offering_packages_when_current_is_early_bird]' passed (0.016 seconds).
Test Case '-[HavitalTests.PaywallViewModelTests test_displayPackages_for_default_offering_no_line_through_no_badge]' started.
[Subscription] State.update skipped (no change): status=none inGrace=false
[Subscription] State.update skipped (no change): status=none inGrace=false
Test Case '-[HavitalTests.PaywallViewModelTests test_displayPackages_for_default_offering_no_line_through_no_badge]' passed (0.000 seconds).
Test Case '-[HavitalTests.PaywallViewModelTests test_displayPackages_for_early_bird_offering_includes_line_through_original_price]' started.
[Subscription] State.update skipped (no change): status=none inGrace=false
[Subscription] State.update skipped (no change): status=none inGrace=false
Test Case '-[HavitalTests.PaywallViewModelTests test_displayPackages_for_early_bird_offering_includes_line_through_original_price]' passed (0.001 seconds).
Test Case '-[HavitalTests.PaywallViewModelTests test_displayPackages_populatesOfferDisplay]' started.
[Subscription] State.update skipped (no change): status=none inGrace=false
[Subscription] State.update skipped (no change): status=none inGrace=false
Test Case '-[HavitalTests.PaywallViewModelTests test_displayPackages_populatesOfferDisplay]' passed (0.000 seconds).
Test Case '-[HavitalTests.PaywallViewModelTests test_early_bird_offering_displays_promo_badge_and_linethrough_original_price]' started.
[Subscription] State.update skipped (no change): status=none inGrace=false
[Subscription] State.update skipped (no change): status=none inGrace=false
Test Case '-[HavitalTests.PaywallViewModelTests test_early_bird_offering_displays_promo_badge_and_linethrough_original_price]' passed (0.001 seconds).
Test Case '-[HavitalTests.PaywallViewModelTests test_foreground_notification_triggers_offerings_reload]' started.
[Subscription] State.update skipped (no change): status=none inGrace=false
2026-08-29 15:40:08.730996+0900 paceriz_dev[36303:239941392] <SKPaymentQueue: 0x105f00140>: Error in remote proxy while checking server queue: Error Domain=SKInternalErrorDomain Code=12 "(null)" UserInfo={storefront-country-code=USA, client-environment-type=Sandbox}
[Subscription] State.update skipped (no change): status=none inGrace=false
Test Case '-[HavitalTests.PaywallViewModelTests test_foreground_notification_triggers_offerings_reload]' passed (0.013 seconds).
Test Case '-[HavitalTests.PaywallViewModelTests test_isEarlyBirdOffering_true_when_identifier_matches_or_product_in_set]' started.
[Subscription] State.update skipped (no change): status=none inGrace=false
[Subscription] State.update skipped (no change): status=none inGrace=false
Test Case '-[HavitalTests.PaywallViewModelTests test_isEarlyBirdOffering_true_when_identifier_matches_or_product_in_set]' passed (0.000 seconds).
Test Case '-[HavitalTests.PaywallViewModelTests test_isEarlyBirdOffering_true_when_rc_identifier_is_capitalized_with_space]' started.
[Subscription] State.update skipped (no change): status=none inGrace=false
[Subscription] State.update skipped (no change): status=none inGrace=false
Test Case '-[HavitalTests.PaywallViewModelTests test_isEarlyBirdOffering_true_when_rc_identifier_is_capitalized_with_space]' passed (0.000 seconds).
Test Case '-[HavitalTests.PaywallViewModelTests test_paywall_default_offering_renders_only_default_section]' started.
[Subscription] State.update skipped (no change): status=none inGrace=false
[Subscription] State.update skipped (no change): status=none inGrace=false
Test Case '-[HavitalTests.PaywallViewModelTests test_paywall_default_offering_renders_only_default_section]' passed (0.001 seconds).
Test Case '-[HavitalTests.PaywallViewModelTests test_paywall_early_bird_offering_renders_both_sections_in_order]' started.
[Subscription] State.update skipped (no change): status=none inGrace=false
[Subscription] State.update skipped (no change): status=none inGrace=false
Test Case '-[HavitalTests.PaywallViewModelTests test_paywall_early_bird_offering_renders_both_sections_in_order]' passed (0.001 seconds).
Test Case '-[HavitalTests.PaywallViewModelTests test_purchase_from_default_section_uses_same_purchase_flow]' started.
[Subscription] State.update skipped (no change): status=none inGrace=false
[Subscription] State.update applied: none → active inGrace=false hasOverride=nil
[Subscription] State.update applied: active → none inGrace=false hasOverride=nil
Test Case '-[HavitalTests.PaywallViewModelTests test_purchase_from_default_section_uses_same_purchase_flow]' passed (0.001 seconds).
Test Case '-[HavitalTests.PaywallViewModelTests test_redeemOfferCode_WhenCancelled_RestoresIdleState]' started.
[Subscription] State.update skipped (no change): status=none inGrace=false
[OfferRedemptionCoordinator] [DEBUG] [OfferRedemptionCoordinator] redeem from paywall
[Subscription] State.update skipped (no change): status=none inGrace=false
Test Case '-[HavitalTests.PaywallViewModelTests test_redeemOfferCode_WhenCancelled_RestoresIdleState]' passed (0.000 seconds).
Test Case '-[HavitalTests.PaywallViewModelTests test_trial_end_notification_ui_reflects_zero_days_remaining_when_intro_trial_expired]' started.
[Subscription] State.update skipped (no change): status=none inGrace=false
[Subscription] State.update applied: none → trial inGrace=false hasOverride=nil
[Subscription] State.update applied: trial → none inGrace=false hasOverride=nil
Test Case '-[HavitalTests.PaywallViewModelTests test_trial_end_notification_ui_reflects_zero_days_remaining_when_intro_trial_expired]' passed (0.000 seconds).
Test Case '-[HavitalTests.PaywallViewModelTests test_yearlyFreeTrialDays_nil_whenEarlyBirdSectionActive]' started.
[Subscription] State.update skipped (no change): status=none inGrace=false
[Subscription] State.update skipped (no change): status=none inGrace=false
Test Case '-[HavitalTests.PaywallViewModelTests test_yearlyFreeTrialDays_nil_whenEarlyBirdSectionActive]' passed (0.000 seconds).
Test Case '-[HavitalTests.PaywallViewModelTests test_yearlyFreeTrialDays_nil_whenNoTrial]' started.
[Subscription] State.update skipped (no change): status=none inGrace=false
[Subscription] State.update skipped (no change): status=none inGrace=false
Test Case '-[HavitalTests.PaywallViewModelTests test_yearlyFreeTrialDays_nil_whenNoTrial]' passed (0.001 seconds).
Test Case '-[HavitalTests.PaywallViewModelTests test_yearlyFreeTrialDays_nil_whenYearlyHasDiscountNotTrial]' started.
[Subscription] State.update skipped (no change): status=none inGrace=false
[Subscription] State.update skipped (no change): status=none inGrace=false
Test Case '-[HavitalTests.PaywallViewModelTests test_yearlyFreeTrialDays_nil_whenYearlyHasDiscountNotTrial]' passed (0.000 seconds).
Test Case '-[HavitalTests.PaywallViewModelTests test_yearlyFreeTrialDays_present_whenYearlyHasFreeTrial]' started.
[Subscription] State.update skipped (no change): status=none inGrace=false
[Subscription] State.update skipped (no change): status=none inGrace=false
Test Case '-[HavitalTests.PaywallViewModelTests test_yearlyFreeTrialDays_present_whenYearlyHasFreeTrial]' passed (0.000 seconds).
Test Case '-[HavitalTests.PaywallViewModelTests testPurchase_AnnualKeywordInOfferingId_SetsLastPurchasedPlanName_Yearly]' started.
[Subscription] State.update skipped (no change): status=none inGrace=false
[Subscription] State.update applied: none → active inGrace=false hasOverride=nil
[Subscription] State.update applied: active → none inGrace=false hasOverride=nil
Test Case '-[HavitalTests.PaywallViewModelTests testPurchase_AnnualKeywordInOfferingId_SetsLastPurchasedPlanName_Yearly]' passed (0.001 seconds).
Test Case '-[HavitalTests.PaywallViewModelTests testPurchase_Monthly_SetsLastPurchasedPlanName_Monthly]' started.
[Subscription] State.update skipped (no change): status=none inGrace=false
[Subscription] State.update applied: none → active inGrace=false hasOverride=nil
[Subscription] State.update applied: active → none inGrace=false hasOverride=nil
Test Case '-[HavitalTests.PaywallViewModelTests testPurchase_Monthly_SetsLastPurchasedPlanName_Monthly]' passed (0.000 seconds).
Test Case '-[HavitalTests.PaywallViewModelTests testPurchase_WhenAlreadyOptimisticallyUnlocked_DoesNotForceBackendRefresh]' started.
[Subscription] State.update skipped (no change): status=none inGrace=false
[Subscription] State.update applied: none → active inGrace=false hasOverride=nil
[Subscription] State.update applied: active → none inGrace=false hasOverride=nil
Test Case '-[HavitalTests.PaywallViewModelTests testPurchase_WhenAlreadyOptimisticallyUnlocked_DoesNotForceBackendRefresh]' passed (0.001 seconds).
Test Case '-[HavitalTests.PaywallViewModelTests testPurchase_WhenCancelled_DoesNotSetLastPurchasedPlanName]' started.
[Subscription] State.update skipped (no change): status=none inGrace=false
[Subscription] State.update skipped (no change): status=none inGrace=false
Test Case '-[HavitalTests.PaywallViewModelTests testPurchase_WhenCancelled_DoesNotSetLastPurchasedPlanName]' passed (0.000 seconds).
Test Case '-[HavitalTests.PaywallViewModelTests testPurchase_WhenFailed_DoesNotSetLastPurchasedPlanName]' started.
[Subscription] State.update skipped (no change): status=none inGrace=false
[Subscription] State.update skipped (no change): status=none inGrace=false
Test Case '-[HavitalTests.PaywallViewModelTests testPurchase_WhenFailed_DoesNotSetLastPurchasedPlanName]' passed (0.000 seconds).
Test Case '-[HavitalTests.PaywallViewModelTests testPurchase_WhenRepositoryReturnsFailure_TracksOfferTypeInPurchaseFail]' started.
[Subscription] State.update skipped (no change): status=none inGrace=false
[Subscription] State.update skipped (no change): status=none inGrace=false
Test Case '-[HavitalTests.PaywallViewModelTests testPurchase_WhenRepositoryReturnsFailure_TracksOfferTypeInPurchaseFail]' passed (0.001 seconds).
Test Case '-[HavitalTests.PaywallViewModelTests testPurchase_Yearly_SetsLastPurchasedPlanName_Yearly]' started.
[Subscription] State.update skipped (no change): status=none inGrace=false
[Subscription] State.update applied: none → active inGrace=false hasOverride=nil
[Subscription] State.update applied: active → none inGrace=false hasOverride=nil
Test Case '-[HavitalTests.PaywallViewModelTests testPurchase_Yearly_SetsLastPurchasedPlanName_Yearly]' passed (0.000 seconds).
Test Case '-[HavitalTests.PaywallViewModelTests testPurchaseRequest_WhenOfferTypeProvided_ForwardsOfferTypeToRepository]' started.
[Subscription] State.update skipped (no change): status=none inGrace=false
[Subscription] State.update skipped (no change): status=none inGrace=false
Test Case '-[HavitalTests.PaywallViewModelTests testPurchaseRequest_WhenOfferTypeProvided_ForwardsOfferTypeToRepository]' passed (0.000 seconds).
Test Case '-[HavitalTests.PaywallViewModelTests testRedeemOfferCode_WhenFailure_SetsFailedMessage]' started.
[Subscription] State.update skipped (no change): status=none inGrace=false
[OfferRedemptionCoordinator] [DEBUG] [OfferRedemptionCoordinator] redeem from paywall
[Subscription] State.update skipped (no change): status=none inGrace=false
Test Case '-[HavitalTests.PaywallViewModelTests testRedeemOfferCode_WhenFailure_SetsFailedMessage]' passed (0.001 seconds).
Test Case '-[HavitalTests.PaywallViewModelTests testRedeemOfferCode_WhenPending_SetsPendingMessage]' started.
[Subscription] State.update skipped (no change): status=none inGrace=false
[OfferRedemptionCoordinator] [DEBUG] [OfferRedemptionCoordinator] redeem from paywall
[Subscription] State.update skipped (no change): status=none inGrace=false
Test Case '-[HavitalTests.PaywallViewModelTests testRedeemOfferCode_WhenPending_SetsPendingMessage]' passed (0.000 seconds).
Test Case '-[HavitalTests.PaywallViewModelTests testRedeemOfferCode_WhenSuccess_SetsSuccess]' started.
[Subscription] State.update skipped (no change): status=none inGrace=false
[OfferRedemptionCoordinator] [DEBUG] [OfferRedemptionCoordinator] redeem from paywall
[Subscription] State.update skipped (no change): status=none inGrace=false
Test Case '-[HavitalTests.PaywallViewModelTests testRedeemOfferCode_WhenSuccess_SetsSuccess]' passed (0.001 seconds).
Test Case '-[HavitalTests.PaywallViewModelTests testRestorePurchases_WhenCancelled_SetsIdleAndDoesNotThrow]' started.
[Subscription] State.update skipped (no change): status=none inGrace=false
[Subscription] State.update skipped (no change): status=none inGrace=false
Test Case '-[HavitalTests.PaywallViewModelTests testRestorePurchases_WhenCancelled_SetsIdleAndDoesNotThrow]' passed (0.001 seconds).
Test Case '-[HavitalTests.PaywallViewModelTests testRestorePurchases_WhenNonCancellationError_SetsFailedAndThrows]' started.
[Subscription] State.update skipped (no change): status=none inGrace=false
[Subscription] State.update skipped (no change): status=none inGrace=false
Test Case '-[HavitalTests.PaywallViewModelTests testRestorePurchases_WhenNonCancellationError_SetsFailedAndThrows]' passed (0.000 seconds).
Test Case '-[HavitalTests.PaywallViewModelTests testRestorePurchases_WhenRestoreSucceedsAndSubscriptionIsActive_SetsSuccess]' started.
[Subscription] State.update skipped (no change): status=none inGrace=false
[PaywallViewModel] [DEBUG] [PaywallViewModel] refreshStatusWithRetry: status=active
[Subscription] State.update skipped (no change): status=none inGrace=false
Test Case '-[HavitalTests.PaywallViewModelTests testRestorePurchases_WhenRestoreSucceedsAndSubscriptionIsActive_SetsSuccess]' passed (0.001 seconds).
Test Case '-[HavitalTests.PaywallViewModelTests testRestorePurchases_WhenRestoreSucceedsAndSubscriptionIsCancelled_SetsSuccess]' started.
[Subscription] State.update skipped (no change): status=none inGrace=false
[PaywallViewModel] [DEBUG] [PaywallViewModel] refreshStatusWithRetry: status=cancelled
[Subscription] State.update skipped (no change): status=none inGrace=false
Test Case '-[HavitalTests.PaywallViewModelTests testRestorePurchases_WhenRestoreSucceedsAndSubscriptionIsCancelled_SetsSuccess]' passed (0.000 seconds).
Test Case '-[HavitalTests.PaywallViewModelTests testRestorePurchases_WhenRestoreSucceedsAndSubscriptionIsGracePeriod_SetsSuccess]' started.
[Subscription] State.update skipped (no change): status=none inGrace=false
[PaywallViewModel] [DEBUG] [PaywallViewModel] refreshStatusWithRetry: status=gracePeriod
[Subscription] State.update skipped (no change): status=none inGrace=false
Test Case '-[HavitalTests.PaywallViewModelTests testRestorePurchases_WhenRestoreSucceedsAndSubscriptionIsGracePeriod_SetsSuccess]' passed (0.001 seconds).
Test Case '-[HavitalTests.PaywallViewModelTests testShouldShowRestoreButton_WhenStatusIsActive_ReturnsFalse]' started.
[Subscription] State.update skipped (no change): status=none inGrace=false
[Subscription] State.update applied: none → active inGrace=false hasOverride=nil
[Subscription] State.update applied: active → none inGrace=false hasOverride=nil
Test Case '-[HavitalTests.PaywallViewModelTests testShouldShowRestoreButton_WhenStatusIsActive_ReturnsFalse]' passed (0.000 seconds).
Test Case '-[HavitalTests.PaywallViewModelTests testShouldShowRestoreButton_WhenStatusIsCancelled_ReturnsTrue]' started.
[Subscription] State.update skipped (no change): status=none inGrace=false
[Subscription] State.update applied: none → cancelled inGrace=false hasOverride=nil
[Subscription] State.update applied: cancelled → none inGrace=false hasOverride=nil
Test Case '-[HavitalTests.PaywallViewModelTests testShouldShowRestoreButton_WhenStatusIsCancelled_ReturnsTrue]' passed (0.000 seconds).
Test Case '-[HavitalTests.PaywallViewModelTests testShouldShowRestoreButton_WhenStatusIsExpired_ReturnsTrue]' started.
[Subscription] State.update skipped (no change): status=none inGrace=false
[Subscription] State.update applied: none → expired inGrace=false hasOverride=nil
[Subscription] State.update applied: expired → none inGrace=false hasOverride=nil
Test Case '-[HavitalTests.PaywallViewModelTests testShouldShowRestoreButton_WhenStatusIsExpired_ReturnsTrue]' passed (0.000 seconds).
Test Case '-[HavitalTests.PaywallViewModelTests testShouldShowRestoreButton_WhenStatusIsGracePeriod_ReturnsFalse]' started.
[Subscription] State.update skipped (no change): status=none inGrace=false
[Subscription] State.update applied: none → gracePeriod inGrace=false hasOverride=nil
[Subscription] State.update applied: gracePeriod → none inGrace=false hasOverride=nil
Test Case '-[HavitalTests.PaywallViewModelTests testShouldShowRestoreButton_WhenStatusIsGracePeriod_ReturnsFalse]' passed (0.000 seconds).
Test Case '-[HavitalTests.PaywallViewModelTests testShouldShowRestoreButton_WhenStatusIsNone_ReturnsTrue]' started.
[Subscription] State.update skipped (no change): status=none inGrace=false
[Subscription] State.update skipped (no change): status=none inGrace=false
[Subscription] State.update skipped (no change): status=none inGrace=false
Test Case '-[HavitalTests.PaywallViewModelTests testShouldShowRestoreButton_WhenStatusIsNone_ReturnsTrue]' passed (0.001 seconds).
Test Case '-[HavitalTests.PaywallViewModelTests testShouldShowRestoreButton_WhenStatusIsTrial_ReturnsFalse]' started.
[Subscription] State.update skipped (no change): status=none inGrace=false
[Subscription] State.update applied: none → trial inGrace=false hasOverride=nil
[Subscription] State.update applied: trial → none inGrace=false hasOverride=nil
Test Case '-[HavitalTests.PaywallViewModelTests testShouldShowRestoreButton_WhenStatusIsTrial_ReturnsFalse]' passed (0.000 seconds).
Test Case '-[HavitalTests.PaywallViewModelTests testTrackPaywallView_EmitsTriggerWithoutOfferType]' started.
[Subscription] State.update skipped (no change): status=none inGrace=false
[Subscription] State.update skipped (no change): status=none inGrace=false
[Subscription] State.update skipped (no change): status=none inGrace=false
Test Case '-[HavitalTests.PaywallViewModelTests testTrackPaywallView_EmitsTriggerWithoutOfferType]' passed (0.001 seconds).
Test Case '-[HavitalTests.PaywallViewModelTests testTrialDaysRemainingFallsBackToExpiresAtWhenNil]' started.
[Subscription] State.update skipped (no change): status=none inGrace=false
[Subscription] State.update applied: none → trial inGrace=false hasOverride=nil
[Subscription] State.update applied: trial → none inGrace=false hasOverride=nil
Test Case '-[HavitalTests.PaywallViewModelTests testTrialDaysRemainingFallsBackToExpiresAtWhenNil]' passed (0.000 seconds).
Test Case '-[HavitalTests.PaywallViewModelTests testTrialDaysRemainingIgnoresSyntheticSoftLaunchBypass9999]' started.
[Subscription] State.update skipped (no change): status=none inGrace=false
[Subscription] State.update applied: none → trial inGrace=false hasOverride=nil
[Subscription] State.update applied: trial → none inGrace=false hasOverride=nil
Test Case '-[HavitalTests.PaywallViewModelTests testTrialDaysRemainingIgnoresSyntheticSoftLaunchBypass9999]' passed (0.000 seconds).
Test Case '-[HavitalTests.PaywallViewModelTests testTrialDaysRemainingReturnsNilDuringIAPGracePeriod]' started.
[Subscription] State.update skipped (no change): status=none inGrace=false
[Subscription] State.update applied: none → trial inGrace=true hasOverride=nil
[Subscription] State.update applied: trial → none inGrace=false hasOverride=nil
Test Case '-[HavitalTests.PaywallViewModelTests testTrialDaysRemainingReturnsNilDuringIAPGracePeriod]' passed (0.001 seconds).
Test Case '-[HavitalTests.PaywallViewModelTests testTrialDaysRemainingReturnsNilWhenNotTrialStatus]' started.
[Subscription] State.update skipped (no change): status=none inGrace=false
[Subscription] State.update applied: none → active inGrace=false hasOverride=nil
[Subscription] State.update applied: active → none inGrace=false hasOverride=nil
Test Case '-[HavitalTests.PaywallViewModelTests testTrialDaysRemainingReturnsNilWhenNotTrialStatus]' passed (0.000 seconds).
Test Case '-[HavitalTests.PaywallViewModelTests testTrialDaysRemainingReturnsNilWhenTrialAndNoBackendValueNoExpiresAt]' started.
[Subscription] State.update skipped (no change): status=none inGrace=false
[Subscription] State.update applied: none → trial inGrace=false hasOverride=nil
[Subscription] State.update applied: trial → none inGrace=false hasOverride=nil
Test Case '-[HavitalTests.PaywallViewModelTests testTrialDaysRemainingReturnsNilWhenTrialAndNoBackendValueNoExpiresAt]' passed (0.001 seconds).
Test Case '-[HavitalTests.PaywallViewModelTests testTrialDaysRemainingStillAllowsAppleIntroTrialWhenEnforcementDisabled]' started.
[Subscription] State.update skipped (no change): status=none inGrace=false
[Subscription] State.update applied: none → active inGrace=false hasOverride=nil
[Subscription] State.update applied: active → none inGrace=false hasOverride=nil
Test Case '-[HavitalTests.PaywallViewModelTests testTrialDaysRemainingStillAllowsAppleIntroTrialWhenEnforcementDisabled]' passed (0.000 seconds).
Test Case '-[HavitalTests.PaywallViewModelTests testTrialDaysRemainingUsesBackendValueWhenPresent]' started.
[Subscription] State.update skipped (no change): status=none inGrace=false
[Subscription] State.update applied: none → trial inGrace=false hasOverride=nil
[Subscription] State.update applied: trial → none inGrace=false hasOverride=nil
Test Case '-[HavitalTests.PaywallViewModelTests testTrialDaysRemainingUsesBackendValueWhenPresent]' passed (0.000 seconds).
Test Suite 'PaywallViewModelTests' passed at 2026-08-29 15:40:08.769.
	 Executed 52 tests, with 0 failures (0 unexpected) in 0.059 (0.068) seconds
Test Suite 'PerformanceShareSectionsTests' started at 2026-08-29 15:40:08.770.
Test Case '-[HavitalTests.PerformanceShareSectionsTests test_defaultPerformanceShareSections_matchesOnScreenSectionOrder_withoutDuplicateTrainingLoad]' started.
Test Case '-[HavitalTests.PerformanceShareSectionsTests test_defaultPerformanceShareSections_matchesOnScreenSectionOrder_withoutDuplicateTrainingLoad]' passed (0.001 seconds).
Test Suite 'PerformanceShareSectionsTests' passed at 2026-08-29 15:40:08.771.
	 Executed 1 test, with 0 failures (0 unexpected) in 0.001 (0.001) seconds
Test Suite 'PersonalAchievementsViewModelTests' started at 2026-08-29 15:40:08.771.
Test Case '-[HavitalTests.PersonalAchievementsViewModelTests testBackfillAckHidesBanner]' started.
[AchievementsVM] load start forceRefresh=false appVersion=2.0.0 build=0
[PersonalAchievementsViewModel] [INFO] [AchievementsVM] load start forceRefresh=false appVersion=2.0.0 build=0
[AchievementsVM] load success state=loaded catalog=v1 groups=1 unlocked=2/30
[PersonalAchievementsViewModel] [INFO] [AchievementsVM] load success state=loaded catalog=v1 groups=1 unlocked=2/30
Test Case '-[HavitalTests.PersonalAchievementsViewModelTests testBackfillAckHidesBanner]' passed (0.205 seconds).
Test Case '-[HavitalTests.PersonalAchievementsViewModelTests testBadgeAndShareAnalyticsUseLowSensitivityPayload]' started.
Test Case '-[HavitalTests.PersonalAchievementsViewModelTests testBadgeAndShareAnalyticsUseLowSensitivityPayload]' passed (0.001 seconds).
Test Case '-[HavitalTests.PersonalAchievementsViewModelTests testLoadEmptyPublishesEmptyState]' started.
[AchievementsVM] load start forceRefresh=false appVersion=2.0.0 build=0
[PersonalAchievementsViewModel] [INFO] [AchievementsVM] load start forceRefresh=false appVersion=2.0.0 build=0
[AchievementsVM] load success state=empty catalog=v1 groups=0 unlocked=0/0
[PersonalAchievementsViewModel] [INFO] [AchievementsVM] load success state=empty catalog=v1 groups=0 unlocked=0/0
2026-08-29 15:40:09.000289+0900 paceriz_dev[36303:239941436] [offering] ERROR: 🍎‼️ Error fetching offerings - The operation couldn’t be completed. (RevenueCat.OfferingsManager.Error error 1.)
There's a problem with your configuration. None of the products registered in the RevenueCat dashboard could be fetched from App Store Connect (or the StoreKit Configuration file if one is being used). 
More information: https://rev.cat/why-are-offerings-empty
Test Case '-[HavitalTests.PersonalAchievementsViewModelTests testLoadEmptyPublishesEmptyState]' passed (0.109 seconds).
Test Case '-[HavitalTests.PersonalAchievementsViewModelTests testLoadErrorPublishesErrorState]' started.
[AchievementsVM] load start forceRefresh=false appVersion=2.0.0 build=0
[PersonalAchievementsViewModel] [INFO] [AchievementsVM] load start forceRefresh=false appVersion=2.0.0 build=0
[AchievementsVM] load failed state=error error=AchievementError: boom
[PersonalAchievementsViewModel] [ERROR] [AchievementsVM] load failed state=error error=AchievementError: boom
[PersonalAchievementsViewModel] [ERROR] [FirebaseLogging] Achievements screen entered error state
[AuthSessionRepositoryImpl] [ERROR] [AuthSession] ❌ Failed to get ID Token: 登入憑證已過期
[FirebaseLogging] 上傳失敗: 登入憑證已過期
Test Case '-[HavitalTests.PersonalAchievementsViewModelTests testLoadErrorPublishesErrorState]' passed (0.104 seconds).
Test Case '-[HavitalTests.PersonalAchievementsViewModelTests testLoadSuccessPublishesLoadedState]' started.
[AchievementsVM] load start forceRefresh=false appVersion=2.0.0 build=0
[PersonalAchievementsViewModel] [INFO] [AchievementsVM] load start forceRefresh=false appVersion=2.0.0 build=0
[AchievementsVM] load success state=loaded catalog=v1 groups=1 unlocked=2/30
[PersonalAchievementsViewModel] [INFO] [AchievementsVM] load success state=loaded catalog=v1 groups=1 unlocked=2/30
Test Case '-[HavitalTests.PersonalAchievementsViewModelTests testLoadSuccessPublishesLoadedState]' passed (0.104 seconds).
Test Suite 'PersonalAchievementsViewModelTests' passed at 2026-08-29 15:40:09.297.
	 Executed 5 tests, with 0 failures (0 unexpected) in 0.523 (0.526) seconds
Test Suite 'PinnedBadgeStorageTests' started at 2026-08-29 15:40:09.298.
Test Case '-[HavitalTests.PinnedBadgeStorageTests test_clear_removes]' started.
Test Case '-[HavitalTests.PinnedBadgeStorageTests test_clear_removes]' passed (0.003 seconds).
Test Case '-[HavitalTests.PinnedBadgeStorageTests test_load_returnsNil_whenNothingSaved]' started.
Test Case '-[HavitalTests.PinnedBadgeStorageTests test_load_returnsNil_whenNothingSaved]' passed (0.001 seconds).
Test Case '-[HavitalTests.PinnedBadgeStorageTests test_save_emptyString_unpins]' started.
Test Case '-[HavitalTests.PinnedBadgeStorageTests test_save_emptyString_unpins]' passed (0.003 seconds).
Test Case '-[HavitalTests.PinnedBadgeStorageTests test_save_nil_unpins]' started.
Test Case '-[HavitalTests.PinnedBadgeStorageTests test_save_nil_unpins]' passed (0.003 seconds).
Test Case '-[HavitalTests.PinnedBadgeStorageTests test_save_persistsBadgeId]' started.
Test Case '-[HavitalTests.PinnedBadgeStorageTests test_save_persistsBadgeId]' passed (0.003 seconds).
Test Suite 'PinnedBadgeStorageTests' passed at 2026-08-29 15:40:09.313.
	 Executed 5 tests, with 0 failures (0 unexpected) in 0.013 (0.015) seconds
Test Suite 'PlanChangeDiffFormatterTests' started at 2026-08-29 15:40:09.314.
Test Case '-[HavitalTests.PlanChangeDiffFormatterTests test_cross_category_rest_to_run]' started.
Test Case '-[HavitalTests.PlanChangeDiffFormatterTests test_cross_category_rest_to_run]' passed (0.002 seconds).
Test Case '-[HavitalTests.PlanChangeDiffFormatterTests test_decimal_distance_not_rounded]' started.
Test Case '-[HavitalTests.PlanChangeDiffFormatterTests test_decimal_distance_not_rounded]' passed (0.001 seconds).
Test Case '-[HavitalTests.PlanChangeDiffFormatterTests test_distance_only_change_shows_type_and_old_new_km]' started.
Test Case '-[HavitalTests.PlanChangeDiffFormatterTests test_distance_only_change_shows_type_and_old_new_km]' passed (0.001 seconds).
Test Case '-[HavitalTests.PlanChangeDiffFormatterTests test_lines_joins_multiple_days]' started.
Test Case '-[HavitalTests.PlanChangeDiffFormatterTests test_lines_joins_multiple_days]' passed (0.001 seconds).
Test Case '-[HavitalTests.PlanChangeDiffFormatterTests test_type_change_shows_old_arrow_new_type]' started.
Test Case '-[HavitalTests.PlanChangeDiffFormatterTests test_type_change_shows_old_arrow_new_type]' passed (0.001 seconds).
Test Case '-[HavitalTests.PlanChangeDiffFormatterTests test_unknown_run_type_falls_back_to_raw]' started.
Test Case '-[HavitalTests.PlanChangeDiffFormatterTests test_unknown_run_type_falls_back_to_raw]' passed (0.001 seconds).
Test Suite 'PlanChangeDiffFormatterTests' passed at 2026-08-29 15:40:09.321.
	 Executed 6 tests, with 0 failures (0 unexpected) in 0.005 (0.007) seconds
Test Suite 'PlanGenerationContextTests' started at 2026-08-29 15:40:09.321.
Test Case '-[HavitalTests.PlanGenerationContextTests test_phaseInfo_returnsCorrectPhaseWeekOffset]' started.
Test Case '-[HavitalTests.PlanGenerationContextTests test_phaseInfo_returnsCorrectPhaseWeekOffset]' passed (0.006 seconds).
Test Case '-[HavitalTests.PlanGenerationContextTests test_phaseInfo_returnsNilWhenNoStagesMatch]' started.
Test Case '-[HavitalTests.PlanGenerationContextTests test_phaseInfo_returnsNilWhenNoStagesMatch]' passed (0.001 seconds).
Test Case '-[HavitalTests.PlanGenerationContextTests test_phaseInfo_returnsNilWhenWeekOutOfRange]' started.
Test Case '-[HavitalTests.PlanGenerationContextTests test_phaseInfo_returnsNilWhenWeekOutOfRange]' passed (0.001 seconds).
Test Case '-[HavitalTests.PlanGenerationContextTests test_phaseInfo_weekOnEndBoundary]' started.
Test Case '-[HavitalTests.PlanGenerationContextTests test_phaseInfo_weekOnEndBoundary]' passed (0.001 seconds).
Test Case '-[HavitalTests.PlanGenerationContextTests test_phaseInfo_weekOnStartBoundary]' started.
Test Case '-[HavitalTests.PlanGenerationContextTests test_phaseInfo_weekOnStartBoundary]' passed (0.001 seconds).
Test Case '-[HavitalTests.PlanGenerationContextTests test_stageIdToLocalizedKey_base]' started.
Test Case '-[HavitalTests.PlanGenerationContextTests test_stageIdToLocalizedKey_base]' passed (0.000 seconds).
Test Case '-[HavitalTests.PlanGenerationContextTests test_stageIdToLocalizedKey_build]' started.
Test Case '-[HavitalTests.PlanGenerationContextTests test_stageIdToLocalizedKey_build]' passed (0.000 seconds).
Test Case '-[HavitalTests.PlanGenerationContextTests test_stageIdToLocalizedKey_caseInsensitive]' started.
Test Case '-[HavitalTests.PlanGenerationContextTests test_stageIdToLocalizedKey_caseInsensitive]' passed (0.000 seconds).
Test Case '-[HavitalTests.PlanGenerationContextTests test_stageIdToLocalizedKey_conversion]' started.
Test Case '-[HavitalTests.PlanGenerationContextTests test_stageIdToLocalizedKey_conversion]' passed (0.000 seconds).
Test Case '-[HavitalTests.PlanGenerationContextTests test_stageIdToLocalizedKey_peak]' started.
Test Case '-[HavitalTests.PlanGenerationContextTests test_stageIdToLocalizedKey_peak]' passed (0.000 seconds).
Test Case '-[HavitalTests.PlanGenerationContextTests test_stageIdToLocalizedKey_taper]' started.
Test Case '-[HavitalTests.PlanGenerationContextTests test_stageIdToLocalizedKey_taper]' passed (0.000 seconds).
Test Case '-[HavitalTests.PlanGenerationContextTests test_stageIdToLocalizedKey_unknown]' started.
Test Case '-[HavitalTests.PlanGenerationContextTests test_stageIdToLocalizedKey_unknown]' passed (0.000 seconds).
Test Suite 'PlanGenerationContextTests' passed at 2026-08-29 15:40:09.335.
	 Executed 12 tests, with 0 failures (0 unexpected) in 0.011 (0.014) seconds
Test Suite 'PlanOverviewMethodologyACTests' started at 2026-08-29 15:40:09.335.
Test Case '-[HavitalTests.PlanOverviewMethodologyACTests test_ac_ios_testparity_fixt_01_current_plan_overview_fixtures_decode_successfully]' started.
Test Case '-[HavitalTests.PlanOverviewMethodologyACTests test_ac_ios_testparity_fixt_01_current_plan_overview_fixtures_decode_successfully]' passed (0.001 seconds).
Test Case '-[HavitalTests.PlanOverviewMethodologyACTests test_ac_ios_testparity_inv_01_overview_fixtures_resolve_known_methodology_and_phase_ids]' started.
Test Case '-[HavitalTests.PlanOverviewMethodologyACTests test_ac_ios_testparity_inv_01_overview_fixtures_resolve_known_methodology_and_phase_ids]' passed (0.010 seconds).
Test Suite 'PlanOverviewMethodologyACTests' passed at 2026-08-29 15:40:09.347.
	 Executed 2 tests, with 0 failures (0 unexpected) in 0.011 (0.011) seconds
Test Suite 'PlanOverviewV2DecodingTests' started at 2026-08-29 15:40:09.347.
Test Case '-[HavitalTests.PlanOverviewV2DecodingTests test_decode_beginner10k_noRaceFields]' started.
Test Case '-[HavitalTests.PlanOverviewV2DecodingTests test_decode_beginner10k_noRaceFields]' passed (0.001 seconds).
Test Case '-[HavitalTests.PlanOverviewV2DecodingTests test_decode_maintenanceAerobic_minimalStages]' started.
Test Case '-[HavitalTests.PlanOverviewV2DecodingTests test_decode_maintenanceAerobic_minimalStages]' passed (0.001 seconds).
Test Case '-[HavitalTests.PlanOverviewV2DecodingTests test_decode_minimalFields_onlyRequiredPresent]' started.
Test Case '-[HavitalTests.PlanOverviewV2DecodingTests test_decode_minimalFields_onlyRequiredPresent]' passed (0.000 seconds).
Test Case '-[HavitalTests.PlanOverviewV2DecodingTests test_decode_raceRunPaceriz_allFieldsPopulated]' started.
Test Case '-[HavitalTests.PlanOverviewV2DecodingTests test_decode_raceRunPaceriz_allFieldsPopulated]' passed (0.000 seconds).
Test Case '-[HavitalTests.PlanOverviewV2DecodingTests test_decode_raceRunPaceriz_methodologyOverview]' started.
Test Case '-[HavitalTests.PlanOverviewV2DecodingTests test_decode_raceRunPaceriz_methodologyOverview]' passed (0.004 seconds).
Test Case '-[HavitalTests.PlanOverviewV2DecodingTests test_decode_raceRunPaceriz_milestones]' started.
Test Case '-[HavitalTests.PlanOverviewV2DecodingTests test_decode_raceRunPaceriz_milestones]' passed (0.001 seconds).
Test Case '-[HavitalTests.PlanOverviewV2DecodingTests test_decode_raceRunPaceriz_trainingStages]' started.
Test Case '-[HavitalTests.PlanOverviewV2DecodingTests test_decode_raceRunPaceriz_trainingStages]' passed (0.007 seconds).
Test Suite 'PlanOverviewV2DecodingTests' passed at 2026-08-29 15:40:09.362.
	 Executed 7 tests, with 0 failures (0 unexpected) in 0.014 (0.015) seconds
Test Suite 'PlanOverviewV2MapperTests' started at 2026-08-29 15:40:09.362.
Test Case '-[HavitalTests.PlanOverviewV2MapperTests test_entity_computedProperties]' started.
Test Case '-[HavitalTests.PlanOverviewV2MapperTests test_entity_computedProperties]' passed (0.001 seconds).
Test Case '-[HavitalTests.PlanOverviewV2MapperTests test_mapper_coreFieldsMapping]' started.
Test Case '-[HavitalTests.PlanOverviewV2MapperTests test_mapper_coreFieldsMapping]' passed (0.001 seconds).
Test Case '-[HavitalTests.PlanOverviewV2MapperTests test_mapper_emptyMilestones]' started.
Test Case '-[HavitalTests.PlanOverviewV2MapperTests test_mapper_emptyMilestones]' passed (0.001 seconds).
Test Case '-[HavitalTests.PlanOverviewV2MapperTests test_mapper_methodologyOverview]' started.
Test Case '-[HavitalTests.PlanOverviewV2MapperTests test_mapper_methodologyOverview]' passed (0.004 seconds).
Test Case '-[HavitalTests.PlanOverviewV2MapperTests test_mapper_milestones]' started.
Test Case '-[HavitalTests.PlanOverviewV2MapperTests test_mapper_milestones]' passed (0.001 seconds).
Test Case '-[HavitalTests.PlanOverviewV2MapperTests test_mapper_minimalFields]' started.
Test Case '-[HavitalTests.PlanOverviewV2MapperTests test_mapper_minimalFields]' passed (0.000 seconds).
Test Case '-[HavitalTests.PlanOverviewV2MapperTests test_mapper_trainingStages]' started.
Test Case '-[HavitalTests.PlanOverviewV2MapperTests test_mapper_trainingStages]' passed (0.006 seconds).
Test Suite 'PlanOverviewV2MapperTests' passed at 2026-08-29 15:40:09.377.
	 Executed 7 tests, with 0 failures (0 unexpected) in 0.013 (0.015) seconds
Test Suite 'PlanStatusV2DecodingTests' started at 2026-08-29 15:40:09.377.
Test Case '-[HavitalTests.PlanStatusV2DecodingTests test_decode_createSummary_actionAndOptionalFields]' started.
Test Case '-[HavitalTests.PlanStatusV2DecodingTests test_decode_createSummary_actionAndOptionalFields]' passed (0.000 seconds).
Test Case '-[HavitalTests.PlanStatusV2DecodingTests test_decode_viewPlan_allFieldsPopulated]' started.
Test Case '-[HavitalTests.PlanStatusV2DecodingTests test_decode_viewPlan_allFieldsPopulated]' passed (0.001 seconds).
Test Case '-[HavitalTests.PlanStatusV2DecodingTests test_decode_viewPlan_metadata]' started.
Test Case '-[HavitalTests.PlanStatusV2DecodingTests test_decode_viewPlan_metadata]' passed (0.003 seconds).
Test Case '-[HavitalTests.PlanStatusV2DecodingTests test_decode_viewPlan_nextWeekInfo]' started.
Test Case '-[HavitalTests.PlanStatusV2DecodingTests test_decode_viewPlan_nextWeekInfo]' passed (0.003 seconds).
Test Suite 'PlanStatusV2DecodingTests' passed at 2026-08-29 15:40:09.385.
	 Executed 4 tests, with 0 failures (0 unexpected) in 0.007 (0.008) seconds
Test Suite 'QARegressionTests' started at 2026-08-29 15:40:09.385.
Test Case '-[HavitalTests.QARegressionTests testBenchmark_labelColorNotRace]' started.
Test Case '-[HavitalTests.QARegressionTests testBenchmark_labelColorNotRace]' passed (0.001 seconds).
Test Case '-[HavitalTests.QARegressionTests testBenchmark_localizedNameNonEmpty]' started.
Test Case '-[HavitalTests.QARegressionTests testBenchmark_localizedNameNonEmpty]' passed (0.000 seconds).
Test Case '-[HavitalTests.QARegressionTests testBenchmark_rawValueDecodesToBenchmark_notRest]' started.
Test Case '-[HavitalTests.QARegressionTests testBenchmark_rawValueDecodesToBenchmark_notRest]' passed (0.000 seconds).
Test Case '-[HavitalTests.QARegressionTests testBenchmark_runActivityInfersBenchmarkDayType]' started.
Test Case '-[HavitalTests.QARegressionTests testBenchmark_runActivityInfersBenchmarkDayType]' passed (0.000 seconds).
Test Case '-[HavitalTests.QARegressionTests testBenchmark_showsPace]' started.
Test Case '-[HavitalTests.QARegressionTests testBenchmark_showsPace]' passed (0.000 seconds).
Test Case '-[HavitalTests.QARegressionTests testEasyRunTime_10kmAt7min00_shouldBe70min]' started.
Test Case '-[HavitalTests.QARegressionTests testEasyRunTime_10kmAt7min00_shouldBe70min]' passed (0.000 seconds).
Test Case '-[HavitalTests.QARegressionTests testEasyRunTime_3kmAt8min05_shouldBe24min]' started.
Test Case '-[HavitalTests.QARegressionTests testEasyRunTime_3kmAt8min05_shouldBe24min]' passed (0.000 seconds).
Test Case '-[HavitalTests.QARegressionTests testEasyRunTime_5kmAt6min40_shouldBe33min]' started.
Test Case '-[HavitalTests.QARegressionTests testEasyRunTime_5kmAt6min40_shouldBe33min]' passed (0.000 seconds).
Test Case '-[HavitalTests.QARegressionTests testIntensity_nonZeroWhenPlanHasRunDays]' started.
Test Case '-[HavitalTests.QARegressionTests testIntensity_nonZeroWhenPlanHasRunDays]' passed (0.003 seconds).
Test Case '-[HavitalTests.QARegressionTests testIntensity_pureEasyWeek_hasZeroHighAndMedium]' started.
Test Case '-[HavitalTests.QARegressionTests testIntensity_pureEasyWeek_hasZeroHighAndMedium]' passed (0.000 seconds).
Test Case '-[HavitalTests.QARegressionTests testIntensity_totalEqualsSum]' started.
Test Case '-[HavitalTests.QARegressionTests testIntensity_totalEqualsSum]' passed (0.000 seconds).
Test Case '-[HavitalTests.QARegressionTests testIntensity_weekWithCruiseIntervals_hasMediumGreaterThanZero]' started.
Test Case '-[HavitalTests.QARegressionTests testIntensity_weekWithCruiseIntervals_hasMediumGreaterThanZero]' passed (0.000 seconds).
Test Case '-[HavitalTests.QARegressionTests testIntensity_weekWithInterval_hasHighGreaterThanZero]' started.
Test Case '-[HavitalTests.QARegressionTests testIntensity_weekWithInterval_hasHighGreaterThanZero]' passed (0.000 seconds).
Test Case '-[HavitalTests.QARegressionTests testIntensity_weekWithNorwegian4x4_hasHighGreaterThanZero]' started.
Test Case '-[HavitalTests.QARegressionTests testIntensity_weekWithNorwegian4x4_hasHighGreaterThanZero]' passed (0.000 seconds).
Test Case '-[HavitalTests.QARegressionTests testLSD_distanceUnder35km]' started.
Test Case '-[HavitalTests.QARegressionTests testLSD_distanceUnder35km]' passed (0.000 seconds).
Test Case '-[HavitalTests.QARegressionTests testPace_allPacesAreValid]' started.
Test Case '-[HavitalTests.QARegressionTests testPace_allPacesAreValid]' passed (0.000 seconds).
Test Case '-[HavitalTests.QARegressionTests testPace_easyPaceSlowerThanTempoPace]' started.
Test Case '-[HavitalTests.QARegressionTests testPace_easyPaceSlowerThanTempoPace]' passed (0.000 seconds).
Test Case '-[HavitalTests.QARegressionTests testPaceCalculator_cruiseIntervals_shouldMapToTempoPaceZone]' started.
Test Case '-[HavitalTests.QARegressionTests testPaceCalculator_cruiseIntervals_shouldMapToTempoPaceZone]' passed (0.000 seconds).
Test Case '-[HavitalTests.QARegressionTests testPaceCalculator_easyRun_returnsPaceInEasyRange]' started.
Test Case '-[HavitalTests.QARegressionTests testPaceCalculator_easyRun_returnsPaceInEasyRange]' passed (0.000 seconds).
Test Case '-[HavitalTests.QARegressionTests testPaceCalculator_interval_returnsPaceInIntervalRange]' started.
Test Case '-[HavitalTests.QARegressionTests testPaceCalculator_interval_returnsPaceInIntervalRange]' passed (0.000 seconds).
Test Case '-[HavitalTests.QARegressionTests testPaceCalculator_norwegian4x4_shouldMapToIntervalPaceZone]' started.
Test Case '-[HavitalTests.QARegressionTests testPaceCalculator_norwegian4x4_shouldMapToIntervalPaceZone]' passed (0.000 seconds).
Test Case '-[HavitalTests.QARegressionTests testPaceCalculator_vdot30_easyPace_isSlowerThan8min]' started.
Test Case '-[HavitalTests.QARegressionTests testPaceCalculator_vdot30_easyPace_isSlowerThan8min]' passed (0.000 seconds).
Test Case '-[HavitalTests.QARegressionTests testPaceCalculator_vdot30_intervalPace_isFasterThanEasyPace]' started.
Test Case '-[HavitalTests.QARegressionTests testPaceCalculator_vdot30_intervalPace_isFasterThanEasyPace]' passed (0.000 seconds).
Test Case '-[HavitalTests.QARegressionTests testQualitySessions_notConsecutive]' started.
Test Case '-[HavitalTests.QARegressionTests testQualitySessions_notConsecutive]' passed (0.000 seconds).
Test Case '-[HavitalTests.QARegressionTests testShouldHidePace_cruiseIntervals_returnsFalse]' started.
Test Case '-[HavitalTests.QARegressionTests testShouldHidePace_cruiseIntervals_returnsFalse]' passed (0.000 seconds).
Test Case '-[HavitalTests.QARegressionTests testShouldHidePace_easy_returnsTrue]' started.
Test Case '-[HavitalTests.QARegressionTests testShouldHidePace_easy_returnsTrue]' passed (0.000 seconds).
Test Case '-[HavitalTests.QARegressionTests testShouldHidePace_easyRun_returnsTrue]' started.
Test Case '-[HavitalTests.QARegressionTests testShouldHidePace_easyRun_returnsTrue]' passed (0.001 seconds).
Test Case '-[HavitalTests.QARegressionTests testShouldHidePace_interval_returnsFalse]' started.
Test Case '-[HavitalTests.QARegressionTests testShouldHidePace_interval_returnsFalse]' passed (0.000 seconds).
Test Case '-[HavitalTests.QARegressionTests testShouldHidePace_lsd_returnsTrue]' started.
Test Case '-[HavitalTests.QARegressionTests testShouldHidePace_lsd_returnsTrue]' passed (0.000 seconds).
Test Case '-[HavitalTests.QARegressionTests testShouldHidePace_norwegian4x4_returnsFalse]' started.
Test Case '-[HavitalTests.QARegressionTests testShouldHidePace_norwegian4x4_returnsFalse]' passed (0.000 seconds).
Test Case '-[HavitalTests.QARegressionTests testShouldHidePace_recoveryRun_returnsTrue]' started.
Test Case '-[HavitalTests.QARegressionTests testShouldHidePace_recoveryRun_returnsTrue]' passed (0.000 seconds).
Test Case '-[HavitalTests.QARegressionTests testShouldHidePace_tempo_returnsFalse]' started.
Test Case '-[HavitalTests.QARegressionTests testShouldHidePace_tempo_returnsFalse]' passed (0.002 seconds).
Test Case '-[HavitalTests.QARegressionTests testShouldHidePace_threshold_returnsFalse]' started.
Test Case '-[HavitalTests.QARegressionTests testShouldHidePace_threshold_returnsFalse]' passed (0.000 seconds).
Test Case '-[HavitalTests.QARegressionTests testStructure_easyRun_hasHeartRateRange]' started.
Test Case '-[HavitalTests.QARegressionTests testStructure_easyRun_hasHeartRateRange]' passed (0.004 seconds).
Test Case '-[HavitalTests.QARegressionTests testStructure_fullWeek_has7Days]' started.
Test Case '-[HavitalTests.QARegressionTests testStructure_fullWeek_has7Days]' passed (0.000 seconds).
Test Case '-[HavitalTests.QARegressionTests testStructure_hasAtLeastOneRestDay]' started.
Test Case '-[HavitalTests.QARegressionTests testStructure_hasAtLeastOneRestDay]' passed (0.000 seconds).
Test Case '-[HavitalTests.QARegressionTests testStructure_intervalDay_hasWorkDistance]' started.
Test Case '-[HavitalTests.QARegressionTests testStructure_intervalDay_hasWorkDistance]' passed (0.000 seconds).
Test Case '-[HavitalTests.QARegressionTests testStructure_intervalDay_hasWorkPace]' started.
Test Case '-[HavitalTests.QARegressionTests testStructure_intervalDay_hasWorkPace]' passed (0.000 seconds).
Test Case '-[HavitalTests.QARegressionTests testStructure_runDay_hasPositiveDistance]' started.
Test Case '-[HavitalTests.QARegressionTests testStructure_runDay_hasPositiveDistance]' passed (0.000 seconds).
Test Case '-[HavitalTests.QARegressionTests testTrainingTypeDisplayName_easyLongDoesNotLeakRawKey]' started.
Test Case '-[HavitalTests.QARegressionTests testTrainingTypeDisplayName_easyLongDoesNotLeakRawKey]' passed (0.001 seconds).
Test Suite 'QARegressionTests' passed at 2026-08-29 15:40:09.414.
	 Executed 40 tests, with 0 failures (0 unexpected) in 0.021 (0.028) seconds
Test Suite 'RaceCountdownGateTests' started at 2026-08-29 15:40:09.414.
Test Case '-[HavitalTests.RaceCountdownGateTests test_always_showsRegardlessOfThreshold]' started.
Test Case '-[HavitalTests.RaceCountdownGateTests test_always_showsRegardlessOfThreshold]' passed (0.000 seconds).
Test Case '-[HavitalTests.RaceCountdownGateTests test_auto_customThreshold]' started.
Test Case '-[HavitalTests.RaceCountdownGateTests test_auto_customThreshold]' passed (0.000 seconds).
Test Case '-[HavitalTests.RaceCountdownGateTests test_auto_hidesWhenBeyondThreshold]' started.
Test Case '-[HavitalTests.RaceCountdownGateTests test_auto_hidesWhenBeyondThreshold]' passed (0.000 seconds).
Test Case '-[HavitalTests.RaceCountdownGateTests test_auto_showsWhenWithinThreshold]' started.
Test Case '-[HavitalTests.RaceCountdownGateTests test_auto_showsWhenWithinThreshold]' passed (0.000 seconds).
Test Case '-[HavitalTests.RaceCountdownGateTests test_dateChange_flipsVisibility]' started.
Test Case '-[HavitalTests.RaceCountdownGateTests test_dateChange_flipsVisibility]' passed (0.000 seconds).
Test Case '-[HavitalTests.RaceCountdownGateTests test_modeRawValueParsing_fallsBackToDefault]' started.
Test Case '-[HavitalTests.RaceCountdownGateTests test_modeRawValueParsing_fallsBackToDefault]' passed (0.000 seconds).
Test Case '-[HavitalTests.RaceCountdownGateTests test_noRaceDate_hidesInEveryMode]' started.
Test Case '-[HavitalTests.RaceCountdownGateTests test_noRaceDate_hidesInEveryMode]' passed (0.000 seconds).
Test Case '-[HavitalTests.RaceCountdownGateTests test_off_neverShows]' started.
Test Case '-[HavitalTests.RaceCountdownGateTests test_off_neverShows]' passed (0.002 seconds).
Test Case '-[HavitalTests.RaceCountdownGateTests test_pastRace_negativeDaysLeft_hides]' started.
Test Case '-[HavitalTests.RaceCountdownGateTests test_pastRace_negativeDaysLeft_hides]' passed (0.000 seconds).
Test Suite 'RaceCountdownGateTests' passed at 2026-08-29 15:40:09.420.
	 Executed 9 tests, with 0 failures (0 unexpected) in 0.004 (0.006) seconds
Test Suite 'RaceMapperTests' started at 2026-08-29 15:40:09.420.
Test Case '-[HavitalTests.RaceMapperTests testToEntitiesSkipsEntriesWithInvalidDates]' started.
[RaceMapper] [ERROR] [RaceMapper] 無法解析 event_date: not-a-date，race_id=invalid
Test Case '-[HavitalTests.RaceMapperTests testToEntitiesSkipsEntriesWithInvalidDates]' passed (0.001 seconds).
Test Case '-[HavitalTests.RaceMapperTests testToEntityMapsFieldsAndDistanceFallbacks]' started.
Test Case '-[HavitalTests.RaceMapperTests testToEntityMapsFieldsAndDistanceFallbacks]' passed (0.000 seconds).
Test Case '-[HavitalTests.RaceMapperTests testToEntityReturnsNilWhenDateCannotBeParsed]' started.
[RaceMapper] [ERROR] [RaceMapper] 無法解析 event_date: not-a-date，race_id=race_2
Test Case '-[HavitalTests.RaceMapperTests testToEntityReturnsNilWhenDateCannotBeParsed]' passed (0.000 seconds).
Test Suite 'RaceMapperTests' passed at 2026-08-29 15:40:09.422.
	 Executed 3 tests, with 0 failures (0 unexpected) in 0.001 (0.002) seconds
Test Suite 'RaceRemoteDataSourceTests' started at 2026-08-29 15:40:09.424.
Test Case '-[HavitalTests.RaceRemoteDataSourceTests testGetRacesBuildsExpectedQueryString]' started.
[RaceRemoteDataSource] [DEBUG] [RaceRemoteDS] getRaces: GET /v2/races?region=jp&distance_min=10.0&distance_max=42.195&date_from=2026-01-01&date_to=2026-12-31&q=Tokyo%20Marathon&curated_only=true&limit=20&offset=40
[RaceRemoteDataSource] [INFO] [RaceRemoteDS] getRaces: 0 races fetched (total=0)
Test Case '-[HavitalTests.RaceRemoteDataSourceTests testGetRacesBuildsExpectedQueryString]' passed (0.002 seconds).
Test Case '-[HavitalTests.RaceRemoteDataSourceTests testGetRacesWithoutFiltersUsesBasePath]' started.
[RaceRemoteDataSource] [DEBUG] [RaceRemoteDS] getRaces: GET /v2/races
[RaceRemoteDataSource] [INFO] [RaceRemoteDS] getRaces: 0 races fetched (total=0)
Test Case '-[HavitalTests.RaceRemoteDataSourceTests testGetRacesWithoutFiltersUsesBasePath]' passed (0.001 seconds).
Test Suite 'RaceRemoteDataSourceTests' passed at 2026-08-29 15:40:09.427.
	 Executed 2 tests, with 0 failures (0 unexpected) in 0.003 (0.003) seconds
Test Suite 'RaceRepositoryImplTests' started at 2026-08-29 15:40:09.429.
Test Case '-[HavitalTests.RaceRepositoryImplTests testGetRacesConvertsRemoteErrorsToDomainError]' started.
[RaceRepositoryImpl] [DEBUG] [RaceRepo] getRaces: region=all, curatedOnly=false
[RaceRepositoryImpl] [ERROR] [RaceRepo] getRaces failed: 無網路連接
Test Case '-[HavitalTests.RaceRepositoryImplTests testGetRacesConvertsRemoteErrorsToDomainError]' passed (0.001 seconds).
Test Case '-[HavitalTests.RaceRepositoryImplTests testGetRacesMapsAndFiltersInvalidRaceDates]' started.
[RaceRepositoryImpl] [DEBUG] [RaceRepo] getRaces: region=jp, curatedOnly=true
[RaceMapper] [ERROR] [RaceMapper] 無法解析 event_date: broken-date，race_id=invalid
[RaceRepositoryImpl] [INFO] [RaceRepo] getRaces: 1 events mapped (raw=2)
Test Case '-[HavitalTests.RaceRepositoryImplTests testGetRacesMapsAndFiltersInvalidRaceDates]' passed (0.001 seconds).
Test Suite 'RaceRepositoryImplTests' passed at 2026-08-29 15:40:09.430.
	 Executed 2 tests, with 0 failures (0 unexpected) in 0.001 (0.002) seconds
Test Suite 'ReadinessConditionalDisplayACTests' started at 2026-08-29 15:40:09.430.
Test Case '-[HavitalTests.ReadinessConditionalDisplayACTests test_ac_rdns_01_race_run_shows_all]' started.
Test Case '-[HavitalTests.ReadinessConditionalDisplayACTests test_ac_rdns_01_race_run_shows_all]' passed (0.000 seconds).
Test Case '-[HavitalTests.ReadinessConditionalDisplayACTests test_ac_rdns_02_beginner_shows_two_cards]' started.
Test Case '-[HavitalTests.ReadinessConditionalDisplayACTests test_ac_rdns_02_beginner_shows_two_cards]' passed (0.000 seconds).
Test Case '-[HavitalTests.ReadinessConditionalDisplayACTests test_ac_rdns_03_maintenance_shows_two_cards]' started.
Test Case '-[HavitalTests.ReadinessConditionalDisplayACTests test_ac_rdns_03_maintenance_shows_two_cards]' passed (0.000 seconds).
Test Case '-[HavitalTests.ReadinessConditionalDisplayACTests test_ac_rdns_03_non_race_copy_is_localized_in_supported_languages]' started.
Test Case '-[HavitalTests.ReadinessConditionalDisplayACTests test_ac_rdns_03_non_race_copy_is_localized_in_supported_languages]' passed (0.002 seconds).
Test Case '-[HavitalTests.ReadinessConditionalDisplayACTests test_ac_rdns_04_both_nil_defaults_to_show_all]' started.
Test Case '-[HavitalTests.ReadinessConditionalDisplayACTests test_ac_rdns_04_both_nil_defaults_to_show_all]' passed (0.001 seconds).
Test Case '-[HavitalTests.ReadinessConditionalDisplayACTests test_ac_rdns_04_fallback_to_plan_overview]' started.
Test Case '-[HavitalTests.ReadinessConditionalDisplayACTests test_ac_rdns_04_fallback_to_plan_overview]' passed (0.000 seconds).
Test Case '-[HavitalTests.ReadinessConditionalDisplayACTests test_ac_rdns_05_plan_switch_triggers_refresh]' started.
Test Case '-[HavitalTests.ReadinessConditionalDisplayACTests test_ac_rdns_05_plan_switch_triggers_refresh]' passed (0.103 seconds).
Test Suite 'ReadinessConditionalDisplayACTests' passed at 2026-08-29 15:40:09.539.
	 Executed 7 tests, with 0 failures (0 unexpected) in 0.107 (0.109) seconds
Test Suite 'ReadinessDialogBuilderTests' started at 2026-08-29 15:40:09.539.
Test Case '-[HavitalTests.ReadinessDialogBuilderTests test_allNil_speaksFallback]' started.
[LanguageManager] [INFO] [FirebaseLogging] Language bundle set for: zh-Hant
Test Case '-[HavitalTests.ReadinessDialogBuilderTests test_allNil_speaksFallback]' passed (0.001 seconds).
Test Case '-[HavitalTests.ReadinessDialogBuilderTests test_fractionalScore_rounds]' started.
[LanguageManager] [INFO] [FirebaseLogging] Language bundle set for: zh-Hant
Test Case '-[HavitalTests.ReadinessDialogBuilderTests test_fractionalScore_rounds]' passed (0.000 seconds).
Test Case '-[HavitalTests.ReadinessDialogBuilderTests test_highReadiness_speaksGo]' started.
[LanguageManager] [INFO] [FirebaseLogging] Language bundle set for: zh-Hant
Test Case '-[HavitalTests.ReadinessDialogBuilderTests test_highReadiness_speaksGo]' passed (0.000 seconds).
Test Case '-[HavitalTests.ReadinessDialogBuilderTests test_lowReadiness_speaksCaution]' started.
[LanguageManager] [INFO] [FirebaseLogging] Language bundle set for: zh-Hant
Test Case '-[HavitalTests.ReadinessDialogBuilderTests test_lowReadiness_speaksCaution]' passed (0.000 seconds).
Test Case '-[HavitalTests.ReadinessDialogBuilderTests test_nilScore_speaksStatusOnly]' started.
[LanguageManager] [INFO] [FirebaseLogging] Language bundle set for: zh-Hant
Test Case '-[HavitalTests.ReadinessDialogBuilderTests test_nilScore_speaksStatusOnly]' passed (0.000 seconds).
Test Case '-[HavitalTests.ReadinessDialogBuilderTests test_nilStatusText_speaksScoreOnly]' started.
[LanguageManager] [INFO] [FirebaseLogging] Language bundle set for: zh-Hant
Test Case '-[HavitalTests.ReadinessDialogBuilderTests test_nilStatusText_speaksScoreOnly]' passed (0.000 seconds).
Test Suite 'ReadinessDialogBuilderTests' passed at 2026-08-29 15:40:09.543.
	 Executed 6 tests, with 0 failures (0 unexpected) in 0.003 (0.004) seconds
Test Suite 'RecapShareCardLayoutTests' started at 2026-08-29 15:40:09.543.
Test Case '-[HavitalTests.RecapShareCardLayoutTests testDisplayTitle_nilWhenTitleOverlayHidden]' started.
Test Case '-[HavitalTests.RecapShareCardLayoutTests testDisplayTitle_nilWhenTitleOverlayHidden]' passed (0.001 seconds).
Test Case '-[HavitalTests.RecapShareCardLayoutTests testDisplayTitle_showsDefaultWhenVisibleAndNoCustomTitle]' started.
Test Case '-[HavitalTests.RecapShareCardLayoutTests testDisplayTitle_showsDefaultWhenVisibleAndNoCustomTitle]' passed (0.000 seconds).
Test Suite 'RecapShareCardLayoutTests' passed at 2026-08-29 15:40:09.545.
	 Executed 2 tests, with 0 failures (0 unexpected) in 0.001 (0.002) seconds
Test Suite 'ReonboardingVersionCheckTests' started at 2026-08-29 15:40:09.545.
Test Case '-[HavitalTests.ReonboardingVersionCheckTests test_reonboarding_clearCacheBeforeVersionCheck_returnsV2]' started.
[UserProfileRepositoryImpl] [DEBUG] [UserProfileRepo] getUserProfile
[UserProfileRepositoryImpl] [DEBUG] [UserProfileRepo] Cache miss, fetching from API
[TrainingVersionRouter] [DEBUG] [TrainingVersionRouter] User training version: v2
Test Case '-[HavitalTests.ReonboardingVersionCheckTests test_reonboarding_clearCacheBeforeVersionCheck_returnsV2]' passed (0.002 seconds).
Test Case '-[HavitalTests.ReonboardingVersionCheckTests test_reonboarding_versionCheckReturnsV2_afterCacheCleared]' started.
[UserProfileRepositoryImpl] [DEBUG] [UserProfileRepo] getUserProfile
[UserProfileRepositoryImpl] [DEBUG] [UserProfileRepo] Cache miss, fetching from API
[TrainingVersionRouter] [DEBUG] [TrainingVersionRouter] User training version: v2
Test Case '-[HavitalTests.ReonboardingVersionCheckTests test_reonboarding_versionCheckReturnsV2_afterCacheCleared]' passed (0.001 seconds).
Test Case '-[HavitalTests.ReonboardingVersionCheckTests test_reonboarding_withoutCacheClear_returnsStaleV1_regression]' started.
[UserProfileRepositoryImpl] [DEBUG] [UserProfileRepo] getUserProfile
[UserProfileRepositoryImpl] [DEBUG] [UserProfileRepo] Cache hit
[TrainingVersionRouter] [DEBUG] [TrainingVersionRouter] User training version: v1
Test Case '-[HavitalTests.ReonboardingVersionCheckTests test_reonboarding_withoutCacheClear_returnsStaleV1_regression]' passed (0.002 seconds).
[UserDefaultsAuthCache] [DEBUG] Auth cache expired or not found
[UserDefaultsAuthCache] [DEBUG] Auth cache cleared
[AuthSessionRepositoryImpl] [DEBUG] [AuthSession] No valid cached user found
Test Case '-[HavitalTests.ReonboardingVersionCheckTests test_repository_fetchesFromAPI_whenCacheCleared]' started.
[UserProfileRepositoryImpl] [DEBUG] [UserProfileRepo] Background refresh skipped — user logged out
[UserProfileRepositoryImpl] [DEBUG] [UserProfileRepo] getUserProfile
[UserProfileRepositoryImpl] [DEBUG] [UserProfileRepo] Cache miss, fetching from API
Test Case '-[HavitalTests.ReonboardingVersionCheckTests test_repository_fetchesFromAPI_whenCacheCleared]' passed (0.001 seconds).
Test Case '-[HavitalTests.ReonboardingVersionCheckTests test_repository_refreshBypassesCache]' started.
[UserProfileRepositoryImpl] [DEBUG] [UserProfileRepo] Force refresh
Test Case '-[HavitalTests.ReonboardingVersionCheckTests test_repository_refreshBypassesCache]' passed (0.001 seconds).
Test Case '-[HavitalTests.ReonboardingVersionCheckTests test_repository_returnsCachedProfile_whenCacheIsValid]' started.
[UserProfileRepositoryImpl] [DEBUG] [UserProfileRepo] getUserProfile
[UserProfileRepositoryImpl] [DEBUG] [UserProfileRepo] Cache hit
[UserDefaultsAuthCache] [DEBUG] Auth cache expired or not found
[UserDefaultsAuthCache] [DEBUG] Auth cache cleared
[AuthSessionRepositoryImpl] [DEBUG] [AuthSession] No valid cached user found
[UserProfileRepositoryImpl] [DEBUG] [UserProfileRepo] Background refresh skipped Test Case '-[HavitalTests.ReonboardingVersionCheckTests test_repository_returnsCachedProfile_whenCacheIsValid]' passed (0.001 seconds).
— user logged out
Test Suite 'ReonboardingVersionCheckTests' passed at 2026-08-29 15:40:09.553.
	 Executed 6 tests, with 0 failures (0 unexpected) in 0.006 (0.007) seconds
Test Suite 'ResponseProcessorTests' started at 2026-08-29 15:40:09.553.
Test Case '-[HavitalTests.ResponseProcessorTests testExtractData_directJSONObject_doesNotMisclassifyAsWrappedResponse]' started.
Test Case '-[HavitalTests.ResponseProcessorTests testExtractData_directJSONObject_doesNotMisclassifyAsWrappedResponse]' passed (0.002 seconds).
Test Case '-[HavitalTests.ResponseProcessorTests testExtractData_productionStatsEnvelope_asDoubleWrappedResponse_stillSucceeds]' started.
Test Case '-[HavitalTests.ResponseProcessorTests testExtractData_productionStatsEnvelope_asDoubleWrappedResponse_stillSucceeds]' passed (0.000 seconds).
Test Case '-[HavitalTests.ResponseProcessorTests testExtractData_productionStatsEnvelope_asStatsData]' started.
Test Case '-[HavitalTests.ResponseProcessorTests testExtractData_productionStatsEnvelope_asStatsData]' passed (0.000 seconds).
Test Case '-[HavitalTests.ResponseProcessorTests testExtractData_wrappedResponse_stillUsesWrappedPayload]' started.
Test Case '-[HavitalTests.ResponseProcessorTests testExtractData_wrappedResponse_stillUsesWrappedPayload]' passed (0.000 seconds).
Test Suite 'ResponseProcessorTests' passed at 2026-08-29 15:40:09.556.
	 Executed 4 tests, with 0 failures (0 unexpected) in 0.003 (0.004) seconds
Test Suite 'RizoConversationGroupingTests' started at 2026-08-29 15:40:09.557.
Test Case '-[HavitalTests.RizoConversationGroupingTests test_empty_returnsEmpty]' started.
Test Case '-[HavitalTests.RizoConversationGroupingTests test_empty_returnsEmpty]' passed (0.000 seconds).
Test Case '-[HavitalTests.RizoConversationGroupingTests test_errorOnlySession_isDropped]' started.
Test Case '-[HavitalTests.RizoConversationGroupingTests test_errorOnlySession_isDropped]' passed (0.000 seconds).
Test Case '-[HavitalTests.RizoConversationGroupingTests test_groupsBySession_turnsAscending_sessionsByLatestDescending]' started.
Test Case '-[HavitalTests.RizoConversationGroupingTests test_groupsBySession_turnsAscending_sessionsByLatestDescending]' passed (0.000 seconds).
Test Case '-[HavitalTests.RizoConversationGroupingTests test_mixed_keepsRealDropsOpenerOnly]' started.
Test Case '-[HavitalTests.RizoConversationGroupingTests test_mixed_keepsRealDropsOpenerOnly]' passed (0.000 seconds).
Test Case '-[HavitalTests.RizoConversationGroupingTests test_nilTsSortsFirst_scenarioFallback_lastResponseSkipsEmpty]' started.
Test Case '-[HavitalTests.RizoConversationGroupingTests test_nilTsSortsFirst_scenarioFallback_lastResponseSkipsEmpty]' passed (0.001 seconds).
Test Case '-[HavitalTests.RizoConversationGroupingTests test_openerOnlySession_isDropped]' started.
Test Case '-[HavitalTests.RizoConversationGroupingTests test_openerOnlySession_isDropped]' passed (0.000 seconds).
Test Case '-[HavitalTests.RizoConversationGroupingTests test_sessionWithAtLeastOneGenuineReply_isKept]' started.
Test Case '-[HavitalTests.RizoConversationGroupingTests test_sessionWithAtLeastOneGenuineReply_isKept]' passed (0.000 seconds).
Test Case '-[HavitalTests.RizoConversationGroupingTests test_titleSeed_isFirstNonEmptyUserInput_truncatedTo20]' started.
Test Case '-[HavitalTests.RizoConversationGroupingTests test_titleSeed_isFirstNonEmptyUserInput_truncatedTo20]' passed (0.000 seconds).
Test Suite 'RizoConversationGroupingTests' passed at 2026-08-29 15:40:09.562.
	 Executed 8 tests, with 0 failures (0 unexpected) in 0.004 (0.005) seconds
Test Suite 'RizoDataLayerTests' started at 2026-08-29 15:40:09.562.
Test Case '-[HavitalTests.RizoDataLayerTests testChatRequestEncodesSnakeCaseKeys]' started.
Test Case '-[HavitalTests.RizoDataLayerTests testChatRequestEncodesSnakeCaseKeys]' passed (0.002 seconds).
Test Case '-[HavitalTests.RizoDataLayerTests testChatResponseDTODecodesAndMapsToEntity]' started.
Test Case '-[HavitalTests.RizoDataLayerTests testChatResponseDTODecodesAndMapsToEntity]' passed (0.003 seconds).
Test Case '-[HavitalTests.RizoDataLayerTests testFetchPresetsHitsPresetsEndpointWithScenarioQuery]' started.
[RizoRemoteDataSource] [DEBUG] [RizoRemoteDataSource] fetchPresets - path: /v2/agent/presets?scenario=journal
Test Case '-[HavitalTests.RizoDataLayerTests testFetchPresetsHitsPresetsEndpointWithScenarioQuery]' passed (0.003 seconds).
Test Case '-[HavitalTests.RizoDataLayerTests testForkHistoryPostsAnchorAndMapsNewSessionPrefix]' started.
Test Case '-[HavitalTests.RizoDataLayerTests testForkHistoryPostsAnchorAndMapsNewSessionPrefix]' passed (0.003 seconds).
Test Case '-[HavitalTests.RizoDataLayerTests testPendingPlanChangeDecodesDiffDays]' started.
Test Case '-[HavitalTests.RizoDataLayerTests testPendingPlanChangeDecodesDiffDays]' passed (0.003 seconds).
Test Case '-[HavitalTests.RizoDataLayerTests testPendingPlanChangeWithoutDiffDaysIsNil]' started.
Test Case '-[HavitalTests.RizoDataLayerTests testPendingPlanChangeWithoutDiffDaysIsNil]' passed (0.000 seconds).
Test Case '-[HavitalTests.RizoDataLayerTests testQuotaDecodesNullableFieldsAsNil]' started.
Test Case '-[HavitalTests.RizoDataLayerTests testQuotaDecodesNullableFieldsAsNil]' passed (0.000 seconds).
Test Case '-[HavitalTests.RizoDataLayerTests testSendJournalChatHitsChatEndpoint]' started.
[RizoRemoteDataSource] [DEBUG] [RizoRemoteDataSource] sendChat - scenario: journal, workoutId: wk-001
Test Case '-[HavitalTests.RizoDataLayerTests testSendJournalChatHitsChatEndpoint]' passed (0.001 seconds).
Test Case '-[HavitalTests.RizoDataLayerTests testSSEDeltaResetAndFinalUsesAuthoritativeResponse]' started.
Test Case '-[HavitalTests.RizoDataLayerTests testSSEDeltaResetAndFinalUsesAuthoritativeResponse]' passed (0.000 seconds).
Test Case '-[HavitalTests.RizoDataLayerTests testSSESupportsMultilineDataAndTrailingFrameWithoutBlankLine]' started.
Test Case '-[HavitalTests.RizoDataLayerTests testSSESupportsMultilineDataAndTrailingFrameWithoutBlankLine]' passed (0.000 seconds).
Test Case '-[HavitalTests.RizoDataLayerTests testStreamEndpointMissingFallsBackToLegacyChat]' started.
[RizoRemoteDataSource] [DEBUG] [RizoRemoteDataSource] sendChat - scenario: body_status, workoutId: nil
Test Case '-[HavitalTests.RizoDataLayerTests testStreamEndpointMissingFallsBackToLegacyChat]' passed (0.001 seconds).
Test Suite 'RizoDataLayerTests' passed at 2026-08-29 15:40:09.580.
	 Executed 11 tests, with 0 failures (0 unexpected) in 0.016 (0.018) seconds
Test Suite 'RizoHistoryContractTests' started at 2026-08-29 15:40:09.580.
Test Case '-[HavitalTests.RizoHistoryContractTests test_decodesBackendShape_andMapsToTurnEntities]' started.
Test Case '-[HavitalTests.RizoHistoryContractTests test_decodesBackendShape_andMapsToTurnEntities]' passed (0.001 seconds).
Test Case '-[HavitalTests.RizoHistoryContractTests test_dropsItemWithoutSessionId]' started.
Test Case '-[HavitalTests.RizoHistoryContractTests test_dropsItemWithoutSessionId]' passed (0.000 seconds).
Test Suite 'RizoHistoryContractTests' passed at 2026-08-29 15:40:09.582.
	 Executed 2 tests, with 0 failures (0 unexpected) in 0.002 (0.002) seconds
Test Suite 'RizoHistoryResumeRenderingTests' started at 2026-08-29 15:40:09.582.
Test Case '-[HavitalTests.RizoHistoryResumeRenderingTests test_historyDetailResumeActionRenders]' started.
Test Case '-[HavitalTests.RizoHistoryResumeRenderingTests test_historyDetailResumeActionRenders]' passed (0.267 seconds).
Test Suite 'RizoHistoryResumeRenderingTests' passed at 2026-08-29 15:40:09.849.
	 Executed 1 test, with 0 failures (0 unexpected) in 0.267 (0.267) seconds
Test Suite 'RizoHistoryViewModelTests' started at 2026-08-29 15:40:09.849.
Test Case '-[HavitalTests.RizoHistoryViewModelTests test_load_empty_setsEmpty]' started.
Test Case '-[HavitalTests.RizoHistoryViewModelTests test_load_empty_setsEmpty]' passed (0.006 seconds).
Test Case '-[HavitalTests.RizoHistoryViewModelTests test_load_error_setsError]' started.
Test Case '-[HavitalTests.RizoHistoryViewModelTests test_load_error_setsError]' passed (0.004 seconds).
Test Case '-[HavitalTests.RizoHistoryViewModelTests test_load_grouped_setsLoaded]' started.
Test Case '-[HavitalTests.RizoHistoryViewModelTests test_load_grouped_setsLoaded]' passed (0.001 seconds).
Test Suite 'RizoHistoryViewModelTests' passed at 2026-08-29 15:40:09.860.
	 Executed 3 tests, with 0 failures (0 unexpected) in 0.010 (0.011) seconds
Test Suite 'RizoJournalSnapshotTests' started at 2026-08-29 15:40:09.860.
Test Case '-[HavitalTests.RizoJournalSnapshotTests test_snapshot_recordedWithReply]' started.
2026-08-29 15:40:09.939453+0900 paceriz_dev[36303:239938746] [Invalid Configuration] Unable to render flattened version of PlatformViewRepresentableAdaptor<CircularUIKitProgressView>.
IOSurfaceClientSetSurfaceNotify failed e00002c7
[SNAPSHOT] wrote /tmp/rizo_journal_shots/02_recorded_with_reply.png size=(390.0, 360.0)
Test Case '-[HavitalTests.RizoJournalSnapshotTests test_snapshot_recordedWithReply]' passed (0.112 seconds).
Test Case '-[HavitalTests.RizoJournalSnapshotTests test_snapshot_selectionState]' started.
[SNAPSHOT] wrote /tmp/rizo_journal_shots/01_note_only_ready.png size=(390.0, 220.0)
Test Case '-[HavitalTests.RizoJournalSnapshotTests test_snapshot_selectionState]' passed (0.030 seconds).
Test Suite 'RizoJournalSnapshotTests' passed at 2026-08-29 15:40:10.003.
	 Executed 2 tests, with 0 failures (0 unexpected) in 0.142 (0.142) seconds
Test Suite 'RizoJournalViewModelTests' started at 2026-08-29 15:40:10.003.
Test Case '-[HavitalTests.RizoJournalViewModelTests testCaptureFailure_keepsSelectionAndShowsRetry]' started.
[RizoJournalViewModel] [DEBUG] [RizoJournalViewModel] 資料捕捉失敗: The operation couldn’t be completed. (HavitalTests.(unknown context at $1087f3f70).TestError error 0.)
Test Case '-[HavitalTests.RizoJournalViewModelTests testCaptureFailure_keepsSelectionAndShowsRetry]' passed (0.004 seconds).
Test Case '-[HavitalTests.RizoJournalViewModelTests testChatFailure_stillRecorded]' started.
[RizoJournalViewModel] [DEBUG] [RizoJournalViewModel] Rizo 回應失敗（不影響已記錄）: The operation couldn’t be completed. (HavitalTests.(unknown context at $1087f3f70).TestError error 0.)
Test Case '-[HavitalTests.RizoJournalViewModelTests testChatFailure_stillRecorded]' passed (0.004 seconds).
Test Case '-[HavitalTests.RizoJournalViewModelTests testLoadPresets]' started.
Test Case '-[HavitalTests.RizoJournalViewModelTests testLoadPresets]' passed (0.004 seconds).
Test Case '-[HavitalTests.RizoJournalViewModelTests testQuotaExhaustedEmptyReply_showsQuotaUpsell]' started.
Test Case '-[HavitalTests.RizoJournalViewModelTests testQuotaExhaustedEmptyReply_showsQuotaUpsell]' passed (0.004 seconds).
Test Case '-[HavitalTests.RizoJournalViewModelTests testQuotaNotAllowedWithContent_showsSuggestionUpsell]' started.
Test Case '-[HavitalTests.RizoJournalViewModelTests testQuotaNotAllowedWithContent_showsSuggestionUpsell]' passed (0.004 seconds).
Test Case '-[HavitalTests.RizoJournalViewModelTests testSafetyCanned_showsCannedState]' started.
Test Case '-[HavitalTests.RizoJournalViewModelTests testSafetyCanned_showsCannedState]' passed (0.004 seconds).
Test Case '-[HavitalTests.RizoJournalViewModelTests testSessionIdThreadedOnSecondTurn]' started.
Test Case '-[HavitalTests.RizoJournalViewModelTests testSessionIdThreadedOnSecondTurn]' passed (0.007 seconds).
Test Case '-[HavitalTests.RizoJournalViewModelTests testSubmitEmptyNote_doesNotCaptureOrChat]' started.
Test Case '-[HavitalTests.RizoJournalViewModelTests testSubmitEmptyNote_doesNotCaptureOrChat]' passed (0.592 seconds).
Test Case '-[HavitalTests.RizoJournalViewModelTests testSubmitKeepsLoadingStateWhileWaitingForReply]' started.
Test Case '-[HavitalTests.RizoJournalViewModelTests testSubmitKeepsLoadingStateWhileWaitingForReply]' passed (0.126 seconds).
Test Case '-[HavitalTests.RizoJournalViewModelTests testSubmitKeepsReplyLoadingVisibleAfterFastReply]' started.
Test Case '-[HavitalTests.RizoJournalViewModelTests testSubmitKeepsReplyLoadingVisibleAfterFastReply]' passed (0.125 seconds).
Test Case '-[HavitalTests.RizoJournalViewModelTests testSubmitSendsNoteOnly_setsRecorded]' started.
Test Case '-[HavitalTests.RizoJournalViewModelTests testSubmitSendsNoteOnly_setsRecorded]' passed (0.005 seconds).
Test Suite 'RizoJournalViewModelTests' passed at 2026-08-29 15:40:10.881.
	 Executed 11 tests, with 0 failures (0 unexpected) in 0.875 (0.878) seconds
Test Suite 'RobustnessTests' started at 2026-08-29 15:40:10.882.
Test Case '-[HavitalTests.RobustnessTests test_allOptionalsNil_decodingSucceeds]' started.
Test Case '-[HavitalTests.RobustnessTests test_allOptionalsNil_decodingSucceeds]' passed (0.001 seconds).
Test Case '-[HavitalTests.RobustnessTests test_emptyDaysArray_decodingSucceeds]' started.
Test Case '-[HavitalTests.RobustnessTests test_emptyDaysArray_decodingSucceeds]' passed (0.001 seconds).
Test Case '-[HavitalTests.RobustnessTests test_emptyDesignReason_decodingSucceeds]' started.
Test Case '-[HavitalTests.RobustnessTests test_emptyDesignReason_decodingSucceeds]' passed (0.001 seconds).
Test Case '-[HavitalTests.RobustnessTests test_emptyExercisesArray_decodingSucceeds]' started.
Test Case '-[HavitalTests.RobustnessTests test_emptyExercisesArray_decodingSucceeds]' passed (0.001 seconds).
Test Case '-[HavitalTests.RobustnessTests test_extraUnknownFields_decodingSucceeds]' started.
Test Case '-[HavitalTests.RobustnessTests test_extraUnknownFields_decodingSucceeds]' passed (0.001 seconds).
Test Case '-[HavitalTests.RobustnessTests test_planOverview_createdAtAsInt_decodesSuccessfully]' started.
Test Case '-[HavitalTests.RobustnessTests test_planOverview_createdAtAsInt_decodesSuccessfully]' passed (0.001 seconds).
Test Case '-[HavitalTests.RobustnessTests test_planOverview_createdAtAsString]' started.
Test Case '-[HavitalTests.RobustnessTests test_planOverview_createdAtAsString]' passed (0.000 seconds).
Test Case '-[HavitalTests.RobustnessTests test_planStatus_extraFields_ignored]' started.
Test Case '-[HavitalTests.RobustnessTests test_planStatus_extraFields_ignored]' passed (0.001 seconds).
Test Case '-[HavitalTests.RobustnessTests test_primaryActivity_crossTypeDiscrimination]' started.
Test Case '-[HavitalTests.RobustnessTests test_primaryActivity_crossTypeDiscrimination]' passed (0.000 seconds).
Test Case '-[HavitalTests.RobustnessTests test_primaryActivity_runTypeDiscrimination]' started.
Test Case '-[HavitalTests.RobustnessTests test_primaryActivity_runTypeDiscrimination]' passed (0.000 seconds).
Test Case '-[HavitalTests.RobustnessTests test_primaryActivity_strengthTypeDiscrimination]' started.
Test Case '-[HavitalTests.RobustnessTests test_primaryActivity_strengthTypeDiscrimination]' passed (0.001 seconds).
Test Case '-[HavitalTests.RobustnessTests test_weeklyPlanGenerationMeta_decodingSucceeds]' started.
Test Case '-[HavitalTests.RobustnessTests test_weeklyPlanGenerationMeta_decodingSucceeds]' passed (0.000 seconds).
Test Case '-[HavitalTests.RobustnessTests test_weekPreview_minimalWeek_decodesSuccessfully]' started.
Test Case '-[HavitalTests.RobustnessTests test_weekPreview_minimalWeek_decodesSuccessfully]' passed (0.003 seconds).
Test Suite 'RobustnessTests' passed at 2026-08-29 15:40:10.897.
	 Executed 13 tests, with 0 failures (0 unexpected) in 0.011 (0.015) seconds
Test Suite 'SafeDoubleDecodingTests' started at 2026-08-29 15:40:10.897.
Test Case '-[HavitalTests.SafeDoubleDecodingTests test_emptyString_becomesNil]' started.
Test Case '-[HavitalTests.SafeDoubleDecodingTests test_emptyString_becomesNil]' passed (0.000 seconds).
Test Case '-[HavitalTests.SafeDoubleDecodingTests test_garbageString_becomesNil]' started.
Test Case '-[HavitalTests.SafeDoubleDecodingTests test_garbageString_becomesNil]' passed (0.000 seconds).
Test Case '-[HavitalTests.SafeDoubleDecodingTests test_infinityString_becomesNil]' started.
Test Case '-[HavitalTests.SafeDoubleDecodingTests test_infinityString_becomesNil]' passed (0.000 seconds).
Test Case '-[HavitalTests.SafeDoubleDecodingTests test_integerAsDouble]' started.
Test Case '-[HavitalTests.SafeDoubleDecodingTests test_integerAsDouble]' passed (0.002 seconds).
Test Case '-[HavitalTests.SafeDoubleDecodingTests test_metadata_decoded]' started.
Test Case '-[HavitalTests.SafeDoubleDecodingTests test_metadata_decoded]' passed (0.000 seconds).
Test Case '-[HavitalTests.SafeDoubleDecodingTests test_metadata_null]' started.
Test Case '-[HavitalTests.SafeDoubleDecodingTests test_metadata_null]' passed (0.000 seconds).
Test Case '-[HavitalTests.SafeDoubleDecodingTests test_missingField]' started.
Test Case '-[HavitalTests.SafeDoubleDecodingTests test_missingField]' passed (0.000 seconds).
Test Case '-[HavitalTests.SafeDoubleDecodingTests test_nanString_becomesNil]' started.
Test Case '-[HavitalTests.SafeDoubleDecodingTests test_nanString_becomesNil]' passed (0.000 seconds).
Test Case '-[HavitalTests.SafeDoubleDecodingTests test_negativeInfinityString_becomesNil]' started.
Test Case '-[HavitalTests.SafeDoubleDecodingTests test_negativeInfinityString_becomesNil]' passed (0.000 seconds).
Test Case '-[HavitalTests.SafeDoubleDecodingTests test_normalDouble]' started.
Test Case '-[HavitalTests.SafeDoubleDecodingTests test_normalDouble]' passed (0.000 seconds).
Test Case '-[HavitalTests.SafeDoubleDecodingTests test_nullValue]' started.
Test Case '-[HavitalTests.SafeDoubleDecodingTests test_nullValue]' passed (0.000 seconds).
Test Case '-[HavitalTests.SafeDoubleDecodingTests test_stringNumber]' started.
Test Case '-[HavitalTests.SafeDoubleDecodingTests test_stringNumber]' passed (0.000 seconds).
Test Suite 'SafeDoubleDecodingTests' passed at 2026-08-29 15:40:10.907.
	 Executed 12 tests, with 0 failures (0 unexpected) in 0.006 (0.010) seconds
Test Suite 'SafeIntDecodingTests' started at 2026-08-29 15:40:10.907.
Test Case '-[HavitalTests.SafeIntDecodingTests test_doubleToInt_truncated]' started.
Test Case '-[HavitalTests.SafeIntDecodingTests test_doubleToInt_truncated]' passed (0.000 seconds).
Test Case '-[HavitalTests.SafeIntDecodingTests test_infinityDouble_becomesNil]' started.
Test Case '-[HavitalTests.SafeIntDecodingTests test_infinityDouble_becomesNil]' passed (0.000 seconds).
Test Case '-[HavitalTests.SafeIntDecodingTests test_nanDouble_becomesNil]' started.
Test Case '-[HavitalTests.SafeIntDecodingTests test_nanDouble_becomesNil]' passed (0.004 seconds).
Test Case '-[HavitalTests.SafeIntDecodingTests test_negativeInt]' started.
Test Case '-[HavitalTests.SafeIntDecodingTests test_negativeInt]' passed (0.000 seconds).
Test Case '-[HavitalTests.SafeIntDecodingTests test_normalInt]' started.
Test Case '-[HavitalTests.SafeIntDecodingTests test_normalInt]' passed (0.000 seconds).
Test Case '-[HavitalTests.SafeIntDecodingTests test_nullInt]' started.
Test Case '-[HavitalTests.SafeIntDecodingTests test_nullInt]' passed (0.000 seconds).
Test Case '-[HavitalTests.SafeIntDecodingTests test_stringFloat_toInt]' started.
Test Case '-[HavitalTests.SafeIntDecodingTests test_stringFloat_toInt]' passed (0.000 seconds).
Test Case '-[HavitalTests.SafeIntDecodingTests test_stringInt]' started.
Test Case '-[HavitalTests.SafeIntDecodingTests test_stringInt]' passed (0.000 seconds).
Test Case '-[HavitalTests.SafeIntDecodingTests test_zeroInt]' started.
Test Case '-[HavitalTests.SafeIntDecodingTests test_zeroInt]' passed (0.000 seconds).
Test Suite 'SafeIntDecodingTests' passed at 2026-08-29 15:40:10.916.
	 Executed 9 tests, with 0 failures (0 unexpected) in 0.006 (0.009) seconds
Test Suite 'ScheduleEditorFamilyTests' started at 2026-08-29 15:40:10.916.
Test Case '-[HavitalTests.ScheduleEditorFamilyTests testCrossTrainingFamily_isCross]' started.
Test Case '-[HavitalTests.ScheduleEditorFamilyTests testCrossTrainingFamily_isCross]' passed (0.001 seconds).
Test Case '-[HavitalTests.ScheduleEditorFamilyTests testEveryDayTypeHasScheduleEditorFamily]' started.
Test Case '-[HavitalTests.ScheduleEditorFamilyTests testEveryDayTypeHasScheduleEditorFamily]' passed (0.004 seconds).
Test Case '-[HavitalTests.ScheduleEditorFamilyTests testNorwegianSingles_isDistanceIntervalNotSimple]' started.
Test Case '-[HavitalTests.ScheduleEditorFamilyTests testNorwegianSingles_isDistanceIntervalNotSimple]' passed (0.000 seconds).
Test Case '-[HavitalTests.ScheduleEditorFamilyTests testRaceAndBenchmark_areTempoFamily]' started.
Test Case '-[HavitalTests.ScheduleEditorFamilyTests testRaceAndBenchmark_areTempoFamily]' passed (0.000 seconds).
Test Case '-[HavitalTests.ScheduleEditorFamilyTests testSteadyIntervals_isCombinationNotSimple]' started.
Test Case '-[HavitalTests.ScheduleEditorFamilyTests testSteadyIntervals_isCombinationNotSimple]' passed (0.000 seconds).
Test Case '-[HavitalTests.ScheduleEditorFamilyTests testToMutableTrainingDay_norwegianSingles_preservesWorkRecoveryRepeats]' started.
Test Case '-[HavitalTests.ScheduleEditorFamilyTests testToMutableTrainingDay_norwegianSingles_preservesWorkRecoveryRepeats]' passed (0.006 seconds).
Test Case '-[HavitalTests.ScheduleEditorFamilyTests testToMutableTrainingDay_race_preservesPaceAndDistance]' started.
Test Case '-[HavitalTests.ScheduleEditorFamilyTests testToMutableTrainingDay_race_preservesPaceAndDistance]' passed (0.000 seconds).
Test Case '-[HavitalTests.ScheduleEditorFamilyTests testToMutableTrainingDay_steadyIntervals_preservesSegments]' started.
Test Case '-[HavitalTests.ScheduleEditorFamilyTests testToMutableTrainingDay_steadyIntervals_preservesSegments]' passed (0.000 seconds).
Test Suite 'ScheduleEditorFamilyTests' passed at 2026-08-29 15:40:10.930.
	 Executed 8 tests, with 0 failures (0 unexpected) in 0.013 (0.014) seconds
Test Suite 'SegmentIntervalDisplayTests' started at 2026-08-29 15:40:10.930.
Test Case '-[HavitalTests.SegmentIntervalDisplayTests test_intervalSegment_reps]' started.
Test Case '-[HavitalTests.SegmentIntervalDisplayTests test_intervalSegment_reps]' passed (0.000 seconds).
Test Case '-[HavitalTests.SegmentIntervalDisplayTests test_intervalWithoutRecovery_hasNoRest]' started.
Test Case '-[HavitalTests.SegmentIntervalDisplayTests test_intervalWithoutRecovery_hasNoRest]' passed (0.000 seconds).
Test Case '-[HavitalTests.SegmentIntervalDisplayTests test_jogRecovery_isMoving]' started.
Test Case '-[HavitalTests.SegmentIntervalDisplayTests test_jogRecovery_isMoving]' passed (0.000 seconds).
Test Case '-[HavitalTests.SegmentIntervalDisplayTests test_legacySegmentWithoutKind_hasNoRepsOrRest]' started.
Test Case '-[HavitalTests.SegmentIntervalDisplayTests test_legacySegmentWithoutKind_hasNoRepsOrRest]' passed (0.000 seconds).
Test Case '-[HavitalTests.SegmentIntervalDisplayTests test_recoveryWithoutDuration_hasNoRest]' started.
Test Case '-[HavitalTests.SegmentIntervalDisplayTests test_recoveryWithoutDuration_hasNoRest]' passed (0.000 seconds).
Test Case '-[HavitalTests.SegmentIntervalDisplayTests test_staticRecovery_isNotMoving]' started.
Test Case '-[HavitalTests.SegmentIntervalDisplayTests test_staticRecovery_isNotMoving]' passed (0.000 seconds).
Test Case '-[HavitalTests.SegmentIntervalDisplayTests test_steadySegment_hasNoRepsOrRest]' started.
Test Case '-[HavitalTests.SegmentIntervalDisplayTests test_steadySegment_hasNoRepsOrRest]' passed (0.000 seconds).
Test Case '-[HavitalTests.SegmentIntervalDisplayTests test_unknownKind_treatedAsSteady]' started.
Test Case '-[HavitalTests.SegmentIntervalDisplayTests test_unknownKind_treatedAsSteady]' passed (0.000 seconds).
Test Case '-[HavitalTests.SegmentIntervalDisplayTests test_unknownRecoveryType_defaultsToMoving]' started.
Test Case '-[HavitalTests.SegmentIntervalDisplayTests test_unknownRecoveryType_defaultsToMoving]' passed (0.001 seconds).
Test Case '-[HavitalTests.SegmentIntervalDisplayTests test_walkJogRecovery_countsAsMoving]' started.
Test Case '-[HavitalTests.SegmentIntervalDisplayTests test_walkJogRecovery_countsAsMoving]' passed (0.000 seconds).
Test Case '-[HavitalTests.SegmentIntervalDisplayTests test_workLabel_fallsBackToKilometres]' started.
Test Case '-[HavitalTests.SegmentIntervalDisplayTests test_workLabel_fallsBackToKilometres]' passed (0.000 seconds).
Test Case '-[HavitalTests.SegmentIntervalDisplayTests test_workLabel_fallsBackToMinutes]' started.
Test Case '-[HavitalTests.SegmentIntervalDisplayTests test_workLabel_fallsBackToMinutes]' passed (0.000 seconds).
Test Case '-[HavitalTests.SegmentIntervalDisplayTests test_workLabel_prefersMeters]' started.
Test Case '-[HavitalTests.SegmentIntervalDisplayTests test_workLabel_prefersMeters]' passed (0.000 seconds).
Test Suite 'SegmentIntervalDisplayTests' passed at 2026-08-29 15:40:10.937.
	 Executed 13 tests, with 0 failures (0 unexpected) in 0.005 (0.007) seconds
Test Suite 'SelectDisplayBadgeUseCaseTests' started at 2026-08-29 15:40:10.937.
Test Case '-[HavitalTests.SelectDisplayBadgeUseCaseTests test_fallsBackToHighestProgressInProgress_whenNoPin]' started.
Test Case '-[HavitalTests.SelectDisplayBadgeUseCaseTests test_fallsBackToHighestProgressInProgress_whenNoPin]' passed (0.000 seconds).
Test Case '-[HavitalTests.SelectDisplayBadgeUseCaseTests test_pinnedButDegradedStatus_fallsThroughToAlgorithm]' started.
Test Case '-[HavitalTests.SelectDisplayBadgeUseCaseTests test_pinnedButDegradedStatus_fallsThroughToAlgorithm]' passed (0.003 seconds).
Test Case '-[HavitalTests.SelectDisplayBadgeUseCaseTests test_pinnedMissing_fallsBackToAlgorithm]' started.
Test Case '-[HavitalTests.SelectDisplayBadgeUseCaseTests test_pinnedMissing_fallsBackToAlgorithm]' passed (0.000 seconds).
Test Case '-[HavitalTests.SelectDisplayBadgeUseCaseTests test_returnsFirstBadge_whenAllLockedAndNoInProgress]' started.
Test Case '-[HavitalTests.SelectDisplayBadgeUseCaseTests test_returnsFirstBadge_whenAllLockedAndNoInProgress]' passed (0.000 seconds).
Test Case '-[HavitalTests.SelectDisplayBadgeUseCaseTests test_returnsMostRecentUnlock_whenNoInProgress]' started.
Test Case '-[HavitalTests.SelectDisplayBadgeUseCaseTests test_returnsMostRecentUnlock_whenNoInProgress]' passed (0.000 seconds).
Test Case '-[HavitalTests.SelectDisplayBadgeUseCaseTests test_returnsNil_whenAllInputsEmpty]' started.
Test Case '-[HavitalTests.SelectDisplayBadgeUseCaseTests test_returnsNil_whenAllInputsEmpty]' passed (0.000 seconds).
Test Case '-[HavitalTests.SelectDisplayBadgeUseCaseTests test_returnsPinnedBadge_whenPinnedExists]' started.
Test Case '-[HavitalTests.SelectDisplayBadgeUseCaseTests test_returnsPinnedBadge_whenPinnedExists]' passed (0.003 seconds).
Test Suite 'SelectDisplayBadgeUseCaseTests' passed at 2026-08-29 15:40:10.947.
	 Executed 7 tests, with 0 failures (0 unexpected) in 0.008 (0.009) seconds
Test Suite 'ShareCardAspectSnapshotTests' started at 2026-08-29 15:40:10.947.
Test Case '-[HavitalTests.ShareCardAspectSnapshotTests test_achievementCard_bothAspects]' started.
[SHARE-CARD-SHOT] /tmp/share_card_shots/achievement_portrait45.png  340x460
[SHARE-CARD-SHOT] /tmp/share_card_shots/achievement_story916.png  340x604
Test Case '-[HavitalTests.ShareCardAspectSnapshotTests test_achievementCard_bothAspects]' passed (0.177 seconds).
Test Case '-[HavitalTests.ShareCardAspectSnapshotTests test_paceChartSize_isIdenticalAcrossAspects]' started.
Test Case '-[HavitalTests.ShareCardAspectSnapshotTests test_paceChartSize_isIdenticalAcrossAspects]' passed (0.001 seconds).
Test Case '-[HavitalTests.ShareCardAspectSnapshotTests test_recapCard_allOverlaysVisible_bothAspects]' started.
[SHARE-CARD-SHOT] /tmp/share_card_shots/recap_overlays_portrait45.png  360x450
[SHARE-CARD-SHOT] /tmp/share_card_shots/recap_overlays_story916.png  360x640
Test Case '-[HavitalTests.ShareCardAspectSnapshotTests test_recapCard_allOverlaysVisible_bothAspects]' passed (0.127 seconds).
Test Case '-[HavitalTests.ShareCardAspectSnapshotTests test_recapCard_bothAspects_withPhoto]' started.
[SHARE-CARD-SHOT] /tmp/share_card_shots/recap_photo_portrait45.png  360x450
[SHARE-CARD-SHOT] /tmp/share_card_shots/recap_photo_story916.png  360x640
Test Case '-[HavitalTests.ShareCardAspectSnapshotTests test_recapCard_bothAspects_withPhoto]' passed (0.100 seconds).
Test Case '-[HavitalTests.ShareCardAspectSnapshotTests test_recapCard_noPhoto_gradientFallback]' started.
[SHARE-CARD-SHOT] /tmp/share_card_shots/recap_nophoto_portrait45.png  360x450
[SHARE-CARD-SHOT] /tmp/share_card_shots/recap_nophoto_story916.png  360x640
Test Case '-[HavitalTests.ShareCardAspectSnapshotTests test_recapCard_noPhoto_gradientFallback]' passed (0.033 seconds).
Test Case '-[HavitalTests.ShareCardAspectSnapshotTests test_recapCard_zoomedPhoto_staysFullBleed]' started.
[SHARE-CARD-SHOT] /tmp/share_card_shots/recap_zoom2.5_corner_portrait45.png  360x450
[SHARE-CARD-SHOT] /tmp/share_card_shots/recap_zoom2.5_corner_story916.png  360x640
Test Case '-[HavitalTests.ShareCardAspectSnapshotTests test_recapCard_zoomedPhoto_staysFullBleed]' passed (0.113 seconds).
Test Case '-[HavitalTests.ShareCardAspectSnapshotTests test_routeAndTitleDefaults_doNotOverlap]' started.
Test Case '-[HavitalTests.ShareCardAspectSnapshotTests test_routeAndTitleDefaults_doNotOverlap]' passed (0.000 seconds).
Test Case '-[HavitalTests.ShareCardAspectSnapshotTests test_routeGlyphSize_isIndependentOfAspect]' started.
Test Case '-[HavitalTests.ShareCardAspectSnapshotTests test_routeGlyphSize_isIndependentOfAspect]' passed (0.000 seconds).
Test Suite 'ShareCardAspectSnapshotTests' passed at 2026-08-29 15:40:11.500.
	 Executed 8 tests, with 0 failures (0 unexpected) in 0.551 (0.553) seconds
Test Suite 'ShareCardCanvasDataBuilderTests' started at 2026-08-29 15:40:11.500.
Test Case '-[HavitalTests.ShareCardCanvasDataBuilderTests testClampNormalized_clampsTo005And095]' started.
Test Case '-[HavitalTests.ShareCardCanvasDataBuilderTests testClampNormalized_clampsTo005And095]' passed (0.000 seconds).
Test Case '-[HavitalTests.ShareCardCanvasDataBuilderTests testHasPaceSeries_falseWhenFewerThanTwoValidSamples]' started.
Test Case '-[HavitalTests.ShareCardCanvasDataBuilderTests testHasPaceSeries_falseWhenFewerThanTwoValidSamples]' passed (0.003 seconds).
Test Case '-[HavitalTests.ShareCardCanvasDataBuilderTests testHasPaceSeries_trueWhenTwoOrMoreValidSamples]' started.
Test Case '-[HavitalTests.ShareCardCanvasDataBuilderTests testHasPaceSeries_trueWhenTwoOrMoreValidSamples]' passed (0.000 seconds).
Test Case '-[HavitalTests.ShareCardCanvasDataBuilderTests testHasRoute_falseWhenFewerThanTwoPoints]' started.
Test Case '-[HavitalTests.ShareCardCanvasDataBuilderTests testHasRoute_falseWhenFewerThanTwoPoints]' passed (0.001 seconds).
Test Suite 'ShareCardCanvasDataBuilderTests' passed at 2026-08-29 15:40:11.506.
	 Executed 4 tests, with 0 failures (0 unexpected) in 0.005 (0.006) seconds
Test Suite 'ShareCardEditorLogicTests' started at 2026-08-29 15:40:11.506.
Test Case '-[HavitalTests.ShareCardEditorLogicTests testAdjustRouteScale_clampsWithinBounds]' started.
Test Case '-[HavitalTests.ShareCardEditorLogicTests testAdjustRouteScale_clampsWithinBounds]' passed (0.000 seconds).
Test Case '-[HavitalTests.ShareCardEditorLogicTests testDragOverlay_clampsNormalizedCenter]' started.
Test Case '-[HavitalTests.ShareCardEditorLogicTests testDragOverlay_clampsNormalizedCenter]' passed (0.000 seconds).
Test Case '-[HavitalTests.ShareCardEditorLogicTests testSetRouteColor_updatesState]' started.
Test Case '-[HavitalTests.ShareCardEditorLogicTests testSetRouteColor_updatesState]' passed (0.000 seconds).
Test Case '-[HavitalTests.ShareCardEditorLogicTests testToggleTitleVisibility_setsDefaultPosition]' started.
Test Case '-[HavitalTests.ShareCardEditorLogicTests testToggleTitleVisibility_setsDefaultPosition]' passed (0.000 seconds).
Test Suite 'ShareCardEditorLogicTests' passed at 2026-08-29 15:40:11.508.
	 Executed 4 tests, with 0 failures (0 unexpected) in 0.001 (0.002) seconds
Test Suite 'ShareCardPaceChartTests' started at 2026-08-29 15:40:11.508.
Test Case '-[HavitalTests.ShareCardPaceChartTests testAveragePace_computesMeanOfSamples]' started.
Test Case '-[HavitalTests.ShareCardPaceChartTests testAveragePace_computesMeanOfSamples]' passed (0.000 seconds).
Test Case '-[HavitalTests.ShareCardPaceChartTests testChartSize_matchesCardFractions]' started.
Test Case '-[HavitalTests.ShareCardPaceChartTests testChartSize_matchesCardFractions]' passed (0.000 seconds).
Test Case '-[HavitalTests.ShareCardPaceChartTests testPaceLinePoints_usesAllSamplesWithoutDownsampling]' started.
Test Case '-[HavitalTests.ShareCardPaceChartTests testPaceLinePoints_usesAllSamplesWithoutDownsampling]' passed (0.000 seconds).
Test Case '-[HavitalTests.ShareCardPaceChartTests testPaceYCoordinate_fasterPaceTowardTop]' started.
Test Case '-[HavitalTests.ShareCardPaceChartTests testPaceYCoordinate_fasterPaceTowardTop]' passed (0.000 seconds).
Test Suite 'ShareCardPaceChartTests' passed at 2026-08-29 15:40:11.512.
	 Executed 4 tests, with 0 failures (0 unexpected) in 0.001 (0.003) seconds
Test Suite 'ShareCardPhotoMathTests' started at 2026-08-29 15:40:11.512.
Test Case '-[HavitalTests.ShareCardPhotoMathTests test_aspectExportSizes]' started.
Test Case '-[HavitalTests.ShareCardPhotoMathTests test_aspectExportSizes]' passed (0.000 seconds).
Test Case '-[HavitalTests.ShareCardPhotoMathTests test_clampScale_ceilingIsFour]' started.
Test Case '-[HavitalTests.ShareCardPhotoMathTests test_clampScale_ceilingIsFour]' passed (0.000 seconds).
Test Case '-[HavitalTests.ShareCardPhotoMathTests test_clampScale_floorIsOne_becauseBelowOneWouldExposeBlankEdges]' started.
Test Case '-[HavitalTests.ShareCardPhotoMathTests test_clampScale_floorIsOne_becauseBelowOneWouldExposeBlankEdges]' passed (0.000 seconds).
Test Case '-[HavitalTests.ShareCardPhotoMathTests test_clampScale_passesThroughInsideRange]' started.
Test Case '-[HavitalTests.ShareCardPhotoMathTests test_clampScale_passesThroughInsideRange]' passed (0.000 seconds).
Test Case '-[HavitalTests.ShareCardPhotoMathTests test_defaultAspectIsPortrait45_soExistingCardsAreUnchanged]' started.
Test Case '-[HavitalTests.ShareCardPhotoMathTests test_defaultAspectIsPortrait45_soExistingCardsAreUnchanged]' passed (0.000 seconds).
Test Case '-[HavitalTests.ShareCardPhotoMathTests test_degeneratePhoto_doesNotCrashAndPinsToCenter]' started.
Test Case '-[HavitalTests.ShareCardPhotoMathTests test_degeneratePhoto_doesNotCrashAndPinsToCenter]' passed (0.000 seconds).
Test Case '-[HavitalTests.ShareCardPhotoMathTests test_fillScale_picksTheLargerRatio_soTheCardIsFullyCovered]' started.
Test Case '-[HavitalTests.ShareCardPhotoMathTests test_fillScale_picksTheLargerRatio_soTheCardIsFullyCovered]' passed (0.000 seconds).
Test Case '-[HavitalTests.ShareCardPhotoMathTests test_scaleBelowOne_isTreatedAsOne_notAsShrink]' started.
Test Case '-[HavitalTests.ShareCardPhotoMathTests test_scaleBelowOne_isTreatedAsOne_notAsShrink]' passed (0.002 seconds).
Test Case '-[HavitalTests.ShareCardPhotoMathTests test_squarePhotoAtScaleOne_canOnlyPanVertically]' started.
Test Case '-[HavitalTests.ShareCardPhotoMathTests test_squarePhotoAtScaleOne_canOnlyPanVertically]' passed (0.000 seconds).
Test Case '-[HavitalTests.ShareCardPhotoMathTests test_switchingTo916_reclampsOffsetForTheTallerCard]' started.
Test Case '-[HavitalTests.ShareCardPhotoMathTests test_switchingTo916_reclampsOffsetForTheTallerCard]' passed (0.000 seconds).
Test Case '-[HavitalTests.ShareCardPhotoMathTests test_zoomingBackOut_pullsAnOutOfBoundsOffsetBackIn]' started.
Test Case '-[HavitalTests.ShareCardPhotoMathTests test_zoomingBackOut_pullsAnOutOfBoundsOffsetBackIn]' passed (0.000 seconds).
Test Case '-[HavitalTests.ShareCardPhotoMathTests test_zoomingIn_widensThePanRange_onBothAxes]' started.
Test Case '-[HavitalTests.ShareCardPhotoMathTests test_zoomingIn_widensThePanRange_onBothAxes]' passed (0.000 seconds).
Test Suite 'ShareCardPhotoMathTests' passed at 2026-08-29 15:40:11.520.
	 Executed 12 tests, with 0 failures (0 unexpected) in 0.006 (0.008) seconds
Test Suite 'ShareCardRouteGlyphTests' started at 2026-08-29 15:40:11.520.
Test Case '-[HavitalTests.ShareCardRouteGlyphTests testNormalizedPoints_fitInsideSquareWithoutStretch]' started.
Test Case '-[HavitalTests.ShareCardRouteGlyphTests testNormalizedPoints_fitInsideSquareWithoutStretch]' passed (0.003 seconds).
Test Case '-[HavitalTests.ShareCardRouteGlyphTests testShouldSmooth_trueWhenManyPoints]' started.
Test Case '-[HavitalTests.ShareCardRouteGlyphTests testShouldSmooth_trueWhenManyPoints]' passed (0.000 seconds).
Test Case '-[HavitalTests.ShareCardRouteGlyphTests testSquareSize_equalsCardWidthOverSix]' started.
Test Case '-[HavitalTests.ShareCardRouteGlyphTests testSquareSize_equalsCardWidthOverSix]' passed (0.000 seconds).
Test Suite 'ShareCardRouteGlyphTests' passed at 2026-08-29 15:40:11.524.
	 Executed 3 tests, with 0 failures (0 unexpected) in 0.004 (0.004) seconds
Test Suite 'ShareCardTipStorageTests' started at 2026-08-29 15:40:11.524.
Test Case '-[HavitalTests.ShareCardTipStorageTests test_reset_restoresInitialState]' started.
[ShareCardTipStorage] [DEBUG] [ShareCardTip] auto shown count -> 1
[ShareCardTipStorage] [DEBUG] [ShareCardTip] auto shown count -> 2
[ShareCardTipStorage] [DEBUG] [ShareCardTip] dismissed permanently
Test Case '-[HavitalTests.ShareCardTipStorageTests test_reset_restoresInitialState]' passed (0.007 seconds).
Test Case '-[HavitalTests.ShareCardTipStorageTests test_shouldShow_falseAfterTwoAutoShows]' started.
[ShareCardTipStorage] [DEBUG] [ShareCardTip] auto shown count -> 1
[ShareCardTipStorage] [DEBUG] [ShareCardTip] auto shown count -> 2
Test Case '-[HavitalTests.ShareCardTipStorageTests test_shouldShow_falseAfterTwoAutoShows]' passed (0.002 seconds).
Test Case '-[HavitalTests.ShareCardTipStorageTests test_shouldShow_falseWhenDismissedPermanently_evenWithZeroCount]' started.
[ShareCardTipStorage] [DEBUG] [ShareCardTip] dismissed permanently
Test Case '-[HavitalTests.ShareCardTipStorageTests test_shouldShow_falseWhenDismissedPermanently_evenWithZeroCount]' passed (0.001 seconds).
Test Case '-[HavitalTests.ShareCardTipStorageTests test_shouldShow_trueAfterOneAutoShow]' started.
[ShareCardTipStorage] [DEBUG] [ShareCardTip] auto shown count -> 1
Test Case '-[HavitalTests.ShareCardTipStorageTests test_shouldShow_trueAfterOneAutoShow]' passed (0.001 seconds).
Test Case '-[HavitalTests.ShareCardTipStorageTests test_shouldShow_trueInitially]' started.
Test Case '-[HavitalTests.ShareCardTipStorageTests test_shouldShow_trueInitially]' passed (0.000 seconds).
Test Suite 'ShareCardTipStorageTests' passed at 2026-08-29 15:40:11.537.
	 Executed 5 tests, with 0 failures (0 unexpected) in 0.011 (0.012) seconds
Test Suite 'StateCardDTOTests' started at 2026-08-29 15:40:11.537.
Test Case '-[HavitalTests.StateCardDTOTests test_decodes_free_locked_card_missing_chips]' started.
Test Case '-[HavitalTests.StateCardDTOTests test_decodes_free_locked_card_missing_chips]' passed (0.005 seconds).
Test Case '-[HavitalTests.StateCardDTOTests test_decodes_paid_card]' started.
Test Case '-[HavitalTests.StateCardDTOTests test_decodes_paid_card]' passed (0.001 seconds).
Test Suite 'StateCardDTOTests' passed at 2026-08-29 15:40:11.544.
	 Executed 2 tests, with 0 failures (0 unexpected) in 0.007 (0.007) seconds
Test Suite 'StateCardMapperTests' started at 2026-08-29 15:40:11.544.
Test Case '-[HavitalTests.StateCardMapperTests test_collapsed_reason_replaces_display_headline]' started.
Test Case '-[HavitalTests.StateCardMapperTests test_collapsed_reason_replaces_display_headline]' passed (0.000 seconds).
Test Case '-[HavitalTests.StateCardMapperTests test_display_headline_falls_back_when_no_reason]' started.
Test Case '-[HavitalTests.StateCardMapperTests test_display_headline_falls_back_when_no_reason]' passed (0.000 seconds).
Test Case '-[HavitalTests.StateCardMapperTests test_mapper_carries_mileage_progression]' started.
Test Case '-[HavitalTests.StateCardMapperTests test_mapper_carries_mileage_progression]' passed (0.000 seconds).
Test Case '-[HavitalTests.StateCardMapperTests test_mapper_nil_mileage_progression]' started.
Test Case '-[HavitalTests.StateCardMapperTests test_mapper_nil_mileage_progression]' passed (0.000 seconds).
Test Case '-[HavitalTests.StateCardMapperTests test_maps_free_nil_chips]' started.
Test Case '-[HavitalTests.StateCardMapperTests test_maps_free_nil_chips]' passed (0.000 seconds).
Test Case '-[HavitalTests.StateCardMapperTests test_maps_paid]' started.
Test Case '-[HavitalTests.StateCardMapperTests test_maps_paid]' passed (0.000 seconds).
Test Suite 'StateCardMapperTests' passed at 2026-08-29 15:40:11.547.
	 Executed 6 tests, with 0 failures (0 unexpected) in 0.002 (0.003) seconds
Test Suite 'StateRizoChatViewModelTests' started at 2026-08-29 15:40:11.547.
Test Case '-[HavitalTests.StateRizoChatViewModelTests test_accept_not_applied_does_not_append_user_confirmed]' started.
Test Case '-[HavitalTests.StateRizoChatViewModelTests test_accept_not_applied_does_not_append_user_confirmed]' passed (0.003 seconds).
Test Case '-[HavitalTests.StateRizoChatViewModelTests test_accept_success_appends_user_confirmed_bubble_before_coach_applied]' started.
[CacheEventBus] [INFO] [FirebaseLogging] 相關快取已清空
Test Case '-[HavitalTests.StateRizoChatViewModelTests test_accept_success_appends_user_confirmed_bubble_before_coach_applied]' passed (0.011 seconds).
Test Case '-[HavitalTests.StateRizoChatViewModelTests test_accept_success_bodyStatus_uses_immediate_applied_text]' started.
[CacheEventBus] [INFO] [FirebaseLogging] 相關快取已清空
Test Case '-[HavitalTests.StateRizoChatViewModelTests test_accept_success_bodyStatus_uses_immediate_applied_text]' passed (0.001 seconds).
Test Case '-[HavitalTests.StateRizoChatViewModelTests test_opening_then_user_reply_appends_messages]' started.
Test Case '-[HavitalTests.StateRizoChatViewModelTests test_opening_then_user_reply_appends_messages]' passed (0.001 seconds).
Test Case '-[HavitalTests.StateRizoChatViewModelTests test_resumeFromHistoryRendersPrefixAndSendsNextTurnToForkSession]' started.
Test Case '-[HavitalTests.StateRizoChatViewModelTests test_resumeFromHistoryRendersPrefixAndSendsNextTurnToForkSession]' passed (0.001 seconds).
Test Case '-[HavitalTests.StateRizoChatViewModelTests test_send_clearsDraftOnSubmit]' started.
Test Case '-[HavitalTests.StateRizoChatViewModelTests test_send_clearsDraftOnSubmit]' passed (0.001 seconds).
Test Case '-[HavitalTests.StateRizoChatViewModelTests test_send_emptyText_doesNothing]' started.
Test Case '-[HavitalTests.StateRizoChatViewModelTests test_send_emptyText_doesNothing]' passed (0.000 seconds).
[CacheEventBus] [DEBUG] [CacheEventBus] 通知 5 個 event 訂閱者: dataChanged(paceriz_dev.DataType.trainingPlanV2)
[CacheEventBus] [DEBUG] [CacheEventBus] 通知 5 個 event 訂閱者: dataChanged(paceriz_dev.DataType.trainingPlanV2)
Test Case '-[HavitalTests.StateRizoChatViewModelTests test_send_failure_appendsCoachFallbackMessage]' started.
[AchievementsVM] event dataChanged.trainingPlanV2 → forceRefresh
[PersonalAchievementsViewModel] [INFO] [AchievementsVM] event dataChanged.trainingPlanV2 → forceRefresh
[AchievementsVM] event dataChanged.trainingPlanV2 → forceRefresh
[PersonalAchievementsViewModel] [INFO] [AchievementsVM] event dataChanged.trainingPlanV2 → forceRefresh
[AchievementsVM] event dataChanged.trainingPlanV2 → forceRefresh
[PersonalAchievementsViewModel] [INFO] [AchievementsVM] event dataChanged.trainingPlanV2 → forceRefresh
[AchievementsVM] event dataChanged.trainingPlanV2 → forceRefresh
[PersonalAchievementsViewModel] [INFO] [AchievementsVM] event dataChanged.trainingPlanV2 → forceRefresh
[AchievementsVM] event dataChanged.trainingPlanV2 → forceRefresh
[PersonalAchievementsViewModel] [INFO] [AchievementsVM] event dataChanged.trainingPlanV2 → forceRefresh
[AchievementsVM] event dataChanged.trainingPlanV2 → forceRefresh
[PersonalAchievementsViewModel] [INFO] [AchievementsVM] event dataChanged.trainingPlanV2 → forceRefresh
[AchievementsVM] event dataChanged.trainingPlanV2 → forceRefresh
[PersonalAchievementsViewModel] [INFO] [AchievementsVM] event dataChanged.trainingPlanV2 → forceRefresh
[AchievementsVM] event dataChanged.trainingPlanV2 → forceRefresh
[PersonalAchievementsViewModel] [INFO] [AchievementsVM] event dataChanged.trainingPlanV2 → forceRefresh
[AchievementsVM] event dataChanged.trainingPlanV2 → forceRefresh
[PersonalAchievementsViewModel] [INFO] [AchievementsVM] event dataChanged.trainingPlanV2 → forceRefresh
Test Case '-[HavitalTests.StateRizoChatViewModelTests test_send_failure_appendsCoachFallbackMessage]' passed (0.004 seconds).
Test Case '-[HavitalTests.StateRizoChatViewModelTests test_send_threadsSessionIdOnSecondTurn]' started.
[AchievementsVM] event dataChanged.trainingPlanV2 → forceRefresh
[PersonalAchievementsViewModel] [INFO] [AchievementsVM] event dataChanged.trainingPlanV2 → forceRefresh
Test Case '-[HavitalTests.StateRizoChatViewModelTests test_send_threadsSessionIdOnSecondTurn]' passed (0.001 seconds).
Test Case '-[HavitalTests.StateRizoChatViewModelTests test_sendChat_returnsReply_andRecordsArgs]' started.
Test Case '-[HavitalTests.StateRizoChatViewModelTests test_sendChat_returnsReply_andRecordsArgs]' passed (0.000 seconds).
Test Case '-[HavitalTests.StateRizoChatViewModelTests test_startOpening_isIdempotent_whenMessagesPresent]' started.
Test Case '-[HavitalTests.StateRizoChatViewModelTests test_startOpening_isIdempotent_whenMessagesPresent]' passed (0.000 seconds).
Test Case '-[HavitalTests.StateRizoChatViewModelTests test_streamingShowsPartialBeforeFinalThenFinalOverwritesIt]' started.
Test Case '-[HavitalTests.StateRizoChatViewModelTests test_streamingShowsPartialBeforeFinalThenFinalOverwritesIt]' passed (0.203 seconds).
Test Suite 'StateRizoChatViewModelTests' passed at 2026-08-29 15:40:11.774.
	 Executed 12 tests, with 0 failures (0 unexpected) in 0.225 (0.227) seconds
Test Suite 'SteadyIntervalsContractTests' started at 2026-08-29 15:40:11.774.
Test Case '-[HavitalTests.SteadyIntervalsContractTests test_decodesFourSegments]' started.
Test Case '-[HavitalTests.SteadyIntervalsContractTests test_decodesFourSegments]' passed (0.001 seconds).
Test Case '-[HavitalTests.SteadyIntervalsContractTests test_entityDecodes_whenKindIsUnknown_andRoundTripsVerbatim]' started.
Test Case '-[HavitalTests.SteadyIntervalsContractTests test_entityDecodes_whenKindIsUnknown_andRoundTripsVerbatim]' passed (0.002 seconds).
Test Case '-[HavitalTests.SteadyIntervalsContractTests test_entityDecodes_whenKindKeyMissing]' started.
Test Case '-[HavitalTests.SteadyIntervalsContractTests test_entityDecodes_whenKindKeyMissing]' passed (0.000 seconds).
Test Case '-[HavitalTests.SteadyIntervalsContractTests test_explicitSteadySegment]' started.
Test Case '-[HavitalTests.SteadyIntervalsContractTests test_explicitSteadySegment]' passed (0.001 seconds).
Test Case '-[HavitalTests.SteadyIntervalsContractTests test_firstSegment_hasNoKind_soItIsLegacySteady]' started.
Test Case '-[HavitalTests.SteadyIntervalsContractTests test_firstSegment_hasNoKind_soItIsLegacySteady]' passed (0.000 seconds).
Test Case '-[HavitalTests.SteadyIntervalsContractTests test_intervalSegment_mapsToEntity]' started.
Test Case '-[HavitalTests.SteadyIntervalsContractTests test_intervalSegment_mapsToEntity]' passed (0.000 seconds).
Test Case '-[HavitalTests.SteadyIntervalsContractTests test_intervalSegment_withJogRecovery]' started.
Test Case '-[HavitalTests.SteadyIntervalsContractTests test_intervalSegment_withJogRecovery]' passed (0.000 seconds).
Test Case '-[HavitalTests.SteadyIntervalsContractTests test_intervalSegment_withStaticRecovery]' started.
Test Case '-[HavitalTests.SteadyIntervalsContractTests test_intervalSegment_withStaticRecovery]' passed (0.000 seconds).
Test Case '-[HavitalTests.SteadyIntervalsContractTests test_mapperRoundTrip_preservesSequence]' started.
Test Case '-[HavitalTests.SteadyIntervalsContractTests test_mapperRoundTrip_preservesSequence]' passed (0.000 seconds).
Test Case '-[HavitalTests.SteadyIntervalsContractTests test_missingKind_mapsToSteady]' started.
Test Case '-[HavitalTests.SteadyIntervalsContractTests test_missingKind_mapsToSteady]' passed (0.000 seconds).
Test Case '-[HavitalTests.SteadyIntervalsContractTests test_missingTrailFlag_defaultsToFalse]' started.
Test Case '-[HavitalTests.SteadyIntervalsContractTests test_missingTrailFlag_defaultsToFalse]' passed (0.000 seconds).
Test Case '-[HavitalTests.SteadyIntervalsContractTests test_runType_isSteadyIntervals]' started.
Test Case '-[HavitalTests.SteadyIntervalsContractTests test_runType_isSteadyIntervals]' passed (0.000 seconds).
Test Case '-[HavitalTests.SteadyIntervalsContractTests test_steadyIntervals_hasItsOwnDisplayName_notGenericIntervalFallback]' started.
Test Case '-[HavitalTests.SteadyIntervalsContractTests test_steadyIntervals_hasItsOwnDisplayName_notGenericIntervalFallback]' passed (0.000 seconds).
Test Case '-[HavitalTests.SteadyIntervalsContractTests test_steadyIntervals_inferredAsOwnType]' started.
Test Case '-[HavitalTests.SteadyIntervalsContractTests test_steadyIntervals_inferredAsOwnType]' passed (0.000 seconds).
Test Case '-[HavitalTests.SteadyIntervalsContractTests test_stripClimate_preservesSegmentSequence]' started.
Test Case '-[HavitalTests.SteadyIntervalsContractTests test_stripClimate_preservesSegmentSequence]' passed (0.000 seconds).
Test Case '-[HavitalTests.SteadyIntervalsContractTests test_trailFlag_roundTripsTrue]' started.
Test Case '-[HavitalTests.SteadyIntervalsContractTests test_trailFlag_roundTripsTrue]' passed (0.000 seconds).
Test Case '-[HavitalTests.SteadyIntervalsContractTests test_unknownKind_degradesToSteady]' started.
Test Case '-[HavitalTests.SteadyIntervalsContractTests test_unknownKind_degradesToSteady]' passed (0.000 seconds).
Test Suite 'SteadyIntervalsContractTests' passed at 2026-08-29 15:40:11.787.
	 Executed 17 tests, with 0 failures (0 unexpected) in 0.009 (0.012) seconds
Test Suite 'StoreKitIsolationTests' started at 2026-08-29 15:40:11.787.
Test Case '-[HavitalTests.StoreKitIsolationTests testAC_IAP_21_01_noStoreKitFileInMainTarget]' started.
Test Case '-[HavitalTests.StoreKitIsolationTests testAC_IAP_21_01_noStoreKitFileInMainTarget]' passed (0.023 seconds).
Test Case '-[HavitalTests.StoreKitIsolationTests testAC_IAP_21_02_noSchemeReferencesStoreKitConfig]' started.
Test Case '-[HavitalTests.StoreKitIsolationTests testAC_IAP_21_02_noSchemeReferencesStoreKitConfig]' passed (0.002 seconds).
Test Case '-[HavitalTests.StoreKitIsolationTests testAC_IAP_21_03_uitestTearDownClearsTransactions]' started.
Test Case '-[HavitalTests.StoreKitIsolationTests testAC_IAP_21_03_uitestTearDownClearsTransactions]' passed (0.006 seconds).
Test Suite 'StoreKitIsolationTests' passed at 2026-08-29 15:40:11.819.
	 Executed 3 tests, with 0 failures (0 unexpected) in 0.032 (0.033) seconds
Test Suite 'StrengthCompletionTests' started at 2026-08-29 15:40:11.819.
Test Case '-[HavitalTests.StrengthCompletionTests test_empty_progress_updates_maps_to_empty]' started.
Test Case '-[HavitalTests.StrengthCompletionTests test_empty_progress_updates_maps_to_empty]' passed (0.002 seconds).
Test Case '-[HavitalTests.StrengthCompletionTests test_exercise_without_series_id_decodes_nil]' started.
Test Case '-[HavitalTests.StrengthCompletionTests test_exercise_without_series_id_decodes_nil]' passed (0.000 seconds).
Test Case '-[HavitalTests.StrengthCompletionTests test_exerciseDTO_decodes_series_id]' started.
Test Case '-[HavitalTests.StrengthCompletionTests test_exerciseDTO_decodes_series_id]' passed (0.000 seconds).
Test Case '-[HavitalTests.StrengthCompletionTests test_mapper_carries_series_id_to_entity]' started.
Test Case '-[HavitalTests.StrengthCompletionTests test_mapper_carries_series_id_to_entity]' passed (0.000 seconds).
Test Case '-[HavitalTests.StrengthCompletionTests test_requestDTO_encodes_snake_case]' started.
Test Case '-[HavitalTests.StrengthCompletionTests test_requestDTO_encodes_snake_case]' passed (0.002 seconds).
Test Case '-[HavitalTests.StrengthCompletionTests test_responseDTO_maps_to_result_with_reason]' started.
Test Case '-[HavitalTests.StrengthCompletionTests test_responseDTO_maps_to_result_with_reason]' passed (0.001 seconds).
Test Case '-[HavitalTests.StrengthCompletionTests test_store_mark_and_read_roundtrip]' started.
Test Case '-[HavitalTests.StrengthCompletionTests test_store_mark_and_read_roundtrip]' passed (0.002 seconds).
Test Suite 'StrengthCompletionTests' passed at 2026-08-29 15:40:11.829.
	 Executed 7 tests, with 0 failures (0 unexpected) in 0.009 (0.010) seconds
Test Suite 'StrengthCompletionViewModelTests' started at 2026-08-29 15:40:11.829.
Test Case '-[HavitalTests.StrengthCompletionViewModelTests test_default_all_completed_and_rpe_required]' started.
Test Case '-[HavitalTests.StrengthCompletionViewModelTests test_default_all_completed_and_rpe_required]' passed (0.002 seconds).
Test Case '-[HavitalTests.StrengthCompletionViewModelTests test_dismissError_returns_to_form]' started.
Test Case '-[HavitalTests.StrengthCompletionViewModelTests test_dismissError_returns_to_form]' passed (0.002 seconds).
Test Case '-[HavitalTests.StrengthCompletionViewModelTests test_submit_empty_updates_is_silent_confirm]' started.
Test Case '-[HavitalTests.StrengthCompletionViewModelTests test_submit_empty_updates_is_silent_confirm]' passed (0.001 seconds).
Test Case '-[HavitalTests.StrengthCompletionViewModelTests test_submit_failure_does_not_mark_and_sets_error]' started.
Test Case '-[HavitalTests.StrengthCompletionViewModelTests test_submit_failure_does_not_mark_and_sets_error]' passed (0.000 seconds).
Test Case '-[HavitalTests.StrengthCompletionViewModelTests test_submit_success_marks_completed_and_enters_feedback]' started.
Test Case '-[HavitalTests.StrengthCompletionViewModelTests test_submit_success_marks_completed_and_enters_feedback]' passed (0.000 seconds).
Test Case '-[HavitalTests.StrengthCompletionViewModelTests test_toggle_skip_builds_correct_request]' started.
Test Case '-[HavitalTests.StrengthCompletionViewModelTests test_toggle_skip_builds_correct_request]' passed (0.000 seconds).
Test Suite 'StrengthCompletionViewModelTests' passed at 2026-08-29 15:40:11.835.
	 Executed 6 tests, with 0 failures (0 unexpected) in 0.005 (0.006) seconds
Test Suite 'SubscriptionIntroEligibilityTests' started at 2026-08-29 15:40:11.835.
Test Case '-[HavitalTests.SubscriptionIntroEligibilityTests testEligibleAppleGroupDisplaysIntro]' started.
Test Case '-[HavitalTests.SubscriptionIntroEligibilityTests testEligibleAppleGroupDisplaysIntro]' passed (0.000 seconds).
Test Case '-[HavitalTests.SubscriptionIntroEligibilityTests testIneligibleAppleGroupHidesIntro]' started.
Test Case '-[HavitalTests.SubscriptionIntroEligibilityTests testIneligibleAppleGroupHidesIntro]' passed (0.000 seconds).
Test Case '-[HavitalTests.SubscriptionIntroEligibilityTests testMissingSubscriptionGroupHidesIntroWithoutQueryingApple]' started.
Test Case '-[HavitalTests.SubscriptionIntroEligibilityTests testMissingSubscriptionGroupHidesIntroWithoutQueryingApple]' passed (0.000 seconds).
Test Case '-[HavitalTests.SubscriptionIntroEligibilityTests testUnsyncedRevenueCatIdentityHidesIntroWithoutQueryingApple]' started.
Test Case '-[HavitalTests.SubscriptionIntroEligibilityTests testUnsyncedRevenueCatIdentityHidesIntroWithoutQueryingApple]' passed (0.000 seconds).
Test Suite 'SubscriptionIntroEligibilityTests' passed at 2026-08-29 15:40:11.839.
	 Executed 4 tests, with 0 failures (0 unexpected) in 0.002 (0.003) seconds
Test Suite 'SubscriptionMapperTests' started at 2026-08-29 15:40:11.839.
Test Case '-[HavitalTests.SubscriptionMapperTests testMapsInIntroTrialFlagToEntity]' started.
Test Case '-[HavitalTests.SubscriptionMapperTests testMapsInIntroTrialFlagToEntity]' passed (0.001 seconds).
Test Case '-[HavitalTests.SubscriptionMapperTests testMapsRizoUsageRemainingAndResetsAtToEntity]' started.
Test Case '-[HavitalTests.SubscriptionMapperTests testMapsRizoUsageRemainingAndResetsAtToEntity]' passed (0.000 seconds).
Test Case '-[HavitalTests.SubscriptionMapperTests testRizoUsageFallsBackToLimitMinusUsedWhenRemainingNil]' started.
Test Case '-[HavitalTests.SubscriptionMapperTests testRizoUsageFallsBackToLimitMinusUsedWhenRemainingNil]' passed (0.000 seconds).
Test Case '-[HavitalTests.SubscriptionMapperTests testToEntity_keepsCancelledWhenExpiryInFuture]' started.
Test Case '-[HavitalTests.SubscriptionMapperTests testToEntity_keepsCancelledWhenExpiryInFuture]' passed (0.001 seconds).
Test Case '-[HavitalTests.SubscriptionMapperTests testToEntity_mapsActiveWithBillingIssueToGracePeriod]' started.
Test Case '-[HavitalTests.SubscriptionMapperTests testToEntity_mapsActiveWithBillingIssueToGracePeriod]' passed (0.000 seconds).
Test Case '-[HavitalTests.SubscriptionMapperTests testToEntity_mapsCancelledToCancelled]' started.
Test Case '-[HavitalTests.SubscriptionMapperTests testToEntity_mapsCancelledToCancelled]' passed (0.001 seconds).
Test Case '-[HavitalTests.SubscriptionMapperTests testToEntity_mapsCancelledWithPastExpiryToExpired]' started.
Test Case '-[HavitalTests.SubscriptionMapperTests testToEntity_mapsCancelledWithPastExpiryToExpired]' passed (0.001 seconds).
Test Case '-[HavitalTests.SubscriptionMapperTests testToEntity_mapsCanOfferPacerizEb1True]' started.
Test Case '-[HavitalTests.SubscriptionMapperTests testToEntity_mapsCanOfferPacerizEb1True]' passed (0.000 seconds).
Test Case '-[HavitalTests.SubscriptionMapperTests testToEntity_mapsGracePeriodStringToGracePeriod]' started.
Test Case '-[HavitalTests.SubscriptionMapperTests testToEntity_mapsGracePeriodStringToGracePeriod]' passed (0.001 seconds).
Test Case '-[HavitalTests.SubscriptionMapperTests testToEntity_mapsRevokedToExpired]' started.
Test Case '-[HavitalTests.SubscriptionMapperTests testToEntity_mapsRevokedToExpired]' passed (0.001 seconds).
Test Case '-[HavitalTests.SubscriptionMapperTests testToEntity_mapsRevokeToExpired]' started.
Test Case '-[HavitalTests.SubscriptionMapperTests testToEntity_mapsRevokeToExpired]' passed (0.001 seconds).
Test Case '-[HavitalTests.SubscriptionMapperTests testToEntity_mapsSubscribedToActive]' started.
Test Case '-[HavitalTests.SubscriptionMapperTests testToEntity_mapsSubscribedToActive]' passed (0.001 seconds).
Test Case '-[HavitalTests.SubscriptionMapperTests testToEntity_mapsTrialActiveToTrial]' started.
Test Case '-[HavitalTests.SubscriptionMapperTests testToEntity_mapsTrialActiveToTrial]' passed (0.000 seconds).
Test Case '-[HavitalTests.SubscriptionMapperTests testToEntity_missingEligibilityDefaultsFalse]' started.
Test Case '-[HavitalTests.SubscriptionMapperTests testToEntity_missingEligibilityDefaultsFalse]' passed (0.001 seconds).
Test Case '-[HavitalTests.SubscriptionMapperTests testTrialRemainingDaysFromDTOIsPreserved]' started.
Test Case '-[HavitalTests.SubscriptionMapperTests testTrialRemainingDaysFromDTOIsPreserved]' passed (0.000 seconds).
Test Suite 'SubscriptionMapperTests' passed at 2026-08-29 15:40:11.851.
	 Executed 15 tests, with 0 failures (0 unexpected) in 0.008 (0.013) seconds
Test Suite 'SubscriptionReminderManagerTests' started at 2026-08-29 15:40:11.851.
Test Case '-[HavitalTests.SubscriptionReminderManagerTests testCheckAndShowReminder_expiredAfterSessionReset_showsAgain]' started.
[Subscription] State.update applied: none → active inGrace=false hasOverride=nil
[Subscription] State.update applied: active → none inGrace=false hasOverride=nil
Test Case '-[HavitalTests.SubscriptionReminderManagerTests testCheckAndShowReminder_expiredAfterSessionReset_showsAgain]' passed (0.007 seconds).
Test Case '-[HavitalTests.SubscriptionReminderManagerTests testCheckAndShowReminder_expiredOnlyOncePerSession]' started.
[Subscription] State.update applied: none → active inGrace=false hasOverride=nil
[Subscription] State.update applied: active → none inGrace=false hasOverride=nil
Test Case '-[HavitalTests.SubscriptionReminderManagerTests testCheckAndShowReminder_expiredOnlyOncePerSession]' passed (0.000 seconds).
Test Case '-[HavitalTests.SubscriptionReminderManagerTests testCheckAndShowReminder_nonReminderStatuses_clearReminder]' started.
[Subscription] State.update applied: none → active inGrace=false hasOverride=nil
[Subscription] State.update applied: active → none inGrace=false hasOverride=nil
Test Case '-[HavitalTests.SubscriptionReminderManagerTests testCheckAndShowReminder_nonReminderStatuses_clearReminder]' passed (0.001 seconds).
Test Case '-[HavitalTests.SubscriptionReminderManagerTests testCheckAndShowReminder_trialNotEligible_clearsExistingReminder]' started.
[Subscription] State.update applied: none → active inGrace=false hasOverride=nil
[Subscription] State.update applied: active → none inGrace=false hasOverride=nil
Test Case '-[HavitalTests.SubscriptionReminderManagerTests testCheckAndShowReminder_trialNotEligible_clearsExistingReminder]' passed (0.001 seconds).
Test Case '-[HavitalTests.SubscriptionReminderManagerTests testCheckAndShowReminder_trialOverSevenDays_doesNotShowReminder]' started.
[Subscription] State.update applied: none → active inGrace=false hasOverride=nil
[Subscription] State.update applied: active → none inGrace=false hasOverride=nil
Test Case '-[HavitalTests.SubscriptionReminderManagerTests testCheckAndShowReminder_trialOverSevenDays_doesNotShowReminder]' passed (0.000 seconds).
Test Case '-[HavitalTests.SubscriptionReminderManagerTests testCheckAndShowReminder_trialReminderShownOncePerDay]' started.
[Subscription] State.update applied: none → active inGrace=false hasOverride=nil
[Subscription] State.update applied: active → none inGrace=false hasOverride=nil
Test Case '-[HavitalTests.SubscriptionReminderManagerTests testCheckAndShowReminder_trialReminderShownOncePerDay]' passed (0.001 seconds).
Test Case '-[HavitalTests.SubscriptionReminderManagerTests testCheckAndShowReminder_trialWithinThreeDays_showsTrialReminder]' started.
[Subscription] State.update applied: none → active inGrace=false hasOverride=nil
[Subscription] State.update applied: active → none inGrace=false hasOverride=nil
Test Case '-[HavitalTests.SubscriptionReminderManagerTests testCheckAndShowReminder_trialWithinThreeDays_showsTrialReminder]' passed (0.001 seconds).
Test Case '-[HavitalTests.SubscriptionReminderManagerTests testRaceCondition_dialogDismissedWhenPlanLoaderPopulatesCache]' started.
[Subscription] State.update applied: none → active inGrace=false hasOverride=nil
[Subscription] State.update applied: active → none inGrace=false hasOverride=nil
Test Case '-[HavitalTests.SubscriptionReminderManagerTests testRaceCondition_dialogDismissedWhenPlanLoaderPopulatesCache]' passed (0.000 seconds).
Test Case '-[HavitalTests.SubscriptionReminderManagerTests testRaceCondition_newUserWithoutPlan_dialogSurvivesReEvaluation]' started.
[Subscription] State.update applied: none → active inGrace=false hasOverride=nil
[Subscription] State.update applied: active → none inGrace=false hasOverride=nil
Test Case '-[HavitalTests.SubscriptionReminderManagerTests testRaceCondition_newUserWithoutPlan_dialogSurvivesReEvaluation]' passed (0.000 seconds).
Test Case '-[HavitalTests.SubscriptionReminderManagerTests testRaceCondition_trueNewUser_neverSeesExpiredDialog]' started.
[Subscription] State.update applied: none → active inGrace=false hasOverride=nil
[Subscription] State.update applied: active → none inGrace=false hasOverride=nil
Test Case '-[HavitalTests.SubscriptionReminderManagerTests testRaceCondition_trueNewUser_neverSeesExpiredDialog]' passed (0.000 seconds).
Test Suite 'SubscriptionReminderManagerTests' passed at 2026-08-29 15:40:11.866.
	 Executed 10 tests, with 0 failures (0 unexpected) in 0.013 (0.015) seconds
Test Suite 'SubscriptionRepositoryPollingTests' started at 2026-08-29 15:40:11.866.
Test Case '-[HavitalTests.SubscriptionRepositoryPollingTests testPolling_WhenBackendAlwaysReturnsExpired_OptimisticActiveIsPreserved]' started.
[SubscriptionRepositoryImpl] [DEBUG] [SubscriptionRepositoryImpl] 初始化完成
[Subscription] State.update skipped (no change): status=none inGrace=false
[Subscription] State.update applied: none → active inGrace=false hasOverride=nil
[Subscription] waitForBackend attempt=0 backendStatus=expired
[Subscription] waitForBackend attempt=1 backendStatus=expired
[Subscription] waitForBackend attempt=2 backendStatus=expired
[Subscription] waitForBackend attempt=3 backendStatus=expired
[Subscription] waitForBackend attempt=4 backendStatus=expired
[Subscription] waitForBackend attempt=5 backendStatus=expired
[Subscription] waitForBackend attempt=6 backendStatus=expired
[Subscription] waitForBackend attempt=7 backendStatus=expired
[Subscription] waitForBackend attempt=8 backendStatus=expired
[Subscription] waitForBackend attempt=9 backendStatus=expired
[Subscription] State.update applied: active → none inGrace=false hasOverride=nil
Test Case '-[HavitalTests.SubscriptionRepositoryPollingTests testPolling_WhenBackendAlwaysReturnsExpired_OptimisticActiveIsPreserved]' passed (0.001 seconds).
Test Case '-[HavitalTests.SubscriptionRepositoryPollingTests testPolling_WhenBackendAlwaysReturnsNone_OptimisticActiveIsPreserved]' started.
[SubscriptionRepositoryImpl] [DEBUG] [SubscriptionRepositoryImpl] 初始化完成
[Subscription] State.update skipped (no change): status=none inGrace=false
[Subscription] State.update applied: none → active inGrace=false hasOverride=nil
[Subscription] waitForBackend attempt=0 backendStatus=none
[Subscription] waitForBackend attempt=1 backendStatus=none
[Subscription] waitForBackend attempt=2 backendStatus=none
[Subscription] waitForBackend attempt=3 backendStatus=none
[Subscription] waitForBackend attempt=4 backendStatus=none
[Subscription] waitForBackend attempt=5 backendStatus=none
[Subscription] waitForBackend attempt=6 backendStatus=none
[Subscription] waitForBackend attempt=7 backendStatus=none
[Subscription] waitForBackend attempt=8 backendStatus=none
[Subscription] waitForBackend attempt=9 backendStatus=none
[Subscription] waitForBackend attempt=10 backendStatus=none
[Subscription] waitForBackend attempt=11 backendStatus=none
[Subscription] waitForBackend attempt=12 backendStatus=none
[Subscription] waitForBackend attempt=13 backendStatus=none
[Subscription] waitForBackend attempt=14 backendStatus=none
[Subscription] State.update applied: active → none inGrace=false hasOverride=nil
Test Case '-[HavitalTests.SubscriptionRepositoryPollingTests testPolling_WhenBackendAlwaysReturnsNone_OptimisticActiveIsPreserved]' passed (0.001 seconds).
Test Case '-[HavitalTests.SubscriptionRepositoryPollingTests testPolling_WhenBackendConfirmsActiveOnAttempt5_StateIsAuthoritativeActive]' started.
[SubscriptionRepositoryImpl] [DEBUG] [SubscriptionRepositoryImpl] 初始化完成
[Subscription] State.update skipped (no change): status=none inGrace=false
[Subscription] State.update applied: none → active inGrace=false hasOverride=nil
[Subscription] waitForBackend attempt=0 backendStatus=none
[Subscription] waitForBackend attempt=1 backendStatus=none
[Subscription] waitForBackend attempt=2 backendStatus=none
[Subscription] waitForBackend attempt=3 backendStatus=none
[Subscription] waitForBackend attempt=4 backendStatus=active
[Subscription] State.update applied: active → active inGrace=false hasOverride=nil
[Subscription] waitForBackend authoritative confirm: status=active
[Subscription] State.update applied: active → none inGrace=false hasOverride=nil
Test Case '-[HavitalTests.SubscriptionRepositoryPollingTests testPolling_WhenBackendConfirmsActiveOnAttempt5_StateIsAuthoritativeActive]' passed (0.001 seconds).
Test Case '-[HavitalTests.SubscriptionRepositoryPollingTests testPolling_WhenBackendConfirmsTrial_StateUpdatesToTrial]' started.
[SubscriptionRepositoryImpl] [DEBUG] [SubscriptionRepositoryImpl] 初始化完成
[Subscription] State.update skipped (no change): status=none inGrace=false
[Subscription] State.update applied: none → active inGrace=false hasOverride=nil
[Subscription] waitForBackend attempt=0 backendStatus=none
[Subscription] waitForBackend attempt=1 backendStatus=none
[Subscription] waitForBackend attempt=2 backendStatus=trial
[Subscription] State.update applied: active → trial inGrace=false hasOverride=nil
[Subscription] waitForBackend authoritative confirm: status=trial
[Subscription] State.update applied: trial → none inGrace=false hasOverride=nil
Test Case '-[HavitalTests.SubscriptionRepositoryPollingTests testPolling_WhenBackendConfirmsTrial_StateUpdatesToTrial]' passed (0.001 seconds).
Test Case '-[HavitalTests.SubscriptionRepositoryPollingTests testRefreshStatus_AfterOptimisticHoldExpires_AcceptsBackendNone]' started.
[SubscriptionRepositoryImpl] [DEBUG] [SubscriptionRepositoryImpl] 初始化完成
[Subscription] State.update skipped (no change): status=none inGrace=false
[Subscription] State.update applied: none → active inGrace=false hasOverride=nil
[SubscriptionRepositoryImpl] [DEBUG] [SubscriptionRepositoryImpl] refreshStatus: bypassing cache
[Subscription] State.update applied: active → none inGrace=false hasOverride=nil
[Subscription] State.update skipped (no change): status=none inGrace=false
Test Case '-[HavitalTests.SubscriptionRepositoryPollingTests testRefreshStatus_AfterOptimisticHoldExpires_AcceptsBackendNone]' passed (0.001 seconds).
Test Case '-[HavitalTests.SubscriptionRepositoryPollingTests testRefreshStatus_DuringOptimisticHold_WhenBackendConfirmsActive_CachesAuthoritativeStatus]' started.
[SubscriptionRepositoryImpl] [DEBUG] [SubscriptionRepositoryImpl] 初始化完成
[Subscription] State.update skipped (no change): status=none inGrace=false
[Subscription] State.update applied: none → active inGrace=false hasOverride=nil
[SubscriptionRepositoryImpl] [DEBUG] [SubscriptionRepositoryImpl] refreshStatus: bypassing cache
[Subscription] State.update applied: active → active inGrace=false hasOverride=nil
[Subscription] State.update applied: active → none inGrace=false hasOverride=nil
Test Case '-[HavitalTests.SubscriptionRepositoryPollingTests testRefreshStatus_DuringOptimisticHold_WhenBackendConfirmsActive_CachesAuthoritativeStatus]' passed (0.002 seconds).
Test Case '-[HavitalTests.SubscriptionRepositoryPollingTests testRefreshStatus_DuringOptimisticHold_WhenBackendReturnsNone_PreservesOptimisticActive]' started.
[SubscriptionRepositoryImpl] [DEBUG] [SubscriptionRepositoryImpl] 初始化完成
[Subscription] State.update skipped (no change): status=none inGrace=false
[Subscription] State.update applied: none → active inGrace=false hasOverride=nil
[SubscriptionRepositoryImpl] [DEBUG] [SubscriptionRepositoryImpl] refreshStatus: bypassing cache
[SubscriptionRepositoryImpl] [DEBUG] [SubscriptionRepositoryImpl] refreshStatus: preserving optimistic active state while backend is stale
[Subscription] State.update skipped (no change): status=active inGrace=false
[Subscription] State.update applied: active → none inGrace=false hasOverride=nil
Test Case '-[HavitalTests.SubscriptionRepositoryPollingTests testRefreshStatus_DuringOptimisticHold_WhenBackendReturnsNone_PreservesOptimisticActive]' passed (0.001 seconds).
Test Suite 'SubscriptionRepositoryPollingTests' passed at 2026-08-29 15:40:11.875.
	 Executed 7 tests, with 0 failures (0 unexpected) in 0.006 (0.008) seconds
Test Suite 'SubscriptionStateManagerTests' started at 2026-08-29 15:40:11.875.
Test Case '-[HavitalTests.SubscriptionStateManagerTests testClearDowngrade_RemovesRecentDowngrade]' started.
[Subscription] State.update skipped (no change): status=none inGrace=false
[Subscription] State.update applied: none → active inGrace=false hasOverride=nil
[Subscription] State.update applied: active → none inGrace=false hasOverride=nil
[Subscription] State.update skipped (no change): status=none inGrace=false
Test Case '-[HavitalTests.SubscriptionStateManagerTests testClearDowngrade_RemovesRecentDowngrade]' passed (0.007 seconds).
Test Case '-[HavitalTests.SubscriptionStateManagerTests testUpdate_WhenDowngradeFromActiveToExpired_SetsRecentDowngrade]' started.
[Subscription] State.update skipped (no change): status=none inGrace=false
[Subscription] State.update applied: none → active inGrace=false hasOverride=nil
[Subscription] State.update applied: active → expired inGrace=false hasOverride=nil
[Subscription] State.update applied: expired → none inGrace=false hasOverride=nil
Test Case '-[HavitalTests.SubscriptionStateManagerTests testUpdate_WhenDowngradeFromActiveToExpired_SetsRecentDowngrade]' passed (0.000 seconds).
Test Case '-[HavitalTests.SubscriptionStateManagerTests testUpdate_WhenDowngradeFromCancelledToExpired_SetsRecentDowngrade]' started.
[Subscription] State.update skipped (no change): status=none inGrace=false
[Subscription] State.update applied: none → cancelled inGrace=false hasOverride=nil
[Subscription] State.update applied: cancelled → expired inGrace=false hasOverride=nil
[Subscription] State.update applied: expired → none inGrace=false hasOverride=nil
Test Case '-[HavitalTests.SubscriptionStateManagerTests testUpdate_WhenDowngradeFromCancelledToExpired_SetsRecentDowngrade]' passed (0.000 seconds).
Test Case '-[HavitalTests.SubscriptionStateManagerTests testUpdate_WhenUpgradeFromTrialToActive_DoesNotSetRecentDowngrade]' started.
[Subscription] State.update skipped (no change): status=none inGrace=false
[Subscription] State.update applied: none → trial inGrace=false hasOverride=nil
[Subscription] State.update applied: trial → active inGrace=false hasOverride=nil
[Subscription] State.update applied: active → none inGrace=false hasOverride=nil
Test Case '-[HavitalTests.SubscriptionStateManagerTests testUpdate_WhenUpgradeFromTrialToActive_DoesNotSetRecentDowngrade]' passed (0.000 seconds).
Test Suite 'SubscriptionStateManagerTests' passed at 2026-08-29 15:40:11.883.
	 Executed 4 tests, with 0 failures (0 unexpected) in 0.008 (0.009) seconds
Test Suite 'SubscriptionStatusDTOTests' started at 2026-08-29 15:40:11.884.
Test Case '-[HavitalTests.SubscriptionStatusDTOTests testDecodeAllNineFieldsFromBackendResponse]' started.
Test Case '-[HavitalTests.SubscriptionStatusDTOTests testDecodeAllNineFieldsFromBackendResponse]' passed (0.006 seconds).
Test Case '-[HavitalTests.SubscriptionStatusDTOTests testDecodeEligibilityBlock]' started.
Test Case '-[HavitalTests.SubscriptionStatusDTOTests testDecodeEligibilityBlock]' passed (0.001 seconds).
Test Case '-[HavitalTests.SubscriptionStatusDTOTests testDecodeMissingEligibilityIsNil]' started.
Test Case '-[HavitalTests.SubscriptionStatusDTOTests testDecodeMissingEligibilityIsNil]' passed (0.000 seconds).
Test Case '-[HavitalTests.SubscriptionStatusDTOTests testDecodeMissingOptionalFieldsUsesDefaults]' started.
Test Case '-[HavitalTests.SubscriptionStatusDTOTests testDecodeMissingOptionalFieldsUsesDefaults]' passed (0.000 seconds).
Test Case '-[HavitalTests.SubscriptionStatusDTOTests testDecodeRizoUsageRemainingAndResetsAt]' started.
Test Case '-[HavitalTests.SubscriptionStatusDTOTests testDecodeRizoUsageRemainingAndResetsAt]' passed (0.000 seconds).
Test Case '-[HavitalTests.SubscriptionStatusDTOTests testDecodeRizoUsageWithoutRemainingOrResetsAt]' started.
Test Case '-[HavitalTests.SubscriptionStatusDTOTests testDecodeRizoUsageWithoutRemainingOrResetsAt]' passed (0.000 seconds).
Test Suite 'SubscriptionStatusDTOTests' passed at 2026-08-29 15:40:11.893.
	 Executed 6 tests, with 0 failures (0 unexpected) in 0.008 (0.010) seconds
Test Suite 'TargetDecodingTests' started at 2026-08-29 15:40:11.893.
Test Case '-[HavitalTests.TargetDecodingTests testDecodeTargetAcceptsFractionalRaceDistanceFromAPI]' started.
Test Case '-[HavitalTests.TargetDecodingTests testDecodeTargetAcceptsFractionalRaceDistanceFromAPI]' passed (0.001 seconds).
Test Case '-[HavitalTests.TargetDecodingTests testDecodeTargetsArrayDoesNotFailWhenOneTargetUsesFractionalDistance]' started.
Test Case '-[HavitalTests.TargetDecodingTests testDecodeTargetsArrayDoesNotFailWhenOneTargetUsesFractionalDistance]' passed (0.000 seconds).
Test Suite 'TargetDecodingTests' passed at 2026-08-29 15:40:11.895.
	 Executed 2 tests, with 0 failures (0 unexpected) in 0.002 (0.002) seconds
Test Suite 'TargetFeatureViewModelTests' started at 2026-08-29 15:40:11.896.
Test Case '-[HavitalTests.TargetFeatureViewModelTests testCreateTarget_Success_ReloadsTargets]' started.
[TargetFeatureViewModel] [DEBUG] [TargetVM] State updated: main=Taipei Marathon, supporting=0
[TargetFeatureViewModel] [DEBUG] [TargetVM] State updated: main=Taipei Marathon, supporting=0
[TargetFeatureViewModel] [DEBUG] [TargetVM] Target created: Half Marathon Warmup
Test Case '-[HavitalTests.TargetFeatureViewModelTests testCreateTarget_Success_ReloadsTargets]' passed (0.002 seconds).
Test Case '-[HavitalTests.TargetFeatureViewModelTests testDeleteTarget_Success_ReloadsTargets]' started.
[TargetFeatureViewModel] [DEBUG] [TargetVM] State updated: main=none, supporting=0
[TargetFeatureViewModel] [DEBUG] [TargetVM] State updated: main=none, supporting=0
[TargetFeatureViewModel] [DEBUG] [TargetVM] Target deleted: target_123
Test Case '-[HavitalTests.TargetFeatureViewModelTests testDeleteTarget_Success_ReloadsTargets]' passed (0.001 seconds).
Test Case '-[HavitalTests.TargetFeatureViewModelTests testForceRefresh_Success_UpdatesState]' started.
[TargetFeatureViewModel] [DEBUG] [TargetVM] State updated: main=Taipei Marathon, supporting=0
[TargetFeatureViewModel] [DEBUG] [TargetVM] Force refresh complete
Test Case '-[HavitalTests.TargetFeatureViewModelTests testForceRefresh_Success_UpdatesState]' passed (0.001 seconds).
Test Case '-[HavitalTests.TargetFeatureViewModelTests testLoadTargets_Failure_UpdatesErrorState]' started.
[TargetFeatureViewModel] [ERROR] [TargetVM] Error: The operation couldn’t be completed. (test error -1.)
Test Case '-[HavitalTests.TargetFeatureViewModelTests testLoadTargets_Failure_UpdatesErrorState]' passed (0.012 seconds).
Test Case '-[HavitalTests.TargetFeatureViewModelTests testLoadTargets_RefreshesPublishedStateAfterCacheHit]' started.
[TargetFeatureViewModel] [DEBUG] [TargetVM] State updated: main=cached_main, supporting=0
[TargetFeatureViewModel] [DEBUG] [TargetVM] State updated: main=cached_main, supporting=1
Test Case '-[HavitalTests.TargetFeatureViewModelTests testLoadTargets_RefreshesPublishedStateAfterCacheHit]' passed (0.001 seconds).
Test Case '-[HavitalTests.TargetFeatureViewModelTests testLoadTargets_ShowsSupportingRacesFromTwoWeeksAgoThroughFuture]' started.
[TargetFeatureViewModel] [DEBUG] [TargetVM] State updated: main=main_past_13d, supporting=2
[TargetFeatureViewModel] [DEBUG] [TargetVM] State updated: main=main_past_13d, supporting=2
Test Case '-[HavitalTests.TargetFeatureViewModelTests testLoadTargets_ShowsSupportingRacesFromTwoWeeksAgoThroughFuture]' passed (0.001 seconds).
Test Case '-[HavitalTests.TargetFeatureViewModelTests testLoadTargets_Success_UpdatesPublishedProperties]' started.
[TargetFeatureViewModel] [DEBUG] [TargetVM] State updated: main=Taipei Marathon, supporting=1
[TargetFeatureViewModel] [DEBUG] [TargetVM] State updated: main=Taipei Marathon, supporting=1
Test Case '-[HavitalTests.TargetFeatureViewModelTests testLoadTargets_Success_UpdatesPublishedProperties]' passed (0.001 seconds).
Test Suite 'TargetFeatureViewModelTests' passed at 2026-08-29 15:40:11.915.
	 Executed 7 tests, with 0 failures (0 unexpected) in 0.018 (0.019) seconds
Test Suite 'TargetRaceEditACTests' started at 2026-08-29 15:40:11.915.
Test Case '-[HavitalTests.TargetRaceEditACTests test_ac_tredit_02_preselect_when_race_id_present]' started.
[TargetEditRacePickerViewModel] [INFO] [TargetEditRacePickerVM] Loaded 1 races, region=tw
Test Case '-[HavitalTests.TargetRaceEditACTests test_ac_tredit_02_preselect_when_race_id_present]' passed (0.008 seconds).
Test Case '-[HavitalTests.TargetRaceEditACTests test_ac_tredit_03_no_preselect_when_race_id_nil]' started.
[TargetEditRacePickerViewModel] [INFO] [TargetEditRacePickerVM] Loaded 1 races, region=tw
Test Case '-[HavitalTests.TargetRaceEditACTests test_ac_tredit_03_no_preselect_when_race_id_nil]' passed (0.001 seconds).
Test Case '-[HavitalTests.TargetRaceEditACTests test_ac_tredit_04_apply_race_selection_writes_race_id_and_fields]' started.
[EditTargetView] [DEBUG] [TARGET_UPDATE] 初始化 EditTargetVM:
  - Target.trainingWeeks: 12
  - Target.raceDate: 1793169611
  - Target.name: 測試賽事
  - Target.raceId: nil
[EditTargetView] [INFO] [EditTargetVM] Applied race selection: 台北馬拉松 2026, raceId=race_010, distance=全馬
Test Case '-[HavitalTests.TargetRaceEditACTests test_ac_tredit_04_apply_race_selection_writes_race_id_and_fields]' passed (0.002 seconds).
Test Case '-[HavitalTests.TargetRaceEditACTests test_ac_tredit_04_supporting_target_apply_race_selection]' started.
[BaseSupportingTargetViewModel] [INFO] [BaseSupportingTargetVM] Applied race selection: 陽明山越野 5K, raceId=race_support_001, distance=5K
Test Case '-[HavitalTests.TargetRaceEditACTests test_ac_tredit_04_supporting_target_apply_race_selection]' passed (0.002 seconds).
Test Case '-[HavitalTests.TargetRaceEditACTests test_ac_tredit_05_manual_edit_auto_clears_race_id]' started.
[EditTargetView] [DEBUG] [TARGET_UPDATE] 初始化 EditTargetVM:
  - Target.trainingWeeks: 12
  - Target.raceDate: 1793169611
  - Target.name: 測試賽事
  - Target.raceId: race_abc
[EditTargetView] [DEBUG] [EditTargetVM] Cleared raceId (manual edit detected)
[EditTargetView] [DEBUG] [TARGET_UPDATE] 初始化 EditTargetVM:
  - Target.trainingWeeks: 12
  - Target.raceDate: 1793169611
  - Target.name: 測試賽事
  - Target.raceId: race_abc
[EditTargetView] [DEBUG] [EditTargetVM] Cleared raceId (manual edit detected)
Test Case '-[HavitalTests.TargetRaceEditACTests test_ac_tredit_05_manual_edit_auto_clears_race_id]' passed (0.000 seconds).
Test Case '-[HavitalTests.TargetRaceEditACTests test_ac_tredit_05_manual_save_sends_null_race_id]' started.
[EditTargetView] [DEBUG] [TARGET_UPDATE] 初始化 EditTargetVM:
  - Target.trainingWeeks: 12
  - Target.raceDate: 1793169611
  - Target.name: 測試賽事
  - Target.raceId: race_to_clear
[EditTargetView] [DEBUG] [EditTargetVM] Cleared raceId (manual edit detected)
[TimeZoneManager] [INFO] TimeZoneManager initialized with time zone: Asia/Taipei
[EditTargetView] [DEBUG] [🐛 TARGET_UPDATE] ① 檢測變更:
  距離: 42.195 → 42.195 = 不變❌
  時間: 14400s → 14400s = 不變❌
  週數: 12 → 10 = 變更✅
  賽事日期跨週: 不變❌
  🎯 hasSignificantChange = true
Test Case '-[HavitalTests.TargetRaceEditACTests test_ac_tredit_05_manual_save_sends_null_race_id]' passed (0.001 seconds).
Test Case '-[HavitalTests.TargetRaceEditACTests test_ac_tredit_05_supporting_target_manual_edit_clears_race_id]' started.
[BaseSupportingTargetViewModel] [DEBUG] [BaseSupportingTargetVM] Cleared raceId (manual edit detected)
Test Case '-[HavitalTests.TargetRaceEditACTests test_ac_tredit_05_supporting_target_manual_edit_clears_race_id]' passed (0.002 seconds).
Test Suite 'TargetRaceEditACTests' passed at 2026-08-29 15:40:11.933.
	 Executed 7 tests, with 0 failures (0 unexpected) in 0.016 (0.018) seconds
Test Suite 'TargetRaceEditAPIFailureACTests' started at 2026-08-29 15:40:11.933.
Test Case '-[HavitalTests.TargetRaceEditAPIFailureACTests test_ac_tredit_06_api_failure_sets_unavailable_flag]' started.
[TargetEditRacePickerViewModel] [WARN] [TargetEditRacePickerVM] Race API unavailable: Service Unavailable
Test Case '-[HavitalTests.TargetRaceEditAPIFailureACTests test_ac_tredit_06_api_failure_sets_unavailable_flag]' passed (0.001 seconds).
Test Suite 'TargetRaceEditAPIFailureACTests' passed at 2026-08-29 15:40:11.933.
	 Executed 1 test, with 0 failures (0 unexpected) in 0.001 (0.001) seconds
Test Suite 'TargetRepositoryImplTests' started at 2026-08-29 15:40:11.934.
Test Case '-[HavitalTests.TargetRepositoryImplTests testClearCache_ClearsLocalDataSource]' started.
[TargetRepositoryImpl] [DEBUG] [TargetRepo] Cache cleared
Test Case '-[HavitalTests.TargetRepositoryImplTests testClearCache_ClearsLocalDataSource]' passed (0.000 seconds).
Test Case '-[HavitalTests.TargetRepositoryImplTests testCreateTarget_CallsRemoteAndUpdatesLocalCache]' started.
[TargetRepositoryImpl] [DEBUG] [TargetRepo] Creating target: Half Marathon Warmup
[TargetRepositoryImpl] [DEBUG] [TargetRepo] Target created and cached
Test Case '-[HavitalTests.TargetRepositoryImplTests testCreateTarget_CallsRemoteAndUpdatesLocalCache]' passed (0.000 seconds).
Test Case '-[HavitalTests.TargetRepositoryImplTests testDeleteTarget_CallsRemoteAndRemovesFromLocalCache]' started.
[TargetRepositoryImpl] [DEBUG] [TargetRepo] Deleting target: target_123
[TargetRepositoryImpl] [DEBUG] [TargetRepo] Target deleted from cache
Test Case '-[HavitalTests.TargetRepositoryImplTests testDeleteTarget_CallsRemoteAndRemovesFromLocalCache]' passed (0.102 seconds).
Test Case '-[HavitalTests.TargetRepositoryImplTests testGetTarget_CacheHit_ReturnsCachedTargetAndTriggersBackgroundRefresh]' started.
[DualTrackCacheHelper] [DEBUG] [DualTrackCache] Cache hit: target_target_main_123
[DualTrackCacheHelper] [DEBUG] [DualTrackCache] Background refresh success: target_target_main_123
Test Case '-[HavitalTests.TargetRepositoryImplTests testGetTarget_CacheHit_ReturnsCachedTargetAndTriggersBackgroundRefresh]' passed (0.022 seconds).
Test Case '-[HavitalTests.TargetRepositoryImplTests testGetTarget_CacheMiss_FetchesFromAPIAndSavesToCache]' started.
[DualTrackCacheHelper] [DEBUG] [DualTrackCache] Cache miss: target_target_main_123, fetching from API
Test Case '-[HavitalTests.TargetRepositoryImplTests testGetTarget_CacheMiss_FetchesFromAPIAndSavesToCache]' passed (0.001 seconds).
Test Case '-[HavitalTests.TargetRepositoryImplTests testGetTargets_CacheHit_ReturnsCachedDataAndTriggersBackgroundRefresh]' started.
[DualTrackCacheHelper] [DEBUG] [DualTrackCache] Collection cache hit: targets, count: 2
[DualTrackCacheHelper] [DEBUG] [DualTrackCache] Background refresh success: targets
Test Case '-[HavitalTests.TargetRepositoryImplTests testGetTargets_CacheHit_ReturnsCachedDataAndTriggersBackgroundRefresh]' passed (0.022 seconds).
Test Case '-[HavitalTests.TargetRepositoryImplTests testGetTargets_CacheMiss_FetchesFromAPIAndSavesToCache]' started.
[DualTrackCacheHelper] [DEBUG] [DualTrackCache] Collection cache miss: targets, fetching from API
Test Case '-[HavitalTests.TargetRepositoryImplTests testGetTargets_CacheMiss_FetchesFromAPIAndSavesToCache]' passed (0.001 seconds).
Test Case '-[HavitalTests.TargetRepositoryImplTests testUpdateTarget_CallsRemoteAndUpdatesLocalCache]' started.
[TargetRepositoryImpl] [DEBUG] [TargetRepo] Updating target: target_main_123
[TargetRepositoryImpl] [DEBUG] [TargetRepo] Target updated and cached
Test Case '-[HavitalTests.TargetRepositoryImplTests testUpdateTarget_CallsRemoteAndUpdatesLocalCache]' passed (0.001 seconds).
Test Suite 'TargetRepositoryImplTests' passed at 2026-08-29 15:40:12.083.
	 Executed 8 tests, with 0 failures (0 unexpected) in 0.148 (0.150) seconds
Test Suite 'TargetTypeV2MapperTests' started at 2026-08-29 15:40:12.083.
Test Case '-[HavitalTests.TargetTypeV2MapperTests test_toEntities_emptyResponse_returnsEmpty]' started.
Test Case '-[HavitalTests.TargetTypeV2MapperTests test_toEntities_emptyResponse_returnsEmpty]' passed (0.000 seconds).
Test Case '-[HavitalTests.TargetTypeV2MapperTests test_toEntities_preservesOrder]' started.
Test Case '-[HavitalTests.TargetTypeV2MapperTests test_toEntities_preservesOrder]' passed (0.000 seconds).
Test Case '-[HavitalTests.TargetTypeV2MapperTests test_toEntity_computedPropertiesReflectId]' started.
Test Case '-[HavitalTests.TargetTypeV2MapperTests test_toEntity_computedPropertiesReflectId]' passed (0.000 seconds).
Test Case '-[HavitalTests.TargetTypeV2MapperTests test_toEntity_copiesAllFields]' started.
Test Case '-[HavitalTests.TargetTypeV2MapperTests test_toEntity_copiesAllFields]' passed (0.000 seconds).
Test Case '-[HavitalTests.TargetTypeV2MapperTests test_toEntity_emptyAvailableMethodologies_handledCorrectly]' started.
Test Case '-[HavitalTests.TargetTypeV2MapperTests test_toEntity_emptyAvailableMethodologies_handledCorrectly]' passed (0.000 seconds).
Test Suite 'TargetTypeV2MapperTests' passed at 2026-08-29 15:40:12.086.
	 Executed 5 tests, with 0 failures (0 unexpected) in 0.002 (0.003) seconds
Test Suite 'TimezoneOptionTests' started at 2026-08-29 15:40:12.086.
Test Case '-[HavitalTests.TimezoneOptionTests testCommonTimezones_AllHaveValidData]' started.
Test Case '-[HavitalTests.TimezoneOptionTests testCommonTimezones_AllHaveValidData]' passed (0.002 seconds).
Test Case '-[HavitalTests.TimezoneOptionTests testCommonTimezones_ContainsExpectedTimezones]' started.
Test Case '-[HavitalTests.TimezoneOptionTests testCommonTimezones_ContainsExpectedTimezones]' passed (0.001 seconds).
Test Case '-[HavitalTests.TimezoneOptionTests testCommonTimezones_HasExpectedCount]' started.
Test Case '-[HavitalTests.TimezoneOptionTests testCommonTimezones_HasExpectedCount]' passed (0.000 seconds).
Test Case '-[HavitalTests.TimezoneOptionTests testDeviceTimezone_MatchesCurrentTimezone]' started.
Test Case '-[HavitalTests.TimezoneOptionTests testDeviceTimezone_MatchesCurrentTimezone]' passed (0.000 seconds).
Test Case '-[HavitalTests.TimezoneOptionTests testDeviceTimezone_ReturnsValidOption]' started.
Test Case '-[HavitalTests.TimezoneOptionTests testDeviceTimezone_ReturnsValidOption]' passed (0.000 seconds).
Test Case '-[HavitalTests.TimezoneOptionTests testGetCurrentOffset_InvalidTimezone_ReturnsGMT]' started.
Test Case '-[HavitalTests.TimezoneOptionTests testGetCurrentOffset_InvalidTimezone_ReturnsGMT]' passed (0.000 seconds).
Test Case '-[HavitalTests.TimezoneOptionTests testGetCurrentOffset_NegativeOffset_FormatsCorrectly]' started.
Test Case '-[HavitalTests.TimezoneOptionTests testGetCurrentOffset_NegativeOffset_FormatsCorrectly]' passed (0.000 seconds).
Test Case '-[HavitalTests.TimezoneOptionTests testGetCurrentOffset_PositiveOffset_FormatsCorrectly]' started.
Test Case '-[HavitalTests.TimezoneOptionTests testGetCurrentOffset_PositiveOffset_FormatsCorrectly]' passed (0.000 seconds).
Test Case '-[HavitalTests.TimezoneOptionTests testGetCurrentOffset_UTCTimezone_ReturnsGMTPlusZero]' started.
Test Case '-[HavitalTests.TimezoneOptionTests testGetCurrentOffset_UTCTimezone_ReturnsGMTPlusZero]' passed (0.000 seconds).
Test Case '-[HavitalTests.TimezoneOptionTests testGetCurrentOffset_ValidTimezone_ReturnsGMTFormat]' started.
Test Case '-[HavitalTests.TimezoneOptionTests testGetCurrentOffset_ValidTimezone_ReturnsGMTFormat]' passed (0.000 seconds).
Test Case '-[HavitalTests.TimezoneOptionTests testGetDeviceTimezoneId_MatchesSystemTimezone]' started.
Test Case '-[HavitalTests.TimezoneOptionTests testGetDeviceTimezoneId_MatchesSystemTimezone]' passed (0.002 seconds).
Test Case '-[HavitalTests.TimezoneOptionTests testGetDeviceTimezoneId_ReturnsValidIANAIdentifier]' started.
Test Case '-[HavitalTests.TimezoneOptionTests testGetDeviceTimezoneId_ReturnsValidIANAIdentifier]' passed (0.000 seconds).
Test Case '-[HavitalTests.TimezoneOptionTests testGetDisplayName_CommonTimezones_AllReturnValidNames]' started.
Test Case '-[HavitalTests.TimezoneOptionTests testGetDisplayName_CommonTimezones_AllReturnValidNames]' passed (0.009 seconds).
Test Case '-[HavitalTests.TimezoneOptionTests testGetDisplayName_InvalidTimezone_ReturnsIdentifier]' started.
Test Case '-[HavitalTests.TimezoneOptionTests testGetDisplayName_InvalidTimezone_ReturnsIdentifier]' passed (0.000 seconds).
Test Case '-[HavitalTests.TimezoneOptionTests testGetDisplayName_ValidTimezone_ReturnsLocalizedName]' started.
Test Case '-[HavitalTests.TimezoneOptionTests testGetDisplayName_ValidTimezone_ReturnsLocalizedName]' passed (0.000 seconds).
Test Case '-[HavitalTests.TimezoneOptionTests testMakeTimezoneOption_KnownTimezone_ReturnsLocalizedName]' started.
Test Case '-[HavitalTests.TimezoneOptionTests testMakeTimezoneOption_KnownTimezone_ReturnsLocalizedName]' passed (0.000 seconds).
Test Case '-[HavitalTests.TimezoneOptionTests testMakeTimezoneOption_UnknownTimezone_ReturnsSystemLocalizedName]' started.
Test Case '-[HavitalTests.TimezoneOptionTests testMakeTimezoneOption_UnknownTimezone_ReturnsSystemLocalizedName]' passed (0.001 seconds).
Test Case '-[HavitalTests.TimezoneOptionTests testTimezoneOption_Equatable_DifferentIds_AreNotEqual]' started.
Test Case '-[HavitalTests.TimezoneOptionTests testTimezoneOption_Equatable_DifferentIds_AreNotEqual]' passed (0.000 seconds).
Test Case '-[HavitalTests.TimezoneOptionTests testTimezoneOption_Equatable_SameValues_AreEqual]' started.
Test Case '-[HavitalTests.TimezoneOptionTests testTimezoneOption_Equatable_SameValues_AreEqual]' passed (0.000 seconds).
Test Suite 'TimezoneOptionTests' passed at 2026-08-29 15:40:12.108.
	 Executed 19 tests, with 0 failures (0 unexpected) in 0.018 (0.022) seconds
Test Suite 'TodaysSessionDialogBuilderTests' started at 2026-08-29 15:40:12.108.
Test Case '-[HavitalTests.TodaysSessionDialogBuilderTests test_actionLine_runTypeOnly_speaksSession]' started.
[LanguageManager] [INFO] [FirebaseLogging] Language bundle set for: zh-Hant
Test Case '-[HavitalTests.TodaysSessionDialogBuilderTests test_actionLine_runTypeOnly_speaksSession]' passed (0.000 seconds).
Test Case '-[HavitalTests.TodaysSessionDialogBuilderTests test_actionLine_speaksSession]' started.
[LanguageManager] [INFO] [FirebaseLogging] Language bundle set for: zh-Hant
Test Case '-[HavitalTests.TodaysSessionDialogBuilderTests test_actionLine_speaksSession]' passed (0.000 seconds).
Test Case '-[HavitalTests.TodaysSessionDialogBuilderTests test_emptyActionLine_speaksRest]' started.
[LanguageManager] [INFO] [FirebaseLogging] Language bundle set for: zh-Hant
Test Case '-[HavitalTests.TodaysSessionDialogBuilderTests test_emptyActionLine_speaksRest]' passed (0.000 seconds).
Test Case '-[HavitalTests.TodaysSessionDialogBuilderTests test_noActionLine_speaksRest]' started.
[LanguageManager] [INFO] [FirebaseLogging] Language bundle set for: zh-Hant
Test Case '-[HavitalTests.TodaysSessionDialogBuilderTests test_noActionLine_speaksRest]' passed (0.000 seconds).
Test Suite 'TodaysSessionDialogBuilderTests' passed at 2026-08-29 15:40:12.111.
	 Executed 4 tests, with 0 failures (0 unexpected) in 0.001 (0.003) seconds
Test Suite 'TrainingIntensityManagerTests' started at 2026-08-29 15:40:12.111.
Test Case '-[HavitalTests.TrainingIntensityManagerTests testCalculateIntensity_EmptyWorkouts_ReturnsZero]' started.
開始計算訓練強度，獲取到 0 個訓練
強度計算結果: 低=0.0, 中=0.0, 高=0.0
Test Case '-[HavitalTests.TrainingIntensityManagerTests testCalculateIntensity_EmptyWorkouts_ReturnsZero]' passed (0.003 seconds).
Test Case '-[HavitalTests.TrainingIntensityManagerTests testCalculateIntensity_HeartRateFetchFails_FallsBackToDuration]' started.
開始計算訓練強度，獲取到 1 個訓練
處理訓練: 2026-08-29 06:40:12 +0000 至 2026-08-29 07:05:12 +0000, 持續 25.0 分鐘
獲取心率數據失敗: The operation couldn’t be completed. (MockHealthKitManager error -1.)
獲取心率數據失敗: The operation couldn’t be completed. (MockHealthKitManager error -1.). Workout duration 25.0 mins will be added to low intensity.
此運動的強度分鐘數: 低=25.0, 中=0.0, 高=0.0
HIM_DEBUG: For workout UUID=BB2BDB85-DA9B-4F27-8759-F67D3AAD2E79, calculated intensity minutes: Low=25.0, Medium=0.0, High=0.0. Sum = 25.0 mins
HIM_DEBUG: 心率數據不可用或點數不足，無法計算時間跨度以與計算出的強度進行比較，運動 UUID=BB2BDB85-DA9B-4F27-8759-F67D3AAD2E79. 計算總和: 25.0
HIM_DEBUG: Workout HKDuration was 25.0 mins. If this differs from calculatedIntensitySumForWorkout, it might be due to HR data not covering the full duration or other logic.
強度計算結果: 低=25.0, 中=0.0, 高=0.0
Test Case '-[HavitalTests.TrainingIntensityManagerTests testCalculateIntensity_HeartRateFetchFails_FallsBackToDuration]' passed (0.001 seconds).
Test Case '-[HavitalTests.TrainingIntensityManagerTests testCalculateIntensity_NonSupportedWorkout_Ignored]' started.
開始計算訓練強度，獲取到 1 個訓練
強度計算結果: 低=0.0, 中=0.0, 高=0.0
Test Case '-[HavitalTests.TrainingIntensityManagerTests testCalculateIntensity_NonSupportedWorkout_Ignored]' passed (0.001 seconds).
Test Case '-[HavitalTests.TrainingIntensityManagerTests testCalculateIntensity_RunningWithoutHeartRate_UsesDurationAsLowIntensity]' started.
開始計算訓練強度，獲取到 1 個訓練
處理訓練: 2026-08-29 06:40:12 +0000 至 2026-08-29 07:10:12 +0000, 持續 30.0 分鐘
獲取到 0 個心率數據點
HIM_DEBUG: Workout Details: UUID=CABF00AF-EF68-467D-BE20-AE7B125741B9, HKStart=2026-08-29 06:40:12 +0000, HKEnd=2026-08-29 07:10:12 +0000, HKDuration=30.0 mins
HIM_DEBUG: HR Data is empty for this workout.
沒有心率數據，使用運動時間估算強度
此運動的強度分鐘數: 低=30.0, 中=0.0, 高=0.0
HIM_DEBUG: For workout UUID=CABF00AF-EF68-467D-BE20-AE7B125741B9, calculated intensity minutes: Low=30.0, Medium=0.0, High=0.0. Sum = 30.0 mins
HIM_DEBUG: 心率數據不可用或點數不足，無法計算時間跨度以與計算出的強度進行比較，運動 UUID=CABF00AF-EF68-467D-BE20-AE7B125741B9. 計算總和: 30.0
HIM_DEBUG: Workout HKDuration was 30.0 mins. If this differs from calculatedIntensitySumForWorkout, it might be due to HR data not covering the full duration or other logic.
強度計算結果: 低=30.0, 中=0.0, 高=0.0
Test Case '-[HavitalTests.TrainingIntensityManagerTests testCalculateIntensity_RunningWithoutHeartRate_UsesDurationAsLowIntensity]' passed (0.001 seconds).
Test Case '-[HavitalTests.TrainingIntensityManagerTests testCalculateWeeklyIntensity_WhenFetchWorkoutsFails_ReturnsZero]' started.
計算每週訓練強度失敗: The operation couldn’t be completed. (MockHealthKitManager error -2.)
Test Case '-[HavitalTests.TrainingIntensityManagerTests testCalculateWeeklyIntensity_WhenFetchWorkoutsFails_ReturnsZero]' passed (0.001 seconds).
Test Suite 'TrainingIntensityManagerTests' passed at 2026-08-29 15:40:12.119.
	 Executed 5 tests, with 0 failures (0 unexpected) in 0.007 (0.008) seconds
Test Suite 'TrainingLoadDataManagerTests' started at 2026-08-29 15:40:12.119.
Test Case '-[HavitalTests.TrainingLoadDataManagerTests testClearCache_RemovesCachedDataAndLastSyncDate]' started.
[TrainingLoadDataManager] [DEBUG] [TrainingLoadDataManager] 緩存已清除
Test Case '-[HavitalTests.TrainingLoadDataManagerTests testClearCache_RemovesCachedDataAndLastSyncDate]' passed (0.002 seconds).
Test Case '-[HavitalTests.TrainingLoadDataManagerTests testGetTrainingLoadData_WhenCacheExists_ReturnsCachedRecords]' started.
[TrainingLoadDataManager] [DEBUG] [TrainingLoadDataManager] 加載緩存數據 2 筆記錄
[TrainingLoadDataManager] [DEBUG] [TrainingLoadDataManager] 距離上次同步不足1天，跳過更新
Test Case '-[HavitalTests.TrainingLoadDataManagerTests testGetTrainingLoadData_WhenCacheExists_ReturnsCachedRecords]' passed (0.005 seconds).
Test Suite 'TrainingLoadDataManagerTests' passed at 2026-08-29 15:40:12.126.
	 Executed 2 tests, with 0 failures (0 unexpected) in 0.007 (0.007) seconds
Test Suite 'TrainingPlanLoadingFlowTests' started at 2026-08-29 15:40:12.126.
Test Case '-[HavitalTests.TrainingPlanLoadingFlowTests test_apiError_noCache_showsError]' started.
[TrainingPlanViewModel] [DEBUG] [TrainingPlanVM] selectedWeek 變更為 1，觸發 UI 更新
[TrainingPlanViewModel] [DEBUG] [TrainingPlanVM] showSummarySheet 變更為 false，觸發 UI 更新
[TrainingPlanViewModel] [DEBUG] [TrainingPlanVM] summaryState 變更為 empty，觸發 UI 更新
[TrainingPlanViewModel] [DEBUG] [TrainingPlanVM] 🚀 Starting initialization...
[TrainingPlanViewModel] [DEBUG] [TrainingPlanVM] Step 0: Ensuring workout data is loaded...
[TrainingPlanViewModel] [DEBUG] [TrainingPlanVM] ✅ Workout data refreshed via WorkoutRepository, cached 0 workouts
[TrainingPlanViewModel] [DEBUG] [TrainingPlanVM] Step 1: Loading plan status...
[TrainingPlanViewModel] [DEBUG] [TrainingPlanVM] Loading plan status (skipCache: false, shouldResetSelectedWeek: true)
[TrainingPlanViewModel] [ERROR] [TrainingPlanVM] Failed to load plan status: Network error
[TrainingPlanViewModel] [ERROR] [TrainingPlanVM] ❌ No plan status response
Test Case '-[HavitalTests.TrainingPlanLoadingFlowTests test_apiError_noCache_showsError]' passed (0.009 seconds).
Test Case '-[HavitalTests.TrainingPlanLoadingFlowTests test_appStart_createPlan_showsNoPlan]' started.
[TrainingPlanViewModel] [DEBUG] [TrainingPlanVM] selectedWeek 變更為 1，觸發 UI 更新
[TrainingPlanViewModel] [DEBUG] [TrainingPlanVM] showSummarySheet 變更為 false，觸發 UI 更新
[TrainingPlanViewModel] [DEBUG] [TrainingPlanVM] summaryState 變更為 empty，觸發 UI 更新
[TrainingPlanViewModel] [DEBUG] [TrainingPlanVM] 🚀 Starting initialization...
[TrainingPlanViewModel] [DEBUG] [TrainingPlanVM] Step 0: Ensuring workout data is loaded...
[TrainingPlanViewModel] [DEBUG] [TrainingPlanVM] ✅ Workout data refreshed via WorkoutRepository, cached 0 workouts
[TrainingPlanViewModel] [DEBUG] [TrainingPlanVM] Step 1: Loading plan status...
[TrainingPlanViewModel] [DEBUG] [TrainingPlanVM] Loading plan status (skipCache: false, shouldResetSelectedWeek: true)
[TrainingPlanViewModel] [DEBUG] [TrainingPlanVM] ✅ currentWeek 更新: 1 → 2
[TrainingPlanViewModel] [DEBUG] [TrainingPlanVM] selectedWeek reset to currentWeek: 2
[TrainingPlanViewModel] [DEBUG] ========================================
[TrainingPlanViewModel] [DEBUG] [TrainingPlanVM] 📊 Plan Status API 回應:
[TrainingPlanViewModel] [DEBUG]   current_week: 2
[TrainingPlanViewModel] [DEBUG]   total_weeks: 12
[TrainingPlanViewModel] [DEBUG]   next_action: createPlan
[TrainingPlanViewModel] [DEBUG]   can_generate_next_week: false
[TrainingPlanViewModel] [DEBUG]   current_week_plan_id: null
[TrainingPlanViewModel] [DEBUG]   previous_week_summary_id: null
[TrainingPlanViewModel] [DEBUG]   next_week_info: null
[TrainingPlanViewModel] [DEBUG] ========================================
[TrainingPlanViewModel] [DEBUG] [TrainingPlanVM] ✅ Plan status loaded: nextAction=createPlan
[TrainingPlanViewModel] [DEBUG] [TrainingPlanVM] Step 2: Loading training overview...
[TrainingPlanViewModel] [DEBUG] [TrainingPlanVM] selectedWeek 變更為 2，觸發 UI 更新
[WeeklyPlanViewModel] [DEBUG] [WeeklyPlanVM] Overview loaded: plan_123
[TrainingPlanViewModel] [DEBUG] [TrainingPlanVM] ✅ Training overview loaded: id=plan_123
[TrainingPlanViewModel] [DEBUG] [TrainingPlanVM] No plan to view (nextAction: createPlan)
[TrainingPlanViewModel] [DEBUG] [TrainingPlanVM] ✅ 初始化完成，通知監聽器已啟用
Test Case '-[HavitalTests.TrainingPlanLoadingFlowTests test_appStart_createPlan_showsNoPlan]' passed (0.007 seconds).
Test Case '-[HavitalTests.TrainingPlanLoadingFlowTests test_appStart_createSummary_showsNoPlan]' started.
[TrainingPlanViewModel] [DEBUG] [TrainingPlanVM] selectedWeek 變更為 1，觸發 UI 更新
[TrainingPlanViewModel] [DEBUG] [TrainingPlanVM] showSummarySheet 變更為 false，觸發 UI 更新
[TrainingPlanViewModel] [DEBUG] [TrainingPlanVM] summaryState 變更為 empty，觸發 UI 更新
[TrainingPlanViewModel] [DEBUG] [TrainingPlanVM] 🚀 Starting initialization...
[TrainingPlanViewModel] [DEBUG] [TrainingPlanVM] Step 0: Ensuring workout data is loaded...
[TrainingPlanViewModel] [DEBUG] [TrainingPlanVM] ✅ Workout data refreshed via WorkoutRepository, cached 0 workouts
[TrainingPlanViewModel] [DEBUG] [TrainingPlanVM] Step 1: Loading plan status...
[TrainingPlanViewModel] [DEBUG] [TrainingPlanVM] Loading plan status (skipCache: false, shouldResetSelectedWeek: true)
[TrainingPlanViewModel] [DEBUG] [TrainingPlanVM] ✅ currentWeek 更新: 1 → 2
[TrainingPlanViewModel] [DEBUG] [TrainingPlanVM] selectedWeek reset to currentWeek: 2
[TrainingPlanViewModel] [DEBUG] ========================================
[TrainingPlanViewModel] [DEBUG] [TrainingPlanVM] 📊 Plan Status API 回應:
[TrainingPlanViewModel] [DEBUG]   current_week: 2
[TrainingPlanViewModel] [DEBUG]   total_weeks: 12
[TrainingPlanViewModel] [DEBUG]   next_action: createSummary
[TrainingPlanViewModel] [DEBUG]   can_generate_next_week: false
[TrainingPlanViewModel] [DEBUG]   current_week_plan_id: null
[TrainingPlanViewModel] [DEBUG]   previous_week_summary_id: null
[TrainingPlanViewModel] [DEBUG]   next_week_info: null
[TrainingPlanViewModel] [DEBUG] ========================================
[TrainingPlanViewModel] [DEBUG] [TrainingPlanVM] ✅ Plan status loaded: nextAction=createSummary
[TrainingPlanViewModel] [DEBUG] [TrainingPlanVM] Step 2: Loading training overview...
[TrainingPlanViewModel] [DEBUG] [TrainingPlanVM] selectedWeek 變更為 2，觸發 UI 更新
[WeeklyPlanViewModel] [DEBUG] [WeeklyPlanVM] Overview loaded: plan_123
[TrainingPlanViewModel] [DEBUG] [TrainingPlanVM] ✅ Training overview loaded: id=plan_123
[TrainingPlanViewModel] [DEBUG] [TrainingPlanVM] No plan to view (nextAction: createSummary)
[TrainingPlanViewModel] [DEBUG] [TrainingPlanVM] ✅ 初始化完成，通知監聽器已啟用
Test Case '-[HavitalTests.TrainingPlanLoadingFlowTests test_appStart_createSummary_showsNoPlan]' passed (0.002 seconds).
Test Case '-[HavitalTests.TrainingPlanLoadingFlowTests test_appStart_noActivePlan_showsNoPlan]' started.
[TrainingPlanViewModel] [DEBUG] [TrainingPlanVM] selectedWeek 變更為 1，觸發 UI 更新
[TrainingPlanViewModel] [DEBUG] [TrainingPlanVM] showSummarySheet 變更為 false，觸發 UI 更新
[TrainingPlanViewModel] [DEBUG] [TrainingPlanVM] summaryState 變更為 empty，觸發 UI 更新
[TrainingPlanViewModel] [DEBUG] [TrainingPlanVM] 🚀 Starting initialization...
[TrainingPlanViewModel] [DEBUG] [TrainingPlanVM] Step 0: Ensuring workout data is loaded...
[TrainingPlanViewModel] [DEBUG] [TrainingPlanVM] ✅ Workout data refreshed via WorkoutRepository, cached 0 workouts
[TrainingPlanViewModel] [DEBUG] [TrainingPlanVM] Step 1: Loading plan status...
[TrainingPlanViewModel] [DEBUG] [TrainingPlanVM] Loading plan status (skipCache: false, shouldResetSelectedWeek: true)
[TrainingPlanViewModel] [ERROR] [TrainingPlanVM] Failed to load plan status: The operation couldn’t be completed. (paceriz_dev.TrainingPlanError error 3.)
[TrainingPlanViewModel] [ERROR] [TrainingPlanVM] ❌ No plan status response
Test Case '-[HavitalTests.TrainingPlanLoadingFlowTests test_appStart_noActivePlan_showsNoPlan]' passed (0.003 seconds).
Test Case '-[HavitalTests.TrainingPlanLoadingFlowTests test_appStart_trainingCompleted_showsCompleted]' started.
[TrainingPlanViewModel] [DEBUG] [TrainingPlanVM] selectedWeek 變更為 1，觸發 UI 更新
[TrainingPlanViewModel] [DEBUG] [TrainingPlanVM] showSummarySheet 變更為 false，觸發 UI 更新
[TrainingPlanViewModel] [DEBUG] [TrainingPlanVM] summaryState 變更為 empty，觸發 UI 更新
[TrainingPlanViewModel] [DEBUG] [TrainingPlanVM] 🚀 Starting initialization...
[TrainingPlanViewModel] [DEBUG] [TrainingPlanVM] Step 0: Ensuring workout data is loaded...
[TrainingPlanViewModel] [DEBUG] [TrainingPlanVM] ✅ Workout data refreshed via WorkoutRepository, cached 0 workouts
[TrainingPlanViewModel] [DEBUG] [TrainingPlanVM] Step 1: Loading plan status...
[TrainingPlanViewModel] [DEBUG] [TrainingPlanVM] Loading plan status (skipCache: false, shouldResetSelectedWeek: true)
[TrainingPlanViewModel] [DEBUG] [TrainingPlanVM] ✅ currentWeek 更新: 1 → 12
[TrainingPlanViewModel] [DEBUG] [TrainingPlanVM] selectedWeek reset to currentWeek: 12
[TrainingPlanViewModel] [DEBUG] ========================================
[TrainingPlanViewModel] [DEBUG] [TrainingPlanVM] 📊 Plan Status API 回應:
[TrainingPlanViewModel] [DEBUG]   current_week: 12
[TrainingPlanViewModel] [DEBUG]   total_weeks: 12
[TrainingPlanViewModel] [DEBUG]   next_action: trainingCompleted
[TrainingPlanViewModel] [DEBUG]   can_generate_next_week: false
[TrainingPlanViewModel] [DEBUG]   current_week_plan_id: null
[TrainingPlanViewModel] [DEBUG]   previous_week_summary_id: null
[TrainingPlanViewModel] [DEBUG]   next_week_info: null
[TrainingPlanViewModel] [DEBUG] ========================================
[TrainingPlanViewModel] [DEBUG] [TrainingPlanVM] ✅ Plan status loaded: nextAction=trainingCompleted
[TrainingPlanViewModel] [DEBUG] [TrainingPlanVM] Step 2: Loading training overview...
[TrainingPlanViewModel] [DEBUG] [TrainingPlanVM] selectedWeek 變更為 12，觸發 UI 更新
[WeeklyPlanViewModel] [DEBUG] [WeeklyPlanVM] Overview loaded: plan_123
[TrainingPlanViewModel] [DEBUG] [TrainingPlanVM] ✅ Training overview loaded: id=plan_123
[TrainingPlanViewModel] [DEBUG] [TrainingPlanVM] Training completed (nextAction: training_completed)
[TrainingPlanViewModel] [DEBUG] [TrainingPlanVM] ✅ 初始化完成，通知監聽器已啟用
Test Case '-[HavitalTests.TrainingPlanLoadingFlowTests test_appStart_trainingCompleted_showsCompleted]' passed (0.002 seconds).
Test Case '-[HavitalTests.TrainingPlanLoadingFlowTests test_appStart_viewPlan_showsWeeklyPlan]' started.
[TrainingPlanViewModel] [DEBUG] [TrainingPlanVM] selectedWeek 變更為 1，觸發 UI 更新
[TrainingPlanViewModel] [DEBUG] [TrainingPlanVM] showSummarySheet 變更為 false，觸發 UI 更新
[TrainingPlanViewModel] [DEBUG] [TrainingPlanVM] summaryState 變更為 empty，觸發 UI 更新
[TrainingPlanViewModel] [DEBUG] [TrainingPlanVM] 🚀 Starting initialization...
[TrainingPlanViewModel] [DEBUG] [TrainingPlanVM] Step 0: Ensuring workout data is loaded...
[TrainingPlanViewModel] [DEBUG] [TrainingPlanVM] ✅ Workout data refreshed via WorkoutRepository, cached 0 workouts
[TrainingPlanViewModel] [DEBUG] [TrainingPlanVM] Step 1: Loading plan status...
[TrainingPlanViewModel] [DEBUG] [TrainingPlanVM] Loading plan status (skipCache: false, shouldResetSelectedWeek: true)
[TrainingPlanViewModel] [DEBUG] [TrainingPlanVM] ✅ currentWeek 更新: 1 → 1
[TrainingPlanViewModel] [DEBUG] [TrainingPlanVM] selectedWeek reset to currentWeek: 1
[TrainingPlanViewModel] [DEBUG] ========================================
[TrainingPlanViewModel] [DEBUG] [TrainingPlanVM] 📊 Plan Status API 回應:
[TrainingPlanViewModel] [DEBUG]   current_week: 1
[TrainingPlanViewModel] [DEBUG]   total_weeks: 12
[TrainingPlanViewModel] [DEBUG]   next_action: viewPlan
[TrainingPlanViewModel] [DEBUG]   can_generate_next_week: false
[TrainingPlanViewModel] [DEBUG]   current_week_plan_id: plan_123_1
[TrainingPlanViewModel] [DEBUG]   previous_week_summary_id: null
[TrainingPlanViewModel] [DEBUG]   next_week_info: null
[TrainingPlanViewModel] [DEBUG] ========================================
[TrainingPlanViewModel] [DEBUG] [TrainingPlanVM] ✅ Plan status loaded: nextAction=viewPlan
[TrainingPlanViewModel] [DEBUG] [TrainingPlanVM] Step 2: Loading training overview...
[TrainingPlanViewModel] [DEBUG] [TrainingPlanVM] selectedWeek 變更為 1，觸發 UI 更新
[WeeklyPlanViewModel] [DEBUG] [WeeklyPlanVM] Overview loaded: plan_123
[TrainingPlanViewModel] [DEBUG] [TrainingPlanVM] ✅ Training overview loaded: id=plan_123
[TrainingPlanViewModel] [DEBUG] [TrainingPlanVM] Step 3: Loading weekly plan...
[WeeklyPlanViewModel] [DEBUG] [WeeklyPlanVM] 📤 開始載入週計畫 - selectedWeek: 1, currentWeek: 1
[WeeklyPlanViewModel] [DEBUG] [WeeklyPlanVM] 🔄 載入計畫 - planId: plan_123_1
[WeeklyPlanViewModel] [DEBUG] [WeeklyPlanVM] 📥 收到週計畫 - plan.id: plan_123_1, plan.weekOfPlan: 1
[WeeklyPlanViewModel] [DEBUG] [WeeklyPlanVM] 📥 計畫內容 - totalDistance: 30.0, days count: 1
[WeeklyPlanViewModel] [DEBUG] [WeeklyPlanVM] ✅ Weekly plan loaded: plan_123_1
[TrainingPlanViewModel] [DEBUG] [TrainingPlanVM] Step 4: Loading workouts for current week...
[TrainingPlanViewModel] [DEBUG] [TrainingPlanVM] loadWorkoutsForCurrentWeek - selectedWeek: 1
[TrainingPlanViewModel] [DEBUG] [TrainingPlanVM] loadWorkoutsForCurrentWeek - trainingOverview: ✅ 存在
[TrainingPlanViewModel] [DEBUG] [TrainingPlanVM] loadWorkoutsForCurrentWeek - cachedAllWorkouts: 0 筆
[TrainingPlanViewModel] [DEBUG] [TrainingPlanVM] loadWorkoutsForCurrentWeek - overview.id: plan_123, createdAt: 2024-01-15T10:00:00Z
[TrainingPlanViewModel] [DEBUG] [TrainingPlanVM] Loading workouts from 2024-01-14 15:00:00 +0000 to 2024-01-21 14:59:59 +0000
[TrainingPlanViewModel] [DEBUG] [TrainingPlanVM] 記憶體緩存為空，從 Repository 載入
[LoadWeeklyWorkoutsUseCase] [DEBUG] [LoadWeeklyWorkoutsUseCase] Loading workouts from 2024-01-14 15:00:00 +0000 to 2024-01-21 14:59:59 +0000
[LoadWeeklyWorkoutsUseCase] [DEBUG] [LoadWeeklyWorkoutsUseCase] Found 0 workouts in week
[LoadWeeklyWorkoutsUseCase] [DEBUG] [LoadWeeklyWorkoutsUseCase] Grouped into days: []
[TrainingPlanViewModel] [DEBUG] [TrainingPlanVM] Grouped workouts: []
[TrainingPlanViewModel] [DEBUG] [TrainingPlanVM] Calculating metrics for week 1
[AggregateWorkoutMetricsUseCase] [DEBUG] [AggregateWorkoutMetricsUseCase] Calculating metrics from 2024-01-14 15:00:00 +0000 to 2024-01-21 14:59:59 +0000
[AggregateWorkoutMetricsUseCase] [DEBUG] [AggregateWorkoutMetricsUseCase] Distance: 0.0 km, Intensity - low: 0.0, medium: 0.0, high: 0.0
[TrainingPlanViewModel] [DEBUG] [TrainingPlanVM] Week metrics - Distance: 0.0 km, Intensity: low=0.0, medium=0.0, high=0.0
[TrainingPlanViewModel] [DEBUG] [TrainingPlanVM] ✅ Workouts loaded: 0 workouts
[TrainingPlanViewModel] [DEBUG] [TrainingPlanVM] ✅ All data loaded, UI ready to display
[TrainingPlanViewModel] [DEBUG] [TrainingPlanVM] ✅ 初始化完成，通知監聽器已啟用
[TrainingPlanViewModel] [DEBUG] [TrainingPlanVM] Step 5: Re-loading workouts to fix race condition...
[TrainingPlanViewModel] [DEBUG] [TrainingPlanVM] loadWorkoutsForCurrentWeek - selectedWeek: 1
[TrainingPlanViewModel] [DEBUG] [TrainingPlanVM] loadWorkoutsForCurrentWeek - trainingOverview: ✅ 存在
[TrainingPlanViewModel] [DEBUG] [TrainingPlanVM] loadWorkoutsForCurrentWeek - cachedAllWorkouts: 0 筆
[TrainingPlanViewModel] [DEBUG] [TrainingPlanVM] loadWorkoutsForCurrentWeek - overview.id: plan_123, createdAt: 2024-01-15T10:00:00Z
[TrainingPlanViewModel] [DEBUG] [TrainingPlanVM] Loading workouts from 2024-01-14 15:00:00 +0000 to 2024-01-21 14:59:59 +0000
[TrainingPlanViewModel] [DEBUG] [TrainingPlanVM] 記憶體緩存為空，從 Repository 載入
[LoadWeeklyWorkoutsUseCase] [DEBUG] [LoadWeeklyWorkoutsUseCase] Loading workouts from 2024-01-14 15:00:00 +0000 to 2024-01-21 14:59:59 +0000
[LoadWeeklyWorkoutsUseCase] [DEBUG] [LoadWeeklyWorkoutsUseCase] Found 0 workouts in week
[LoadWeeklyWorkoutsUseCase] [DEBUG] [LoadWeeklyWorkoutsUseCase] Grouped into days: []
[TrainingPlanViewModel] [DEBUG] [TrainingPlanVM] Grouped workouts: []
[TrainingPlanViewModel] [DEBUG] [TrainingPlanVM] Calculating metrics for week 1
[AggregateWorkoutMetricsUseCase] [DEBUG] [AggregateWorkoutMetricsUseCase] Calculating metrics from 2024-01-14 15:00:00 +0000 to 2024-01-21 14:59:59 +0000
[AggregateWorkoutMetricsUseCase] [DEBUG] [AggregateWorkoutMetricsUseCase] Distance: 0.0 km, Intensity - low: 0.0, medium: 0.0, high: 0.0
[TrainingPlanViewModel] [DEBUG] [TrainingPlanVM] Week metrics - Distance: 0.0 km, Intensity: low=0.0, medium=0.0, high=0.0
[TrainingPlanViewModel] [DEBUG] [TrainingPlanVM] ✅ 競態條件修復：重新載入 workouts 完成，total=0
Test Case '-[HavitalTests.TrainingPlanLoadingFlowTests test_appStart_viewPlan_showsWeeklyPlan]' passed (0.003 seconds).
Test Case '-[HavitalTests.TrainingPlanLoadingFlowTests test_backgroundRestore_noWeekChange_reinitializes]' started.
[TrainingPlanViewModel] [DEBUG] [TrainingPlanVM] selectedWeek 變更為 1，觸發 UI 更新
[TrainingPlanViewModel] [DEBUG] [TrainingPlanVM] showSummarySheet 變更為 false，觸發 UI 更新
[TrainingPlanViewModel] [DEBUG] [TrainingPlanVM] summaryState 變更為 empty，觸發 UI 更新
[TrainingPlanViewModel] [DEBUG] [TrainingPlanVM] 🚀 Starting initialization...
[TrainingPlanViewModel] [DEBUG] [TrainingPlanVM] Step 0: Ensuring workout data is loaded...
[TrainingPlanViewModel] [DEBUG] [TrainingPlanVM] ✅ Workout data refreshed via WorkoutRepository, cached 0 workouts
[TrainingPlanViewModel] [DEBUG] [TrainingPlanVM] Step 1: Loading plan status...
[TrainingPlanViewModel] [DEBUG] [TrainingPlanVM] Loading plan status (skipCache: false, shouldResetSelectedWeek: true)
[TrainingPlanViewModel] [DEBUG] [TrainingPlanVM] ✅ currentWeek 更新: 1 → 1
[TrainingPlanViewModel] [DEBUG] [TrainingPlanVM] selectedWeek reset to currentWeek: 1
[TrainingPlanViewModel] [DEBUG] ========================================
[TrainingPlanViewModel] [DEBUG] [TrainingPlanVM] 📊 Plan Status API 回應:
[TrainingPlanViewModel] [DEBUG]   current_week: 1
[TrainingPlanViewModel] [DEBUG]   total_weeks: 12
[TrainingPlanViewModel] [DEBUG]   next_action: viewPlan
[TrainingPlanViewModel] [DEBUG]   can_generate_next_week: false
[TrainingPlanViewModel] [DEBUG]   current_week_plan_id: plan_123_1
[TrainingPlanViewModel] [DEBUG]   previous_week_summary_id: null
[TrainingPlanViewModel] [DEBUG]   next_week_info: null
[TrainingPlanViewModel] [DEBUG] ========================================
[TrainingPlanViewModel] [DEBUG] [TrainingPlanVM] ✅ Plan status loaded: nextAction=viewPlan
[TrainingPlanViewModel] [DEBUG] [TrainingPlanVM] Step 2: Loading training overview...
[TrainingPlanViewModel] [DEBUG] [TrainingPlanVM] selectedWeek 變更為 1，觸發 UI 更新
[WeeklyPlanViewModel] [DEBUG] [WeeklyPlanVM] Overview loaded: plan_123
[TrainingPlanViewModel] [DEBUG] [TrainingPlanVM] ✅ Training overview loaded: id=plan_123
[TrainingPlanViewModel] [DEBUG] [TrainingPlanVM] Step 3: Loading weekly plan...
[WeeklyPlanViewModel] [DEBUG] [WeeklyPlanVM] 📤 開始載入週計畫 - selectedWeek: 1, currentWeek: 1
[WeeklyPlanViewModel] [DEBUG] [WeeklyPlanVM] 🔄 載入計畫 - planId: plan_123_1
[WeeklyPlanViewModel] [DEBUG] [WeeklyPlanVM] 📥 收到週計畫 - plan.id: plan_123_1, plan.weekOfPlan: 1
[WeeklyPlanViewModel] [DEBUG] [WeeklyPlanVM] 📥 計畫內容 - totalDistance: 30.0, days count: 1
[WeeklyPlanViewModel] [DEBUG] [WeeklyPlanVM] ✅ Weekly plan loaded: plan_123_1
[TrainingPlanViewModel] [DEBUG] [TrainingPlanVM] Step 4: Loading workouts for current week...
[TrainingPlanViewModel] [DEBUG] [TrainingPlanVM] loadWorkoutsForCurrentWeek - selectedWeek: 1
[TrainingPlanViewModel] [DEBUG] [TrainingPlanVM] loadWorkoutsForCurrentWeek - trainingOverview: ✅ 存在
[TrainingPlanViewModel] [DEBUG] [TrainingPlanVM] loadWorkoutsForCurrentWeek - cachedAllWorkouts: 0 筆
[TrainingPlanViewModel] [DEBUG] [TrainingPlanVM] loadWorkoutsForCurrentWeek - overview.id: plan_123, createdAt: 2024-01-15T10:00:00Z
[TrainingPlanViewModel] [DEBUG] [TrainingPlanVM] Loading workouts from 2024-01-14 15:00:00 +0000 to 2024-01-21 14:59:59 +0000
[TrainingPlanViewModel] [DEBUG] [TrainingPlanVM] 記憶體緩存為空，從 Repository 載入
[LoadWeeklyWorkoutsUseCase] [DEBUG] [LoadWeeklyWorkoutsUseCase] Loading workouts from 2024-01-14 15:00:00 +0000 to 2024-01-21 14:59:59 +0000
[LoadWeeklyWorkoutsUseCase] [DEBUG] [LoadWeeklyWorkoutsUseCase] Found 0 workouts in week
[LoadWeeklyWorkoutsUseCase] [DEBUG] [LoadWeeklyWorkoutsUseCase] Grouped into days: []
[TrainingPlanViewModel] [DEBUG] [TrainingPlanVM] Grouped workouts: []
[TrainingPlanViewModel] [DEBUG] [TrainingPlanVM] Calculating metrics for week 1
[AggregateWorkoutMetricsUseCase] [DEBUG] [AggregateWorkoutMetricsUseCase] Calculating metrics from 2024-01-14 15:00:00 +0000 to 2024-01-21 14:59:59 +0000
[AggregateWorkoutMetricsUseCase] [DEBUG] [AggregateWorkoutMetricsUseCase] Distance: 0.0 km, Intensity - low: 0.0, medium: 0.0, high: 0.0
[TrainingPlanViewModel] [DEBUG] [TrainingPlanVM] Week metrics - Distance: 0.0 km, Intensity: low=0.0, medium=0.0, high=0.0
[TrainingPlanViewModel] [DEBUG] [TrainingPlanVM] ✅ Workouts loaded: 0 workouts
[TrainingPlanViewModel] [DEBUG] [TrainingPlanVM] ✅ All data loaded, UI ready to display
[TrainingPlanViewModel] [DEBUG] [TrainingPlanVM] ✅ 初始化完成，通知監聽器已啟用
[TrainingPlanViewModel] [DEBUG] [TrainingPlanVM] Step 5: Re-loading workouts to fix race condition...
[TrainingPlanViewModel] [DEBUG] [TrainingPlanVM] loadWorkoutsForCurrentWeek - selectedWeek: 1
[TrainingPlanViewModel] [DEBUG] [TrainingPlanVM] loadWorkoutsForCurrentWeek - trainingOverview: ✅ 存在
[TrainingPlanViewModel] [DEBUG] [TrainingPlanVM] loadWorkoutsForCurrentWeek - cachedAllWorkouts: 0 筆
[TrainingPlanViewModel] [DEBUG] [TrainingPlanVM] loadWorkoutsForCurrentWeek - overview.id: plan_123, createdAt: 2024-01-15T10:00:00Z
[TrainingPlanViewModel] [DEBUG] [TrainingPlanVM] Loading workouts from 2024-01-14 15:00:00 +0000 to 2024-01-21 14:59:59 +0000
[TrainingPlanViewModel] [DEBUG] [TrainingPlanVM] 記憶體緩存為空，從 Repository 載入
[LoadWeeklyWorkoutsUseCase] [DEBUG] [LoadWeeklyWorkoutsUseCase] Loading workouts from 2024-01-14 15:00:00 +0000 to 2024-01-21 14:59:59 +0000
[LoadWeeklyWorkoutsUseCase] [DEBUG] [LoadWeeklyWorkoutsUseCase] Found 0 workouts in week
[LoadWeeklyWorkoutsUseCase] [DEBUG] [LoadWeeklyWorkoutsUseCase] Grouped into days: []
[TrainingPlanViewModel] [DEBUG] [TrainingPlanVM] Grouped workouts: []
[TrainingPlanViewModel] [DEBUG] [TrainingPlanVM] Calculating metrics for week 1
[AggregateWorkoutMetricsUseCase] [DEBUG] [AggregateWorkoutMetricsUseCase] Calculating metrics from 2024-01-14 15:00:00 +0000 to 2024-01-21 14:59:59 +0000
[AggregateWorkoutMetricsUseCase] [DEBUG] [AggregateWorkoutMetricsUseCase] Distance: 0.0 km, Intensity - low: 0.0, medium: 0.0, high: 0.0
[TrainingPlanViewModel] [DEBUG] [TrainingPlanVM] Week metrics - Distance: 0.0 km, Intensity: low=0.0, medium=0.0, high=0.0
[TrainingPlanViewModel] [DEBUG] [TrainingPlanVM] ✅ 競態條件修復：重新載入 workouts 完成，total=0
[TrainingPlanViewModel] [DEBUG] [TrainingPlanVM] 🚀 Starting initialization (FORCED)...
[TrainingPlanViewModel] [DEBUG] [TrainingPlanVM] Step 0: Ensuring workout data is loaded...
[TrainingPlanViewModel] [DEBUG] [TrainingPlanVM] ✅ Workout data refreshed via WorkoutRepository, cached 0 workouts
[TrainingPlanViewModel] [DEBUG] [TrainingPlanVM] Step 1: Loading plan status...
[TrainingPlanViewModel] [DEBUG] [TrainingPlanVM] Loading plan status (skipCache: false, shouldResetSelectedWeek: true)
[TrainingPlanViewModel] [DEBUG] [TrainingPlanVM] ✅ currentWeek 更新: 1 → 1
[TrainingPlanViewModel] [DEBUG] [TrainingPlanVM] selectedWeek reset to currentWeek: 1
[TrainingPlanViewModel] [DEBUG] ========================================
[TrainingPlanViewModel] [DEBUG] [TrainingPlanVM] 📊 Plan Status API 回應:
[TrainingPlanViewModel] [DEBUG]   current_week: 1
[TrainingPlanViewModel] [DEBUG]   total_weeks: 12
[TrainingPlanViewModel] [DEBUG]   next_action: viewPlan
[TrainingPlanViewModel] [DEBUG]   can_generate_next_week: false
[TrainingPlanViewModel] [DEBUG]   current_week_plan_id: plan_123_1
[TrainingPlanViewModel] [DEBUG]   previous_week_summary_id: null
[TrainingPlanViewModel] [DEBUG]   next_week_info: null
[TrainingPlanViewModel] [DEBUG] ========================================
[TrainingPlanViewModel] [DEBUG] [TrainingPlanVM] ✅ Plan status loaded: nextAction=viewPlan
[TrainingPlanViewModel] [DEBUG] [TrainingPlanVM] Step 2: Loading training overview...
[TrainingPlanViewModel] [DEBUG] [TrainingPlanVM] selectedWeek 變更為 1，觸發 UI 更新
[WeeklyPlanViewModel] [DEBUG] [WeeklyPlanVM] Overview loaded: plan_123
[TrainingPlanViewModel] [DEBUG] [TrainingPlanVM] ✅ Training overview loaded: id=plan_123
[TrainingPlanViewModel] [DEBUG] [TrainingPlanVM] Step 3: Loading weekly plan...
[WeeklyPlanViewModel] [DEBUG] [WeeklyPlanVM] 📤 開始載入週計畫 - selectedWeek: 1, currentWeek: 1
[WeeklyPlanViewModel] [DEBUG] [WeeklyPlanVM] 🔄 載入計畫 - planId: plan_123_1
[WeeklyPlanViewModel] [DEBUG] [WeeklyPlanVM] 📥 收到週計畫 - plan.id: plan_123_1, plan.weekOfPlan: 1
[WeeklyPlanViewModel] [DEBUG] [WeeklyPlanVM] 📥 計畫內容 - totalDistance: 30.0, days count: 1
[WeeklyPlanViewModel] [DEBUG] [WeeklyPlanVM] ✅ Weekly plan loaded: plan_123_1
[TrainingPlanViewModel] [DEBUG] [TrainingPlanVM] Step 4: Loading workouts for current week...
[TrainingPlanViewModel] [DEBUG] [TrainingPlanVM] loadWorkoutsForCurrentWeek - selectedWeek: 1
[TrainingPlanViewModel] [DEBUG] [TrainingPlanVM] loadWorkoutsForCurrentWeek - trainingOverview: ✅ 存在
[TrainingPlanViewModel] [DEBUG] [TrainingPlanVM] loadWorkoutsForCurrentWeek - cachedAllWorkouts: 0 筆
[TrainingPlanViewModel] [DEBUG] [TrainingPlanVM] loadWorkoutsForCurrentWeek - overview.id: plan_123, createdAt: 2024-01-15T10:00:00Z
[TrainingPlanViewModel] [DEBUG] [TrainingPlanVM] Loading workouts from 2024-01-14 15:00:00 +0000 to 2024-01-21 14:59:59 +0000
[TrainingPlanViewModel] [DEBUG] [TrainingPlanVM] 記憶體緩存為空，從 Repository 載入
[LoadWeeklyWorkoutsUseCase] [DEBUG] [LoadWeeklyWorkoutsUseCase] Loading workouts from 2024-01-14 15:00:00 +0000 to 2024-01-21 14:59:59 +0000
[LoadWeeklyWorkoutsUseCase] [DEBUG] [LoadWeeklyWorkoutsUseCase] Found 0 workouts in week
[LoadWeeklyWorkoutsUseCase] [DEBUG] [LoadWeeklyWorkoutsUseCase] Grouped into days: []
[TrainingPlanViewModel] [DEBUG] [TrainingPlanVM] Grouped workouts: []
[TrainingPlanViewModel] [DEBUG] [TrainingPlanVM] Calculating metrics for week 1
[AggregateWorkoutMetricsUseCase] [DEBUG] [AggregateWorkoutMetricsUseCase] Calculating metrics from 2024-01-14 15:00:00 +0000 to 2024-01-21 14:59:59 +0000
[AggregateWorkoutMetricsUseCase] [DEBUG] [AggregateWorkoutMetricsUseCase] Distance: 0.0 km, Intensity - low: 0.0, medium: 0.0, high: 0.0
[TrainingPlanViewModel] [DEBUG] [TrainingPlanVM] Week metrics - Distance: 0.0 km, Intensity: low=0.0, medium=0.0, high=0.0
[TrainingPlanViewModel] [DEBUG] [TrainingPlanVM] ✅ Workouts loaded: 0 workouts
[TrainingPlanViewModel] [DEBUG] [TrainingPlanVM] ✅ All data loaded, UI ready to display
[TrainingPlanViewModel] [DEBUG] [TrainingPlanVM] ✅ 初始化完成，通知監聽器已啟用
[TrainingPlanViewModel] [DEBUG] [TrainingPlanVM] Step 5: Re-loading workouts to fix race condition...
[TrainingPlanViewModel] [DEBUG] [TrainingPlanVM] loadWorkoutsForCurrentWeek - selectedWeek: 1
[TrainingPlanViewModel] [DEBUG] [TrainingPlanVM] loadWorkoutsForCurrentWeek - trainingOverview: ✅ 存在
[TrainingPlanViewModel] [DEBUG] [TrainingPlanVM] loadWorkoutsForCurrentWeek - cachedAllWorkouts: 0 筆
[TrainingPlanViewModel] [DEBUG] [TrainingPlanVM] loadWorkoutsForCurrentWeek - overview.id: plan_123, createdAt: 2024-01-15T10:00:00Z
[TrainingPlanViewModel] [DEBUG] [TrainingPlanVM] Loading workouts from 2024-01-14 15:00:00 +0000 to 2024-01-21 14:59:59 +0000
[TrainingPlanViewModel] [DEBUG] [TrainingPlanVM] 記憶體緩存為空，從 Repository 載入
[LoadWeeklyWorkoutsUseCase] [DEBUG] [LoadWeeklyWorkoutsUseCase] Loading workouts from 2024-01-14 15:00:00 +0000 to 2024-01-21 14:59:59 +0000
[LoadWeeklyWorkoutsUseCase] [DEBUG] [LoadWeeklyWorkoutsUseCase] Found 0 workouts in week
[LoadWeeklyWorkoutsUseCase] [DEBUG] [LoadWeeklyWorkoutsUseCase] Grouped into days: []
[TrainingPlanViewModel] [DEBUG] [TrainingPlanVM] Grouped workouts: []
[TrainingPlanViewModel] [DEBUG] [TrainingPlanVM] Calculating metrics for week 1
[AggregateWorkoutMetricsUseCase] [DEBUG] [AggregateWorkoutMetricsUseCase] Calculating metrics from 2024-01-14 15:00:00 +0000 to 2024-01-21 14:59:59 +0000
[AggregateWorkoutMetricsUseCase] [DEBUG] [AggregateWorkoutMetricsUseCase] Distance: 0.0 km, Intensity - low: 0.0, medium: 0.0, high: 0.0
[TrainingPlanViewModel] [DEBUG] [TrainingPlanVM] Week metrics - Distance: 0.0 km, Intensity: low=0.0, medium=0.0, high=0.0
[TrainingPlanViewModel] [DEBUG] [TrainingPlanVM] ✅ 競態條件修復：重新載入 workouts 完成，total=0
Test Case '-[HavitalTests.TrainingPlanLoadingFlowTests test_backgroundRestore_noWeekChange_reinitializes]' passed (0.004 seconds).
Test Case '-[HavitalTests.TrainingPlanLoadingFlowTests test_backgroundRestore_weekChanged_needSummary_showsNoPlan]' started.
[TrainingPlanViewModel] [DEBUG] [TrainingPlanVM] selectedWeek 變更為 1，觸發 UI 更新
[TrainingPlanViewModel] [DEBUG] [TrainingPlanVM] showSummarySheet 變更為 false，觸發 UI 更新
[TrainingPlanViewModel] [DEBUG] [TrainingPlanVM] summaryState 變更為 empty，觸發 UI 更新
[TrainingPlanViewModel] [DEBUG] [TrainingPlanVM] 🚀 Starting initialization...
[TrainingPlanViewModel] [DEBUG] [TrainingPlanVM] Step 0: Ensuring workout data is loaded...
[TrainingPlanViewModel] [DEBUG] [TrainingPlanVM] ✅ Workout data refreshed via WorkoutRepository, cached 0 workouts
[TrainingPlanViewModel] [DEBUG] [TrainingPlanVM] Step 1: Loading plan status...
[TrainingPlanViewModel] [DEBUG] [TrainingPlanVM] Loading plan status (skipCache: false, shouldResetSelectedWeek: true)
[TrainingPlanViewModel] [DEBUG] [TrainingPlanVM] ✅ currentWeek 更新: 1 → 1
[TrainingPlanViewModel] [DEBUG] [TrainingPlanVM] selectedWeek reset to currentWeek: 1
[TrainingPlanViewModel] [DEBUG] ========================================
[TrainingPlanViewModel] [DEBUG] [TrainingPlanVM] 📊 Plan Status API 回應:
[TrainingPlanViewModel] [DEBUG]   current_week: 1
[TrainingPlanViewModel] [DEBUG]   total_weeks: 12
[TrainingPlanViewModel] [DEBUG]   next_action: viewPlan
[TrainingPlanViewModel] [DEBUG]   can_generate_next_week: false
[TrainingPlanViewModel] [DEBUG]   current_week_plan_id: plan_123_1
[TrainingPlanViewModel] [DEBUG]   previous_week_summary_id: null
[TrainingPlanViewModel] [DEBUG]   next_week_info: null
[TrainingPlanViewModel] [DEBUG] ========================================
[TrainingPlanViewModel] [DEBUG] [TrainingPlanVM] ✅ Plan status loaded: nextAction=viewPlan
[TrainingPlanViewModel] [DEBUG] [TrainingPlanVM] Step 2: Loading training overview...
[TrainingPlanViewModel] [DEBUG] [TrainingPlanVM] selectedWeek 變更為 1，觸發 UI 更新
[WeeklyPlanViewModel] [DEBUG] [WeeklyPlanVM] Overview loaded: plan_123
[TrainingPlanViewModel] [DEBUG] [TrainingPlanVM] ✅ Training overview loaded: id=plan_123
[TrainingPlanViewModel] [DEBUG] [TrainingPlanVM] Step 3: Loading weekly plan...
[WeeklyPlanViewModel] [DEBUG] [WeeklyPlanVM] 📤 開始載入週計畫 - selectedWeek: 1, currentWeek: 1
[WeeklyPlanViewModel] [DEBUG] [WeeklyPlanVM] 🔄 載入計畫 - planId: plan_123_1
[WeeklyPlanViewModel] [DEBUG] [WeeklyPlanVM] 📥 收到週計畫 - plan.id: plan_123_1, plan.weekOfPlan: 1
[WeeklyPlanViewModel] [DEBUG] [WeeklyPlanVM] 📥 計畫內容 - totalDistance: 30.0, days count: 1
[WeeklyPlanViewModel] [DEBUG] [WeeklyPlanVM] ✅ Weekly plan loaded: plan_123_1
[TrainingPlanViewModel] [DEBUG] [TrainingPlanVM] Step 4: Loading workouts for current week...
[TrainingPlanViewModel] [DEBUG] [TrainingPlanVM] loadWorkoutsForCurrentWeek - selectedWeek: 1
[TrainingPlanViewModel] [DEBUG] [TrainingPlanVM] loadWorkoutsForCurrentWeek - trainingOverview: ✅ 存在
[TrainingPlanViewModel] [DEBUG] [TrainingPlanVM] loadWorkoutsForCurrentWeek - cachedAllWorkouts: 0 筆
[TrainingPlanViewModel] [DEBUG] [TrainingPlanVM] loadWorkoutsForCurrentWeek - overview.id: plan_123, createdAt: 2024-01-15T10:00:00Z
[TrainingPlanViewModel] [DEBUG] [TrainingPlanVM] Loading workouts from 2024-01-14 15:00:00 +0000 to 2024-01-21 14:59:59 +0000
[TrainingPlanViewModel] [DEBUG] [TrainingPlanVM] 記憶體緩存為空，從 Repository 載入
[LoadWeeklyWorkoutsUseCase] [DEBUG] [LoadWeeklyWorkoutsUseCase] Loading workouts from 2024-01-14 15:00:00 +0000 to 2024-01-21 14:59:59 +0000
[LoadWeeklyWorkoutsUseCase] [DEBUG] [LoadWeeklyWorkoutsUseCase] Found 0 workouts in week
[LoadWeeklyWorkoutsUseCase] [DEBUG] [LoadWeeklyWorkoutsUseCase] Grouped into days: []
[TrainingPlanViewModel] [DEBUG] [TrainingPlanVM] Grouped workouts: []
[TrainingPlanViewModel] [DEBUG] [TrainingPlanVM] Calculating metrics for week 1
[AggregateWorkoutMetricsUseCase] [DEBUG] [AggregateWorkoutMetricsUseCase] Calculating metrics from 2024-01-14 15:00:00 +0000 to 2024-01-21 14:59:59 +0000
[AggregateWorkoutMetricsUseCase] [DEBUG] [AggregateWorkoutMetricsUseCase] Distance: 0.0 km, Intensity - low: 0.0, medium: 0.0, high: 0.0
[TrainingPlanViewModel] [DEBUG] [TrainingPlanVM] Week metrics - Distance: 0.0 km, Intensity: low=0.0, medium=0.0, high=0.0
[TrainingPlanViewModel] [DEBUG] [TrainingPlanVM] ✅ Workouts loaded: 0 workouts
[TrainingPlanViewModel] [DEBUG] [TrainingPlanVM] ✅ All data loaded, UI ready to display
[TrainingPlanViewModel] [DEBUG] [TrainingPlanVM] ✅ 初始化完成，通知監聽器已啟用
[TrainingPlanViewModel] [DEBUG] [TrainingPlanVM] Step 5: Re-loading workouts to fix race condition...
[TrainingPlanViewModel] [DEBUG] [TrainingPlanVM] loadWorkoutsForCurrentWeek - selectedWeek: 1
[TrainingPlanViewModel] [DEBUG] [TrainingPlanVM] loadWorkoutsForCurrentWeek - trainingOverview: ✅ 存在
[TrainingPlanViewModel] [DEBUG] [TrainingPlanVM] loadWorkoutsForCurrentWeek - cachedAllWorkouts: 0 筆
[TrainingPlanViewModel] [DEBUG] [TrainingPlanVM] loadWorkoutsForCurrentWeek - overview.id: plan_123, createdAt: 2024-01-15T10:00:00Z
[TrainingPlanViewModel] [DEBUG] [TrainingPlanVM] Loading workouts from 2024-01-14 15:00:00 +0000 to 2024-01-21 14:59:59 +0000
[TrainingPlanViewModel] [DEBUG] [TrainingPlanVM] 記憶體緩存為空，從 Repository 載入
[LoadWeeklyWorkoutsUseCase] [DEBUG] [LoadWeeklyWorkoutsUseCase] Loading workouts from 2024-01-14 15:00:00 +0000 to 2024-01-21 14:59:59 +0000
[LoadWeeklyWorkoutsUseCase] [DEBUG] [LoadWeeklyWorkoutsUseCase] Found 0 workouts in week
[LoadWeeklyWorkoutsUseCase] [DEBUG] [LoadWeeklyWorkoutsUseCase] Grouped into days: []
[TrainingPlanViewModel] [DEBUG] [TrainingPlanVM] Grouped workouts: []
[TrainingPlanViewModel] [DEBUG] [TrainingPlanVM] Calculating metrics for week 1
[AggregateWorkoutMetricsUseCase] [DEBUG] [AggregateWorkoutMetricsUseCase] Calculating metrics from 2024-01-14 15:00:00 +0000 to 2024-01-21 14:59:59 +0000
[AggregateWorkoutMetricsUseCase] [DEBUG] [AggregateWorkoutMetricsUseCase] Distance: 0.0 km, Intensity - low: 0.0, medium: 0.0, high: 0.0
[TrainingPlanViewModel] [DEBUG] [TrainingPlanVM] Week metrics - Distance: 0.0 km, Intensity: low=0.0, medium=0.0, high=0.0
[TrainingPlanViewModel] [DEBUG] [TrainingPlanVM] ✅ 競態條件修復：重新載入 workouts 完成，total=0
[TrainingPlanViewModel] [DEBUG] [TrainingPlanVM] 🚀 Starting initialization (FORCED)...
[TrainingPlanViewModel] [DEBUG] [TrainingPlanVM] Step 0: Ensuring workout data is loaded...
[TrainingPlanViewModel] [DEBUG] [TrainingPlanVM] ✅ Workout data refreshed via WorkoutRepository, cached 0 workouts
[TrainingPlanViewModel] [DEBUG] [TrainingPlanVM] Step 1: Loading plan status...
[TrainingPlanViewModel] [DEBUG] [TrainingPlanVM] Loading plan status (skipCache: false, shouldResetSelectedWeek: true)
[TrainingPlanViewModel] [DEBUG] [TrainingPlanVM] ✅ currentWeek 更新: 1 → 2
[TrainingPlanViewModel] [DEBUG] [TrainingPlanVM] selectedWeek reset to currentWeek: 2
[TrainingPlanViewModel] [DEBUG] ========================================
[TrainingPlanViewModel] [DEBUG] [TrainingPlanVM] 📊 Plan Status API 回應:
[TrainingPlanViewModel] [DEBUG]   current_week: 2
[TrainingPlanViewModel] [DEBUG]   total_weeks: 12
[TrainingPlanViewModel] [DEBUG]   next_action: createSummary
[TrainingPlanViewModel] [DEBUG]   can_generate_next_week: false
[TrainingPlanViewModel] [DEBUG]   current_week_plan_id: null
[TrainingPlanViewModel] [DEBUG]   previous_week_summary_id: null
[TrainingPlanViewModel] [DEBUG]   next_week_info: null
[TrainingPlanViewModel] [DEBUG] ========================================
[TrainingPlanViewModel] [DEBUG] [TrainingPlanVM] ✅ Plan status loaded: nextAction=createSummary
[TrainingPlanViewModel] [DEBUG] [TrainingPlanVM] Step 2: Loading training overview...
[TrainingPlanViewModel] [DEBUG] [TrainingPlanVM] selectedWeek 變更為 2，觸發 UI 更新
[WeeklyPlanViewModel] [DEBUG] [WeeklyPlanVM] Overview loaded: plan_123
[TrainingPlanViewModel] [DEBUG] [TrainingPlanVM] ✅ Training overview loaded: id=plan_123
[TrainingPlanViewModel] [DEBUG] [TrainingPlanVM] No plan to view (nextAction: createSummary)
[TrainingPlanViewModel] [DEBUG] [TrainingPlanVM] ✅ 初始化完成，通知監聽器已啟用
Test Case '-[HavitalTests.TrainingPlanLoadingFlowTests test_backgroundRestore_weekChanged_needSummary_showsNoPlan]' passed (0.003 seconds).
Test Case '-[HavitalTests.TrainingPlanLoadingFlowTests test_backgroundRestore_weekChanged_withPlan_showsNewWeekPlan]' started.
[TrainingPlanViewModel] [DEBUG] [TrainingPlanVM] selectedWeek 變更為 1，觸發 UI 更新
[TrainingPlanViewModel] [DEBUG] [TrainingPlanVM] showSummarySheet 變更為 false，觸發 UI 更新
[TrainingPlanViewModel] [DEBUG] [TrainingPlanVM] summaryState 變更為 empty，觸發 UI 更新
[TrainingPlanViewModel] [DEBUG] [TrainingPlanVM] 🚀 Starting initialization...
[TrainingPlanViewModel] [DEBUG] [TrainingPlanVM] Step 0: Ensuring workout data is loaded...
[TrainingPlanViewModel] [DEBUG] [TrainingPlanVM] ✅ Workout data refreshed via WorkoutRepository, cached 0 workouts
[TrainingPlanViewModel] [DEBUG] [TrainingPlanVM] Step 1: Loading plan status...
[TrainingPlanViewModel] [DEBUG] [TrainingPlanVM] Loading plan status (skipCache: false, shouldResetSelectedWeek: true)
[TrainingPlanViewModel] [DEBUG] [TrainingPlanVM] ✅ currentWeek 更新: 1 → 1
[TrainingPlanViewModel] [DEBUG] [TrainingPlanVM] selectedWeek reset to currentWeek: 1
[TrainingPlanViewModel] [DEBUG] ========================================
[TrainingPlanViewModel] [DEBUG] [TrainingPlanVM] 📊 Plan Status API 回應:
[TrainingPlanViewModel] [DEBUG]   current_week: 1
[TrainingPlanViewModel] [DEBUG]   total_weeks: 12
[TrainingPlanViewModel] [DEBUG]   next_action: viewPlan
[TrainingPlanViewModel] [DEBUG]   can_generate_next_week: false
[TrainingPlanViewModel] [DEBUG]   current_week_plan_id: plan_123_1
[TrainingPlanViewModel] [DEBUG]   previous_week_summary_id: null
[TrainingPlanViewModel] [DEBUG]   next_week_info: null
[TrainingPlanViewModel] [DEBUG] ========================================
[TrainingPlanViewModel] [DEBUG] [TrainingPlanVM] ✅ Plan status loaded: nextAction=viewPlan
[TrainingPlanViewModel] [DEBUG] [TrainingPlanVM] Step 2: Loading training overview...
[TrainingPlanViewModel] [DEBUG] [TrainingPlanVM] selectedWeek 變更為 1，觸發 UI 更新
[WeeklyPlanViewModel] [DEBUG] [WeeklyPlanVM] Overview loaded: plan_123
[TrainingPlanViewModel] [DEBUG] [TrainingPlanVM] ✅ Training overview loaded: id=plan_123
[TrainingPlanViewModel] [DEBUG] [TrainingPlanVM] Step 3: Loading weekly plan...
[WeeklyPlanViewModel] [DEBUG] [WeeklyPlanVM] 📤 開始載入週計畫 - selectedWeek: 1, currentWeek: 1
[WeeklyPlanViewModel] [DEBUG] [WeeklyPlanVM] 🔄 載入計畫 - planId: plan_123_1
[WeeklyPlanViewModel] [DEBUG] [WeeklyPlanVM] 📥 收到週計畫 - plan.id: plan_123_1, plan.weekOfPlan: 1
[WeeklyPlanViewModel] [DEBUG] [WeeklyPlanVM] 📥 計畫內容 - totalDistance: 30.0, days count: 1
[WeeklyPlanViewModel] [DEBUG] [WeeklyPlanVM] ✅ Weekly plan loaded: plan_123_1
[TrainingPlanViewModel] [DEBUG] [TrainingPlanVM] Step 4: Loading workouts for current week...
[TrainingPlanViewModel] [DEBUG] [TrainingPlanVM] loadWorkoutsForCurrentWeek - selectedWeek: 1
[TrainingPlanViewModel] [DEBUG] [TrainingPlanVM] loadWorkoutsForCurrentWeek - trainingOverview: ✅ 存在
[TrainingPlanViewModel] [DEBUG] [TrainingPlanVM] loadWorkoutsForCurrentWeek - cachedAllWorkouts: 0 筆
[TrainingPlanViewModel] [DEBUG] [TrainingPlanVM] loadWorkoutsForCurrentWeek - overview.id: plan_123, createdAt: 2024-01-15T10:00:00Z
[TrainingPlanViewModel] [DEBUG] [TrainingPlanVM] Loading workouts from 2024-01-14 15:00:00 +0000 to 2024-01-21 14:59:59 +0000
[TrainingPlanViewModel] [DEBUG] [TrainingPlanVM] 記憶體緩存為空，從 Repository 載入
[LoadWeeklyWorkoutsUseCase] [DEBUG] [LoadWeeklyWorkoutsUseCase] Loading workouts from 2024-01-14 15:00:00 +0000 to 2024-01-21 14:59:59 +0000
[LoadWeeklyWorkoutsUseCase] [DEBUG] [LoadWeeklyWorkoutsUseCase] Found 0 workouts in week
[LoadWeeklyWorkoutsUseCase] [DEBUG] [LoadWeeklyWorkoutsUseCase] Grouped into days: []
[TrainingPlanViewModel] [DEBUG] [TrainingPlanVM] Grouped workouts: []
[TrainingPlanViewModel] [DEBUG] [TrainingPlanVM] Calculating metrics for week 1
[AggregateWorkoutMetricsUseCase] [DEBUG] [AggregateWorkoutMetricsUseCase] Calculating metrics from 2024-01-14 15:00:00 +0000 to 2024-01-21 14:59:59 +0000
[AggregateWorkoutMetricsUseCase] [DEBUG] [AggregateWorkoutMetricsUseCase] Distance: 0.0 km, Intensity - low: 0.0, medium: 0.0, high: 0.0
[TrainingPlanViewModel] [DEBUG] [TrainingPlanVM] Week metrics - Distance: 0.0 km, Intensity: low=0.0, medium=0.0, high=0.0
[TrainingPlanViewModel] [DEBUG] [TrainingPlanVM] ✅ Workouts loaded: 0 workouts
[TrainingPlanViewModel] [DEBUG] [TrainingPlanVM] ✅ All data loaded, UI ready to display
[TrainingPlanViewModel] [DEBUG] [TrainingPlanVM] ✅ 初始化完成，通知監聽器已啟用
[TrainingPlanViewModel] [DEBUG] [TrainingPlanVM] Step 5: Re-loading workouts to fix race condition...
[TrainingPlanViewModel] [DEBUG] [TrainingPlanVM] loadWorkoutsForCurrentWeek - selectedWeek: 1
[TrainingPlanViewModel] [DEBUG] [TrainingPlanVM] loadWorkoutsForCurrentWeek - trainingOverview: ✅ 存在
[TrainingPlanViewModel] [DEBUG] [TrainingPlanVM] loadWorkoutsForCurrentWeek - cachedAllWorkouts: 0 筆
[TrainingPlanViewModel] [DEBUG] [TrainingPlanVM] loadWorkoutsForCurrentWeek - overview.id: plan_123, createdAt: 2024-01-15T10:00:00Z
[TrainingPlanViewModel] [DEBUG] [TrainingPlanVM] Loading workouts from 2024-01-14 15:00:00 +0000 to 2024-01-21 14:59:59 +0000
[TrainingPlanViewModel] [DEBUG] [TrainingPlanVM] 記憶體緩存為空，從 Repository 載入
[LoadWeeklyWorkoutsUseCase] [DEBUG] [LoadWeeklyWorkoutsUseCase] Loading workouts from 2024-01-14 15:00:00 +0000 to 2024-01-21 14:59:59 +0000
[LoadWeeklyWorkoutsUseCase] [DEBUG] [LoadWeeklyWorkoutsUseCase] Found 0 workouts in week
[LoadWeeklyWorkoutsUseCase] [DEBUG] [LoadWeeklyWorkoutsUseCase] Grouped into days: []
[TrainingPlanViewModel] [DEBUG] [TrainingPlanVM] Grouped workouts: []
[TrainingPlanViewModel] [DEBUG] [TrainingPlanVM] Calculating metrics for week 1
[AggregateWorkoutMetricsUseCase] [DEBUG] [AggregateWorkoutMetricsUseCase] Calculating metrics from 2024-01-14 15:00:00 +0000 to 2024-01-21 14:59:59 +0000
[AggregateWorkoutMetricsUseCase] [DEBUG] [AggregateWorkoutMetricsUseCase] Distance: 0.0 km, Intensity - low: 0.0, medium: 0.0, high: 0.0
[TrainingPlanViewModel] [DEBUG] [TrainingPlanVM] Week metrics - Distance: 0.0 km, Intensity: low=0.0, medium=0.0, high=0.0
[TrainingPlanViewModel] [DEBUG] [TrainingPlanVM] ✅ 競態條件修復：重新載入 workouts 完成，total=0
[TrainingPlanViewModel] [DEBUG] [TrainingPlanVM] 🚀 Starting initialization (FORCED)...
[TrainingPlanViewModel] [DEBUG] [TrainingPlanVM] Step 0: Ensuring workout data is loaded...
[TrainingPlanViewModel] [DEBUG] [TrainingPlanVM] ✅ Workout data refreshed via WorkoutRepository, cached 0 workouts
[TrainingPlanViewModel] [DEBUG] [TrainingPlanVM] Step 1: Loading plan status...
[TrainingPlanViewModel] [DEBUG] [TrainingPlanVM] Loading plan status (skipCache: false, shouldResetSelectedWeek: true)
[TrainingPlanViewModel] [DEBUG] [TrainingPlanVM] ✅ currentWeek 更新: 1 → 2
[TrainingPlanViewModel] [DEBUG] [TrainingPlanVM] selectedWeek reset to currentWeek: 2
[TrainingPlanViewModel] [DEBUG] ========================================
[TrainingPlanViewModel] [DEBUG] [TrainingPlanVM] 📊 Plan Status API 回應:
[TrainingPlanViewModel] [DEBUG]   current_week: 2
[TrainingPlanViewModel] [DEBUG]   total_weeks: 12
[TrainingPlanViewModel] [DEBUG]   next_action: viewPlan
[TrainingPlanViewModel] [DEBUG]   can_generate_next_week: false
[TrainingPlanViewModel] [DEBUG]   current_week_plan_id: plan_123_2
[TrainingPlanViewModel] [DEBUG]   previous_week_summary_id: null
[TrainingPlanViewModel] [DEBUG]   next_week_info: null
[TrainingPlanViewModel] [DEBUG] ========================================
[TrainingPlanViewModel] [DEBUG] [TrainingPlanVM] ✅ Plan status loaded: nextAction=viewPlan
[TrainingPlanViewModel] [DEBUG] [TrainingPlanVM] Step 2: Loading training overview...
[TrainingPlanViewModel] [DEBUG] [TrainingPlanVM] selectedWeek 變更為 2，觸發 UI 更新
[WeeklyPlanViewModel] [DEBUG] [WeeklyPlanVM] Overview loaded: plan_123
[TrainingPlanViewModel] [DEBUG] [TrainingPlanVM] ✅ Training overview loaded: id=plan_123
[TrainingPlanViewModel] [DEBUG] [TrainingPlanVM] Step 3: Loading weekly plan...
[WeeklyPlanViewModel] [DEBUG] [WeeklyPlanVM] 📤 開始載入週計畫 - selectedWeek: 2, currentWeek: 2
[WeeklyPlanViewModel] [DEBUG] [WeeklyPlanVM] 🔄 載入計畫 - planId: plan_123_2
[WeeklyPlanViewModel] [DEBUG] [WeeklyPlanVM] 📥 收到週計畫 - plan.id: plan_123_2, plan.weekOfPlan: 2
[WeeklyPlanViewModel] [DEBUG] [WeeklyPlanVM] 📥 計畫內容 - totalDistance: 35.0, days count: 1
[WeeklyPlanViewModel] [DEBUG] [WeeklyPlanVM] ✅ Weekly plan loaded: plan_123_2
[TrainingPlanViewModel] [DEBUG] [TrainingPlanVM] Step 4: Loading workouts for current week...
[TrainingPlanViewModel] [DEBUG] [TrainingPlanVM] loadWorkoutsForCurrentWeek - selectedWeek: 2
[TrainingPlanViewModel] [DEBUG] [TrainingPlanVM] loadWorkoutsForCurrentWeek - trainingOverview: ✅ 存在
[TrainingPlanViewModel] [DEBUG] [TrainingPlanVM] loadWorkoutsForCurrentWeek - cachedAllWorkouts: 0 筆
[TrainingPlanViewModel] [DEBUG] [TrainingPlanVM] loadWorkoutsForCurrentWeek - overview.id: plan_123, createdAt: 2024-01-15T10:00:00Z
[TrainingPlanViewModel] [DEBUG] [TrainingPlanVM] Loading workouts from 2024-01-21 15:00:00 +0000 to 2024-01-28 14:59:59 +0000
[TrainingPlanViewModel] [DEBUG] [TrainingPlanVM] 記憶體緩存為空，從 Repository 載入
[LoadWeeklyWorkoutsUseCase] [DEBUG] [LoadWeeklyWorkoutsUseCase] Loading workouts from 2024-01-21 15:00:00 +0000 to 2024-01-28 14:59:59 +0000
[LoadWeeklyWorkoutsUseCase] [DEBUG] [LoadWeeklyWorkoutsUseCase] Found 0 workouts in week
[LoadWeeklyWorkoutsUseCase] [DEBUG] [LoadWeeklyWorkoutsUseCase] Grouped into days: []
[TrainingPlanViewModel] [DEBUG] [TrainingPlanVM] Grouped workouts: []
[TrainingPlanViewModel] [DEBUG] [TrainingPlanVM] Calculating metrics for week 2
[AggregateWorkoutMetricsUseCase] [DEBUG] [AggregateWorkoutMetricsUseCase] Calculating metrics from 2024-01-21 15:00:00 +0000 to 2024-01-28 14:59:59 +0000
[AggregateWorkoutMetricsUseCase] [DEBUG] [AggregateWorkoutMetricsUseCase] Distance: 0.0 km, Intensity - low: 0.0, medium: 0.0, high: 0.0
[TrainingPlanViewModel] [DEBUG] [TrainingPlanVM] Week metrics - Distance: 0.0 km, Intensity: low=0.0, medium=0.0, high=0.0
[TrainingPlanViewModel] [DEBUG] [TrainingPlanVM] ✅ Workouts loaded: 0 workouts
[TrainingPlanViewModel] [DEBUG] [TrainingPlanVM] ✅ All data loaded, UI ready to display
[TrainingPlanViewModel] [DEBUG] [TrainingPlanVM] ✅ 初始化完成，通知監聽器已啟用
[TrainingPlanViewModel] [DEBUG] [TrainingPlanVM] Step 5: Re-loading workouts to fix race condition...
[TrainingPlanViewModel] [DEBUG] [TrainingPlanVM] loadWorkoutsForCurrentWeek - selectedWeek: 2
[TrainingPlanViewModel] [DEBUG] [TrainingPlanVM] loadWorkoutsForCurrentWeek - trainingOverview: ✅ 存在
[TrainingPlanViewModel] [DEBUG] [TrainingPlanVM] loadWorkoutsForCurrentWeek - cachedAllWorkouts: 0 筆
[TrainingPlanViewModel] [DEBUG] [TrainingPlanVM] loadWorkoutsForCurrentWeek - overview.id: plan_123, createdAt: 2024-01-15T10:00:00Z
[TrainingPlanViewModel] [DEBUG] [TrainingPlanVM] Loading workouts from 2024-01-21 15:00:00 +0000 to 2024-01-28 14:59:59 +0000
[TrainingPlanViewModel] [DEBUG] [TrainingPlanVM] 記憶體緩存為空，從 Repository 載入
[LoadWeeklyWorkoutsUseCase] [DEBUG] [LoadWeeklyWorkoutsUseCase] Loading workouts from 2024-01-21 15:00:00 +0000 to 2024-01-28 14:59:59 +0000
[LoadWeeklyWorkoutsUseCase] [DEBUG] [LoadWeeklyWorkoutsUseCase] Found 0 workouts in week
[LoadWeeklyWorkoutsUseCase] [DEBUG] [LoadWeeklyWorkoutsUseCase] Grouped into days: []
[TrainingPlanViewModel] [DEBUG] [TrainingPlanVM] Grouped workouts: []
[TrainingPlanViewModel] [DEBUG] [TrainingPlanVM] Calculating metrics for week 2
[AggregateWorkoutMetricsUseCase] [DEBUG] [AggregateWorkoutMetricsUseCase] Calculating metrics from 2024-01-21 15:00:00 +0000 to 2024-01-28 14:59:59 +0000
[AggregateWorkoutMetricsUseCase] [DEBUG] [AggregateWorkoutMetricsUseCase] Distance: 0.0 km, Intensity - low: 0.0, medium: 0.0, high: 0.0
[TrainingPlanViewModel] [DEBUG] [TrainingPlanVM] Week metrics - Distance: 0.0 km, Intensity: low=0.0, medium=0.0, high=0.0
[TrainingPlanViewModel] [DEBUG] [TrainingPlanVM] ✅ 競態條件修復：重新載入 workouts 完成，total=0
Test Case '-[HavitalTests.TrainingPlanLoadingFlowTests test_backgroundRestore_weekChanged_withPlan_showsNewWeekPlan]' passed (0.005 seconds).
Test Case '-[HavitalTests.TrainingPlanLoadingFlowTests test_dataChangedEvent_refreshesAndUpdatesPlanStatus]' started.
[TrainingPlanViewModel] [DEBUG] [TrainingPlanVM] selectedWeek 變更為 1，觸發 UI 更新
[TrainingPlanViewModel] [DEBUG] [TrainingPlanVM] showSummarySheet 變更為 false，觸發 UI 更新
[TrainingPlanViewModel] [DEBUG] [TrainingPlanVM] summaryState 變更為 empty，觸發 UI 更新
[TrainingPlanViewModel] [DEBUG] [TrainingPlanVM] 🚀 Starting initialization...
[TrainingPlanViewModel] [DEBUG] [TrainingPlanVM] Step 0: Ensuring workout data is loaded...
[TrainingPlanViewModel] [DEBUG] [TrainingPlanVM] ✅ Workout data refreshed via WorkoutRepository, cached 0 workouts
[TrainingPlanViewModel] [DEBUG] [TrainingPlanVM] Step 1: Loading plan status...
[TrainingPlanViewModel] [DEBUG] [TrainingPlanVM] Loading plan status (skipCache: false, shouldResetSelectedWeek: true)
[TrainingPlanViewModel] [DEBUG] [TrainingPlanVM] ✅ currentWeek 更新: 1 → 1
[TrainingPlanViewModel] [DEBUG] [TrainingPlanVM] selectedWeek reset to currentWeek: 1
[TrainingPlanViewModel] [DEBUG] ========================================
[TrainingPlanViewModel] [DEBUG] [TrainingPlanVM] 📊 Plan Status API 回應:
[TrainingPlanViewModel] [DEBUG]   current_week: 1
[TrainingPlanViewModel] [DEBUG]   total_weeks: 12
[TrainingPlanViewModel] [DEBUG]   next_action: viewPlan
[TrainingPlanViewModel] [DEBUG]   can_generate_next_week: false
[TrainingPlanViewModel] [DEBUG]   current_week_plan_id: plan_123_1
[TrainingPlanViewModel] [DEBUG]   previous_week_summary_id: null
[TrainingPlanViewModel] [DEBUG]   next_week_info: null
[TrainingPlanViewModel] [DEBUG] ========================================
[TrainingPlanViewModel] [DEBUG] [TrainingPlanVM] ✅ Plan status loaded: nextAction=viewPlan
[TrainingPlanViewModel] [DEBUG] [TrainingPlanVM] Step 2: Loading training overview...
[TrainingPlanViewModel] [DEBUG] [TrainingPlanVM] selectedWeek 變更為 1，觸發 UI 更新
[WeeklyPlanViewModel] [DEBUG] [WeeklyPlanVM] Overview loaded: plan_123
[TrainingPlanViewModel] [DEBUG] [TrainingPlanVM] ✅ Training overview loaded: id=plan_123
[TrainingPlanViewModel] [DEBUG] [TrainingPlanVM] Step 3: Loading weekly plan...
[WeeklyPlanViewModel] [DEBUG] [WeeklyPlanVM] 📤 開始載入週計畫 - selectedWeek: 1, currentWeek: 1
[WeeklyPlanViewModel] [DEBUG] [WeeklyPlanVM] 🔄 載入計畫 - planId: plan_123_1
[WeeklyPlanViewModel] [DEBUG] [WeeklyPlanVM] 📥 收到週計畫 - plan.id: plan_123_1, plan.weekOfPlan: 1
[WeeklyPlanViewModel] [DEBUG] [WeeklyPlanVM] 📥 計畫內容 - totalDistance: 30.0, days count: 1
[WeeklyPlanViewModel] [DEBUG] [WeeklyPlanVM] ✅ Weekly plan loaded: plan_123_1
[TrainingPlanViewModel] [DEBUG] [TrainingPlanVM] Step 4: Loading workouts for current week...
[TrainingPlanViewModel] [DEBUG] [TrainingPlanVM] loadWorkoutsForCurrentWeek - selectedWeek: 1
[TrainingPlanViewModel] [DEBUG] [TrainingPlanVM] loadWorkoutsForCurrentWeek - trainingOverview: ✅ 存在
[TrainingPlanViewModel] [DEBUG] [TrainingPlanVM] loadWorkoutsForCurrentWeek - cachedAllWorkouts: 0 筆
[TrainingPlanViewModel] [DEBUG] [TrainingPlanVM] loadWorkoutsForCurrentWeek - overview.id: plan_123, createdAt: 2024-01-15T10:00:00Z
[TrainingPlanViewModel] [DEBUG] [TrainingPlanVM] Loading workouts from 2024-01-14 15:00:00 +0000 to 2024-01-21 14:59:59 +0000
[TrainingPlanViewModel] [DEBUG] [TrainingPlanVM] 記憶體緩存為空，從 Repository 載入
[LoadWeeklyWorkoutsUseCase] [DEBUG] [LoadWeeklyWorkoutsUseCase] Loading workouts from 2024-01-14 15:00:00 +0000 to 2024-01-21 14:59:59 +0000
[LoadWeeklyWorkoutsUseCase] [DEBUG] [LoadWeeklyWorkoutsUseCase] Found 0 workouts in week
[LoadWeeklyWorkoutsUseCase] [DEBUG] [LoadWeeklyWorkoutsUseCase] Grouped into days: []
[TrainingPlanViewModel] [DEBUG] [TrainingPlanVM] Grouped workouts: []
[TrainingPlanViewModel] [DEBUG] [TrainingPlanVM] Calculating metrics for week 1
[AggregateWorkoutMetricsUseCase] [DEBUG] [AggregateWorkoutMetricsUseCase] Calculating metrics from 2024-01-14 15:00:00 +0000 to 2024-01-21 14:59:59 +0000
[AggregateWorkoutMetricsUseCase] [DEBUG] [AggregateWorkoutMetricsUseCase] Distance: 0.0 km, Intensity - low: 0.0, medium: 0.0, high: 0.0
[TrainingPlanViewModel] [DEBUG] [TrainingPlanVM] Week metrics - Distance: 0.0 km, Intensity: low=0.0, medium=0.0, high=0.0
[TrainingPlanViewModel] [DEBUG] [TrainingPlanVM] ✅ Workouts loaded: 0 workouts
[TrainingPlanViewModel] [DEBUG] [TrainingPlanVM] ✅ All data loaded, UI ready to display
[TrainingPlanViewModel] [DEBUG] [TrainingPlanVM] ✅ 初始化完成，通知監聽器已啟用
[TrainingPlanViewModel] [DEBUG] [TrainingPlanVM] Step 5: Re-loading workouts to fix race condition...
[TrainingPlanViewModel] [DEBUG] [TrainingPlanVM] loadWorkoutsForCurrentWeek - selectedWeek: 1
[TrainingPlanViewModel] [DEBUG] [TrainingPlanVM] loadWorkoutsForCurrentWeek - trainingOverview: ✅ 存在
[TrainingPlanViewModel] [DEBUG] [TrainingPlanVM] loadWorkoutsForCurrentWeek - cachedAllWorkouts: 0 筆
[TrainingPlanViewModel] [DEBUG] [TrainingPlanVM] loadWorkoutsForCurrentWeek - overview.id: plan_123, createdAt: 2024-01-15T10:00:00Z
[TrainingPlanViewModel] [DEBUG] [TrainingPlanVM] Loading workouts from 2024-01-14 15:00:00 +0000 to 2024-01-21 14:59:59 +0000
[TrainingPlanViewModel] [DEBUG] [TrainingPlanVM] 記憶體緩存為空，從 Repository 載入
[LoadWeeklyWorkoutsUseCase] [DEBUG] [LoadWeeklyWorkoutsUseCase] Loading workouts from 2024-01-14 15:00:00 +0000 to 2024-01-21 14:59:59 +0000
[LoadWeeklyWorkoutsUseCase] [DEBUG] [LoadWeeklyWorkoutsUseCase] Found 0 workouts in week
[LoadWeeklyWorkoutsUseCase] [DEBUG] [LoadWeeklyWorkoutsUseCase] Grouped into days: []
[TrainingPlanViewModel] [DEBUG] [TrainingPlanVM] Grouped workouts: []
[TrainingPlanViewModel] [DEBUG] [TrainingPlanVM] Calculating metrics for week 1
[AggregateWorkoutMetricsUseCase] [DEBUG] [AggregateWorkoutMetricsUseCase] Calculating metrics from 2024-01-14 15:00:00 +0000 to 2024-01-21 14:59:59 +0000
[AggregateWorkoutMetricsUseCase] [DEBUG] [AggregateWorkoutMetricsUseCase] Distance: 0.0 km, Intensity - low: 0.0, medium: 0.0, high: 0.0
[TrainingPlanViewModel] [DEBUG] [TrainingPlanVM] Week metrics - Distance: 0.0 km, Intensity: low=0.0, medium=0.0, high=0.0
[TrainingPlanViewModel] [DEBUG] [TrainingPlanVM] ✅ 競態條件修復：重新載入 workouts 完成，total=0
[TrainingPlanViewModel] [DEBUG] [TrainingPlanVM] Refreshing weekly plan (manual: false)
[TrainingPlanViewModel] [DEBUG] [TrainingPlanVM] Loading plan status (skipCache: false, shouldResetSelectedWeek: false)
[TrainingPlanViewModel] [DEBUG] [TrainingPlanVM] ✅ currentWeek 更新: 1 → 1
[TrainingPlanViewModel] [DEBUG] [TrainingPlanVM] selectedWeek preserved: 1
[TrainingPlanViewModel] [DEBUG] ========================================
[TrainingPlanViewModel] [DEBUG] [TrainingPlanVM] 📊 Plan Status API 回應:
[TrainingPlanViewModel] [DEBUG]   current_week: 1
[TrainingPlanViewModel] [DEBUG]   total_weeks: 12
[TrainingPlanViewModel] [DEBUG]   next_action: viewPlan
[TrainingPlanViewModel] [DEBUG]   can_generate_next_week: false
[TrainingPlanViewModel] [DEBUG]   current_week_plan_id: plan_123_1
[TrainingPlanViewModel] [DEBUG]   previous_week_summary_id: null
[TrainingPlanViewModel] [DEBUG]   next_week_info: null
[TrainingPlanViewModel] [DEBUG] ========================================
[WeeklyPlanViewModel] [DEBUG] [WeeklyPlanVM] Successfully refreshed plan (silent: true, hadData: true)
[TrainingPlanViewModel] [DEBUG] [TrainingPlanVM] loadWorkoutsForCurrentWeek - selectedWeek: 1
[TrainingPlanViewModel] [DEBUG] [TrainingPlanVM] loadWorkoutsForCurrentWeek - trainingOverview: ✅ 存在
[TrainingPlanViewModel] [DEBUG] [TrainingPlanVM] loadWorkoutsForCurrentWeek - cachedAllWorkouts: 0 筆
[TrainingPlanViewModel] [DEBUG] [TrainingPlanVM] loadWorkoutsForCurrentWeek - overview.id: plan_123, createdAt: 2024-01-15T10:00:00Z
[TrainingPlanViewModel] [DEBUG] [TrainingPlanVM] Loading workouts from 2024-01-14 15:00:00 +0000 to 2024-01-21 14:59:59 +0000
[TrainingPlanViewModel] [DEBUG] [TrainingPlanVM] 記憶體緩存為空，從 Repository 載入
[LoadWeeklyWorkoutsUseCase] [DEBUG] [LoadWeeklyWorkoutsUseCase] Loading workouts from 2024-01-14 15:00:00 +0000 to 2024-01-21 14:59:59 +0000
[LoadWeeklyWorkoutsUseCase] [DEBUG] [LoadWeeklyWorkoutsUseCase] Found 0 workouts in week
[LoadWeeklyWorkoutsUseCase] [DEBUG] [LoadWeeklyWorkoutsUseCase] Grouped into days: []
[TrainingPlanViewModel] [DEBUG] [TrainingPlanVM] Grouped workouts: []
[TrainingPlanViewModel] [DEBUG] [TrainingPlanVM] Calculating metrics for week 1
[AggregateWorkoutMetricsUseCase] [DEBUG] [AggregateWorkoutMetricsUseCase] Calculating metrics from 2024-01-14 15:00:00 +0000 to 2024-01-21 14:59:59 +0000
[AggregateWorkoutMetricsUseCase] [DEBUG] [AggregateWorkoutMetricsUseCase] Distance: 0.0 km, Intensity - low: 0.0, medium: 0.0, high: 0.0
[TrainingPlanViewModel] [DEBUG] [TrainingPlanVM] Week metrics - Distance: 0.0 km, Intensity: low=0.0, medium=0.0, high=0.0
[TrainingPlanViewModel] [DEBUG] [TrainingPlanVM] ✅ Weekly plan refreshed (manual: false, hadData: true)
Test Case '-[HavitalTests.TrainingPlanLoadingFlowTests test_dataChangedEvent_refreshesAndUpdatesPlanStatus]' passed (0.004 seconds).
Test Case '-[HavitalTests.TrainingPlanLoadingFlowTests test_generateNextWeekPlan_requiresSummary_createsSummaryFirst]' started.
[TrainingPlanViewModel] [DEBUG] [TrainingPlanVM] selectedWeek 變更為 1，觸發 UI 更新
[TrainingPlanViewModel] [DEBUG] [TrainingPlanVM] showSummarySheet 變更為 false，觸發 UI 更新
[TrainingPlanViewModel] [DEBUG] [TrainingPlanVM] summaryState 變更為 empty，觸發 UI 更新
[TrainingPlanViewModel] [DEBUG] [TrainingPlanVM] 🚀 Starting initialization...
[TrainingPlanViewModel] [DEBUG] [TrainingPlanVM] Step 0: Ensuring workout data is loaded...
[TrainingPlanViewModel] [DEBUG] [TrainingPlanVM] ✅ Workout data refreshed via WorkoutRepository, cached 0 workouts
[TrainingPlanViewModel] [DEBUG] [TrainingPlanVM] Step 1: Loading plan status...
[TrainingPlanViewModel] [DEBUG] [TrainingPlanVM] Loading plan status (skipCache: false, shouldResetSelectedWeek: true)
[TrainingPlanViewModel] [DEBUG] [TrainingPlanVM] ✅ currentWeek 更新: 1 → 3
[TrainingPlanViewModel] [DEBUG] [TrainingPlanVM] selectedWeek reset to currentWeek: 3
[TrainingPlanViewModel] [DEBUG] ========================================
[TrainingPlanViewModel] [DEBUG] [TrainingPlanVM] 📊 Plan Status API 回應:
[TrainingPlanViewModel] [DEBUG]   current_week: 3
[TrainingPlanViewModel] [DEBUG]   total_weeks: 12
[TrainingPlanViewModel] [DEBUG]   next_action: viewPlan
[TrainingPlanViewModel] [DEBUG]   can_generate_next_week: true
[TrainingPlanViewModel] [DEBUG]   current_week_plan_id: plan_123_3
[TrainingPlanViewModel] [DEBUG]   previous_week_summary_id: null
[TrainingPlanViewModel] [DEBUG]   next_week_info:
[TrainingPlanViewModel] [DEBUG]     - week_number: 4
[TrainingPlanViewModel] [DEBUG]     - has_plan: false
[TrainingPlanViewModel] [DEBUG]     - can_generate: true
[TrainingPlanViewModel] [DEBUG]     - requires_current_week_summary: true
[TrainingPlanViewModel] [DEBUG]     - next_action: create_summary_for_week_3
[TrainingPlanViewModel] [DEBUG] ========================================
[TrainingPlanViewModel] [DEBUG] [TrainingPlanVM] ✅ Plan status loaded: nextAction=viewPlan
[TrainingPlanViewModel] [DEBUG] [TrainingPlanVM] Step 2: Loading training overview...
[TrainingPlanViewModel] [DEBUG] [TrainingPlanVM] selectedWeek 變更為 3，觸發 UI 更新
[WeeklyPlanViewModel] [DEBUG] [WeeklyPlanVM] Overview loaded: plan_123
[TrainingPlanViewModel] [DEBUG] [TrainingPlanVM] ✅ Training overview loaded: id=plan_123
[TrainingPlanViewModel] [DEBUG] [TrainingPlanVM] Step 3: Loading weekly plan...
[WeeklyPlanViewModel] [DEBUG] [WeeklyPlanVM] 📤 開始載入週計畫 - selectedWeek: 3, currentWeek: 3
[WeeklyPlanViewModel] [DEBUG] [WeeklyPlanVM] 🔄 載入計畫 - planId: plan_123_3
[WeeklyPlanViewModel] [DEBUG] [WeeklyPlanVM] 📥 收到週計畫 - plan.id: plan_123_3, plan.weekOfPlan: 3
[WeeklyPlanViewModel] [DEBUG] [WeeklyPlanVM] 📥 計畫內容 - totalDistance: 40.0, days count: 1
[WeeklyPlanViewModel] [DEBUG] [WeeklyPlanVM] ✅ Weekly plan loaded: plan_123_3
[TrainingPlanViewModel] [DEBUG] [TrainingPlanVM] Step 4: Loading workouts for current week...
[TrainingPlanViewModel] [DEBUG] [TrainingPlanVM] loadWorkoutsForCurrentWeek - selectedWeek: 3
[TrainingPlanViewModel] [DEBUG] [TrainingPlanVM] loadWorkoutsForCurrentWeek - trainingOverview: ✅ 存在
[TrainingPlanViewModel] [DEBUG] [TrainingPlanVM] loadWorkoutsForCurrentWeek - cachedAllWorkouts: 0 筆
[TrainingPlanViewModel] [DEBUG] [TrainingPlanVM] loadWorkoutsForCurrentWeek - overview.id: plan_123, createdAt: 2024-01-15T10:00:00Z
[TrainingPlanViewModel] [DEBUG] [TrainingPlanVM] Loading workouts from 2024-01-28 15:00:00 +0000 to 2024-02-04 14:59:59 +0000
[TrainingPlanViewModel] [DEBUG] [TrainingPlanVM] 記憶體緩存為空，從 Repository 載入
[LoadWeeklyWorkoutsUseCase] [DEBUG] [LoadWeeklyWorkoutsUseCase] Loading workouts from 2024-01-28 15:00:00 +0000 to 2024-02-04 14:59:59 +0000
[LoadWeeklyWorkoutsUseCase] [DEBUG] [LoadWeeklyWorkoutsUseCase] Found 0 workouts in week
[LoadWeeklyWorkoutsUseCase] [DEBUG] [LoadWeeklyWorkoutsUseCase] Grouped into days: []
[TrainingPlanViewModel] [DEBUG] [TrainingPlanVM] Grouped workouts: []
[TrainingPlanViewModel] [DEBUG] [TrainingPlanVM] Calculating metrics for week 3
[AggregateWorkoutMetricsUseCase] [DEBUG] [AggregateWorkoutMetricsUseCase] Calculating metrics from 2024-01-28 15:00:00 +0000 to 2024-02-04 14:59:59 +0000
[AggregateWorkoutMetricsUseCase] [DEBUG] [AggregateWorkoutMetricsUseCase] Distance: 0.0 km, Intensity - low: 0.0, medium: 0.0, high: 0.0
[TrainingPlanViewModel] [DEBUG] [TrainingPlanVM] Week metrics - Distance: 0.0 km, Intensity: low=0.0, medium=0.0, high=0.0
[TrainingPlanViewModel] [DEBUG] [TrainingPlanVM] ✅ Workouts loaded: 0 workouts
[TrainingPlanViewModel] [DEBUG] [TrainingPlanVM] ✅ All data loaded, UI ready to display
[TrainingPlanViewModel] [DEBUG] [TrainingPlanVM] ✅ 初始化完成，通知監聽器已啟用
[TrainingPlanViewModel] [DEBUG] [TrainingPlanVM] Step 5: Re-loading workouts to fix race condition...
[TrainingPlanViewModel] [DEBUG] [TrainingPlanVM] loadWorkoutsForCurrentWeek - selectedWeek: 3
[TrainingPlanViewModel] [DEBUG] [TrainingPlanVM] loadWorkoutsForCurrentWeek - trainingOverview: ✅ 存在
[TrainingPlanViewModel] [DEBUG] [TrainingPlanVM] loadWorkoutsForCurrentWeek - cachedAllWorkouts: 0 筆
[TrainingPlanViewModel] [DEBUG] [TrainingPlanVM] loadWorkoutsForCurrentWeek - overview.id: plan_123, createdAt: 2024-01-15T10:00:00Z
[TrainingPlanViewModel] [DEBUG] [TrainingPlanVM] Loading workouts from 2024-01-28 15:00:00 +0000 to 2024-02-04 14:59:59 +0000
[TrainingPlanViewModel] [DEBUG] [TrainingPlanVM] 記憶體緩存為空，從 Repository 載入
[LoadWeeklyWorkoutsUseCase] [DEBUG] [LoadWeeklyWorkoutsUseCase] Loading workouts from 2024-01-28 15:00:00 +0000 to 2024-02-04 14:59:59 +0000
[LoadWeeklyWorkoutsUseCase] [DEBUG] [LoadWeeklyWorkoutsUseCase] Found 0 workouts in week
[LoadWeeklyWorkoutsUseCase] [DEBUG] [LoadWeeklyWorkoutsUseCase] Grouped into days: []
[TrainingPlanViewModel] [DEBUG] [TrainingPlanVM] Grouped workouts: []
[TrainingPlanViewModel] [DEBUG] [TrainingPlanVM] Calculating metrics for week 3
[AggregateWorkoutMetricsUseCase] [DEBUG] [AggregateWorkoutMetricsUseCase] Calculating metrics from 2024-01-28 15:00:00 +0000 to 2024-02-04 14:59:59 +0000
[AggregateWorkoutMetricsUseCase] [DEBUG] [AggregateWorkoutMetricsUseCase] Distance: 0.0 km, Intensity - low: 0.0, medium: 0.0, high: 0.0
[TrainingPlanViewModel] [DEBUG] [TrainingPlanVM] Week metrics - Distance: 0.0 km, Intensity: low=0.0, medium=0.0, high=0.0
[TrainingPlanViewModel] [DEBUG] [TrainingPlanVM] ✅ 競態條件修復：重新載入 workouts 完成，total=0
[TrainingPlanViewModel] [DEBUG] [TrainingPlanVM] 需要先產生週回顧（傳入 weekNumber: 4，後端會自動減1）
[WeeklySummaryViewModel] [DEBUG] [WeeklySummaryVM] Creating summary for week 4
[TrainingPlanViewModel] [DEBUG] [TrainingPlanVM] summaryState 變更為 loading，觸發 UI 更新
[WeeklySummaryViewModel] [DEBUG] [WeeklySummaryVM] No adjustments, showing summary only
[TrainingPlanViewModel] [DEBUG] [TrainingPlanVM] 無調整項目，週回顧已完成，顯示給用戶查看
[TrainingPlanViewModel] [DEBUG] [TrainingPlanVM] summaryState 變更為 loaded，觸發 UI 更新
[TrainingPlanViewModel] [DEBUG] [TrainingPlanVM] showSummarySheet 變更為 true，觸發 UI 更新
Test Case '-[HavitalTests.TrainingPlanLoadingFlowTests test_generateNextWeekPlan_requiresSummary_createsSummaryFirst]' passed (0.005 seconds).
Test Case '-[HavitalTests.TrainingPlanLoadingFlowTests test_generateNextWeekPlan_setsLoadingFirst]' started.
[TrainingPlanViewModel] [DEBUG] [TrainingPlanVM] selectedWeek 變更為 1，觸發 UI 更新
[TrainingPlanViewModel] [DEBUG] [TrainingPlanVM] showSummarySheet 變更為 false，觸發 UI 更新
[TrainingPlanViewModel] [DEBUG] [TrainingPlanVM] summaryState 變更為 empty，觸發 UI 更新
[TrainingPlanViewModel] [DEBUG] [TrainingPlanVM] 🚀 Starting initialization...
[TrainingPlanViewModel] [DEBUG] [TrainingPlanVM] Step 0: Ensuring workout data is loaded...
[TrainingPlanViewModel] [DEBUG] [TrainingPlanVM] ✅ Workout data refreshed via WorkoutRepository, cached 0 workouts
[TrainingPlanViewModel] [DEBUG] [TrainingPlanVM] Step 1: Loading plan status...
[TrainingPlanViewModel] [DEBUG] [TrainingPlanVM] Loading plan status (skipCache: false, shouldResetSelectedWeek: true)
[TrainingPlanViewModel] [DEBUG] [TrainingPlanVM] ✅ currentWeek 更新: 1 → 3
[TrainingPlanViewModel] [DEBUG] [TrainingPlanVM] selectedWeek reset to currentWeek: 3
[TrainingPlanViewModel] [DEBUG] ========================================
[TrainingPlanViewModel] [DEBUG] [TrainingPlanVM] 📊 Plan Status API 回應:
[TrainingPlanViewModel] [DEBUG]   current_week: 3
[TrainingPlanViewModel] [DEBUG]   total_weeks: 12
[TrainingPlanViewModel] [DEBUG]   next_action: viewPlan
[TrainingPlanViewModel] [DEBUG]   can_generate_next_week: true
[TrainingPlanViewModel] [DEBUG]   current_week_plan_id: plan_123_3
[TrainingPlanViewModel] [DEBUG]   previous_week_summary_id: summary_3
[TrainingPlanViewModel] [DEBUG]   next_week_info:
[TrainingPlanViewModel] [DEBUG]     - week_number: 4
[TrainingPlanViewModel] [DEBUG]     - has_plan: false
[TrainingPlanViewModel] [DEBUG]     - can_generate: true
[TrainingPlanViewModel] [DEBUG]     - requires_current_week_summary: false
[TrainingPlanViewModel] [DEBUG]     - next_action: create_plan_for_week_4
[TrainingPlanViewModel] [DEBUG] ========================================
[TrainingPlanViewModel] [DEBUG] [TrainingPlanVM] ✅ Plan status loaded: nextAction=viewPlan
[TrainingPlanViewModel] [DEBUG] [TrainingPlanVM] Step 2: Loading training overview...
[TrainingPlanViewModel] [DEBUG] [TrainingPlanVM] selectedWeek 變更為 3，觸發 UI 更新
[WeeklyPlanViewModel] [DEBUG] [WeeklyPlanVM] Overview loaded: plan_123
[TrainingPlanViewModel] [DEBUG] [TrainingPlanVM] ✅ Training overview loaded: id=plan_123
[TrainingPlanViewModel] [DEBUG] [TrainingPlanVM] Step 3: Loading weekly plan...
[WeeklyPlanViewModel] [DEBUG] [WeeklyPlanVM] 📤 開始載入週計畫 - selectedWeek: 3, currentWeek: 3
[WeeklyPlanViewModel] [DEBUG] [WeeklyPlanVM] 🔄 載入計畫 - planId: plan_123_3
[WeeklyPlanViewModel] [DEBUG] [WeeklyPlanVM] 📥 收到週計畫 - plan.id: plan_123_3, plan.weekOfPlan: 3
[WeeklyPlanViewModel] [DEBUG] [WeeklyPlanVM] 📥 計畫內容 - totalDistance: 40.0, days count: 1
[WeeklyPlanViewModel] [DEBUG] [WeeklyPlanVM] ✅ Weekly plan loaded: plan_123_3
[TrainingPlanViewModel] [DEBUG] [TrainingPlanVM] Step 4: Loading workouts for current week...
[TrainingPlanViewModel] [DEBUG] [TrainingPlanVM] loadWorkoutsForCurrentWeek - selectedWeek: 3
[TrainingPlanViewModel] [DEBUG] [TrainingPlanVM] loadWorkoutsForCurrentWeek - trainingOverview: ✅ 存在
[TrainingPlanViewModel] [DEBUG] [TrainingPlanVM] loadWorkoutsForCurrentWeek - cachedAllWorkouts: 0 筆
[TrainingPlanViewModel] [DEBUG] [TrainingPlanVM] loadWorkoutsForCurrentWeek - overview.id: plan_123, createdAt: 2024-01-15T10:00:00Z
[TrainingPlanViewModel] [DEBUG] [TrainingPlanVM] Loading workouts from 2024-01-28 15:00:00 +0000 to 2024-02-04 14:59:59 +0000
[TrainingPlanViewModel] [DEBUG] [TrainingPlanVM] 記憶體緩存為空，從 Repository 載入
[LoadWeeklyWorkoutsUseCase] [DEBUG] [LoadWeeklyWorkoutsUseCase] Loading workouts from 2024-01-28 15:00:00 +0000 to 2024-02-04 14:59:59 +0000
[LoadWeeklyWorkoutsUseCase] [DEBUG] [LoadWeeklyWorkoutsUseCase] Found 0 workouts in week
[LoadWeeklyWorkoutsUseCase] [DEBUG] [LoadWeeklyWorkoutsUseCase] Grouped into days: []
[TrainingPlanViewModel] [DEBUG] [TrainingPlanVM] Grouped workouts: []
[TrainingPlanViewModel] [DEBUG] [TrainingPlanVM] Calculating metrics for week 3
[AggregateWorkoutMetricsUseCase] [DEBUG] [AggregateWorkoutMetricsUseCase] Calculating metrics from 2024-01-28 15:00:00 +0000 to 2024-02-04 14:59:59 +0000
[AggregateWorkoutMetricsUseCase] [DEBUG] [AggregateWorkoutMetricsUseCase] Distance: 0.0 km, Intensity - low: 0.0, medium: 0.0, high: 0.0
[TrainingPlanViewModel] [DEBUG] [TrainingPlanVM] Week metrics - Distance: 0.0 km, Intensity: low=0.0, medium=0.0, high=0.0
[TrainingPlanViewModel] [DEBUG] [TrainingPlanVM] ✅ Workouts loaded: 0 workouts
[TrainingPlanViewModel] [DEBUG] [TrainingPlanVM] ✅ All data loaded, UI ready to display
[TrainingPlanViewModel] [DEBUG] [TrainingPlanVM] ✅ 初始化完成，通知監聽器已啟用
[TrainingPlanViewModel] [DEBUG] [TrainingPlanVM] Step 5: Re-loading workouts to fix race condition...
[TrainingPlanViewModel] [DEBUG] [TrainingPlanVM] loadWorkoutsForCurrentWeek - selectedWeek: 3
[TrainingPlanViewModel] [DEBUG] [TrainingPlanVM] loadWorkoutsForCurrentWeek - trainingOverview: ✅ 存在
[TrainingPlanViewModel] [DEBUG] [TrainingPlanVM] loadWorkoutsForCurrentWeek - cachedAllWorkouts: 0 筆
[TrainingPlanViewModel] [DEBUG] [TrainingPlanVM] loadWorkoutsForCurrentWeek - overview.id: plan_123, createdAt: 2024-01-15T10:00:00Z
[TrainingPlanViewModel] [DEBUG] [TrainingPlanVM] Loading workouts from 2024-01-28 15:00:00 +0000 to 2024-02-04 14:59:59 +0000
[TrainingPlanViewModel] [DEBUG] [TrainingPlanVM] 記憶體緩存為空，從 Repository 載入
[LoadWeeklyWorkoutsUseCase] [DEBUG] [LoadWeeklyWorkoutsUseCase] Loading workouts from 2024-01-28 15:00:00 +0000 to 2024-02-04 14:59:59 +0000
[LoadWeeklyWorkoutsUseCase] [DEBUG] [LoadWeeklyWorkoutsUseCase] Found 0 workouts in week
[LoadWeeklyWorkoutsUseCase] [DEBUG] [LoadWeeklyWorkoutsUseCase] Grouped into days: []
[TrainingPlanViewModel] [DEBUG] [TrainingPlanVM] Grouped workouts: []
[TrainingPlanViewModel] [DEBUG] [TrainingPlanVM] Calculating metrics for week 3
[AggregateWorkoutMetricsUseCase] [DEBUG] [AggregateWorkoutMetricsUseCase] Calculating metrics from 2024-01-28 15:00:00 +0000 to 2024-02-04 14:59:59 +0000
[AggregateWorkoutMetricsUseCase] [DEBUG] [AggregateWorkoutMetricsUseCase] Distance: 0.0 km, Intensity - low: 0.0, medium: 0.0, high: 0.0
[TrainingPlanViewModel] [DEBUG] [TrainingPlanVM] Week metrics - Distance: 0.0 km, Intensity: low=0.0, medium=0.0, high=0.0
[TrainingPlanViewModel] [DEBUG] [TrainingPlanVM] ✅ 競態條件修復：重新載入 workouts 完成，total=0
[TrainingPlanViewModel] [DEBUG] ========================================
[TrainingPlanViewModel] [DEBUG] [TrainingPlanVM] 🎯 generateNextWeekPlan(targetWeek: 4, forceGenerate: true) 被調用
[TrainingPlanViewModel] [DEBUG] [TrainingPlanVM] currentWeek: 3
[TrainingPlanViewModel] [DEBUG] [TrainingPlanVM] selectedWeek: 3
[TrainingPlanViewModel] [DEBUG] ========================================
[TrainingPlanViewModel] [DEBUG] [TrainingPlanVM] forceGenerate=true，跳過週回顧檢查，直接產生課表
[TrainingPlanViewModel] [DEBUG] [TrainingPlanVM] planStatus 設為 .loading
[TrainingPlanViewModel] [DEBUG] [TrainingPlanVM] 設置 selectedWeek = 4
[TrainingPlanViewModel] [DEBUG] [TrainingPlanVM] selectedWeek 變更為 4，觸發 UI 更新
[WeeklyPlanViewModel] [DEBUG] [WeeklyPlanVM] 📤 請求產生週計畫 - week: 4, targetWeek: 4, selectedWeek: 4
[WeeklyPlanViewModel] [DEBUG] [WeeklyPlanVM] 📥 收到週計畫 - plan.id: plan_123_4, plan.weekOfPlan: 4
[WeeklyPlanViewModel] [DEBUG] [WeeklyPlanVM] 📥 計畫內容 - totalDistance: 45.0, days count: 1
[WeeklyPlanViewModel] [DEBUG] [WeeklyPlanVM] Weekly plan generated: plan_123_4
[TrainingPlanViewModel] [DEBUG] [TrainingPlanVM] 產生第 4 週計畫完成
[TrainingPlanViewModel] [DEBUG] [TrainingPlanVM] ✅ planStatus 已更新為新課表 (selectedWeek: 4)
[TrainingPlanViewModel] [DEBUG] [TrainingPlanVM] Loading plan status (skipCache: true, shouldResetSelectedWeek: false)
[TrainingPlanViewModel] [DEBUG] [TrainingPlanVM] ✅ currentWeek 更新: 3 → 3
[TrainingPlanViewModel] [DEBUG] [TrainingPlanVM] selectedWeek preserved: 4
[TrainingPlanViewModel] [DEBUG] ========================================
[TrainingPlanViewModel] [DEBUG] [TrainingPlanVM] 📊 Plan Status API 回應:
[TrainingPlanViewModel] [DEBUG]   current_week: 3
[TrainingPlanViewModel] [DEBUG]   total_weeks: 12
[TrainingPlanViewModel] [DEBUG]   next_action: viewPlan
[TrainingPlanViewModel] [DEBUG]   can_generate_next_week: true
[TrainingPlanViewModel] [DEBUG]   current_week_plan_id: plan_123_3
[TrainingPlanViewModel] [DEBUG]   previous_week_summary_id: summary_3
[TrainingPlanViewModel] [DEBUG]   next_week_info:
[TrainingPlanViewModel] [DEBUG]     - week_number: 4
[TrainingPlanViewModel] [DEBUG]     - has_plan: false
[TrainingPlanViewModel] [DEBUG]     - can_generate: true
[TrainingPlanViewModel] [DEBUG]     - requires_current_week_summary: false
[TrainingPlanViewModel] [DEBUG]     - next_action: create_plan_for_week_4
[TrainingPlanViewModel] [DEBUG] ========================================
[TrainingPlanViewModel] [DEBUG] [TrainingPlanVM] loadWorkoutsForCurrentWeek - selectedWeek: 4
[TrainingPlanViewModel] [DEBUG] [TrainingPlanVM] loadWorkoutsForCurrentWeek - trainingOverview: ✅ 存在
[TrainingPlanViewModel] [DEBUG] [TrainingPlanVM] loadWorkoutsForCurrentWeek - cachedAllWorkouts: 0 筆
[TrainingPlanViewModel] [DEBUG] [TrainingPlanVM] loadWorkoutsForCurrentWeek - overview.id: plan_123, createdAt: 2024-01-15T10:00:00Z
[TrainingPlanViewModel] [DEBUG] [TrainingPlanVM] Loading workouts from 2024-02-04 15:00:00 +0000 to 2024-02-11 14:59:59 +0000
[TrainingPlanViewModel] [DEBUG] [TrainingPlanVM] 記憶體緩存為空，從 Repository 載入
[LoadWeeklyWorkoutsUseCase] [DEBUG] [LoadWeeklyWorkoutsUseCase] Loading workouts from 2024-02-04 15:00:00 +0000 to 2024-02-11 14:59:59 +0000
[LoadWeeklyWorkoutsUseCase] [DEBUG] [LoadWeeklyWorkoutsUseCase] Found 0 workouts in week
[LoadWeeklyWorkoutsUseCase] [DEBUG] [LoadWeeklyWorkoutsUseCase] Grouped into days: []
[TrainingPlanViewModel] [DEBUG] [TrainingPlanVM] Grouped workouts: []
[TrainingPlanViewModel] [DEBUG] [TrainingPlanVM] Calculating metrics for week 4
[AggregateWorkoutMetricsUseCase] [DEBUG] [AggregateWorkoutMetricsUseCase] Calculating metrics from 2024-02-04 15:00:00 +0000 to 2024-02-11 14:59:59 +0000
[AggregateWorkoutMetricsUseCase] [DEBUG] [AggregateWorkoutMetricsUseCase] Distance: 0.0 km, Intensity - low: 0.0, medium: 0.0, high: 0.0
[TrainingPlanViewModel] [DEBUG] [TrainingPlanVM] Week metrics - Distance: 0.0 km, Intensity: low=0.0, medium=0.0, high=0.0
[TrainingPlanViewModel] [DEBUG] [TrainingPlanVM] ✅ 最終確認 planStatus (selectedWeek: 4, state: loaded(paceriz_dev.WeeklyPlan(id: "plan_123_4", purpose: "Build week", weekOfPlan: 4, totalWeeks: 12, totalDistance: 45.0, totalDistanceReason: nil, designReason: nil, days: [paceriz_dev.TrainingDay(dayIndex: "1", dayTarget: "Easy 8km run", reason: nil, tips: nil, trainingType: "easy_run", trainingDetails: nil)], intensityTotalMinutes: nil, createdAtString: nil)))
Test Case '-[HavitalTests.TrainingPlanLoadingFlowTests test_generateNextWeekPlan_setsLoadingFirst]' passed (0.013 seconds).
Test Case '-[HavitalTests.TrainingPlanLoadingFlowTests test_generateNextWeekPlan_showsNewPlanImmediately]' started.
[TrainingPlanViewModel] [DEBUG] [TrainingPlanVM] selectedWeek 變更為 1，觸發 UI 更新
[TrainingPlanViewModel] [DEBUG] [TrainingPlanVM] showSummarySheet 變更為 false，觸發 UI 更新
[TrainingPlanViewModel] [DEBUG] [TrainingPlanVM] summaryState 變更為 empty，觸發 UI 更新
[TrainingPlanViewModel] [DEBUG] [TrainingPlanVM] 🚀 Starting initialization...
[TrainingPlanViewModel] [DEBUG] [TrainingPlanVM] Step 0: Ensuring workout data is loaded...
[TrainingPlanViewModel] [DEBUG] [TrainingPlanVM] ✅ Workout data refreshed via WorkoutRepository, cached 0 workouts
[TrainingPlanViewModel] [DEBUG] [TrainingPlanVM] Step 1: Loading plan status...
[TrainingPlanViewModel] [DEBUG] [TrainingPlanVM] Loading plan status (skipCache: false, shouldResetSelectedWeek: true)
[TrainingPlanViewModel] [DEBUG] [TrainingPlanVM] ✅ currentWeek 更新: 1 → 3
[TrainingPlanViewModel] [DEBUG] [TrainingPlanVM] selectedWeek reset to currentWeek: 3
[TrainingPlanViewModel] [DEBUG] ========================================
[TrainingPlanViewModel] [DEBUG] [TrainingPlanVM] 📊 Plan Status API 回應:
[TrainingPlanViewModel] [DEBUG]   current_week: 3
[TrainingPlanViewModel] [DEBUG]   total_weeks: 12
[TrainingPlanViewModel] [DEBUG]   next_action: viewPlan
[TrainingPlanViewModel] [DEBUG]   can_generate_next_week: true
[TrainingPlanViewModel] [DEBUG]   current_week_plan_id: plan_123_3
[TrainingPlanViewModel] [DEBUG]   previous_week_summary_id: summary_3
[TrainingPlanViewModel] [DEBUG]   next_week_info:
[TrainingPlanViewModel] [DEBUG]     - week_number: 4
[TrainingPlanViewModel] [DEBUG]     - has_plan: false
[TrainingPlanViewModel] [DEBUG]     - can_generate: true
[TrainingPlanViewModel] [DEBUG]     - requires_current_week_summary: false
[TrainingPlanViewModel] [DEBUG]     - next_action: create_plan_for_week_4
[TrainingPlanViewModel] [DEBUG] ========================================
[TrainingPlanViewModel] [DEBUG] [TrainingPlanVM] ✅ Plan status loaded: nextAction=viewPlan
[TrainingPlanViewModel] [DEBUG] [TrainingPlanVM] Step 2: Loading training overview...
[TrainingPlanViewModel] [DEBUG] [TrainingPlanVM] selectedWeek 變更為 3，觸發 UI 更新
[WeeklyPlanViewModel] [DEBUG] [WeeklyPlanVM] Overview loaded: plan_123
[TrainingPlanViewModel] [DEBUG] [TrainingPlanVM] ✅ Training overview loaded: id=plan_123
[TrainingPlanViewModel] [DEBUG] [TrainingPlanVM] Step 3: Loading weekly plan...
[WeeklyPlanViewModel] [DEBUG] [WeeklyPlanVM] 📤 開始載入週計畫 - selectedWeek: 3, currentWeek: 3
[WeeklyPlanViewModel] [DEBUG] [WeeklyPlanVM] 🔄 載入計畫 - planId: plan_123_3
[WeeklyPlanViewModel] [DEBUG] [WeeklyPlanVM] 📥 收到週計畫 - plan.id: plan_123_3, plan.weekOfPlan: 3
[WeeklyPlanViewModel] [DEBUG] [WeeklyPlanVM] 📥 計畫內容 - totalDistance: 40.0, days count: 1
[WeeklyPlanViewModel] [DEBUG] [WeeklyPlanVM] ✅ Weekly plan loaded: plan_123_3
[TrainingPlanViewModel] [DEBUG] [TrainingPlanVM] Step 4: Loading workouts for current week...
[TrainingPlanViewModel] [DEBUG] [TrainingPlanVM] loadWorkoutsForCurrentWeek - selectedWeek: 3
[TrainingPlanViewModel] [DEBUG] [TrainingPlanVM] loadWorkoutsForCurrentWeek - trainingOverview: ✅ 存在
[TrainingPlanViewModel] [DEBUG] [TrainingPlanVM] loadWorkoutsForCurrentWeek - cachedAllWorkouts: 0 筆
[TrainingPlanViewModel] [DEBUG] [TrainingPlanVM] loadWorkoutsForCurrentWeek - overview.id: plan_123, createdAt: 2024-01-15T10:00:00Z
[TrainingPlanViewModel] [DEBUG] [TrainingPlanVM] Loading workouts from 2024-01-28 15:00:00 +0000 to 2024-02-04 14:59:59 +0000
[TrainingPlanViewModel] [DEBUG] [TrainingPlanVM] 記憶體緩存為空，從 Repository 載入
[LoadWeeklyWorkoutsUseCase] [DEBUG] [LoadWeeklyWorkoutsUseCase] Loading workouts from 2024-01-28 15:00:00 +0000 to 2024-02-04 14:59:59 +0000
[LoadWeeklyWorkoutsUseCase] [DEBUG] [LoadWeeklyWorkoutsUseCase] Found 0 workouts in week
[LoadWeeklyWorkoutsUseCase] [DEBUG] [LoadWeeklyWorkoutsUseCase] Grouped into days: []
[TrainingPlanViewModel] [DEBUG] [TrainingPlanVM] Grouped workouts: []
[TrainingPlanViewModel] [DEBUG] [TrainingPlanVM] Calculating metrics for week 3
[AggregateWorkoutMetricsUseCase] [DEBUG] [AggregateWorkoutMetricsUseCase] Calculating metrics from 2024-01-28 15:00:00 +0000 to 2024-02-04 14:59:59 +0000
[AggregateWorkoutMetricsUseCase] [DEBUG] [AggregateWorkoutMetricsUseCase] Distance: 0.0 km, Intensity - low: 0.0, medium: 0.0, high: 0.0
[TrainingPlanViewModel] [DEBUG] [TrainingPlanVM] Week metrics - Distance: 0.0 km, Intensity: low=0.0, medium=0.0, high=0.0
[TrainingPlanViewModel] [DEBUG] [TrainingPlanVM] ✅ Workouts loaded: 0 workouts
[TrainingPlanViewModel] [DEBUG] [TrainingPlanVM] ✅ All data loaded, UI ready to display
[TrainingPlanViewModel] [DEBUG] [TrainingPlanVM] ✅ 初始化完成，通知監聽器已啟用
[TrainingPlanViewModel] [DEBUG] [TrainingPlanVM] Step 5: Re-loading workouts to fix race condition...
[TrainingPlanViewModel] [DEBUG] [TrainingPlanVM] loadWorkoutsForCurrentWeek - selectedWeek: 3
[TrainingPlanViewModel] [DEBUG] [TrainingPlanVM] loadWorkoutsForCurrentWeek - trainingOverview: ✅ 存在
[TrainingPlanViewModel] [DEBUG] [TrainingPlanVM] loadWorkoutsForCurrentWeek - cachedAllWorkouts: 0 筆
[TrainingPlanViewModel] [DEBUG] [TrainingPlanVM] loadWorkoutsForCurrentWeek - overview.id: plan_123, createdAt: 2024-01-15T10:00:00Z
[TrainingPlanViewModel] [DEBUG] [TrainingPlanVM] Loading workouts from 2024-01-28 15:00:00 +0000 to 2024-02-04 14:59:59 +0000
[TrainingPlanViewModel] [DEBUG] [TrainingPlanVM] 記憶體緩存為空，從 Repository 載入
[LoadWeeklyWorkoutsUseCase] [DEBUG] [LoadWeeklyWorkoutsUseCase] Loading workouts from 2024-01-28 15:00:00 +0000 to 2024-02-04 14:59:59 +0000
[LoadWeeklyWorkoutsUseCase] [DEBUG] [LoadWeeklyWorkoutsUseCase] Found 0 workouts in week
[LoadWeeklyWorkoutsUseCase] [DEBUG] [LoadWeeklyWorkoutsUseCase] Grouped into days: []
[TrainingPlanViewModel] [DEBUG] [TrainingPlanVM] Grouped workouts: []
[TrainingPlanViewModel] [DEBUG] [TrainingPlanVM] Calculating metrics for week 3
[AggregateWorkoutMetricsUseCase] [DEBUG] [AggregateWorkoutMetricsUseCase] Calculating metrics from 2024-01-28 15:00:00 +0000 to 2024-02-04 14:59:59 +0000
[AggregateWorkoutMetricsUseCase] [DEBUG] [AggregateWorkoutMetricsUseCase] Distance: 0.0 km, Intensity - low: 0.0, medium: 0.0, high: 0.0
[TrainingPlanViewModel] [DEBUG] [TrainingPlanVM] Week metrics - Distance: 0.0 km, Intensity: low=0.0, medium=0.0, high=0.0
[TrainingPlanViewModel] [DEBUG] [TrainingPlanVM] ✅ 競態條件修復：重新載入 workouts 完成，total=0
[TrainingPlanViewModel] [DEBUG] ========================================
[TrainingPlanViewModel] [DEBUG] [TrainingPlanVM] 🎯 generateNextWeekPlan(targetWeek: 4, forceGenerate: true) 被調用
[TrainingPlanViewModel] [DEBUG] [TrainingPlanVM] currentWeek: 3
[TrainingPlanViewModel] [DEBUG] [TrainingPlanVM] selectedWeek: 3
[TrainingPlanViewModel] [DEBUG] ========================================
[TrainingPlanViewModel] [DEBUG] [TrainingPlanVM] forceGenerate=true，跳過週回顧檢查，直接產生課表
[TrainingPlanViewModel] [DEBUG] [TrainingPlanVM] planStatus 設為 .loading
[TrainingPlanViewModel] [DEBUG] [TrainingPlanVM] 設置 selectedWeek = 4
[TrainingPlanViewModel] [DEBUG] [TrainingPlanVM] selectedWeek 變更為 4，觸發 UI 更新
[WeeklyPlanViewModel] [DEBUG] [WeeklyPlanVM] 📤 請求產生週計畫 - week: 4, targetWeek: 4, selectedWeek: 4
[WeeklyPlanViewModel] [DEBUG] [WeeklyPlanVM] 📥 收到週計畫 - plan.id: plan_123_4, plan.weekOfPlan: 4
[WeeklyPlanViewModel] [DEBUG] [WeeklyPlanVM] 📥 計畫內容 - totalDistance: 45.0, days count: 1
[WeeklyPlanViewModel] [DEBUG] [WeeklyPlanVM] Weekly plan generated: plan_123_4
[TrainingPlanViewModel] [DEBUG] [TrainingPlanVM] 產生第 4 週計畫完成
[TrainingPlanViewModel] [DEBUG] [TrainingPlanVM] ✅ planStatus 已更新為新課表 (selectedWeek: 4)
[TrainingPlanViewModel] [DEBUG] [TrainingPlanVM] Loading plan status (skipCache: true, shouldResetSelectedWeek: false)
[TrainingPlanViewModel] [DEBUG] [TrainingPlanVM] ✅ currentWeek 更新: 3 → 3
[TrainingPlanViewModel] [DEBUG] [TrainingPlanVM] selectedWeek preserved: 4
[TrainingPlanViewModel] [DEBUG] ========================================
[TrainingPlanViewModel] [DEBUG] [TrainingPlanVM] 📊 Plan Status API 回應:
[TrainingPlanViewModel] [DEBUG]   current_week: 3
[TrainingPlanViewModel] [DEBUG]   total_weeks: 12
[TrainingPlanViewModel] [DEBUG]   next_action: viewPlan
[TrainingPlanViewModel] [DEBUG]   can_generate_next_week: true
[TrainingPlanViewModel] [DEBUG]   current_week_plan_id: plan_123_3
[TrainingPlanViewModel] [DEBUG]   previous_week_summary_id: summary_3
[TrainingPlanViewModel] [DEBUG]   next_week_info:
[TrainingPlanViewModel] [DEBUG]     - week_number: 4
[TrainingPlanViewModel] [DEBUG]     - has_plan: false
[TrainingPlanViewModel] [DEBUG]     - can_generate: true
[TrainingPlanViewModel] [DEBUG]     - requires_current_week_summary: false
[TrainingPlanViewModel] [DEBUG]     - next_action: create_plan_for_week_4
[TrainingPlanViewModel] [DEBUG] ========================================
[TrainingPlanViewModel] [DEBUG] [TrainingPlanVM] loadWorkoutsForCurrentWeek - selectedWeek: 4
[TrainingPlanViewModel] [DEBUG] [TrainingPlanVM] loadWorkoutsForCurrentWeek - trainingOverview: ✅ 存在
[TrainingPlanViewModel] [DEBUG] [TrainingPlanVM] loadWorkoutsForCurrentWeek - cachedAllWorkouts: 0 筆
[TrainingPlanViewModel] [DEBUG] [TrainingPlanVM] loadWorkoutsForCurrentWeek - overview.id: plan_123, createdAt: 2024-01-15T10:00:00Z
[TrainingPlanViewModel] [DEBUG] [TrainingPlanVM] Loading workouts from 2024-02-04 15:00:00 +0000 to 2024-02-11 14:59:59 +0000
[TrainingPlanViewModel] [DEBUG] [TrainingPlanVM] 記憶體緩存為空，從 Repository 載入
[LoadWeeklyWorkoutsUseCase] [DEBUG] [LoadWeeklyWorkoutsUseCase] Loading workouts from 2024-02-04 15:00:00 +0000 to 2024-02-11 14:59:59 +0000
[LoadWeeklyWorkoutsUseCase] [DEBUG] [LoadWeeklyWorkoutsUseCase] Found 0 workouts in week
[LoadWeeklyWorkoutsUseCase] [DEBUG] [LoadWeeklyWorkoutsUseCase] Grouped into days: []
[TrainingPlanViewModel] [DEBUG] [TrainingPlanVM] Grouped workouts: []
[TrainingPlanViewModel] [DEBUG] [TrainingPlanVM] Calculating metrics for week 4
[AggregateWorkoutMetricsUseCase] [DEBUG] [AggregateWorkoutMetricsUseCase] Calculating metrics from 2024-02-04 15:00:00 +0000 to 2024-02-11 14:59:59 +0000
[AggregateWorkoutMetricsUseCase] [DEBUG] [AggregateWorkoutMetricsUseCase] Distance: 0.0 km, Intensity - low: 0.0, medium: 0.0, high: 0.0
[TrainingPlanViewModel] [DEBUG] [TrainingPlanVM] Week metrics - Distance: 0.0 km, Intensity: low=0.0, medium=0.0, high=0.0
[TrainingPlanViewModel] [DEBUG] [TrainingPlanVM] ✅ 最終確認 planStatus (selectedWeek: 4, state: loaded(paceriz_dev.WeeklyPlan(id: "plan_123_4", purpose: "Build week", weekOfPlan: 4, totalWeeks: 12, totalDistance: 45.0, totalDistanceReason: nil, designReason: nil, days: [paceriz_dev.TrainingDay(dayIndex: "1", dayTarget: "Easy 8km run", reason: nil, tips: nil, trainingType: "easy_run", trainingDetails: nil)], intensityTotalMinutes: nil, createdAtString: nil)))
Test Case '-[HavitalTests.TrainingPlanLoadingFlowTests test_generateNextWeekPlan_showsNewPlanImmediately]' passed (0.007 seconds).
Test Case '-[HavitalTests.TrainingPlanLoadingFlowTests test_loadWeeklyPlan_failure_setsNoPlan]' started.
[TrainingPlanViewModel] [DEBUG] [TrainingPlanVM] selectedWeek 變更為 1，觸發 UI 更新
[TrainingPlanViewModel] [DEBUG] [TrainingPlanVM] showSummarySheet 變更為 false，觸發 UI 更新
[TrainingPlanViewModel] [DEBUG] [TrainingPlanVM] summaryState 變更為 empty，觸發 UI 更新
[TrainingPlanViewModel] [DEBUG] [TrainingPlanVM] 🚀 Starting initialization...
[TrainingPlanViewModel] [DEBUG] [TrainingPlanVM] Step 0: Ensuring workout data is loaded...
[TrainingPlanViewModel] [DEBUG] [TrainingPlanVM] ✅ Workout data refreshed via WorkoutRepository, cached 0 workouts
[TrainingPlanViewModel] [DEBUG] [TrainingPlanVM] Step 1: Loading plan status...
[TrainingPlanViewModel] [DEBUG] [TrainingPlanVM] Loading plan status (skipCache: false, shouldResetSelectedWeek: true)
[TrainingPlanViewModel] [ERROR] [TrainingPlanVM] Failed to load plan status: The operation couldn’t be completed. (paceriz_dev.TrainingPlanError error 0.)
[TrainingPlanViewModel] [ERROR] [TrainingPlanVM] ❌ No plan status response
Test Case '-[HavitalTests.TrainingPlanLoadingFlowTests test_loadWeeklyPlan_failure_setsNoPlan]' passed (0.001 seconds).
Test Case '-[HavitalTests.TrainingPlanLoadingFlowTests test_planStatus_weeklyPlanVMState_synchronization]' started.
[TrainingPlanViewModel] [DEBUG] [TrainingPlanVM] selectedWeek 變更為 1，觸發 UI 更新
[TrainingPlanViewModel] [DEBUG] [TrainingPlanVM] showSummarySheet 變更為 false，觸發 UI 更新
[TrainingPlanViewModel] [DEBUG] [TrainingPlanVM] summaryState 變更為 empty，觸發 UI 更新
[TrainingPlanViewModel] [DEBUG] [TrainingPlanVM] 🚀 Starting initialization...
[TrainingPlanViewModel] [DEBUG] [TrainingPlanVM] Step 0: Ensuring workout data is loaded...
[TrainingPlanViewModel] [DEBUG] [TrainingPlanVM] ✅ Workout data refreshed via WorkoutRepository, cached 0 workouts
[TrainingPlanViewModel] [DEBUG] [TrainingPlanVM] Step 1: Loading plan status...
[TrainingPlanViewModel] [DEBUG] [TrainingPlanVM] Loading plan status (skipCache: false, shouldResetSelectedWeek: true)
[TrainingPlanViewModel] [DEBUG] [TrainingPlanVM] ✅ currentWeek 更新: 1 → 1
[TrainingPlanViewModel] [DEBUG] [TrainingPlanVM] selectedWeek reset to currentWeek: 1
[TrainingPlanViewModel] [DEBUG] ========================================
[TrainingPlanViewModel] [DEBUG] [TrainingPlanVM] 📊 Plan Status API 回應:
[TrainingPlanViewModel] [DEBUG]   current_week: 1
[TrainingPlanViewModel] [DEBUG]   total_weeks: 12
[TrainingPlanViewModel] [DEBUG]   next_action: viewPlan
[TrainingPlanViewModel] [DEBUG]   can_generate_next_week: false
[TrainingPlanViewModel] [DEBUG]   current_week_plan_id: plan_123_1
[TrainingPlanViewModel] [DEBUG]   previous_week_summary_id: null
[TrainingPlanViewModel] [DEBUG]   next_week_info: null
[TrainingPlanViewModel] [DEBUG] ========================================
[TrainingPlanViewModel] [DEBUG] [TrainingPlanVM] ✅ Plan status loaded: nextAction=viewPlan
[TrainingPlanViewModel] [DEBUG] [TrainingPlanVM] Step 2: Loading training overview...
[TrainingPlanViewModel] [DEBUG] [TrainingPlanVM] selectedWeek 變更為 1，觸發 UI 更新
[WeeklyPlanViewModel] [DEBUG] [WeeklyPlanVM] Overview loaded: plan_123
[TrainingPlanViewModel] [DEBUG] [TrainingPlanVM] ✅ Training overview loaded: id=plan_123
[TrainingPlanViewModel] [DEBUG] [TrainingPlanVM] Step 3: Loading weekly plan...
[WeeklyPlanViewModel] [DEBUG] [WeeklyPlanVM] 📤 開始載入週計畫 - selectedWeek: 1, currentWeek: 1
[WeeklyPlanViewModel] [DEBUG] [WeeklyPlanVM] 🔄 載入計畫 - planId: plan_123_1
[WeeklyPlanViewModel] [DEBUG] [WeeklyPlanVM] 📥 收到週計畫 - plan.id: plan_123_1, plan.weekOfPlan: 1
[WeeklyPlanViewModel] [DEBUG] [WeeklyPlanVM] 📥 計畫內容 - totalDistance: 30.0, days count: 1
[WeeklyPlanViewModel] [DEBUG] [WeeklyPlanVM] ✅ Weekly plan loaded: plan_123_1
[TrainingPlanViewModel] [DEBUG] [TrainingPlanVM] Step 4: Loading workouts for current week...
[TrainingPlanViewModel] [DEBUG] [TrainingPlanVM] loadWorkoutsForCurrentWeek - selectedWeek: 1
[TrainingPlanViewModel] [DEBUG] [TrainingPlanVM] loadWorkoutsForCurrentWeek - trainingOverview: ✅ 存在
[TrainingPlanViewModel] [DEBUG] [TrainingPlanVM] loadWorkoutsForCurrentWeek - cachedAllWorkouts: 0 筆
[TrainingPlanViewModel] [DEBUG] [TrainingPlanVM] loadWorkoutsForCurrentWeek - overview.id: plan_123, createdAt: 2024-01-15T10:00:00Z
[TrainingPlanViewModel] [DEBUG] [TrainingPlanVM] Loading workouts from 2024-01-14 15:00:00 +0000 to 2024-01-21 14:59:59 +0000
[TrainingPlanViewModel] [DEBUG] [TrainingPlanVM] 記憶體緩存為空，從 Repository 載入
[LoadWeeklyWorkoutsUseCase] [DEBUG] [LoadWeeklyWorkoutsUseCase] Loading workouts from 2024-01-14 15:00:00 +0000 to 2024-01-21 14:59:59 +0000
[LoadWeeklyWorkoutsUseCase] [DEBUG] [LoadWeeklyWorkoutsUseCase] Found 0 workouts in week
[LoadWeeklyWorkoutsUseCase] [DEBUG] [LoadWeeklyWorkoutsUseCase] Grouped into days: []
[TrainingPlanViewModel] [DEBUG] [TrainingPlanVM] Grouped workouts: []
[TrainingPlanViewModel] [DEBUG] [TrainingPlanVM] Calculating metrics for week 1
[AggregateWorkoutMetricsUseCase] [DEBUG] [AggregateWorkoutMetricsUseCase] Calculating metrics from 2024-01-14 15:00:00 +0000 to 2024-01-21 14:59:59 +0000
[AggregateWorkoutMetricsUseCase] [DEBUG] [AggregateWorkoutMetricsUseCase] Distance: 0.0 km, Intensity - low: 0.0, medium: 0.0, high: 0.0
[TrainingPlanViewModel] [DEBUG] [TrainingPlanVM] Week metrics - Distance: 0.0 km, Intensity: low=0.0, medium=0.0, high=0.0
[TrainingPlanViewModel] [DEBUG] [TrainingPlanVM] ✅ Workouts loaded: 0 workouts
[TrainingPlanViewModel] [DEBUG] [TrainingPlanVM] ✅ All data loaded, UI ready to display
[TrainingPlanViewModel] [DEBUG] [TrainingPlanVM] ✅ 初始化完成，通知監聽器已啟用
[TrainingPlanViewModel] [DEBUG] [TrainingPlanVM] Step 5: Re-loading workouts to fix race condition...
[TrainingPlanViewModel] [DEBUG] [TrainingPlanVM] loadWorkoutsForCurrentWeek - selectedWeek: 1
[TrainingPlanViewModel] [DEBUG] [TrainingPlanVM] loadWorkoutsForCurrentWeek - trainingOverview: ✅ 存在
[TrainingPlanViewModel] [DEBUG] [TrainingPlanVM] loadWorkoutsForCurrentWeek - cachedAllWorkouts: 0 筆
[TrainingPlanViewModel] [DEBUG] [TrainingPlanVM] loadWorkoutsForCurrentWeek - overview.id: plan_123, createdAt: 2024-01-15T10:00:00Z
[TrainingPlanViewModel] [DEBUG] [TrainingPlanVM] Loading workouts from 2024-01-14 15:00:00 +0000 to 2024-01-21 14:59:59 +0000
[TrainingPlanViewModel] [DEBUG] [TrainingPlanVM] 記憶體緩存為空，從 Repository 載入
[LoadWeeklyWorkoutsUseCase] [DEBUG] [LoadWeeklyWorkoutsUseCase] Loading workouts from 2024-01-14 15:00:00 +0000 to 2024-01-21 14:59:59 +0000
[LoadWeeklyWorkoutsUseCase] [DEBUG] [LoadWeeklyWorkoutsUseCase] Found 0 workouts in week
[LoadWeeklyWorkoutsUseCase] [DEBUG] [LoadWeeklyWorkoutsUseCase] Grouped into days: []
[TrainingPlanViewModel] [DEBUG] [TrainingPlanVM] Grouped workouts: []
[TrainingPlanViewModel] [DEBUG] [TrainingPlanVM] Calculating metrics for week 1
[AggregateWorkoutMetricsUseCase] [DEBUG] [AggregateWorkoutMetricsUseCase] Calculating metrics from 2024-01-14 15:00:00 +0000 to 2024-01-21 14:59:59 +0000
[AggregateWorkoutMetricsUseCase] [DEBUG] [AggregateWorkoutMetricsUseCase] Distance: 0.0 km, Intensity - low: 0.0, medium: 0.0, high: 0.0
[TrainingPlanViewModel] [DEBUG] [TrainingPlanVM] Week metrics - Distance: 0.0 km, Intensity: low=0.0, medium=0.0, high=0.0
[TrainingPlanViewModel] [DEBUG] [TrainingPlanVM] ✅ 競態條件修復：重新載入 workouts 完成，total=0
[TrainingPlanViewModel] [DEBUG] [TrainingPlanVM] Fetching week plan for week 2
[TrainingPlanViewModel] [DEBUG] [TrainingPlanVM] 先刷新 plan status 以確保 currentWeek 正確
[TrainingPlanViewModel] [DEBUG] [TrainingPlanVM] Loading plan status (skipCache: true, shouldResetSelectedWeek: false)
[TrainingPlanViewModel] [DEBUG] [TrainingPlanVM] ✅ currentWeek 更新: 1 → 1
[TrainingPlanViewModel] [DEBUG] [TrainingPlanVM] selectedWeek preserved: 1
[TrainingPlanViewModel] [DEBUG] ========================================
[TrainingPlanViewModel] [DEBUG] [TrainingPlanVM] 📊 Plan Status API 回應:
[TrainingPlanViewModel] [DEBUG]   current_week: 1
[TrainingPlanViewModel] [DEBUG]   total_weeks: 12
[TrainingPlanViewModel] [DEBUG]   next_action: viewPlan
[TrainingPlanViewModel] [DEBUG]   can_generate_next_week: false
[TrainingPlanViewModel] [DEBUG]   current_week_plan_id: plan_123_1
[TrainingPlanViewModel] [DEBUG]   previous_week_summary_id: null
[TrainingPlanViewModel] [DEBUG]   next_week_info: null
[TrainingPlanViewModel] [DEBUG] ========================================
[WeeklyPlanViewModel] [DEBUG] [WeeklyPlanVM] selectWeek(2) 被調用 - currentWeek: 1, selectedWeek: 1
[WeeklyPlanViewModel] [DEBUG] [WeeklyPlanVM] ✅ selectWeek 驗證通過,準備載入第 2 週計畫
[TrainingPlanViewModel] [DEBUG] [TrainingPlanVM] selectedWeek 變更為 2，觸發 UI 更新
[WeeklyPlanViewModel] [DEBUG] [WeeklyPlanVM] 📤 開始載入週計畫 - selectedWeek: 2, currentWeek: 1
[WeeklyPlanViewModel] [DEBUG] [WeeklyPlanVM] 🔄 載入計畫 - planId: plan_123_2
[WeeklyPlanViewModel] [DEBUG] [WeeklyPlanVM] 📥 收到週計畫 - plan.id: plan_123_2, plan.weekOfPlan: 2
[WeeklyPlanViewModel] [DEBUG] [WeeklyPlanVM] 📥 計畫內容 - totalDistance: 35.0, days count: 1
[WeeklyPlanViewModel] [DEBUG] [WeeklyPlanVM] ✅ Weekly plan loaded: plan_123_2
[TrainingPlanViewModel] [DEBUG] [TrainingPlanVM] loadWorkoutsForCurrentWeek - selectedWeek: 2
[TrainingPlanViewModel] [DEBUG] [TrainingPlanVM] loadWorkoutsForCurrentWeek - trainingOverview: ✅ 存在
[TrainingPlanViewModel] [DEBUG] [TrainingPlanVM] loadWorkoutsForCurrentWeek - cachedAllWorkouts: 0 筆
[TrainingPlanViewModel] [DEBUG] [TrainingPlanVM] loadWorkoutsForCurrentWeek - overview.id: plan_123, createdAt: 2024-01-15T10:00:00Z
[TrainingPlanViewModel] [DEBUG] [TrainingPlanVM] Loading workouts from 2024-01-21 15:00:00 +0000 to 2024-01-28 14:59:59 +0000
[TrainingPlanViewModel] [DEBUG] [TrainingPlanVM] 記憶體緩存為空，從 Repository 載入
[LoadWeeklyWorkoutsUseCase] [DEBUG] [LoadWeeklyWorkoutsUseCase] Loading workouts from 2024-01-21 15:00:00 +0000 to 2024-01-28 14:59:59 +0000
[LoadWeeklyWorkoutsUseCase] [DEBUG] [LoadWeeklyWorkoutsUseCase] Found 0 workouts in week
[LoadWeeklyWorkoutsUseCase] [DEBUG] [LoadWeeklyWorkoutsUseCase] Grouped into days: []
[TrainingPlanViewModel] [DEBUG] [TrainingPlanVM] Grouped workouts: []
[TrainingPlanViewModel] [DEBUG] [TrainingPlanVM] Calculating metrics for week 2
[AggregateWorkoutMetricsUseCase] [DEBUG] [AggregateWorkoutMetricsUseCase] Calculating metrics from 2024-01-21 15:00:00 +0000 to 2024-01-28 14:59:59 +0000
[AggregateWorkoutMetricsUseCase] [DEBUG] [AggregateWorkoutMetricsUseCase] Distance: 0.0 km, Intensity - low: 0.0, medium: 0.0, high: 0.0
[TrainingPlanViewModel] [DEBUG] [TrainingPlanVM] Week metrics - Distance: 0.0 km, Intensity: low=0.0, medium=0.0, high=0.0
[TrainingPlanViewModel] [DEBUG] [TrainingPlanVM] ✅ Week 2 plan status updated
Test Case '-[HavitalTests.TrainingPlanLoadingFlowTests test_planStatus_weeklyPlanVMState_synchronization]' passed (0.003 seconds).
Test Case '-[HavitalTests.TrainingPlanLoadingFlowTests test_selectedWeek_currentWeek_consistency]' started.
[TrainingPlanViewModel] [DEBUG] [TrainingPlanVM] selectedWeek 變更為 1，觸發 UI 更新
[TrainingPlanViewModel] [DEBUG] [TrainingPlanVM] showSummarySheet 變更為 false，觸發 UI 更新
[TrainingPlanViewModel] [DEBUG] [TrainingPlanVM] summaryState 變更為 empty，觸發 UI 更新
[TrainingPlanViewModel] [DEBUG] [TrainingPlanVM] 🚀 Starting initialization...
[TrainingPlanViewModel] [DEBUG] [TrainingPlanVM] Step 0: Ensuring workout data is loaded...
[TrainingPlanViewModel] [DEBUG] [TrainingPlanVM] ✅ Workout data refreshed via WorkoutRepository, cached 0 workouts
[TrainingPlanViewModel] [DEBUG] [TrainingPlanVM] Step 1: Loading plan status...
[TrainingPlanViewModel] [DEBUG] [TrainingPlanVM] Loading plan status (skipCache: false, shouldResetSelectedWeek: true)
[TrainingPlanViewModel] [DEBUG] [TrainingPlanVM] ✅ currentWeek 更新: 1 → 1
[TrainingPlanViewModel] [DEBUG] [TrainingPlanVM] selectedWeek reset to currentWeek: 1
[TrainingPlanViewModel] [DEBUG] ========================================
[TrainingPlanViewModel] [DEBUG] [TrainingPlanVM] 📊 Plan Status API 回應:
[TrainingPlanViewModel] [DEBUG]   current_week: 1
[TrainingPlanViewModel] [DEBUG]   total_weeks: 12
[TrainingPlanViewModel] [DEBUG]   next_action: viewPlan
[TrainingPlanViewModel] [DEBUG]   can_generate_next_week: false
[TrainingPlanViewModel] [DEBUG]   current_week_plan_id: plan_123_1
[TrainingPlanViewModel] [DEBUG]   previous_week_summary_id: null
[TrainingPlanViewModel] [DEBUG]   next_week_info: null
[TrainingPlanViewModel] [DEBUG] ========================================
[TrainingPlanViewModel] [DEBUG] [TrainingPlanVM] ✅ Plan status loaded: nextAction=viewPlan
[TrainingPlanViewModel] [DEBUG] [TrainingPlanVM] Step 2: Loading training overview...
[TrainingPlanViewModel] [DEBUG] [TrainingPlanVM] selectedWeek 變更為 1，觸發 UI 更新
[WeeklyPlanViewModel] [DEBUG] [WeeklyPlanVM] Overview loaded: plan_123
[TrainingPlanViewModel] [DEBUG] [TrainingPlanVM] ✅ Training overview loaded: id=plan_123
[TrainingPlanViewModel] [DEBUG] [TrainingPlanVM] Step 3: Loading weekly plan...
[WeeklyPlanViewModel] [DEBUG] [WeeklyPlanVM] 📤 開始載入週計畫 - selectedWeek: 1, currentWeek: 1
[WeeklyPlanViewModel] [DEBUG] [WeeklyPlanVM] 🔄 載入計畫 - planId: plan_123_1
[WeeklyPlanViewModel] [DEBUG] [WeeklyPlanVM] 📥 收到週計畫 - plan.id: plan_123_1, plan.weekOfPlan: 1
[WeeklyPlanViewModel] [DEBUG] [WeeklyPlanVM] 📥 計畫內容 - totalDistance: 30.0, days count: 1
[WeeklyPlanViewModel] [DEBUG] [WeeklyPlanVM] ✅ Weekly plan loaded: plan_123_1
[TrainingPlanViewModel] [DEBUG] [TrainingPlanVM] Step 4: Loading workouts for current week...
[TrainingPlanViewModel] [DEBUG] [TrainingPlanVM] loadWorkoutsForCurrentWeek - selectedWeek: 1
[TrainingPlanViewModel] [DEBUG] [TrainingPlanVM] loadWorkoutsForCurrentWeek - trainingOverview: ✅ 存在
[TrainingPlanViewModel] [DEBUG] [TrainingPlanVM] loadWorkoutsForCurrentWeek - cachedAllWorkouts: 0 筆
[TrainingPlanViewModel] [DEBUG] [TrainingPlanVM] loadWorkoutsForCurrentWeek - overview.id: plan_123, createdAt: 2024-01-15T10:00:00Z
[TrainingPlanViewModel] [DEBUG] [TrainingPlanVM] Loading workouts from 2024-01-14 15:00:00 +0000 to 2024-01-21 14:59:59 +0000
[TrainingPlanViewModel] [DEBUG] [TrainingPlanVM] 記憶體緩存為空，從 Repository 載入
[LoadWeeklyWorkoutsUseCase] [DEBUG] [LoadWeeklyWorkoutsUseCase] Loading workouts from 2024-01-14 15:00:00 +0000 to 2024-01-21 14:59:59 +0000
[LoadWeeklyWorkoutsUseCase] [DEBUG] [LoadWeeklyWorkoutsUseCase] Found 0 workouts in week
[LoadWeeklyWorkoutsUseCase] [DEBUG] [LoadWeeklyWorkoutsUseCase] Grouped into days: []
[TrainingPlanViewModel] [DEBUG] [TrainingPlanVM] Grouped workouts: []
[TrainingPlanViewModel] [DEBUG] [TrainingPlanVM] Calculating metrics for week 1
[AggregateWorkoutMetricsUseCase] [DEBUG] [AggregateWorkoutMetricsUseCase] Calculating metrics from 2024-01-14 15:00:00 +0000 to 2024-01-21 14:59:59 +0000
[AggregateWorkoutMetricsUseCase] [DEBUG] [AggregateWorkoutMetricsUseCase] Distance: 0.0 km, Intensity - low: 0.0, medium: 0.0, high: 0.0
[TrainingPlanViewModel] [DEBUG] [TrainingPlanVM] Week metrics - Distance: 0.0 km, Intensity: low=0.0, medium=0.0, high=0.0
[TrainingPlanViewModel] [DEBUG] [TrainingPlanVM] ✅ Workouts loaded: 0 workouts
[TrainingPlanViewModel] [DEBUG] [TrainingPlanVM] ✅ All data loaded, UI ready to display
[TrainingPlanViewModel] [DEBUG] [TrainingPlanVM] ✅ 初始化完成，通知監聽器已啟用
[TrainingPlanViewModel] [DEBUG] [TrainingPlanVM] Step 5: Re-loading workouts to fix race condition...
[TrainingPlanViewModel] [DEBUG] [TrainingPlanVM] loadWorkoutsForCurrentWeek - selectedWeek: 1
[TrainingPlanViewModel] [DEBUG] [TrainingPlanVM] loadWorkoutsForCurrentWeek - trainingOverview: ✅ 存在
[TrainingPlanViewModel] [DEBUG] [TrainingPlanVM] loadWorkoutsForCurrentWeek - cachedAllWorkouts: 0 筆
[TrainingPlanViewModel] [DEBUG] [TrainingPlanVM] loadWorkoutsForCurrentWeek - overview.id: plan_123, createdAt: 2024-01-15T10:00:00Z
[TrainingPlanViewModel] [DEBUG] [TrainingPlanVM] Loading workouts from 2024-01-14 15:00:00 +0000 to 2024-01-21 14:59:59 +0000
[TrainingPlanViewModel] [DEBUG] [TrainingPlanVM] 記憶體緩存為空，從 Repository 載入
[LoadWeeklyWorkoutsUseCase] [DEBUG] [LoadWeeklyWorkoutsUseCase] Loading workouts from 2024-01-14 15:00:00 +0000 to 2024-01-21 14:59:59 +0000
[LoadWeeklyWorkoutsUseCase] [DEBUG] [LoadWeeklyWorkoutsUseCase] Found 0 workouts in week
[LoadWeeklyWorkoutsUseCase] [DEBUG] [LoadWeeklyWorkoutsUseCase] Grouped into days: []
[TrainingPlanViewModel] [DEBUG] [TrainingPlanVM] Grouped workouts: []
[TrainingPlanViewModel] [DEBUG] [TrainingPlanVM] Calculating metrics for week 1
[AggregateWorkoutMetricsUseCase] [DEBUG] [AggregateWorkoutMetricsUseCase] Calculating metrics from 2024-01-14 15:00:00 +0000 to 2024-01-21 14:59:59 +0000
[AggregateWorkoutMetricsUseCase] [DEBUG] [AggregateWorkoutMetricsUseCase] Distance: 0.0 km, Intensity - low: 0.0, medium: 0.0, high: 0.0
[TrainingPlanViewModel] [DEBUG] [TrainingPlanVM] Week metrics - Distance: 0.0 km, Intensity: low=0.0, medium=0.0, high=0.0
[TrainingPlanViewModel] [DEBUG] [TrainingPlanVM] ✅ 競態條件修復：重新載入 workouts 完成，total=0
[TrainingPlanViewModel] [DEBUG] [TrainingPlanVM] Fetching week plan for week 2
[TrainingPlanViewModel] [DEBUG] [TrainingPlanVM] 先刷新 plan status 以確保 currentWeek 正確
[TrainingPlanViewModel] [DEBUG] [TrainingPlanVM] Loading plan status (skipCache: true, shouldResetSelectedWeek: false)
[TrainingPlanViewModel] [DEBUG] [TrainingPlanVM] ✅ currentWeek 更新: 1 → 1
[TrainingPlanViewModel] [DEBUG] [TrainingPlanVM] selectedWeek preserved: 1
[TrainingPlanViewModel] [DEBUG] ========================================
[TrainingPlanViewModel] [DEBUG] [TrainingPlanVM] 📊 Plan Status API 回應:
[TrainingPlanViewModel] [DEBUG]   current_week: 1
[TrainingPlanViewModel] [DEBUG]   total_weeks: 12
[TrainingPlanViewModel] [DEBUG]   next_action: viewPlan
[TrainingPlanViewModel] [DEBUG]   can_generate_next_week: false
[TrainingPlanViewModel] [DEBUG]   current_week_plan_id: plan_123_1
[TrainingPlanViewModel] [DEBUG]   previous_week_summary_id: null
[TrainingPlanViewModel] [DEBUG]   next_week_info: null
[TrainingPlanViewModel] [DEBUG] ========================================
[WeeklyPlanViewModel] [DEBUG] [WeeklyPlanVM] selectWeek(2) 被調用 - currentWeek: 1, selectedWeek: 1
[WeeklyPlanViewModel] [DEBUG] [WeeklyPlanVM] ✅ selectWeek 驗證通過,準備載入第 2 週計畫
[TrainingPlanViewModel] [DEBUG] [TrainingPlanVM] selectedWeek 變更為 2，觸發 UI 更新
[WeeklyPlanViewModel] [DEBUG] [WeeklyPlanVM] 📤 開始載入週計畫 - selectedWeek: 2, currentWeek: 1
[WeeklyPlanViewModel] [DEBUG] [WeeklyPlanVM] 🔄 載入計畫 - planId: plan_123_2
[WeeklyPlanViewModel] [DEBUG] [WeeklyPlanVM] 📥 收到週計畫 - plan.id: plan_123_2, plan.weekOfPlan: 2
[WeeklyPlanViewModel] [DEBUG] [WeeklyPlanVM] 📥 計畫內容 - totalDistance: 35.0, days count: 1
[WeeklyPlanViewModel] [DEBUG] [WeeklyPlanVM] ✅ Weekly plan loaded: plan_123_2
[TrainingPlanViewModel] [DEBUG] [TrainingPlanVM] loadWorkoutsForCurrentWeek - selectedWeek: 2
[TrainingPlanViewModel] [DEBUG] [TrainingPlanVM] loadWorkoutsForCurrentWeek - trainingOverview: ✅ 存在
[TrainingPlanViewModel] [DEBUG] [TrainingPlanVM] loadWorkoutsForCurrentWeek - cachedAllWorkouts: 0 筆
[TrainingPlanViewModel] [DEBUG] [TrainingPlanVM] loadWorkoutsForCurrentWeek - overview.id: plan_123, createdAt: 2024-01-15T10:00:00Z
[TrainingPlanViewModel] [DEBUG] [TrainingPlanVM] Loading workouts from 2024-01-21 15:00:00 +0000 to 2024-01-28 14:59:59 +0000
[TrainingPlanViewModel] [DEBUG] [TrainingPlanVM] 記憶體緩存為空，從 Repository 載入
[LoadWeeklyWorkoutsUseCase] [DEBUG] [LoadWeeklyWorkoutsUseCase] Loading workouts from 2024-01-21 15:00:00 +0000 to 2024-01-28 14:59:59 +0000
[LoadWeeklyWorkoutsUseCase] [DEBUG] [LoadWeeklyWorkoutsUseCase] Found 0 workouts in week
[LoadWeeklyWorkoutsUseCase] [DEBUG] [LoadWeeklyWorkoutsUseCase] Grouped into days: []
[TrainingPlanViewModel] [DEBUG] [TrainingPlanVM] Grouped workouts: []
[TrainingPlanViewModel] [DEBUG] [TrainingPlanVM] Calculating metrics for week 2
[AggregateWorkoutMetricsUseCase] [DEBUG] [AggregateWorkoutMetricsUseCase] Calculating metrics from 2024-01-21 15:00:00 +0000 to 2024-01-28 14:59:59 +0000
[AggregateWorkoutMetricsUseCase] [DEBUG] [AggregateWorkoutMetricsUseCase] Distance: 0.0 km, Intensity - low: 0.0, medium: 0.0, high: 0.0
[TrainingPlanViewModel] [DEBUG] [TrainingPlanVM] Week metrics - Distance: 0.0 km, Intensity: low=0.0, medium=0.0, high=0.0
[TrainingPlanViewModel] [DEBUG] [TrainingPlanVM] ✅ Week 2 plan status updated
[TrainingPlanViewModel] [DEBUG] [TrainingPlanVM] Loading plan status (skipCache: true, shouldResetSelectedWeek: true)
[TrainingPlanViewModel] [DEBUG] [TrainingPlanVM] ✅ currentWeek 更新: 1 → 1
[TrainingPlanViewModel] [DEBUG] [TrainingPlanVM] selectedWeek reset to currentWeek: 1
[TrainingPlanViewModel] [DEBUG] ========================================
[TrainingPlanViewModel] [DEBUG] [TrainingPlanVM] 📊 Plan Status API 回應:
[TrainingPlanViewModel] [DEBUG]   current_week: 1
[TrainingPlanViewModel] [DEBUG]   total_weeks: 12
[TrainingPlanViewModel] [DEBUG]   next_action: viewPlan
[TrainingPlanViewModel] [DEBUG]   can_generate_next_week: false
[TrainingPlanViewModel] [DEBUG]   current_week_plan_id: plan_123_1
[TrainingPlanViewModel] [DEBUG]   previous_week_summary_id: null
[TrainingPlanViewModel] [DEBUG]   next_week_info: null
[TrainingPlanViewModel] [DEBUG] ========================================
[TrainingPlanViewModel] [DEBUG] [TrainingPlanVM] selectedWeek 變更為 1，觸發 UI 更新
Test Case '-[HavitalTests.TrainingPlanLoadingFlowTests test_selectedWeek_currentWeek_consistency]' passed (0.004 seconds).
Test Case '-[HavitalTests.TrainingPlanLoadingFlowTests test_targetUpdatedEvent_refreshesOverviewAndPlanStatus]' started.
[TrainingPlanViewModel] [DEBUG] [TrainingPlanVM] selectedWeek 變更為 1，觸發 UI 更新
[TrainingPlanViewModel] [DEBUG] [TrainingPlanVM] showSummarySheet 變更為 false，觸發 UI 更新
[TrainingPlanViewModel] [DEBUG] [TrainingPlanVM] summaryState 變更為 empty，觸發 UI 更新
[TrainingPlanViewModel] [DEBUG] [TrainingPlanVM] 🚀 Starting initialization...
[TrainingPlanViewModel] [DEBUG] [TrainingPlanVM] Step 0: Ensuring workout data is loaded...
[TrainingPlanViewModel] [DEBUG] [TrainingPlanVM] ✅ Workout data refreshed via WorkoutRepository, cached 0 workouts
[TrainingPlanViewModel] [DEBUG] [TrainingPlanVM] Step 1: Loading plan status...
[TrainingPlanViewModel] [DEBUG] [TrainingPlanVM] Loading plan status (skipCache: false, shouldResetSelectedWeek: true)
[TrainingPlanViewModel] [DEBUG] [TrainingPlanVM] ✅ currentWeek 更新: 1 → 1
[TrainingPlanViewModel] [DEBUG] [TrainingPlanVM] selectedWeek reset to currentWeek: 1
[TrainingPlanViewModel] [DEBUG] ========================================
[TrainingPlanViewModel] [DEBUG] [TrainingPlanVM] 📊 Plan Status API 回應:
[TrainingPlanViewModel] [DEBUG]   current_week: 1
[TrainingPlanViewModel] [DEBUG]   total_weeks: 12
[TrainingPlanViewModel] [DEBUG]   next_action: viewPlan
[TrainingPlanViewModel] [DEBUG]   can_generate_next_week: false
[TrainingPlanViewModel] [DEBUG]   current_week_plan_id: plan_123_1
[TrainingPlanViewModel] [DEBUG]   previous_week_summary_id: null
[TrainingPlanViewModel] [DEBUG]   next_week_info: null
[TrainingPlanViewModel] [DEBUG] ========================================
[TrainingPlanViewModel] [DEBUG] [TrainingPlanVM] ✅ Plan status loaded: nextAction=viewPlan
[TrainingPlanViewModel] [DEBUG] [TrainingPlanVM] Step 2: Loading training overview...
[TrainingPlanViewModel] [DEBUG] [TrainingPlanVM] selectedWeek 變更為 1，觸發 UI 更新
[WeeklyPlanViewModel] [DEBUG] [WeeklyPlanVM] Overview loaded: plan_123
[TrainingPlanViewModel] [DEBUG] [TrainingPlanVM] ✅ Training overview loaded: id=plan_123
[TrainingPlanViewModel] [DEBUG] [TrainingPlanVM] Step 3: Loading weekly plan...
[WeeklyPlanViewModel] [DEBUG] [WeeklyPlanVM] 📤 開始載入週計畫 - selectedWeek: 1, currentWeek: 1
[WeeklyPlanViewModel] [DEBUG] [WeeklyPlanVM] 🔄 載入計畫 - planId: plan_123_1
[WeeklyPlanViewModel] [DEBUG] [WeeklyPlanVM] 📥 收到週計畫 - plan.id: plan_123_1, plan.weekOfPlan: 1
[WeeklyPlanViewModel] [DEBUG] [WeeklyPlanVM] 📥 計畫內容 - totalDistance: 30.0, days count: 1
[WeeklyPlanViewModel] [DEBUG] [WeeklyPlanVM] ✅ Weekly plan loaded: plan_123_1
[TrainingPlanViewModel] [DEBUG] [TrainingPlanVM] Step 4: Loading workouts for current week...
[TrainingPlanViewModel] [DEBUG] [TrainingPlanVM] loadWorkoutsForCurrentWeek - selectedWeek: 1
[TrainingPlanViewModel] [DEBUG] [TrainingPlanVM] loadWorkoutsForCurrentWeek - trainingOverview: ✅ 存在
[TrainingPlanViewModel] [DEBUG] [TrainingPlanVM] loadWorkoutsForCurrentWeek - cachedAllWorkouts: 0 筆
[TrainingPlanViewModel] [DEBUG] [TrainingPlanVM] loadWorkoutsForCurrentWeek - overview.id: plan_123, createdAt: 2024-01-15T10:00:00Z
[TrainingPlanViewModel] [DEBUG] [TrainingPlanVM] Loading workouts from 2024-01-14 15:00:00 +0000 to 2024-01-21 14:59:59 +0000
[TrainingPlanViewModel] [DEBUG] [TrainingPlanVM] 記憶體緩存為空，從 Repository 載入
[LoadWeeklyWorkoutsUseCase] [DEBUG] [LoadWeeklyWorkoutsUseCase] Loading workouts from 2024-01-14 15:00:00 +0000 to 2024-01-21 14:59:59 +0000
[LoadWeeklyWorkoutsUseCase] [DEBUG] [LoadWeeklyWorkoutsUseCase] Found 0 workouts in week
[LoadWeeklyWorkoutsUseCase] [DEBUG] [LoadWeeklyWorkoutsUseCase] Grouped into days: []
[TrainingPlanViewModel] [DEBUG] [TrainingPlanVM] Grouped workouts: []
[TrainingPlanViewModel] [DEBUG] [TrainingPlanVM] Calculating metrics for week 1
[AggregateWorkoutMetricsUseCase] [DEBUG] [AggregateWorkoutMetricsUseCase] Calculating metrics from 2024-01-14 15:00:00 +0000 to 2024-01-21 14:59:59 +0000
[AggregateWorkoutMetricsUseCase] [DEBUG] [AggregateWorkoutMetricsUseCase] Distance: 0.0 km, Intensity - low: 0.0, medium: 0.0, high: 0.0
[TrainingPlanViewModel] [DEBUG] [TrainingPlanVM] Week metrics - Distance: 0.0 km, Intensity: low=0.0, medium=0.0, high=0.0
[TrainingPlanViewModel] [DEBUG] [TrainingPlanVM] ✅ Workouts loaded: 0 workouts
[TrainingPlanViewModel] [DEBUG] [TrainingPlanVM] ✅ All data loaded, UI ready to display
[TrainingPlanViewModel] [DEBUG] [TrainingPlanVM] ✅ 初始化完成，通知監聽器已啟用
[TrainingPlanViewModel] [DEBUG] [TrainingPlanVM] Step 5: Re-loading workouts to fix race condition...
[TrainingPlanViewModel] [DEBUG] [TrainingPlanVM] loadWorkoutsForCurrentWeek - selectedWeek: 1
[TrainingPlanViewModel] [DEBUG] [TrainingPlanVM] loadWorkoutsForCurrentWeek - trainingOverview: ✅ 存在
[TrainingPlanViewModel] [DEBUG] [TrainingPlanVM] loadWorkoutsForCurrentWeek - cachedAllWorkouts: 0 筆
[TrainingPlanViewModel] [DEBUG] [TrainingPlanVM] loadWorkoutsForCurrentWeek - overview.id: plan_123, createdAt: 2024-01-15T10:00:00Z
[TrainingPlanViewModel] [DEBUG] [TrainingPlanVM] Loading workouts from 2024-01-14 15:00:00 +0000 to 2024-01-21 14:59:59 +0000
[TrainingPlanViewModel] [DEBUG] [TrainingPlanVM] 記憶體緩存為空，從 Repository 載入
[LoadWeeklyWorkoutsUseCase] [DEBUG] [LoadWeeklyWorkoutsUseCase] Loading workouts from 2024-01-14 15:00:00 +0000 to 2024-01-21 14:59:59 +0000
[LoadWeeklyWorkoutsUseCase] [DEBUG] [LoadWeeklyWorkoutsUseCase] Found 0 workouts in week
[LoadWeeklyWorkoutsUseCase] [DEBUG] [LoadWeeklyWorkoutsUseCase] Grouped into days: []
[TrainingPlanViewModel] [DEBUG] [TrainingPlanVM] Grouped workouts: []
[TrainingPlanViewModel] [DEBUG] [TrainingPlanVM] Calculating metrics for week 1
[AggregateWorkoutMetricsUseCase] [DEBUG] [AggregateWorkoutMetricsUseCase] Calculating metrics from 2024-01-14 15:00:00 +0000 to 2024-01-21 14:59:59 +0000
[AggregateWorkoutMetricsUseCase] [DEBUG] [AggregateWorkoutMetricsUseCase] Distance: 0.0 km, Intensity - low: 0.0, medium: 0.0, high: 0.0
[TrainingPlanViewModel] [DEBUG] [TrainingPlanVM] Week metrics - Distance: 0.0 km, Intensity: low=0.0, medium=0.0, high=0.0
[TrainingPlanViewModel] [DEBUG] [TrainingPlanVM] ✅ 競態條件修復：重新載入 workouts 完成，total=0
[TrainingPlanViewModel] [DEBUG] [TrainingPlanVM] 🚀 Starting initialization (FORCED)...
[TrainingPlanViewModel] [DEBUG] [TrainingPlanVM] Step 0: Ensuring workout data is loaded...
[TrainingPlanViewModel] [DEBUG] [TrainingPlanVM] ✅ Workout data refreshed via WorkoutRepository, cached 0 workouts
[TrainingPlanViewModel] [DEBUG] [TrainingPlanVM] Step 1: Loading plan status...
[TrainingPlanViewModel] [DEBUG] [TrainingPlanVM] Loading plan status (skipCache: false, shouldResetSelectedWeek: true)
[TrainingPlanViewModel] [DEBUG] [TrainingPlanVM] ✅ currentWeek 更新: 1 → 1
[TrainingPlanViewModel] [DEBUG] [TrainingPlanVM] selectedWeek reset to currentWeek: 1
[TrainingPlanViewModel] [DEBUG] ========================================
[TrainingPlanViewModel] [DEBUG] [TrainingPlanVM] 📊 Plan Status API 回應:
[TrainingPlanViewModel] [DEBUG]   current_week: 1
[TrainingPlanViewModel] [DEBUG]   total_weeks: 12
[TrainingPlanViewModel] [DEBUG]   next_action: viewPlan
[TrainingPlanViewModel] [DEBUG]   can_generate_next_week: false
[TrainingPlanViewModel] [DEBUG]   current_week_plan_id: plan_123_1
[TrainingPlanViewModel] [DEBUG]   previous_week_summary_id: null
[TrainingPlanViewModel] [DEBUG]   next_week_info: null
[TrainingPlanViewModel] [DEBUG] ========================================
[TrainingPlanViewModel] [DEBUG] [TrainingPlanVM] ✅ Plan status loaded: nextAction=viewPlan
[TrainingPlanViewModel] [DEBUG] [TrainingPlanVM] Step 2: Loading training overview...
[TrainingPlanViewModel] [DEBUG] [TrainingPlanVM] selectedWeek 變更為 1，觸發 UI 更新
[WeeklyPlanViewModel] [DEBUG] [WeeklyPlanVM] Overview loaded: plan_123
[TrainingPlanViewModel] [DEBUG] [TrainingPlanVM] ✅ Training overview loaded: id=plan_123
[TrainingPlanViewModel] [DEBUG] [TrainingPlanVM] Step 3: Loading weekly plan...
[WeeklyPlanViewModel] [DEBUG] [WeeklyPlanVM] 📤 開始載入週計畫 - selectedWeek: 1, currentWeek: 1
[WeeklyPlanViewModel] [DEBUG] [WeeklyPlanVM] 🔄 載入計畫 - planId: plan_123_1
[WeeklyPlanViewModel] [DEBUG] [WeeklyPlanVM] 📥 收到週計畫 - plan.id: plan_123_1, plan.weekOfPlan: 1
[WeeklyPlanViewModel] [DEBUG] [WeeklyPlanVM] 📥 計畫內容 - totalDistance: 30.0, days count: 1
[WeeklyPlanViewModel] [DEBUG] [WeeklyPlanVM] ✅ Weekly plan loaded: plan_123_1
[TrainingPlanViewModel] [DEBUG] [TrainingPlanVM] Step 4: Loading workouts for current week...
[TrainingPlanViewModel] [DEBUG] [TrainingPlanVM] loadWorkoutsForCurrentWeek - selectedWeek: 1
[TrainingPlanViewModel] [DEBUG] [TrainingPlanVM] loadWorkoutsForCurrentWeek - trainingOverview: ✅ 存在
[TrainingPlanViewModel] [DEBUG] [TrainingPlanVM] loadWorkoutsForCurrentWeek - cachedAllWorkouts: 0 筆
[TrainingPlanViewModel] [DEBUG] [TrainingPlanVM] loadWorkoutsForCurrentWeek - overview.id: plan_123, createdAt: 2024-01-15T10:00:00Z
[TrainingPlanViewModel] [DEBUG] [TrainingPlanVM] Loading workouts from 2024-01-14 15:00:00 +0000 to 2024-01-21 14:59:59 +0000
[TrainingPlanViewModel] [DEBUG] [TrainingPlanVM] 記憶體緩存為空，從 Repository 載入
[LoadWeeklyWorkoutsUseCase] [DEBUG] [LoadWeeklyWorkoutsUseCase] Loading workouts from 2024-01-14 15:00:00 +0000 to 2024-01-21 14:59:59 +0000
[LoadWeeklyWorkoutsUseCase] [DEBUG] [LoadWeeklyWorkoutsUseCase] Found 0 workouts in week
[LoadWeeklyWorkoutsUseCase] [DEBUG] [LoadWeeklyWorkoutsUseCase] Grouped into days: []
[TrainingPlanViewModel] [DEBUG] [TrainingPlanVM] Grouped workouts: []
[TrainingPlanViewModel] [DEBUG] [TrainingPlanVM] Calculating metrics for week 1
[AggregateWorkoutMetricsUseCase] [DEBUG] [AggregateWorkoutMetricsUseCase] Calculating metrics from 2024-01-14 15:00:00 +0000 to 2024-01-21 14:59:59 +0000
[AggregateWorkoutMetricsUseCase] [DEBUG] [AggregateWorkoutMetricsUseCase] Distance: 0.0 km, Intensity - low: 0.0, medium: 0.0, high: 0.0
[TrainingPlanViewModel] [DEBUG] [TrainingPlanVM] Week metrics - Distance: 0.0 km, Intensity: low=0.0, medium=0.0, high=0.0
[TrainingPlanViewModel] [DEBUG] [TrainingPlanVM] ✅ Workouts loaded: 0 workouts
[TrainingPlanViewModel] [DEBUG] [TrainingPlanVM] ✅ All data loaded, UI ready to display
[TrainingPlanViewModel] [DEBUG] [TrainingPlanVM] ✅ 初始化完成，通知監聽器已啟用
[TrainingPlanViewModel] [DEBUG] [TrainingPlanVM] Step 5: Re-loading workouts to fix race condition...
[TrainingPlanViewModel] [DEBUG] [TrainingPlanVM] loadWorkoutsForCurrentWeek - selectedWeek: 1
[TrainingPlanViewModel] [DEBUG] [TrainingPlanVM] loadWorkoutsForCurrentWeek - trainingOverview: ✅ 存在
[TrainingPlanViewModel] [DEBUG] [TrainingPlanVM] loadWorkoutsForCurrentWeek - cachedAllWorkouts: 0 筆
[TrainingPlanViewModel] [DEBUG] [TrainingPlanVM] loadWorkoutsForCurrentWeek - overview.id: plan_123, createdAt: 2024-01-15T10:00:00Z
[TrainingPlanViewModel] [DEBUG] [TrainingPlanVM] Loading workouts from 2024-01-14 15:00:00 +0000 to 2024-01-21 14:59:59 +0000
[TrainingPlanViewModel] [DEBUG] [TrainingPlanVM] 記憶體緩存為空，從 Repository 載入
[LoadWeeklyWorkoutsUseCase] [DEBUG] [LoadWeeklyWorkoutsUseCase] Loading workouts from 2024-01-14 15:00:00 +0000 to 2024-01-21 14:59:59 +0000
[LoadWeeklyWorkoutsUseCase] [DEBUG] [LoadWeeklyWorkoutsUseCase] Found 0 workouts in week
[LoadWeeklyWorkoutsUseCase] [DEBUG] [LoadWeeklyWorkoutsUseCase] Grouped into days: []
[TrainingPlanViewModel] [DEBUG] [TrainingPlanVM] Grouped workouts: []
[TrainingPlanViewModel] [DEBUG] [TrainingPlanVM] Calculating metrics for week 1
[AggregateWorkoutMetricsUseCase] [DEBUG] [AggregateWorkoutMetricsUseCase] Calculating metrics from 2024-01-14 15:00:00 +0000 to 2024-01-21 14:59:59 +0000
[AggregateWorkoutMetricsUseCase] [DEBUG] [AggregateWorkoutMetricsUseCase] Distance: 0.0 km, Intensity - low: 0.0, medium: 0.0, high: 0.0
[TrainingPlanViewModel] [DEBUG] [TrainingPlanVM] Week metrics - Distance: 0.0 km, Intensity: low=0.0, medium=0.0, high=0.0
[TrainingPlanViewModel] [DEBUG] [TrainingPlanVM] ✅ 競態條件修復：重新載入 workouts 完成，total=0
Test Case '-[HavitalTests.TrainingPlanLoadingFlowTests test_targetUpdatedEvent_refreshesOverviewAndPlanStatus]' passed (0.004 seconds).
Test Case '-[HavitalTests.TrainingPlanLoadingFlowTests test_weekSwitch_returnToCurrentWeek]' started.
[TrainingPlanViewModel] [DEBUG] [TrainingPlanVM] selectedWeek 變更為 1，觸發 UI 更新
[TrainingPlanViewModel] [DEBUG] [TrainingPlanVM] showSummarySheet 變更為 false，觸發 UI 更新
[TrainingPlanViewModel] [DEBUG] [TrainingPlanVM] summaryState 變更為 empty，觸發 UI 更新
[TrainingPlanViewModel] [DEBUG] [TrainingPlanVM] 🚀 Starting initialization...
[TrainingPlanViewModel] [DEBUG] [TrainingPlanVM] Step 0: Ensuring workout data is loaded...
[TrainingPlanViewModel] [DEBUG] [TrainingPlanVM] ✅ Workout data refreshed via WorkoutRepository, cached 0 workouts
[TrainingPlanViewModel] [DEBUG] [TrainingPlanVM] Step 1: Loading plan status...
[TrainingPlanViewModel] [DEBUG] [TrainingPlanVM] Loading plan status (skipCache: false, shouldResetSelectedWeek: true)
[TrainingPlanViewModel] [DEBUG] [TrainingPlanVM] ✅ currentWeek 更新: 1 → 3
[TrainingPlanViewModel] [DEBUG] [TrainingPlanVM] selectedWeek reset to currentWeek: 3
[TrainingPlanViewModel] [DEBUG] ========================================
[TrainingPlanViewModel] [DEBUG] [TrainingPlanVM] 📊 Plan Status API 回應:
[TrainingPlanViewModel] [DEBUG]   current_week: 3
[TrainingPlanViewModel] [DEBUG]   total_weeks: 12
[TrainingPlanViewModel] [DEBUG]   next_action: viewPlan
[TrainingPlanViewModel] [DEBUG]   can_generate_next_week: false
[TrainingPlanViewModel] [DEBUG]   current_week_plan_id: plan_123_3
[TrainingPlanViewModel] [DEBUG]   previous_week_summary_id: null
[TrainingPlanViewModel] [DEBUG]   next_week_info:
[TrainingPlanViewModel] [DEBUG]     - week_number: 4
[TrainingPlanViewModel] [DEBUG]     - has_plan: true
[TrainingPlanViewModel] [DEBUG]     - can_generate: false
[TrainingPlanViewModel] [DEBUG]     - requires_current_week_summary: false
[TrainingPlanViewModel] [DEBUG]     - next_action: view_plan_for_week_4
[TrainingPlanViewModel] [DEBUG] ========================================
[TrainingPlanViewModel] [DEBUG] [TrainingPlanVM] ✅ Plan status loaded: nextAction=viewPlan
[TrainingPlanViewModel] [DEBUG] [TrainingPlanVM] Step 2: Loading training overview...
[TrainingPlanViewModel] [DEBUG] [TrainingPlanVM] selectedWeek 變更為 3，觸發 UI 更新
[WeeklyPlanViewModel] [DEBUG] [WeeklyPlanVM] Overview loaded: plan_123
[TrainingPlanViewModel] [DEBUG] [TrainingPlanVM] ✅ Training overview loaded: id=plan_123
[TrainingPlanViewModel] [DEBUG] [TrainingPlanVM] Step 3: Loading weekly plan...
[WeeklyPlanViewModel] [DEBUG] [WeeklyPlanVM] 📤 開始載入週計畫 - selectedWeek: 3, currentWeek: 3
[WeeklyPlanViewModel] [DEBUG] [WeeklyPlanVM] 🔄 載入計畫 - planId: plan_123_3
[WeeklyPlanViewModel] [DEBUG] [WeeklyPlanVM] 📥 收到週計畫 - plan.id: plan_123_3, plan.weekOfPlan: 3
[WeeklyPlanViewModel] [DEBUG] [WeeklyPlanVM] 📥 計畫內容 - totalDistance: 40.0, days count: 1
[WeeklyPlanViewModel] [DEBUG] [WeeklyPlanVM] ✅ Weekly plan loaded: plan_123_3
[TrainingPlanViewModel] [DEBUG] [TrainingPlanVM] Step 4: Loading workouts for current week...
[TrainingPlanViewModel] [DEBUG] [TrainingPlanVM] loadWorkoutsForCurrentWeek - selectedWeek: 3
[TrainingPlanViewModel] [DEBUG] [TrainingPlanVM] loadWorkoutsForCurrentWeek - trainingOverview: ✅ 存在
[TrainingPlanViewModel] [DEBUG] [TrainingPlanVM] loadWorkoutsForCurrentWeek - cachedAllWorkouts: 0 筆
[TrainingPlanViewModel] [DEBUG] [TrainingPlanVM] loadWorkoutsForCurrentWeek - overview.id: plan_123, createdAt: 2024-01-15T10:00:00Z
[TrainingPlanViewModel] [DEBUG] [TrainingPlanVM] Loading workouts from 2024-01-28 15:00:00 +0000 to 2024-02-04 14:59:59 +0000
[TrainingPlanViewModel] [DEBUG] [TrainingPlanVM] 記憶體緩存為空，從 Repository 載入
[LoadWeeklyWorkoutsUseCase] [DEBUG] [LoadWeeklyWorkoutsUseCase] Loading workouts from 2024-01-28 15:00:00 +0000 to 2024-02-04 14:59:59 +0000
[LoadWeeklyWorkoutsUseCase] [DEBUG] [LoadWeeklyWorkoutsUseCase] Found 0 workouts in week
[LoadWeeklyWorkoutsUseCase] [DEBUG] [LoadWeeklyWorkoutsUseCase] Grouped into days: []
[TrainingPlanViewModel] [DEBUG] [TrainingPlanVM] Grouped workouts: []
[TrainingPlanViewModel] [DEBUG] [TrainingPlanVM] Calculating metrics for week 3
[AggregateWorkoutMetricsUseCase] [DEBUG] [AggregateWorkoutMetricsUseCase] Calculating metrics from 2024-01-28 15:00:00 +0000 to 2024-02-04 14:59:59 +0000
[AggregateWorkoutMetricsUseCase] [DEBUG] [AggregateWorkoutMetricsUseCase] Distance: 0.0 km, Intensity - low: 0.0, medium: 0.0, high: 0.0
[TrainingPlanViewModel] [DEBUG] [TrainingPlanVM] Week metrics - Distance: 0.0 km, Intensity: low=0.0, medium=0.0, high=0.0
[TrainingPlanViewModel] [DEBUG] [TrainingPlanVM] ✅ Workouts loaded: 0 workouts
[TrainingPlanViewModel] [DEBUG] [TrainingPlanVM] ✅ All data loaded, UI ready to display
[TrainingPlanViewModel] [DEBUG] [TrainingPlanVM] ✅ 初始化完成，通知監聽器已啟用
[TrainingPlanViewModel] [DEBUG] [TrainingPlanVM] Step 5: Re-loading workouts to fix race condition...
[TrainingPlanViewModel] [DEBUG] [TrainingPlanVM] loadWorkoutsForCurrentWeek - selectedWeek: 3
[TrainingPlanViewModel] [DEBUG] [TrainingPlanVM] loadWorkoutsForCurrentWeek - trainingOverview: ✅ 存在
[TrainingPlanViewModel] [DEBUG] [TrainingPlanVM] loadWorkoutsForCurrentWeek - cachedAllWorkouts: 0 筆
[TrainingPlanViewModel] [DEBUG] [TrainingPlanVM] loadWorkoutsForCurrentWeek - overview.id: plan_123, createdAt: 2024-01-15T10:00:00Z
[TrainingPlanViewModel] [DEBUG] [TrainingPlanVM] Loading workouts from 2024-01-28 15:00:00 +0000 to 2024-02-04 14:59:59 +0000
[TrainingPlanViewModel] [DEBUG] [TrainingPlanVM] 記憶體緩存為空，從 Repository 載入
[LoadWeeklyWorkoutsUseCase] [DEBUG] [LoadWeeklyWorkoutsUseCase] Loading workouts from 2024-01-28 15:00:00 +0000 to 2024-02-04 14:59:59 +0000
[LoadWeeklyWorkoutsUseCase] [DEBUG] [LoadWeeklyWorkoutsUseCase] Found 0 workouts in week
[LoadWeeklyWorkoutsUseCase] [DEBUG] [LoadWeeklyWorkoutsUseCase] Grouped into days: []
[TrainingPlanViewModel] [DEBUG] [TrainingPlanVM] Grouped workouts: []
[TrainingPlanViewModel] [DEBUG] [TrainingPlanVM] Calculating metrics for week 3
[AggregateWorkoutMetricsUseCase] [DEBUG] [AggregateWorkoutMetricsUseCase] Calculating metrics from 2024-01-28 15:00:00 +0000 to 2024-02-04 14:59:59 +0000
[AggregateWorkoutMetricsUseCase] [DEBUG] [AggregateWorkoutMetricsUseCase] Distance: 0.0 km, Intensity - low: 0.0, medium: 0.0, high: 0.0
[TrainingPlanViewModel] [DEBUG] [TrainingPlanVM] Week metrics - Distance: 0.0 km, Intensity: low=0.0, medium=0.0, high=0.0
[TrainingPlanViewModel] [DEBUG] [TrainingPlanVM] ✅ 競態條件修復：重新載入 workouts 完成，total=0
[TrainingPlanViewModel] [DEBUG] [TrainingPlanVM] Fetching week plan for week 4
[TrainingPlanViewModel] [DEBUG] [TrainingPlanVM] 先刷新 plan status 以確保 currentWeek 正確
[TrainingPlanViewModel] [DEBUG] [TrainingPlanVM] Loading plan status (skipCache: true, shouldResetSelectedWeek: false)
[TrainingPlanViewModel] [DEBUG] [TrainingPlanVM] ✅ currentWeek 更新: 3 → 3
[TrainingPlanViewModel] [DEBUG] [TrainingPlanVM] selectedWeek preserved: 3
[TrainingPlanViewModel] [DEBUG] ========================================
[TrainingPlanViewModel] [DEBUG] [TrainingPlanVM] 📊 Plan Status API 回應:
[TrainingPlanViewModel] [DEBUG]   current_week: 3
[TrainingPlanViewModel] [DEBUG]   total_weeks: 12
[TrainingPlanViewModel] [DEBUG]   next_action: viewPlan
[TrainingPlanViewModel] [DEBUG]   can_generate_next_week: false
[TrainingPlanViewModel] [DEBUG]   current_week_plan_id: plan_123_3
[TrainingPlanViewModel] [DEBUG]   previous_week_summary_id: null
[TrainingPlanViewModel] [DEBUG]   next_week_info:
[TrainingPlanViewModel] [DEBUG]     - week_number: 4
[TrainingPlanViewModel] [DEBUG]     - has_plan: true
[TrainingPlanViewModel] [DEBUG]     - can_generate: false
[TrainingPlanViewModel] [DEBUG]     - requires_current_week_summary: false
[TrainingPlanViewModel] [DEBUG]     - next_action: view_plan_for_week_4
[TrainingPlanViewModel] [DEBUG] ========================================
[WeeklyPlanViewModel] [DEBUG] [WeeklyPlanVM] selectWeek(4) 被調用 - currentWeek: 3, selectedWeek: 3
[WeeklyPlanViewModel] [DEBUG] [WeeklyPlanVM] ✅ selectWeek 驗證通過,準備載入第 4 週計畫
[TrainingPlanViewModel] [DEBUG] [TrainingPlanVM] selectedWeek 變更為 4，觸發 UI 更新
[WeeklyPlanViewModel] [DEBUG] [WeeklyPlanVM] 📤 開始載入週計畫 - selectedWeek: 4, currentWeek: 3
[WeeklyPlanViewModel] [DEBUG] [WeeklyPlanVM] 🔄 載入計畫 - planId: plan_123_4
[WeeklyPlanViewModel] [DEBUG] [WeeklyPlanVM] 📥 收到週計畫 - plan.id: plan_123_4, plan.weekOfPlan: 4
[WeeklyPlanViewModel] [DEBUG] [WeeklyPlanVM] 📥 計畫內容 - totalDistance: 45.0, days count: 1
[WeeklyPlanViewModel] [DEBUG] [WeeklyPlanVM] ✅ Weekly plan loaded: plan_123_4
[TrainingPlanViewModel] [DEBUG] [TrainingPlanVM] loadWorkoutsForCurrentWeek - selectedWeek: 4
[TrainingPlanViewModel] [DEBUG] [TrainingPlanVM] loadWorkoutsForCurrentWeek - trainingOverview: ✅ 存在
[TrainingPlanViewModel] [DEBUG] [TrainingPlanVM] loadWorkoutsForCurrentWeek - cachedAllWorkouts: 0 筆
[TrainingPlanViewModel] [DEBUG] [TrainingPlanVM] loadWorkoutsForCurrentWeek - overview.id: plan_123, createdAt: 2024-01-15T10:00:00Z
[TrainingPlanViewModel] [DEBUG] [TrainingPlanVM] Loading workouts from 2024-02-04 15:00:00 +0000 to 2024-02-11 14:59:59 +0000
[TrainingPlanViewModel] [DEBUG] [TrainingPlanVM] 記憶體緩存為空，從 Repository 載入
[LoadWeeklyWorkoutsUseCase] [DEBUG] [LoadWeeklyWorkoutsUseCase] Loading workouts from 2024-02-04 15:00:00 +0000 to 2024-02-11 14:59:59 +0000
[LoadWeeklyWorkoutsUseCase] [DEBUG] [LoadWeeklyWorkoutsUseCase] Found 0 workouts in week
[LoadWeeklyWorkoutsUseCase] [DEBUG] [LoadWeeklyWorkoutsUseCase] Grouped into days: []
[TrainingPlanViewModel] [DEBUG] [TrainingPlanVM] Grouped workouts: []
[TrainingPlanViewModel] [DEBUG] [TrainingPlanVM] Calculating metrics for week 4
[AggregateWorkoutMetricsUseCase] [DEBUG] [AggregateWorkoutMetricsUseCase] Calculating metrics from 2024-02-04 15:00:00 +0000 to 2024-02-11 14:59:59 +0000
[AggregateWorkoutMetricsUseCase] [DEBUG] [AggregateWorkoutMetricsUseCase] Distance: 0.0 km, Intensity - low: 0.0, medium: 0.0, high: 0.0
[TrainingPlanViewModel] [DEBUG] [TrainingPlanVM] Week metrics - Distance: 0.0 km, Intensity: low=0.0, medium=0.0, high=0.0
[TrainingPlanViewModel] [DEBUG] [TrainingPlanVM] ✅ Week 4 plan status updated
[TrainingPlanViewModel] [DEBUG] [TrainingPlanVM] Fetching week plan for week 3
[TrainingPlanViewModel] [DEBUG] [TrainingPlanVM] 先刷新 plan status 以確保 currentWeek 正確
[TrainingPlanViewModel] [DEBUG] [TrainingPlanVM] Loading plan status (skipCache: true, shouldResetSelectedWeek: false)
[TrainingPlanViewModel] [DEBUG] [TrainingPlanVM] ✅ currentWeek 更新: 3 → 3
[TrainingPlanViewModel] [DEBUG] [TrainingPlanVM] selectedWeek preserved: 4
[TrainingPlanViewModel] [DEBUG] ========================================
[TrainingPlanViewModel] [DEBUG] [TrainingPlanVM] 📊 Plan Status API 回應:
[TrainingPlanViewModel] [DEBUG]   current_week: 3
[TrainingPlanViewModel] [DEBUG]   total_weeks: 12
[TrainingPlanViewModel] [DEBUG]   next_action: viewPlan
[TrainingPlanViewModel] [DEBUG]   can_generate_next_week: false
[TrainingPlanViewModel] [DEBUG]   current_week_plan_id: plan_123_3
[TrainingPlanViewModel] [DEBUG]   previous_week_summary_id: null
[TrainingPlanViewModel] [DEBUG]   next_week_info:
[TrainingPlanViewModel] [DEBUG]     - week_number: 4
[TrainingPlanViewModel] [DEBUG]     - has_plan: true
[TrainingPlanViewModel] [DEBUG]     - can_generate: false
[TrainingPlanViewModel] [DEBUG]     - requires_current_week_summary: false
[TrainingPlanViewModel] [DEBUG]     - next_action: view_plan_for_week_4
[TrainingPlanViewModel] [DEBUG] ========================================
[WeeklyPlanViewModel] [DEBUG] [WeeklyPlanVM] selectWeek(3) 被調用 - currentWeek: 3, selectedWeek: 4
[WeeklyPlanViewModel] [DEBUG] [WeeklyPlanVM] ✅ selectWeek 驗證通過,準備載入第 3 週計畫
[TrainingPlanViewModel] [DEBUG] [TrainingPlanVM] selectedWeek 變更為 3，觸發 UI 更新
[WeeklyPlanViewModel] [DEBUG] [WeeklyPlanVM] 📤 開始載入週計畫 - selectedWeek: 3, currentWeek: 3
[WeeklyPlanViewModel] [DEBUG] [WeeklyPlanVM] 🔄 載入計畫 - planId: plan_123_3
[WeeklyPlanViewModel] [DEBUG] [WeeklyPlanVM] 📥 收到週計畫 - plan.id: plan_123_3, plan.weekOfPlan: 3
[WeeklyPlanViewModel] [DEBUG] [WeeklyPlanVM] 📥 計畫內容 - totalDistance: 40.0, days count: 1
[WeeklyPlanViewModel] [DEBUG] [WeeklyPlanVM] ✅ Weekly plan loaded: plan_123_3
[TrainingPlanViewModel] [DEBUG] [TrainingPlanVM] loadWorkoutsForCurrentWeek - selectedWeek: 3
[TrainingPlanViewModel] [DEBUG] [TrainingPlanVM] loadWorkoutsForCurrentWeek - trainingOverview: ✅ 存在
[TrainingPlanViewModel] [DEBUG] [TrainingPlanVM] loadWorkoutsForCurrentWeek - cachedAllWorkouts: 0 筆
[TrainingPlanViewModel] [DEBUG] [TrainingPlanVM] loadWorkoutsForCurrentWeek - overview.id: plan_123, createdAt: 2024-01-15T10:00:00Z
[TrainingPlanViewModel] [DEBUG] [TrainingPlanVM] Loading workouts from 2024-01-28 15:00:00 +0000 to 2024-02-04 14:59:59 +0000
[TrainingPlanViewModel] [DEBUG] [TrainingPlanVM] 記憶體緩存為空，從 Repository 載入
[LoadWeeklyWorkoutsUseCase] [DEBUG] [LoadWeeklyWorkoutsUseCase] Loading workouts from 2024-01-28 15:00:00 +0000 to 2024-02-04 14:59:59 +0000
[LoadWeeklyWorkoutsUseCase] [DEBUG] [LoadWeeklyWorkoutsUseCase] Found 0 workouts in week
[LoadWeeklyWorkoutsUseCase] [DEBUG] [LoadWeeklyWorkoutsUseCase] Grouped into days: []
[TrainingPlanViewModel] [DEBUG] [TrainingPlanVM] Grouped workouts: []
[TrainingPlanViewModel] [DEBUG] [TrainingPlanVM] Calculating metrics for week 3
[AggregateWorkoutMetricsUseCase] [DEBUG] [AggregateWorkoutMetricsUseCase] Calculating metrics from 2024-01-28 15:00:00 +0000 to 2024-02-04 14:59:59 +0000
[AggregateWorkoutMetricsUseCase] [DEBUG] [AggregateWorkoutMetricsUseCase] Distance: 0.0 km, Intensity - low: 0.0, medium: 0.0, high: 0.0
[TrainingPlanViewModel] [DEBUG] [TrainingPlanVM] Week metrics - Distance: 0.0 km, Intensity: low=0.0, medium=0.0, high=0.0
[TrainingPlanViewModel] [DEBUG] [TrainingPlanVM] ✅ Week 3 plan status updated
Test Case '-[HavitalTests.TrainingPlanLoadingFlowTests test_weekSwitch_returnToCurrentWeek]' passed (0.005 seconds).
Test Case '-[HavitalTests.TrainingPlanLoadingFlowTests test_weekSwitch_toFutureWeek_withPlan_showsPlan]' started.
[TrainingPlanViewModel] [DEBUG] [TrainingPlanVM] selectedWeek 變更為 1，觸發 UI 更新
[TrainingPlanViewModel] [DEBUG] [TrainingPlanVM] showSummarySheet 變更為 false，觸發 UI 更新
[TrainingPlanViewModel] [DEBUG] [TrainingPlanVM] summaryState 變更為 empty，觸發 UI 更新
[TrainingPlanViewModel] [DEBUG] [TrainingPlanVM] 🚀 Starting initialization...
[TrainingPlanViewModel] [DEBUG] [TrainingPlanVM] Step 0: Ensuring workout data is loaded...
[TrainingPlanViewModel] [DEBUG] [TrainingPlanVM] ✅ Workout data refreshed via WorkoutRepository, cached 0 workouts
[TrainingPlanViewModel] [DEBUG] [TrainingPlanVM] Step 1: Loading plan status...
[TrainingPlanViewModel] [DEBUG] [TrainingPlanVM] Loading plan status (skipCache: false, shouldResetSelectedWeek: true)
[TrainingPlanViewModel] [DEBUG] [TrainingPlanVM] ✅ currentWeek 更新: 1 → 3
[TrainingPlanViewModel] [DEBUG] [TrainingPlanVM] selectedWeek reset to currentWeek: 3
[TrainingPlanViewModel] [DEBUG] ========================================
[TrainingPlanViewModel] [DEBUG] [TrainingPlanVM] 📊 Plan Status API 回應:
[TrainingPlanViewModel] [DEBUG]   current_week: 3
[TrainingPlanViewModel] [DEBUG]   total_weeks: 12
[TrainingPlanViewModel] [DEBUG]   next_action: viewPlan
[TrainingPlanViewModel] [DEBUG]   can_generate_next_week: false
[TrainingPlanViewModel] [DEBUG]   current_week_plan_id: plan_123_3
[TrainingPlanViewModel] [DEBUG]   previous_week_summary_id: null
[TrainingPlanViewModel] [DEBUG]   next_week_info:
[TrainingPlanViewModel] [DEBUG]     - week_number: 4
[TrainingPlanViewModel] [DEBUG]     - has_plan: true
[TrainingPlanViewModel] [DEBUG]     - can_generate: false
[TrainingPlanViewModel] [DEBUG]     - requires_current_week_summary: false
[TrainingPlanViewModel] [DEBUG]     - next_action: view_plan_for_week_4
[TrainingPlanViewModel] [DEBUG] ========================================
[TrainingPlanViewModel] [DEBUG] [TrainingPlanVM] ✅ Plan status loaded: nextAction=viewPlan
[TrainingPlanViewModel] [DEBUG] [TrainingPlanVM] Step 2: Loading training overview...
[TrainingPlanViewModel] [DEBUG] [TrainingPlanVM] selectedWeek 變更為 3，觸發 UI 更新
[WeeklyPlanViewModel] [DEBUG] [WeeklyPlanVM] Overview loaded: plan_123
[TrainingPlanViewModel] [DEBUG] [TrainingPlanVM] ✅ Training overview loaded: id=plan_123
[TrainingPlanViewModel] [DEBUG] [TrainingPlanVM] Step 3: Loading weekly plan...
[WeeklyPlanViewModel] [DEBUG] [WeeklyPlanVM] 📤 開始載入週計畫 - selectedWeek: 3, currentWeek: 3
[WeeklyPlanViewModel] [DEBUG] [WeeklyPlanVM] 🔄 載入計畫 - planId: plan_123_3
[WeeklyPlanViewModel] [DEBUG] [WeeklyPlanVM] 📥 收到週計畫 - plan.id: plan_123_3, plan.weekOfPlan: 3
[WeeklyPlanViewModel] [DEBUG] [WeeklyPlanVM] 📥 計畫內容 - totalDistance: 40.0, days count: 1
[WeeklyPlanViewModel] [DEBUG] [WeeklyPlanVM] ✅ Weekly plan loaded: plan_123_3
[TrainingPlanViewModel] [DEBUG] [TrainingPlanVM] Step 4: Loading workouts for current week...
[TrainingPlanViewModel] [DEBUG] [TrainingPlanVM] loadWorkoutsForCurrentWeek - selectedWeek: 3
[TrainingPlanViewModel] [DEBUG] [TrainingPlanVM] loadWorkoutsForCurrentWeek - trainingOverview: ✅ 存在
[TrainingPlanViewModel] [DEBUG] [TrainingPlanVM] loadWorkoutsForCurrentWeek - cachedAllWorkouts: 0 筆
[TrainingPlanViewModel] [DEBUG] [TrainingPlanVM] loadWorkoutsForCurrentWeek - overview.id: plan_123, createdAt: 2024-01-15T10:00:00Z
[TrainingPlanViewModel] [DEBUG] [TrainingPlanVM] Loading workouts from 2024-01-28 15:00:00 +0000 to 2024-02-04 14:59:59 +0000
[TrainingPlanViewModel] [DEBUG] [TrainingPlanVM] 記憶體緩存為空，從 Repository 載入
[LoadWeeklyWorkoutsUseCase] [DEBUG] [LoadWeeklyWorkoutsUseCase] Loading workouts from 2024-01-28 15:00:00 +0000 to 2024-02-04 14:59:59 +0000
[LoadWeeklyWorkoutsUseCase] [DEBUG] [LoadWeeklyWorkoutsUseCase] Found 0 workouts in week
[LoadWeeklyWorkoutsUseCase] [DEBUG] [LoadWeeklyWorkoutsUseCase] Grouped into days: []
[TrainingPlanViewModel] [DEBUG] [TrainingPlanVM] Grouped workouts: []
[TrainingPlanViewModel] [DEBUG] [TrainingPlanVM] Calculating metrics for week 3
[AggregateWorkoutMetricsUseCase] [DEBUG] [AggregateWorkoutMetricsUseCase] Calculating metrics from 2024-01-28 15:00:00 +0000 to 2024-02-04 14:59:59 +0000
[AggregateWorkoutMetricsUseCase] [DEBUG] [AggregateWorkoutMetricsUseCase] Distance: 0.0 km, Intensity - low: 0.0, medium: 0.0, high: 0.0
[TrainingPlanViewModel] [DEBUG] [TrainingPlanVM] Week metrics - Distance: 0.0 km, Intensity: low=0.0, medium=0.0, high=0.0
[TrainingPlanViewModel] [DEBUG] [TrainingPlanVM] ✅ Workouts loaded: 0 workouts
[TrainingPlanViewModel] [DEBUG] [TrainingPlanVM] ✅ All data loaded, UI ready to display
[TrainingPlanViewModel] [DEBUG] [TrainingPlanVM] ✅ 初始化完成，通知監聽器已啟用
[TrainingPlanViewModel] [DEBUG] [TrainingPlanVM] Step 5: Re-loading workouts to fix race condition...
[TrainingPlanViewModel] [DEBUG] [TrainingPlanVM] loadWorkoutsForCurrentWeek - selectedWeek: 3
[TrainingPlanViewModel] [DEBUG] [TrainingPlanVM] loadWorkoutsForCurrentWeek - trainingOverview: ✅ 存在
[TrainingPlanViewModel] [DEBUG] [TrainingPlanVM] loadWorkoutsForCurrentWeek - cachedAllWorkouts: 0 筆
[TrainingPlanViewModel] [DEBUG] [TrainingPlanVM] loadWorkoutsForCurrentWeek - overview.id: plan_123, createdAt: 2024-01-15T10:00:00Z
[TrainingPlanViewModel] [DEBUG] [TrainingPlanVM] Loading workouts from 2024-01-28 15:00:00 +0000 to 2024-02-04 14:59:59 +0000
[TrainingPlanViewModel] [DEBUG] [TrainingPlanVM] 記憶體緩存為空，從 Repository 載入
[LoadWeeklyWorkoutsUseCase] [DEBUG] [LoadWeeklyWorkoutsUseCase] Loading workouts from 2024-01-28 15:00:00 +0000 to 2024-02-04 14:59:59 +0000
[LoadWeeklyWorkoutsUseCase] [DEBUG] [LoadWeeklyWorkoutsUseCase] Found 0 workouts in week
[LoadWeeklyWorkoutsUseCase] [DEBUG] [LoadWeeklyWorkoutsUseCase] Grouped into days: []
[TrainingPlanViewModel] [DEBUG] [TrainingPlanVM] Grouped workouts: []
[TrainingPlanViewModel] [DEBUG] [TrainingPlanVM] Calculating metrics for week 3
[AggregateWorkoutMetricsUseCase] [DEBUG] [AggregateWorkoutMetricsUseCase] Calculating metrics from 2024-01-28 15:00:00 +0000 to 2024-02-04 14:59:59 +0000
[AggregateWorkoutMetricsUseCase] [DEBUG] [AggregateWorkoutMetricsUseCase] Distance: 0.0 km, Intensity - low: 0.0, medium: 0.0, high: 0.0
[TrainingPlanViewModel] [DEBUG] [TrainingPlanVM] Week metrics - Distance: 0.0 km, Intensity: low=0.0, medium=0.0, high=0.0
[TrainingPlanViewModel] [DEBUG] [TrainingPlanVM] ✅ 競態條件修復：重新載入 workouts 完成，total=0
[TrainingPlanViewModel] [DEBUG] [TrainingPlanVM] Fetching week plan for week 4
[TrainingPlanViewModel] [DEBUG] [TrainingPlanVM] 先刷新 plan status 以確保 currentWeek 正確
[TrainingPlanViewModel] [DEBUG] [TrainingPlanVM] Loading plan status (skipCache: true, shouldResetSelectedWeek: false)
[TrainingPlanViewModel] [DEBUG] [TrainingPlanVM] ✅ currentWeek 更新: 3 → 3
[TrainingPlanViewModel] [DEBUG] [TrainingPlanVM] selectedWeek preserved: 3
[TrainingPlanViewModel] [DEBUG] ========================================
[TrainingPlanViewModel] [DEBUG] [TrainingPlanVM] 📊 Plan Status API 回應:
[TrainingPlanViewModel] [DEBUG]   current_week: 3
[TrainingPlanViewModel] [DEBUG]   total_weeks: 12
[TrainingPlanViewModel] [DEBUG]   next_action: viewPlan
[TrainingPlanViewModel] [DEBUG]   can_generate_next_week: false
[TrainingPlanViewModel] [DEBUG]   current_week_plan_id: plan_123_3
[TrainingPlanViewModel] [DEBUG]   previous_week_summary_id: null
[TrainingPlanViewModel] [DEBUG]   next_week_info:
[TrainingPlanViewModel] [DEBUG]     - week_number: 4
[TrainingPlanViewModel] [DEBUG]     - has_plan: true
[TrainingPlanViewModel] [DEBUG]     - can_generate: false
[TrainingPlanViewModel] [DEBUG]     - requires_current_week_summary: false
[TrainingPlanViewModel] [DEBUG]     - next_action: view_plan_for_week_4
[TrainingPlanViewModel] [DEBUG] ========================================
[WeeklyPlanViewModel] [DEBUG] [WeeklyPlanVM] selectWeek(4) 被調用 - currentWeek: 3, selectedWeek: 3
[WeeklyPlanViewModel] [DEBUG] [WeeklyPlanVM] ✅ selectWeek 驗證通過,準備載入第 4 週計畫
[TrainingPlanViewModel] [DEBUG] [TrainingPlanVM] selectedWeek 變更為 4，觸發 UI 更新
[WeeklyPlanViewModel] [DEBUG] [WeeklyPlanVM] 📤 開始載入週計畫 - selectedWeek: 4, currentWeek: 3
[WeeklyPlanViewModel] [DEBUG] [WeeklyPlanVM] 🔄 載入計畫 - planId: plan_123_4
[WeeklyPlanViewModel] [DEBUG] [WeeklyPlanVM] 📥 收到週計畫 - plan.id: plan_123_4, plan.weekOfPlan: 4
[WeeklyPlanViewModel] [DEBUG] [WeeklyPlanVM] 📥 計畫內容 - totalDistance: 45.0, days count: 1
[WeeklyPlanViewModel] [DEBUG] [WeeklyPlanVM] ✅ Weekly plan loaded: plan_123_4
[TrainingPlanViewModel] [DEBUG] [TrainingPlanVM] loadWorkoutsForCurrentWeek - selectedWeek: 4
[TrainingPlanViewModel] [DEBUG] [TrainingPlanVM] loadWorkoutsForCurrentWeek - trainingOverview: ✅ 存在
[TrainingPlanViewModel] [DEBUG] [TrainingPlanVM] loadWorkoutsForCurrentWeek - cachedAllWorkouts: 0 筆
[TrainingPlanViewModel] [DEBUG] [TrainingPlanVM] loadWorkoutsForCurrentWeek - overview.id: plan_123, createdAt: 2024-01-15T10:00:00Z
[TrainingPlanViewModel] [DEBUG] [TrainingPlanVM] Loading workouts from 2024-02-04 15:00:00 +0000 to 2024-02-11 14:59:59 +0000
[TrainingPlanViewModel] [DEBUG] [TrainingPlanVM] 記憶體緩存為空，從 Repository 載入
[LoadWeeklyWorkoutsUseCase] [DEBUG] [LoadWeeklyWorkoutsUseCase] Loading workouts from 2024-02-04 15:00:00 +0000 to 2024-02-11 14:59:59 +0000
[LoadWeeklyWorkoutsUseCase] [DEBUG] [LoadWeeklyWorkoutsUseCase] Found 0 workouts in week
[LoadWeeklyWorkoutsUseCase] [DEBUG] [LoadWeeklyWorkoutsUseCase] Grouped into days: []
[TrainingPlanViewModel] [DEBUG] [TrainingPlanVM] Grouped workouts: []
[TrainingPlanViewModel] [DEBUG] [TrainingPlanVM] Calculating metrics for week 4
[AggregateWorkoutMetricsUseCase] [DEBUG] [AggregateWorkoutMetricsUseCase] Calculating metrics from 2024-02-04 15:00:00 +0000 to 2024-02-11 14:59:59 +0000
[AggregateWorkoutMetricsUseCase] [DEBUG] [AggregateWorkoutMetricsUseCase] Distance: 0.0 km, Intensity - low: 0.0, medium: 0.0, high: 0.0
[TrainingPlanViewModel] [DEBUG] [TrainingPlanVM] Week metrics - Distance: 0.0 km, Intensity: low=0.0, medium=0.0, high=0.0
[TrainingPlanViewModel] [DEBUG] [TrainingPlanVM] ✅ Week 4 plan status updated
Test Case '-[HavitalTests.TrainingPlanLoadingFlowTests test_weekSwitch_toFutureWeek_withPlan_showsPlan]' passed (0.004 seconds).
Test Case '-[HavitalTests.TrainingPlanLoadingFlowTests test_weekSwitch_toPastWeek_noPlan_showsNoPlan]' started.
[TrainingPlanViewModel] [DEBUG] [TrainingPlanVM] selectedWeek 變更為 1，觸發 UI 更新
[TrainingPlanViewModel] [DEBUG] [TrainingPlanVM] showSummarySheet 變更為 false，觸發 UI 更新
[TrainingPlanViewModel] [DEBUG] [TrainingPlanVM] summaryState 變更為 empty，觸發 UI 更新
[TrainingPlanViewModel] [DEBUG] [TrainingPlanVM] 🚀 Starting initialization...
[TrainingPlanViewModel] [DEBUG] [TrainingPlanVM] Step 0: Ensuring workout data is loaded...
[TrainingPlanViewModel] [DEBUG] [TrainingPlanVM] ✅ Workout data refreshed via WorkoutRepository, cached 0 workouts
[TrainingPlanViewModel] [DEBUG] [TrainingPlanVM] Step 1: Loading plan status...
[TrainingPlanViewModel] [DEBUG] [TrainingPlanVM] Loading plan status (skipCache: false, shouldResetSelectedWeek: true)
[TrainingPlanViewModel] [DEBUG] [TrainingPlanVM] ✅ currentWeek 更新: 1 → 3
[TrainingPlanViewModel] [DEBUG] [TrainingPlanVM] selectedWeek reset to currentWeek: 3
[TrainingPlanViewModel] [DEBUG] ========================================
[TrainingPlanViewModel] [DEBUG] [TrainingPlanVM] 📊 Plan Status API 回應:
[TrainingPlanViewModel] [DEBUG]   current_week: 3
[TrainingPlanViewModel] [DEBUG]   total_weeks: 12
[TrainingPlanViewModel] [DEBUG]   next_action: viewPlan
[TrainingPlanViewModel] [DEBUG]   can_generate_next_week: true
[TrainingPlanViewModel] [DEBUG]   current_week_plan_id: plan_123_3
[TrainingPlanViewModel] [DEBUG]   previous_week_summary_id: null
[TrainingPlanViewModel] [DEBUG]   next_week_info:
[TrainingPlanViewModel] [DEBUG]     - week_number: 4
[TrainingPlanViewModel] [DEBUG]     - has_plan: false
[TrainingPlanViewModel] [DEBUG]     - can_generate: true
[TrainingPlanViewModel] [DEBUG]     - requires_current_week_summary: true
[TrainingPlanViewModel] [DEBUG]     - next_action: create_summary_for_week_3
[TrainingPlanViewModel] [DEBUG] ========================================
[TrainingPlanViewModel] [DEBUG] [TrainingPlanVM] ✅ Plan status loaded: nextAction=viewPlan
[TrainingPlanViewModel] [DEBUG] [TrainingPlanVM] Step 2: Loading training overview...
[TrainingPlanViewModel] [DEBUG] [TrainingPlanVM] selectedWeek 變更為 3，觸發 UI 更新
[WeeklyPlanViewModel] [DEBUG] [WeeklyPlanVM] Overview loaded: plan_123
[TrainingPlanViewModel] [DEBUG] [TrainingPlanVM] ✅ Training overview loaded: id=plan_123
[TrainingPlanViewModel] [DEBUG] [TrainingPlanVM] Step 3: Loading weekly plan...
[WeeklyPlanViewModel] [DEBUG] [WeeklyPlanVM] 📤 開始載入週計畫 - selectedWeek: 3, currentWeek: 3
[WeeklyPlanViewModel] [DEBUG] [WeeklyPlanVM] 🔄 載入計畫 - planId: plan_123_3
[WeeklyPlanViewModel] [DEBUG] [WeeklyPlanVM] 📥 收到週計畫 - plan.id: plan_123_3, plan.weekOfPlan: 3
[WeeklyPlanViewModel] [DEBUG] [WeeklyPlanVM] 📥 計畫內容 - totalDistance: 40.0, days count: 1
[WeeklyPlanViewModel] [DEBUG] [WeeklyPlanVM] ✅ Weekly plan loaded: plan_123_3
[TrainingPlanViewModel] [DEBUG] [TrainingPlanVM] Step 4: Loading workouts for current week...
[TrainingPlanViewModel] [DEBUG] [TrainingPlanVM] loadWorkoutsForCurrentWeek - selectedWeek: 3
[TrainingPlanViewModel] [DEBUG] [TrainingPlanVM] loadWorkoutsForCurrentWeek - trainingOverview: ✅ 存在
[TrainingPlanViewModel] [DEBUG] [TrainingPlanVM] loadWorkoutsForCurrentWeek - cachedAllWorkouts: 0 筆
[TrainingPlanViewModel] [DEBUG] [TrainingPlanVM] loadWorkoutsForCurrentWeek - overview.id: plan_123, createdAt: 2024-01-15T10:00:00Z
[TrainingPlanViewModel] [DEBUG] [TrainingPlanVM] Loading workouts from 2024-01-28 15:00:00 +0000 to 2024-02-04 14:59:59 +0000
[TrainingPlanViewModel] [DEBUG] [TrainingPlanVM] 記憶體緩存為空，從 Repository 載入
[LoadWeeklyWorkoutsUseCase] [DEBUG] [LoadWeeklyWorkoutsUseCase] Loading workouts from 2024-01-28 15:00:00 +0000 to 2024-02-04 14:59:59 +0000
[LoadWeeklyWorkoutsUseCase] [DEBUG] [LoadWeeklyWorkoutsUseCase] Found 0 workouts in week
[LoadWeeklyWorkoutsUseCase] [DEBUG] [LoadWeeklyWorkoutsUseCase] Grouped into days: []
[TrainingPlanViewModel] [DEBUG] [TrainingPlanVM] Grouped workouts: []
[TrainingPlanViewModel] [DEBUG] [TrainingPlanVM] Calculating metrics for week 3
[AggregateWorkoutMetricsUseCase] [DEBUG] [AggregateWorkoutMetricsUseCase] Calculating metrics from 2024-01-28 15:00:00 +0000 to 2024-02-04 14:59:59 +0000
[AggregateWorkoutMetricsUseCase] [DEBUG] [AggregateWorkoutMetricsUseCase] Distance: 0.0 km, Intensity - low: 0.0, medium: 0.0, high: 0.0
[TrainingPlanViewModel] [DEBUG] [TrainingPlanVM] Week metrics - Distance: 0.0 km, Intensity: low=0.0, medium=0.0, high=0.0
[TrainingPlanViewModel] [DEBUG] [TrainingPlanVM] ✅ Workouts loaded: 0 workouts
[TrainingPlanViewModel] [DEBUG] [TrainingPlanVM] ✅ All data loaded, UI ready to display
[TrainingPlanViewModel] [DEBUG] [TrainingPlanVM] ✅ 初始化完成，通知監聽器已啟用
[TrainingPlanViewModel] [DEBUG] [TrainingPlanVM] Step 5: Re-loading workouts to fix race condition...
[TrainingPlanViewModel] [DEBUG] [TrainingPlanVM] loadWorkoutsForCurrentWeek - selectedWeek: 3
[TrainingPlanViewModel] [DEBUG] [TrainingPlanVM] loadWorkoutsForCurrentWeek - trainingOverview: ✅ 存在
[TrainingPlanViewModel] [DEBUG] [TrainingPlanVM] loadWorkoutsForCurrentWeek - cachedAllWorkouts: 0 筆
[TrainingPlanViewModel] [DEBUG] [TrainingPlanVM] loadWorkoutsForCurrentWeek - overview.id: plan_123, createdAt: 2024-01-15T10:00:00Z
[TrainingPlanViewModel] [DEBUG] [TrainingPlanVM] Loading workouts from 2024-01-28 15:00:00 +0000 to 2024-02-04 14:59:59 +0000
[TrainingPlanViewModel] [DEBUG] [TrainingPlanVM] 記憶體緩存為空，從 Repository 載入
[LoadWeeklyWorkoutsUseCase] [DEBUG] [LoadWeeklyWorkoutsUseCase] Loading workouts from 2024-01-28 15:00:00 +0000 to 2024-02-04 14:59:59 +0000
[LoadWeeklyWorkoutsUseCase] [DEBUG] [LoadWeeklyWorkoutsUseCase] Found 0 workouts in week
[LoadWeeklyWorkoutsUseCase] [DEBUG] [LoadWeeklyWorkoutsUseCase] Grouped into days: []
[TrainingPlanViewModel] [DEBUG] [TrainingPlanVM] Grouped workouts: []
[TrainingPlanViewModel] [DEBUG] [TrainingPlanVM] Calculating metrics for week 3
[AggregateWorkoutMetricsUseCase] [DEBUG] [AggregateWorkoutMetricsUseCase] Calculating metrics from 2024-01-28 15:00:00 +0000 to 2024-02-04 14:59:59 +0000
[AggregateWorkoutMetricsUseCase] [DEBUG] [AggregateWorkoutMetricsUseCase] Distance: 0.0 km, Intensity - low: 0.0, medium: 0.0, high: 0.0
[TrainingPlanViewModel] [DEBUG] [TrainingPlanVM] Week metrics - Distance: 0.0 km, Intensity: low=0.0, medium=0.0, high=0.0
[TrainingPlanViewModel] [DEBUG] [TrainingPlanVM] ✅ 競態條件修復：重新載入 workouts 完成，total=0
[TrainingPlanViewModel] [DEBUG] [TrainingPlanVM] Fetching week plan for week 1
[TrainingPlanViewModel] [DEBUG] [TrainingPlanVM] 先刷新 plan status 以確保 currentWeek 正確
[TrainingPlanViewModel] [DEBUG] [TrainingPlanVM] Loading plan status (skipCache: true, shouldResetSelectedWeek: false)
[TrainingPlanViewModel] [ERROR] [TrainingPlanVM] Failed to load plan status: The operation couldn’t be completed. (paceriz_dev.TrainingPlanError error 0.)
[WeeklyPlanViewModel] [DEBUG] [WeeklyPlanVM] selectWeek(1) 被調用 - currentWeek: 3, selectedWeek: 3
[WeeklyPlanViewModel] [DEBUG] [WeeklyPlanVM] ✅ selectWeek 驗證通過,準備載入第 1 週計畫
[TrainingPlanViewModel] [DEBUG] [TrainingPlanVM] selectedWeek 變更為 1，觸發 UI 更新
[WeeklyPlanViewModel] [DEBUG] [WeeklyPlanVM] 📤 開始載入週計畫 - selectedWeek: 1, currentWeek: 3
[WeeklyPlanViewModel] [DEBUG] [WeeklyPlanVM] 🔄 載入計畫 - planId: plan_123_1
[WeeklyPlanViewModel] [DEBUG] [WeeklyPlanVM] ⚠️ Weekly plan not found: plan_123_1
[TrainingPlanViewModel] [DEBUG] [TrainingPlanVM] loadWorkoutsForCurrentWeek - selectedWeek: 1
[TrainingPlanViewModel] [DEBUG] [TrainingPlanVM] loadWorkoutsForCurrentWeek - trainingOverview: ✅ 存在
[TrainingPlanViewModel] [DEBUG] [TrainingPlanVM] loadWorkoutsForCurrentWeek - cachedAllWorkouts: 0 筆
[TrainingPlanViewModel] [DEBUG] [TrainingPlanVM] loadWorkoutsForCurrentWeek - overview.id: plan_123, createdAt: 2024-01-15T10:00:00Z
[TrainingPlanViewModel] [DEBUG] [TrainingPlanVM] Loading workouts from 2024-01-14 15:00:00 +0000 to 2024-01-21 14:59:59 +0000
[TrainingPlanViewModel] [DEBUG] [TrainingPlanVM] 記憶體緩存為空，從 Repository 載入
[LoadWeeklyWorkoutsUseCase] [DEBUG] [LoadWeeklyWorkoutsUseCase] Loading workouts from 2024-01-14 15:00:00 +0000 to 2024-01-21 14:59:59 +0000
[LoadWeeklyWorkoutsUseCase] [DEBUG] [LoadWeeklyWorkoutsUseCase] Found 0 workouts in week
[LoadWeeklyWorkoutsUseCase] [DEBUG] [LoadWeeklyWorkoutsUseCase] Grouped into days: []
[TrainingPlanViewModel] [DEBUG] [TrainingPlanVM] Grouped workouts: []
[TrainingPlanViewModel] [DEBUG] [TrainingPlanVM] Calculating metrics for week 1
[AggregateWorkoutMetricsUseCase] [DEBUG] [AggregateWorkoutMetricsUseCase] Calculating metrics from 2024-01-14 15:00:00 +0000 to 2024-01-21 14:59:59 +0000
[AggregateWorkoutMetricsUseCase] [DEBUG] [AggregateWorkoutMetricsUseCase] Distance: 0.0 km, Intensity - low: 0.0, medium: 0.0, high: 0.0
[TrainingPlanViewModel] [DEBUG] [TrainingPlanVM] Week metrics - Distance: 0.0 km, Intensity: low=0.0, medium=0.0, high=0.0
[TrainingPlanViewModel] [DEBUG] [TrainingPlanVM] ✅ Week 1 plan status updated
Test Case '-[HavitalTests.TrainingPlanLoadingFlowTests test_weekSwitch_toPastWeek_noPlan_showsNoPlan]' passed (0.003 seconds).
Test Case '-[HavitalTests.TrainingPlanLoadingFlowTests test_weekSwitch_toPastWeek_withPlan_showsPlan]' started.
[TrainingPlanViewModel] [DEBUG] [TrainingPlanVM] selectedWeek 變更為 1，觸發 UI 更新
[TrainingPlanViewModel] [DEBUG] [TrainingPlanVM] showSummarySheet 變更為 false，觸發 UI 更新
[TrainingPlanViewModel] [DEBUG] [TrainingPlanVM] summaryState 變更為 empty，觸發 UI 更新
[TrainingPlanViewModel] [DEBUG] [TrainingPlanVM] 🚀 Starting initialization...
[TrainingPlanViewModel] [DEBUG] [TrainingPlanVM] Step 0: Ensuring workout data is loaded...
[TrainingPlanViewModel] [DEBUG] [TrainingPlanVM] ✅ Workout data refreshed via WorkoutRepository, cached 0 workouts
[TrainingPlanViewModel] [DEBUG] [TrainingPlanVM] Step 1: Loading plan status...
[TrainingPlanViewModel] [DEBUG] [TrainingPlanVM] Loading plan status (skipCache: false, shouldResetSelectedWeek: true)
[TrainingPlanViewModel] [DEBUG] [TrainingPlanVM] ✅ currentWeek 更新: 1 → 3
[TrainingPlanViewModel] [DEBUG] [TrainingPlanVM] selectedWeek reset to currentWeek: 3
[TrainingPlanViewModel] [DEBUG] ========================================
[TrainingPlanViewModel] [DEBUG] [TrainingPlanVM] 📊 Plan Status API 回應:
[TrainingPlanViewModel] [DEBUG]   current_week: 3
[TrainingPlanViewModel] [DEBUG]   total_weeks: 12
[TrainingPlanViewModel] [DEBUG]   next_action: viewPlan
[TrainingPlanViewModel] [DEBUG]   can_generate_next_week: true
[TrainingPlanViewModel] [DEBUG]   current_week_plan_id: plan_123_3
[TrainingPlanViewModel] [DEBUG]   previous_week_summary_id: null
[TrainingPlanViewModel] [DEBUG]   next_week_info:
[TrainingPlanViewModel] [DEBUG]     - week_number: 4
[TrainingPlanViewModel] [DEBUG]     - has_plan: false
[TrainingPlanViewModel] [DEBUG]     - can_generate: true
[TrainingPlanViewModel] [DEBUG]     - requires_current_week_summary: true
[TrainingPlanViewModel] [DEBUG]     - next_action: create_summary_for_week_3
[TrainingPlanViewModel] [DEBUG] ========================================
[TrainingPlanViewModel] [DEBUG] [TrainingPlanVM] ✅ Plan status loaded: nextAction=viewPlan
[TrainingPlanViewModel] [DEBUG] [TrainingPlanVM] Step 2: Loading training overview...
[TrainingPlanViewModel] [DEBUG] [TrainingPlanVM] selectedWeek 變更為 3，觸發 UI 更新
[WeeklyPlanViewModel] [DEBUG] [WeeklyPlanVM] Overview loaded: plan_123
[TrainingPlanViewModel] [DEBUG] [TrainingPlanVM] ✅ Training overview loaded: id=plan_123
[TrainingPlanViewModel] [DEBUG] [TrainingPlanVM] Step 3: Loading weekly plan...
[WeeklyPlanViewModel] [DEBUG] [WeeklyPlanVM] 📤 開始載入週計畫 - selectedWeek: 3, currentWeek: 3
[WeeklyPlanViewModel] [DEBUG] [WeeklyPlanVM] 🔄 載入計畫 - planId: plan_123_3
[WeeklyPlanViewModel] [DEBUG] [WeeklyPlanVM] 📥 收到週計畫 - plan.id: plan_123_3, plan.weekOfPlan: 3
[WeeklyPlanViewModel] [DEBUG] [WeeklyPlanVM] 📥 計畫內容 - totalDistance: 40.0, days count: 1
[WeeklyPlanViewModel] [DEBUG] [WeeklyPlanVM] ✅ Weekly plan loaded: plan_123_3
[TrainingPlanViewModel] [DEBUG] [TrainingPlanVM] Step 4: Loading workouts for current week...
[TrainingPlanViewModel] [DEBUG] [TrainingPlanVM] loadWorkoutsForCurrentWeek - selectedWeek: 3
[TrainingPlanViewModel] [DEBUG] [TrainingPlanVM] loadWorkoutsForCurrentWeek - trainingOverview: ✅ 存在
[TrainingPlanViewModel] [DEBUG] [TrainingPlanVM] loadWorkoutsForCurrentWeek - cachedAllWorkouts: 0 筆
[TrainingPlanViewModel] [DEBUG] [TrainingPlanVM] loadWorkoutsForCurrentWeek - overview.id: plan_123, createdAt: 2024-01-15T10:00:00Z
[TrainingPlanViewModel] [DEBUG] [TrainingPlanVM] Loading workouts from 2024-01-28 15:00:00 +0000 to 2024-02-04 14:59:59 +0000
[TrainingPlanViewModel] [DEBUG] [TrainingPlanVM] 記憶體緩存為空，從 Repository 載入
[LoadWeeklyWorkoutsUseCase] [DEBUG] [LoadWeeklyWorkoutsUseCase] Loading workouts from 2024-01-28 15:00:00 +0000 to 2024-02-04 14:59:59 +0000
[LoadWeeklyWorkoutsUseCase] [DEBUG] [LoadWeeklyWorkoutsUseCase] Found 0 workouts in week
[LoadWeeklyWorkoutsUseCase] [DEBUG] [LoadWeeklyWorkoutsUseCase] Grouped into days: []
[TrainingPlanViewModel] [DEBUG] [TrainingPlanVM] Grouped workouts: []
[TrainingPlanViewModel] [DEBUG] [TrainingPlanVM] Calculating metrics for week 3
[AggregateWorkoutMetricsUseCase] [DEBUG] [AggregateWorkoutMetricsUseCase] Calculating metrics from 2024-01-28 15:00:00 +0000 to 2024-02-04 14:59:59 +0000
[AggregateWorkoutMetricsUseCase] [DEBUG] [AggregateWorkoutMetricsUseCase] Distance: 0.0 km, Intensity - low: 0.0, medium: 0.0, high: 0.0
[TrainingPlanViewModel] [DEBUG] [TrainingPlanVM] Week metrics - Distance: 0.0 km, Intensity: low=0.0, medium=0.0, high=0.0
[TrainingPlanViewModel] [DEBUG] [TrainingPlanVM] ✅ Workouts loaded: 0 workouts
[TrainingPlanViewModel] [DEBUG] [TrainingPlanVM] ✅ All data loaded, UI ready to display
[TrainingPlanViewModel] [DEBUG] [TrainingPlanVM] ✅ 初始化完成，通知監聽器已啟用
[TrainingPlanViewModel] [DEBUG] [TrainingPlanVM] Step 5: Re-loading workouts to fix race condition...
[TrainingPlanViewModel] [DEBUG] [TrainingPlanVM] loadWorkoutsForCurrentWeek - selectedWeek: 3
[TrainingPlanViewModel] [DEBUG] [TrainingPlanVM] loadWorkoutsForCurrentWeek - trainingOverview: ✅ 存在
[TrainingPlanViewModel] [DEBUG] [TrainingPlanVM] loadWorkoutsForCurrentWeek - cachedAllWorkouts: 0 筆
[TrainingPlanViewModel] [DEBUG] [TrainingPlanVM] loadWorkoutsForCurrentWeek - overview.id: plan_123, createdAt: 2024-01-15T10:00:00Z
[TrainingPlanViewModel] [DEBUG] [TrainingPlanVM] Loading workouts from 2024-01-28 15:00:00 +0000 to 2024-02-04 14:59:59 +0000
[TrainingPlanViewModel] [DEBUG] [TrainingPlanVM] 記憶體緩存為空，從 Repository 載入
[LoadWeeklyWorkoutsUseCase] [DEBUG] [LoadWeeklyWorkoutsUseCase] Loading workouts from 2024-01-28 15:00:00 +0000 to 2024-02-04 14:59:59 +0000
[LoadWeeklyWorkoutsUseCase] [DEBUG] [LoadWeeklyWorkoutsUseCase] Found 0 workouts in week
[LoadWeeklyWorkoutsUseCase] [DEBUG] [LoadWeeklyWorkoutsUseCase] Grouped into days: []
[TrainingPlanViewModel] [DEBUG] [TrainingPlanVM] Grouped workouts: []
[TrainingPlanViewModel] [DEBUG] [TrainingPlanVM] Calculating metrics for week 3
[AggregateWorkoutMetricsUseCase] [DEBUG] [AggregateWorkoutMetricsUseCase] Calculating metrics from 2024-01-28 15:00:00 +0000 to 2024-02-04 14:59:59 +0000
[AggregateWorkoutMetricsUseCase] [DEBUG] [AggregateWorkoutMetricsUseCase] Distance: 0.0 km, Intensity - low: 0.0, medium: 0.0, high: 0.0
[TrainingPlanViewModel] [DEBUG] [TrainingPlanVM] Week metrics - Distance: 0.0 km, Intensity: low=0.0, medium=0.0, high=0.0
[TrainingPlanViewModel] [DEBUG] [TrainingPlanVM] ✅ 競態條件修復：重新載入 workouts 完成，total=0
[TrainingPlanViewModel] [DEBUG] [TrainingPlanVM] Fetching week plan for week 1
[TrainingPlanViewModel] [DEBUG] [TrainingPlanVM] 先刷新 plan status 以確保 currentWeek 正確
[TrainingPlanViewModel] [DEBUG] [TrainingPlanVM] Loading plan status (skipCache: true, shouldResetSelectedWeek: false)
[TrainingPlanViewModel] [DEBUG] [TrainingPlanVM] ✅ currentWeek 更新: 3 → 3
[TrainingPlanViewModel] [DEBUG] [TrainingPlanVM] selectedWeek preserved: 3
[TrainingPlanViewModel] [DEBUG] ========================================
[TrainingPlanViewModel] [DEBUG] [TrainingPlanVM] 📊 Plan Status API 回應:
[TrainingPlanViewModel] [DEBUG]   current_week: 3
[TrainingPlanViewModel] [DEBUG]   total_weeks: 12
[TrainingPlanViewModel] [DEBUG]   next_action: viewPlan
[TrainingPlanViewModel] [DEBUG]   can_generate_next_week: true
[TrainingPlanViewModel] [DEBUG]   current_week_plan_id: plan_123_3
[TrainingPlanViewModel] [DEBUG]   previous_week_summary_id: null
[TrainingPlanViewModel] [DEBUG]   next_week_info:
[TrainingPlanViewModel] [DEBUG]     - week_number: 4
[TrainingPlanViewModel] [DEBUG]     - has_plan: false
[TrainingPlanViewModel] [DEBUG]     - can_generate: true
[TrainingPlanViewModel] [DEBUG]     - requires_current_week_summary: true
[TrainingPlanViewModel] [DEBUG]     - next_action: create_summary_for_week_3
[TrainingPlanViewModel] [DEBUG] ========================================
[WeeklyPlanViewModel] [DEBUG] [WeeklyPlanVM] selectWeek(1) 被調用 - currentWeek: 3, selectedWeek: 3
[WeeklyPlanViewModel] [DEBUG] [WeeklyPlanVM] ✅ selectWeek 驗證通過,準備載入第 1 週計畫
[TrainingPlanViewModel] [DEBUG] [TrainingPlanVM] selectedWeek 變更為 1，觸發 UI 更新
[WeeklyPlanViewModel] [DEBUG] [WeeklyPlanVM] 📤 開始載入週計畫 - selectedWeek: 1, currentWeek: 3
[WeeklyPlanViewModel] [DEBUG] [WeeklyPlanVM] 🔄 載入計畫 - planId: plan_123_1
[WeeklyPlanViewModel] [DEBUG] [WeeklyPlanVM] 📥 收到週計畫 - plan.id: plan_123_1, plan.weekOfPlan: 1
[WeeklyPlanViewModel] [DEBUG] [WeeklyPlanVM] 📥 計畫內容 - totalDistance: 30.0, days count: 1
[WeeklyPlanViewModel] [DEBUG] [WeeklyPlanVM] ✅ Weekly plan loaded: plan_123_1
[TrainingPlanViewModel] [DEBUG] [TrainingPlanVM] loadWorkoutsForCurrentWeek - selectedWeek: 1
[TrainingPlanViewModel] [DEBUG] [TrainingPlanVM] loadWorkoutsForCurrentWeek - trainingOverview: ✅ 存在
[TrainingPlanViewModel] [DEBUG] [TrainingPlanVM] loadWorkoutsForCurrentWeek - cachedAllWorkouts: 0 筆
[TrainingPlanViewModel] [DEBUG] [TrainingPlanVM] loadWorkoutsForCurrentWeek - overview.id: plan_123, createdAt: 2024-01-15T10:00:00Z
[TrainingPlanViewModel] [DEBUG] [TrainingPlanVM] Loading workouts from 2024-01-14 15:00:00 +0000 to 2024-01-21 14:59:59 +0000
[TrainingPlanViewModel] [DEBUG] [TrainingPlanVM] 記憶體緩存為空，從 Repository 載入
[LoadWeeklyWorkoutsUseCase] [DEBUG] [LoadWeeklyWorkoutsUseCase] Loading workouts from 2024-01-14 15:00:00 +0000 to 2024-01-21 14:59:59 +0000
[LoadWeeklyWorkoutsUseCase] [DEBUG] [LoadWeeklyWorkoutsUseCase] Found 0 workouts in week
[LoadWeeklyWorkoutsUseCase] [DEBUG] [LoadWeeklyWorkoutsUseCase] Grouped into days: []
[TrainingPlanViewModel] [DEBUG] [TrainingPlanVM] Grouped workouts: []
[TrainingPlanViewModel] [DEBUG] [TrainingPlanVM] Calculating metrics for week 1
[AggregateWorkoutMetricsUseCase] [DEBUG] [AggregateWorkoutMetricsUseCase] Calculating metrics from 2024-01-14 15:00:00 +0000 to 2024-01-21 14:59:59 +0000
[AggregateWorkoutMetricsUseCase] [DEBUG] [AggregateWorkoutMetricsUseCase] Distance: 0.0 km, Intensity - low: 0.0, medium: 0.0, high: 0.0
[TrainingPlanViewModel] [DEBUG] [TrainingPlanVM] Week metrics - Distance: 0.0 km, Intensity: low=0.0, medium=0.0, high=0.0
[TrainingPlanViewModel] [DEBUG] [TrainingPlanVM] ✅ Week 1 plan status updated
Test Case '-[HavitalTests.TrainingPlanLoadingFlowTests test_weekSwitch_toPastWeek_withPlan_showsPlan]' passed (0.004 seconds).
Test Suite 'TrainingPlanLoadingFlowTests' passed at 2026-08-29 15:40:12.227.
	 Executed 21 tests, with 0 failures (0 unexpected) in 0.096 (0.100) seconds
Test Suite 'TrainingPlanLocalDataSourceTests' started at 2026-08-29 15:40:12.227.
Test Case '-[HavitalTests.TrainingPlanLocalDataSourceTests test_cacheIdentifier_shouldReturnExpectedValue]' started.
Test Case '-[HavitalTests.TrainingPlanLocalDataSourceTests test_cacheIdentifier_shouldReturnExpectedValue]' passed (0.000 seconds).
Test Case '-[HavitalTests.TrainingPlanLocalDataSourceTests test_clearAll_shouldRemoveAllCachedData]' started.
[TrainingPlanLocalDataSource] [DEBUG] [LocalDataSource] Saved overview: plan_123
[TrainingPlanLocalDataSource] [DEBUG] [LocalDataSource] Saved plan status
[TrainingPlanLocalDataSource] [DEBUG] [LocalDataSource] Saved weekly plan: plan_123_1
[TrainingPlanLocalDataSource] [DEBUG] [LocalDataSource] Saved weekly plan: plan_123_2
[TrainingPlanLocalDataSource] [DEBUG] [LocalDataSource] Cleared all training plan cache
Test Case '-[HavitalTests.TrainingPlanLocalDataSourceTests test_clearAll_shouldRemoveAllCachedData]' passed (0.014 seconds).
Test Case '-[HavitalTests.TrainingPlanLocalDataSourceTests test_clearCache_shouldClearAllData]' started.
[TrainingPlanLocalDataSource] [DEBUG] [LocalDataSource] Saved overview: plan_123
[TrainingPlanLocalDataSource] [DEBUG] [LocalDataSource] Saved plan status
[TrainingPlanLocalDataSource] [DEBUG] [LocalDataSource] Cleared all training plan cache
Test Case '-[HavitalTests.TrainingPlanLocalDataSourceTests test_clearCache_shouldClearAllData]' passed (0.000 seconds).
Test Case '-[HavitalTests.TrainingPlanLocalDataSourceTests test_getCacheSize_shouldReturnTotalBytes]' started.
[TrainingPlanLocalDataSource] [DEBUG] [LocalDataSource] Saved overview: plan_123
[TrainingPlanLocalDataSource] [DEBUG] [LocalDataSource] Saved plan status
[TrainingPlanLocalDataSource] [DEBUG] [LocalDataSource] Saved weekly plan: plan_123_1
Test Case '-[HavitalTests.TrainingPlanLocalDataSourceTests test_getCacheSize_shouldReturnTotalBytes]' passed (0.000 seconds).
Test Case '-[HavitalTests.TrainingPlanLocalDataSourceTests test_getCacheSize_whenEmpty_shouldReturnZero]' started.
Test Case '-[HavitalTests.TrainingPlanLocalDataSourceTests test_getCacheSize_whenEmpty_shouldReturnZero]' passed (0.000 seconds).
Test Case '-[HavitalTests.TrainingPlanLocalDataSourceTests test_getOverview_whenNotSaved_shouldReturnNil]' started.
Test Case '-[HavitalTests.TrainingPlanLocalDataSourceTests test_getOverview_whenNotSaved_shouldReturnNil]' passed (0.000 seconds).
Test Case '-[HavitalTests.TrainingPlanLocalDataSourceTests test_getPlanStatus_whenNotSaved_shouldReturnNil]' started.
Test Case '-[HavitalTests.TrainingPlanLocalDataSourceTests test_getPlanStatus_whenNotSaved_shouldReturnNil]' passed (0.000 seconds).
Test Case '-[HavitalTests.TrainingPlanLocalDataSourceTests test_getWeeklyPlan_withCorruptedData_shouldReturnNilAndClearCorruptedData]' started.
[TrainingPlanLocalDataSource] [DEBUG] [LocalDataSource] Failed to decode weekly plan: The data couldn’t be read because it isn’t in the correct format.
Test Case '-[HavitalTests.TrainingPlanLocalDataSourceTests test_getWeeklyPlan_withCorruptedData_shouldReturnNilAndClearCorruptedData]' passed (0.000 seconds).
Test Case '-[HavitalTests.TrainingPlanLocalDataSourceTests test_getWeeklyPlan_withNonExistentId_shouldReturnNil]' started.
Test Case '-[HavitalTests.TrainingPlanLocalDataSourceTests test_getWeeklyPlan_withNonExistentId_shouldReturnNil]' passed (0.000 seconds).
Test Case '-[HavitalTests.TrainingPlanLocalDataSourceTests test_isExpired_whenFreshData_shouldReturnFalse]' started.
[TrainingPlanLocalDataSource] [DEBUG] [LocalDataSource] Saved overview: plan_123
[TrainingPlanLocalDataSource] [DEBUG] [LocalDataSource] Saved plan status
Test Case '-[HavitalTests.TrainingPlanLocalDataSourceTests test_isExpired_whenFreshData_shouldReturnFalse]' passed (0.000 seconds).
Test Case '-[HavitalTests.TrainingPlanLocalDataSourceTests test_isExpired_whenNoData_shouldReturnTrue]' started.
Test Case '-[HavitalTests.TrainingPlanLocalDataSourceTests test_isExpired_whenNoData_shouldReturnTrue]' passed (0.000 seconds).
Test Case '-[HavitalTests.TrainingPlanLocalDataSourceTests test_isOverviewExpired_whenJustSaved_shouldReturnFalse]' started.
[TrainingPlanLocalDataSource] [DEBUG] [LocalDataSource] Saved overview: plan_123
Test Case '-[HavitalTests.TrainingPlanLocalDataSourceTests test_isOverviewExpired_whenJustSaved_shouldReturnFalse]' passed (0.000 seconds).
Test Case '-[HavitalTests.TrainingPlanLocalDataSourceTests test_isOverviewExpired_withNoTimestamp_shouldReturnTrue]' started.
Test Case '-[HavitalTests.TrainingPlanLocalDataSourceTests test_isOverviewExpired_withNoTimestamp_shouldReturnTrue]' passed (0.001 seconds).
Test Case '-[HavitalTests.TrainingPlanLocalDataSourceTests test_isPlanStatusExpired_whenJustSaved_shouldReturnFalse]' started.
[TrainingPlanLocalDataSource] [DEBUG] [LocalDataSource] Saved plan status
Test Case '-[HavitalTests.TrainingPlanLocalDataSourceTests test_isPlanStatusExpired_whenJustSaved_shouldReturnFalse]' passed (0.000 seconds).
Test Case '-[HavitalTests.TrainingPlanLocalDataSourceTests test_isWeeklyPlanExpired_whenJustSaved_shouldReturnFalse]' started.
[TrainingPlanLocalDataSource] [DEBUG] [LocalDataSource] Saved weekly plan: plan_123_1
Test Case '-[HavitalTests.TrainingPlanLocalDataSourceTests test_isWeeklyPlanExpired_whenJustSaved_shouldReturnFalse]' passed (0.000 seconds).
Test Case '-[HavitalTests.TrainingPlanLocalDataSourceTests test_isWeeklyPlanExpired_withNoTimestamp_shouldReturnTrue]' started.
Test Case '-[HavitalTests.TrainingPlanLocalDataSourceTests test_isWeeklyPlanExpired_withNoTimestamp_shouldReturnTrue]' passed (0.000 seconds).
Test Case '-[HavitalTests.TrainingPlanLocalDataSourceTests test_removeOverview_shouldDeleteFromCache]' started.
[TrainingPlanLocalDataSource] [DEBUG] [LocalDataSource] Saved overview: plan_123
Test Case '-[HavitalTests.TrainingPlanLocalDataSourceTests test_removeOverview_shouldDeleteFromCache]' passed (0.000 seconds).
Test Case '-[HavitalTests.TrainingPlanLocalDataSourceTests test_removePlanStatus_shouldDeleteFromCache]' started.
[TrainingPlanLocalDataSource] [DEBUG] [LocalDataSource] Saved plan status
Test Case '-[HavitalTests.TrainingPlanLocalDataSourceTests test_removePlanStatus_shouldDeleteFromCache]' passed (0.000 seconds).
Test Case '-[HavitalTests.TrainingPlanLocalDataSourceTests test_removeWeeklyPlan_shouldDeleteFromCache]' started.
[TrainingPlanLocalDataSource] [DEBUG] [LocalDataSource] Saved weekly plan: plan_123_1
Test Case '-[HavitalTests.TrainingPlanLocalDataSourceTests test_removeWeeklyPlan_shouldDeleteFromCache]' passed (0.000 seconds).
Test Case '-[HavitalTests.TrainingPlanLocalDataSourceTests test_saveAndGetOverview_shouldStoreAndRetrieve]' started.
[TrainingPlanLocalDataSource] [DEBUG] [LocalDataSource] Saved overview: plan_123
Test Case '-[HavitalTests.TrainingPlanLocalDataSourceTests test_saveAndGetOverview_shouldStoreAndRetrieve]' passed (0.001 seconds).
Test Case '-[HavitalTests.TrainingPlanLocalDataSourceTests test_saveAndGetPlanStatus_shouldStoreAndRetrieve]' started.
[TrainingPlanLocalDataSource] [DEBUG] [LocalDataSource] Saved plan status
Test Case '-[HavitalTests.TrainingPlanLocalDataSourceTests test_saveAndGetPlanStatus_shouldStoreAndRetrieve]' passed (0.001 seconds).
Test Case '-[HavitalTests.TrainingPlanLocalDataSourceTests test_saveAndGetWeeklyPlan_shouldStoreAndRetrieve]' started.
[TrainingPlanLocalDataSource] [DEBUG] [LocalDataSource] Saved weekly plan: plan_123_1
Test Case '-[HavitalTests.TrainingPlanLocalDataSourceTests test_saveAndGetWeeklyPlan_shouldStoreAndRetrieve]' passed (0.000 seconds).
Test Case '-[HavitalTests.TrainingPlanLocalDataSourceTests test_saveMultipleWeeklyPlans_shouldStoreAllPlans]' started.
[TrainingPlanLocalDataSource] [DEBUG] [LocalDataSource] Saved weekly plan: plan_123_1
[TrainingPlanLocalDataSource] [DEBUG] [LocalDataSource] Saved weekly plan: plan_123_2
Test Case '-[HavitalTests.TrainingPlanLocalDataSourceTests test_saveMultipleWeeklyPlans_shouldStoreAllPlans]' passed (0.002 seconds).
Test Suite 'TrainingPlanLocalDataSourceTests' passed at 2026-08-29 15:40:12.256.
	 Executed 23 tests, with 0 failures (0 unexpected) in 0.024 (0.029) seconds
Test Suite 'TrainingPlanRemoteDataSourceTests' started at 2026-08-29 15:40:12.256.
Test Case '-[HavitalTests.TrainingPlanRemoteDataSourceTests test_createOverview_success_shouldReturnNewOverview]' started.
Test Case '-[HavitalTests.TrainingPlanRemoteDataSourceTests test_createOverview_success_shouldReturnNewOverview]' passed (0.003 seconds).
Test Case '-[HavitalTests.TrainingPlanRemoteDataSourceTests test_createWeeklyPlan_success_shouldReturnNewPlan]' started.
[TrainingPlanRemoteDataSource] [DEBUG] [RemoteDataSource] 📤 createWeeklyPlan - week: 2, params: ["week_of_training": 2]
[TrainingPlanRemoteDataSource] [DEBUG] [RemoteDataSource] 📥 createWeeklyPlan response - plan.id: plan_123_2, plan.weekOfPlan: 2
Test Case '-[HavitalTests.TrainingPlanRemoteDataSourceTests test_createWeeklyPlan_success_shouldReturnNewPlan]' passed (0.003 seconds).
Test Case '-[HavitalTests.TrainingPlanRemoteDataSourceTests test_createWeeklyPlan_withStartFromStage_shouldIncludeInRequest]' started.
[TrainingPlanRemoteDataSource] [DEBUG] [RemoteDataSource] 📤 createWeeklyPlan - week: 1, params: ["start_from_stage": "stage_1", "week_of_training": 1, "is_beginner": true]
[TrainingPlanRemoteDataSource] [DEBUG] [RemoteDataSource] 📥 createWeeklyPlan response - plan.id: plan_123_1, plan.weekOfPlan: 1
Test Case '-[HavitalTests.TrainingPlanRemoteDataSourceTests test_createWeeklyPlan_withStartFromStage_shouldIncludeInRequest]' passed (0.005 seconds).
Test Case '-[HavitalTests.TrainingPlanRemoteDataSourceTests test_getOverview_notFound_shouldThrowError]' started.
Test Case '-[HavitalTests.TrainingPlanRemoteDataSourceTests test_getOverview_notFound_shouldThrowError]' passed (0.001 seconds).
Test Case '-[HavitalTests.TrainingPlanRemoteDataSourceTests test_getOverview_success_shouldReturnOverview]' started.
Test Case '-[HavitalTests.TrainingPlanRemoteDataSourceTests test_getOverview_success_shouldReturnOverview]' passed (0.000 seconds).
Test Case '-[HavitalTests.TrainingPlanRemoteDataSourceTests test_getPlanStatus_serverError_shouldThrowError]' started.
Test Case '-[HavitalTests.TrainingPlanRemoteDataSourceTests test_getPlanStatus_serverError_shouldThrowError]' passed (0.000 seconds).
Test Case '-[HavitalTests.TrainingPlanRemoteDataSourceTests test_getPlanStatus_success_shouldReturnStatus]' started.
Test Case '-[HavitalTests.TrainingPlanRemoteDataSourceTests test_getPlanStatus_success_shouldReturnStatus]' passed (0.003 seconds).
Test Case '-[HavitalTests.TrainingPlanRemoteDataSourceTests test_getWeeklyPlan_networkError_shouldThrowError]' started.
Test Case '-[HavitalTests.TrainingPlanRemoteDataSourceTests test_getWeeklyPlan_networkError_shouldThrowError]' passed (0.000 seconds).
Test Case '-[HavitalTests.TrainingPlanRemoteDataSourceTests test_getWeeklyPlan_notFound_shouldThrowError]' started.
Test Case '-[HavitalTests.TrainingPlanRemoteDataSourceTests test_getWeeklyPlan_notFound_shouldThrowError]' passed (0.000 seconds).
Test Case '-[HavitalTests.TrainingPlanRemoteDataSourceTests test_getWeeklyPlan_success_shouldReturnPlan]' started.
Test Case '-[HavitalTests.TrainingPlanRemoteDataSourceTests test_getWeeklyPlan_success_shouldReturnPlan]' passed (0.000 seconds).
Test Case '-[HavitalTests.TrainingPlanRemoteDataSourceTests test_multipleRequests_shouldTrackHistory]' started.
Test Case '-[HavitalTests.TrainingPlanRemoteDataSourceTests test_multipleRequests_shouldTrackHistory]' passed (0.001 seconds).
Test Case '-[HavitalTests.TrainingPlanRemoteDataSourceTests test_updateOverview_success_shouldReturnUpdatedOverview]' started.
Test Case '-[HavitalTests.TrainingPlanRemoteDataSourceTests test_updateOverview_success_shouldReturnUpdatedOverview]' passed (0.000 seconds).
Test Suite 'TrainingPlanRemoteDataSourceTests' passed at 2026-08-29 15:40:12.275.
	 Executed 12 tests, with 0 failures (0 unexpected) in 0.018 (0.020) seconds
Test Suite 'TrainingPlanRepositoryImplTests' started at 2026-08-29 15:40:12.275.
Test Case '-[HavitalTests.TrainingPlanRepositoryImplTests test_clearCache_shouldRemoveAllCachedData]' started.
[TrainingPlanLocalDataSource] [DEBUG] [LocalDataSource] Saved overview: plan_123
[TrainingPlanLocalDataSource] [DEBUG] [LocalDataSource] Saved plan status
[TrainingPlanLocalDataSource] [DEBUG] [LocalDataSource] Saved weekly plan: plan_123_1
[TrainingPlanLocalDataSource] [DEBUG] [LocalDataSource] Cleared all training plan cache
[TrainingPlanRepositoryImpl] [DEBUG] [Repository] Cache cleared
Test Case '-[HavitalTests.TrainingPlanRepositoryImplTests test_clearCache_shouldRemoveAllCachedData]' passed (0.001 seconds).
Test Case '-[HavitalTests.TrainingPlanRepositoryImplTests test_createWeeklyPlan_shouldSaveToCacheAndInvalidatePlanStatus]' started.
[TrainingPlanLocalDataSource] [DEBUG] [LocalDataSource] Saved plan status
[TrainingPlanRepositoryImpl] [DEBUG] [Repository] Creating weekly plan for week: 2
[TrainingPlanRemoteDataSource] [DEBUG] [RemoteDataSource] 📤 createWeeklyPlan - week: 2, params: ["week_of_training": 2]
[TrainingPlanRemoteDataSource] [DEBUG] [RemoteDataSource] 📥 createWeeklyPlan response - plan.id: plan_123_2, plan.weekOfPlan: 2
[TrainingPlanLocalDataSource] [DEBUG] [LocalDataSource] Saved weekly plan: plan_123_2
Test Case '-[HavitalTests.TrainingPlanRepositoryImplTests test_createWeeklyPlan_shouldSaveToCacheAndInvalidatePlanStatus]' passed (0.002 seconds).
Test Case '-[HavitalTests.TrainingPlanRepositoryImplTests test_getOverview_apiNotFound_shouldThrowOverviewNotFoundError]' started.
[TrainingPlanRepositoryImpl] [DEBUG] [Repository] getOverview
[TrainingPlanRepositoryImpl] [DEBUG] [Repository] Overview cache miss, fetching from API
Test Case '-[HavitalTests.TrainingPlanRepositoryImplTests test_getOverview_apiNotFound_shouldThrowOverviewNotFoundError]' passed (0.001 seconds).
Test Case '-[HavitalTests.TrainingPlanRepositoryImplTests test_getOverview_cacheHit_shouldReturnCachedData]' started.
[TrainingPlanLocalDataSource] [DEBUG] [LocalDataSource] Saved overview: plan_123
[TrainingPlanRepositoryImpl] [DEBUG] [Repository] getOverview
[TrainingPlanRepositoryImpl] [DEBUG] [Repository] Overview cache hit
Test Case '-[HavitalTests.TrainingPlanRepositoryImplTests test_getOverview_cacheHit_shouldReturnCachedData]' passed (0.000 seconds).
Test Case '-[HavitalTests.TrainingPlanRepositoryImplTests test_getOverview_cacheMiss_shouldFetchFromAPI]' started.
[TrainingPlanRepositoryImpl] [DEBUG] [Repository] getOverview
[TrainingPlanRepositoryImpl] [DEBUG] [Repository] Overview cache miss, fetching from API
[TrainingPlanLocalDataSource] [DEBUG] [LocalDataSource] Saved overview: plan_123
Test Case '-[HavitalTests.TrainingPlanRepositoryImplTests test_getOverview_cacheMiss_shouldFetchFromAPI]' passed (0.001 seconds).
Test Case '-[HavitalTests.TrainingPlanRepositoryImplTests test_getPlanStatus_cacheHit_shouldReturnCachedData]' started.
[TrainingPlanLocalDataSource] [DEBUG] [LocalDataSource] Saved plan status
[TrainingPlanRepositoryImpl] [DEBUG] [Repository] getPlanStatus
[TrainingPlanRepositoryImpl] [DEBUG] [Repository] Plan status cache hit
Test Case '-[HavitalTests.TrainingPlanRepositoryImplTests test_getPlanStatus_cacheHit_shouldReturnCachedData]' passed (0.000 seconds).
Test Case '-[HavitalTests.TrainingPlanRepositoryImplTests test_getPlanStatus_cacheMiss_shouldFetchFromAPI]' started.
[TrainingPlanRepositoryImpl] [DEBUG] [Repository] getPlanStatus
[TrainingPlanRepositoryImpl] [DEBUG] [Repository] Plan status cache miss, fetching from API
[TrainingPlanLocalDataSource] [DEBUG] [LocalDataSource] Saved plan status
Test Case '-[HavitalTests.TrainingPlanRepositoryImplTests test_getPlanStatus_cacheMiss_shouldFetchFromAPI]' passed (0.000 seconds).
Test Case '-[HavitalTests.TrainingPlanRepositoryImplTests test_getWeeklyPlan_apiNotFound_shouldThrowWeeklyPlanNotFoundError]' started.
[TrainingPlanRepositoryImpl] [DEBUG] [Repository] getWeeklyPlan: nonexistent_plan
[TrainingPlanRepositoryImpl] [DEBUG] [Repository] Cache miss, fetching from API: nonexistent_plan
Test Case '-[HavitalTests.TrainingPlanRepositoryImplTests test_getWeeklyPlan_apiNotFound_shouldThrowWeeklyPlanNotFoundError]' passed (0.000 seconds).
Test Case '-[HavitalTests.TrainingPlanRepositoryImplTests test_getWeeklyPlan_cacheHit_shouldReturnCachedData]' started.
[TrainingPlanLocalDataSource] [DEBUG] [LocalDataSource] Saved weekly plan: plan_123_1
[TrainingPlanRepositoryImpl] [DEBUG] [Repository] getWeeklyPlan: plan_123_1
[TrainingPlanRepositoryImpl] [DEBUG] [Repository] Cache hit: plan_123_1
Test Case '-[HavitalTests.TrainingPlanRepositoryImplTests test_getWeeklyPlan_cacheHit_shouldReturnCachedData]' passed (0.000 seconds).
[TrainingPlanRepositoryImpl] [DEBUG] [Repository] Background overview refresh failed: 資源不存在: No mock response configured for GET:/plan/race_run/overview
[TrainingPlanRepositoryImpl] [DEBUG] [Repository] Background plan status refresh failed: 資源不存在: No mock response configured for GET:/plan/race_run/status
Test Case '-[HavitalTests.TrainingPlanRepositoryImplTests test_getWeeklyPlan_cacheHit_shouldTriggerBackgroundRefresh]' started.
[TrainingPlanLocalDataSource] [DEBUG] [LocalDataSource] Saved weekly plan: plan_123_1
[TrainingPlanRepositoryImpl] [DEBUG] [Repository] getWeeklyPlan: plan_123_1
[TrainingPlanRepositoryImpl] [DEBUG] [Repository] Cache hit: plan_123_1
[TrainingPlanLocalDataSource] [DEBUG] [LocalDataSource] Saved weekly plan: plan_123_1
[TrainingPlanRepositoryImpl] [DEBUG] [Repository] Background refresh success: plan_123_1
[TrainingPlanRepositoryImpl] [DEBUG] [Repository] Background refresh failed (non-critical): 資源不存在: No mock response configured for GET:/plan/race_run/weekly/plan_123_1
Test Case '-[HavitalTests.TrainingPlanRepositoryImplTests test_getWeeklyPlan_cacheHit_shouldTriggerBackgroundRefresh]' passed (0.507 seconds).
Test Case '-[HavitalTests.TrainingPlanRepositoryImplTests test_getWeeklyPlan_cacheMiss_shouldFetchFromAPI]' started.
[TrainingPlanRepositoryImpl] [DEBUG] [Repository] getWeeklyPlan: plan_123_1
[TrainingPlanRepositoryImpl] [DEBUG] [Repository] Cache miss, fetching from API: plan_123_1
[TrainingPlanLocalDataSource] [DEBUG] [LocalDataSource] Saved weekly plan: plan_123_1
Test Case '-[HavitalTests.TrainingPlanRepositoryImplTests test_getWeeklyPlan_cacheMiss_shouldFetchFromAPI]' passed (0.002 seconds).
Test Case '-[HavitalTests.TrainingPlanRepositoryImplTests test_getWeeklyPlan_networkError_shouldPropagateError]' started.
[TrainingPlanRepositoryImpl] [DEBUG] [Repository] getWeeklyPlan: plan_123_1
[TrainingPlanRepositoryImpl] [DEBUG] [Repository] Cache miss, fetching from API: plan_123_1
Test Case '-[HavitalTests.TrainingPlanRepositoryImplTests test_getWeeklyPlan_networkError_shouldPropagateError]' passed (0.001 seconds).
Test Case '-[HavitalTests.TrainingPlanRepositoryImplTests test_modifyWeeklyPlan_shouldUpdateCache]' started.
[TrainingPlanLocalDataSource] [DEBUG] [LocalDataSource] Saved weekly plan: plan_123_1
[TrainingPlanRepositoryImpl] [DEBUG] [Repository] Modifying weekly plan: plan_123_1
[TrainingPlanRepositoryImpl] [DEBUG] [Repository] 📤 發送修改請求到後端:
[TrainingPlanRepositoryImpl] [DEBUG] [Repository] Plan ID: plan_123_1
[TrainingPlanRepositoryImpl] [DEBUG] [Repository] Total days: 1
[TrainingPlanRepositoryImpl] [DEBUG] [Repository] Day 1: type=easy_run, target=Easy 6km run
[TrainingPlanRemoteDataSource] [DEBUG] [RemoteDataSource] 📤 發送 JSON 到後端:
[TrainingPlanRemoteDataSource] [DEBUG] [RemoteDataSource] URL: /plan/race_run/weekly/plan_123_1/modify
[TrainingPlanRemoteDataSource] [DEBUG] [RemoteDataSource] Method: PUT
[TrainingPlanRemoteDataSource] [DEBUG] [RemoteDataSource] {
[TrainingPlanRemoteDataSource] [DEBUG] [RemoteDataSource]   "updated_plan" : {
[TrainingPlanRemoteDataSource] [DEBUG] [RemoteDataSource]     "total_distance_km" : 35,
[TrainingPlanRemoteDataSource] [DEBUG] [RemoteDataSource]     "purpose" : "Building week",
[TrainingPlanRemoteDataSource] [DEBUG] [RemoteDataSource]     "total_weeks" : 12,
[TrainingPlanRemoteDataSource] [DEBUG] [RemoteDataSource]     "id" : "plan_123_2",
[TrainingPlanRemoteDataSource] [DEBUG] [RemoteDataSource]     "days" : [
[TrainingPlanRemoteDataSource] [DEBUG] [RemoteDataSource]       {
[TrainingPlanRemoteDataSource] [DEBUG] [RemoteDataSource]         "training_type" : "easy_run",
[TrainingPlanRemoteDataSource] [DEBUG] [RemoteDataSource]         "day_target" : "Easy 6km run",
[TrainingPlanRemoteDataSource] [DEBUG] [RemoteDataSource]         "day_index" : "1"
[TrainingPlanRemoteDataSource] [DEBUG] [RemoteDataSource]       }
[TrainingPlanRemoteDataSource] [DEBUG] [RemoteDataSource]     ],
[TrainingPlanRemoteDataSource] [DEBUG] [RemoteDataSource]     "week_of_plan" : 2
[TrainingPlanRemoteDataSource] [DEBUG] [RemoteDataSource]   }
[TrainingPlanRemoteDataSource] [DEBUG] [RemoteDataSource] }
[TrainingPlanLocalDataSource] [DEBUG] [LocalDataSource] Saved weekly plan: plan_123_1
Test Case '-[HavitalTests.TrainingPlanRepositoryImplTests test_modifyWeeklyPlan_shouldUpdateCache]' passed (0.013 seconds).
Test Case '-[HavitalTests.TrainingPlanRepositoryImplTests test_refreshOverview_shouldAlwaysFetchFromAPI]' started.
[TrainingPlanLocalDataSource] [DEBUG] [LocalDataSource] Saved overview: plan_123
[TrainingPlanRepositoryImpl] [DEBUG] [Repository] Force refresh overview
[TrainingPlanLocalDataSource] [DEBUG] [LocalDataSource] Saved overview: plan_123
Test Case '-[HavitalTests.TrainingPlanRepositoryImplTests test_refreshOverview_shouldAlwaysFetchFromAPI]' passed (0.001 seconds).
Test Case '-[HavitalTests.TrainingPlanRepositoryImplTests test_refreshPlanStatus_shouldAlwaysFetchFromAPI]' started.
[TrainingPlanLocalDataSource] [DEBUG] [LocalDataSource] Saved plan status
[TrainingPlanRepositoryImpl] [DEBUG] [Repository] Force refresh plan status
[TrainingPlanLocalDataSource] [DEBUG] [LocalDataSource] Saved plan status
Test Case '-[HavitalTests.TrainingPlanRepositoryImplTests test_refreshPlanStatus_shouldAlwaysFetchFromAPI]' passed (0.001 seconds).
Test Case '-[HavitalTests.TrainingPlanRepositoryImplTests test_refreshWeeklyPlan_shouldAlwaysFetchFromAPI]' started.
[TrainingPlanLocalDataSource] [DEBUG] [LocalDataSource] Saved weekly plan: plan_123_1
[TrainingPlanRepositoryImpl] [DEBUG] [Repository] Force refresh: plan_123_1
[TrainingPlanLocalDataSource] [DEBUG] [LocalDataSource] Saved weekly plan: plan_123_1
Test Case '-[HavitalTests.TrainingPlanRepositoryImplTests test_refreshWeeklyPlan_shouldAlwaysFetchFromAPI]' passed (0.001 seconds).
Test Suite 'TrainingPlanRepositoryImplTests' passed at 2026-08-29 15:40:12.813.
	 Executed 16 tests, with 0 failures (0 unexpected) in 0.533 (0.538) seconds
Test Suite 'TrainingPlanV2InitializationRegressionTests' started at 2026-08-29 15:40:12.814.
Test Case '-[HavitalTests.TrainingPlanV2InitializationRegressionTests test_initialize_whenStartupNetworkFailsButCachedPlanExists_shouldStillShowCachedPlan]' started.
[AchievementsAPI] fetchSummary start path=/v2/achievements/summary
[AchievementRemoteDataSource] [INFO] [AchievementsAPI] fetchSummary start path=/v2/achievements/summary
[WeeklyPlanLoader] [DEBUG] [WeeklyPlanLoader] ⚡ 同步快取恢復（plan 優先）: week=3
[WeeklyPlanLoader] [DEBUG] [WeeklyPlanLoader] 載入週訓練預覽...
[WeeklyPlanLoader] [ERROR] [WeeklyPlanLoader] ❌ Plan Status 刷新失敗: 沒有網路連線
[WeeklyPlanLoader] [DEBUG] [WeeklyPlanLoader] ✅ 週訓練預覽載入成功: 0 週
[WeeklyPlanLoader] [DEBUG] [WeeklyPlanLoader] ✅ Plan Overview 刷新成功: overview_001
[WeeklyPlanLoader] [DEBUG] [WeeklyPlanLoader] 處理 nextAction: view_plan
[WeeklyPlanLoader] [DEBUG] [WeeklyPlanLoader] 載入第 3 週課表...
[WeeklyPlanLoader] [DEBUG] [WeeklyPlanLoader] ✅ 週課表載入成功: week=3
[WeeklyPlanLoader] [DEBUG] [WeeklyPlanLoader] 載入本週訓練記錄...
[WeeklyPlanLoader] [DEBUG] [WeeklyPlanLoader] 使用 Overview createdAt: 2026-01-01T00:00:00Z
[WeeklyPlanLoader] [DEBUG] [WeeklyPlanLoader] ✅ Background refresh: Overview updated
[WeeklyPlanLoader] [DEBUG] [WeeklyPlanLoader] ✅ 訓練記錄載入完成: 0 筆
[WeeklyPlanLoader] [DEBUG] [WeeklyPlanLoader] ✅ 初始化完成
[WeeklyPlanLoader] [DEBUG] [WeeklyPlanLoader] ✅ Background refresh: Weekly plan updated
Test Case '-[HavitalTests.TrainingPlanV2InitializationRegressionTests test_initialize_whenStartupNetworkFailsButCachedPlanExists_shouldStillShowCachedPlan]' passed (0.017 seconds).
Test Suite 'TrainingPlanV2InitializationRegressionTests' passed at 2026-08-29 15:40:12.831.
	 Executed 1 test, with 0 failures (0 unexpected) in 0.017 (0.018) seconds
Test Suite 'TrainingPlanV2LocalDataSourceCooldownTests' started at 2026-08-29 15:40:12.832.
Test Case '-[HavitalTests.TrainingPlanV2LocalDataSourceCooldownTests test_invalidateCooldown_withinActiveCooldown_shouldRefreshReturnsTrue]' started.
Test Case '-[HavitalTests.TrainingPlanV2LocalDataSourceCooldownTests test_invalidateCooldown_withinActiveCooldown_shouldRefreshReturnsTrue]' passed (0.002 seconds).
Test Case '-[HavitalTests.TrainingPlanV2LocalDataSourceCooldownTests test_markRefreshed_afterExpiredCooldown_resetsTimer]' started.
Test Case '-[HavitalTests.TrainingPlanV2LocalDataSourceCooldownTests test_markRefreshed_afterExpiredCooldown_resetsTimer]' passed (0.001 seconds).
Test Case '-[HavitalTests.TrainingPlanV2LocalDataSourceCooldownTests test_shouldRefresh_afterMarkRefreshed_atExactCooldownBoundary_returnsTrue]' started.
Test Case '-[HavitalTests.TrainingPlanV2LocalDataSourceCooldownTests test_shouldRefresh_afterMarkRefreshed_atExactCooldownBoundary_returnsTrue]' passed (0.000 seconds).
[AuthSessionRepositoryImpl] [ERROR] [AuthSession] ❌ Failed to get ID Token: 登入憑證已過期
[AchievementsAPI] fetchSummary request failed path=/v2/achievements/summary error=AuthenticationError: 登入憑證已過期
[AchievementRemoteDataSource] [ERROR] [AchievementsAPI] fetchSummary request failed path=/v2/achievements/summary error=AuthenticationError: 登入憑證已過期
Test Case '-[HavitalTests.TrainingPlanV2LocalDataSourceCooldownTests test_shouldRefresh_afterMarkRefreshed_justBeforeCooldownExpires_returnsFalse]' started.
Test Case '-[HavitalTests.TrainingPlanV2LocalDataSourceCooldownTests test_shouldRefresh_afterMarkRefreshed_justBeforeCooldownExpires_returnsFalse]' passed (0.000 seconds).
Test Case '-[HavitalTests.TrainingPlanV2LocalDataSourceCooldownTests test_shouldRefresh_afterMarkRefreshed_pastCooldown_returnsTrue]' started.
Test Case '-[HavitalTests.TrainingPlanV2LocalDataSourceCooldownTests test_shouldRefresh_afterMarkRefreshed_pastCooldown_returnsTrue]' passed (0.001 seconds).
Test Case '-[HavitalTests.TrainingPlanV2LocalDataSourceCooldownTests test_shouldRefresh_afterMarkRefreshed_withinCooldown_returnsFalse]' started.
Test Case '-[HavitalTests.TrainingPlanV2LocalDataSourceCooldownTests test_shouldRefresh_afterMarkRefreshed_withinCooldown_returnsFalse]' passed (0.000 seconds).
Test Case '-[HavitalTests.TrainingPlanV2LocalDataSourceCooldownTests test_shouldRefresh_initialState_returnsTrue]' started.
Test Case '-[HavitalTests.TrainingPlanV2LocalDataSourceCooldownTests test_shouldRefresh_initialState_returnsTrue]' passed (0.000 seconds).
Test Suite 'TrainingPlanV2LocalDataSourceCooldownTests' passed at 2026-08-29 15:40:12.839.
	 Executed 7 tests, with 0 failures (0 unexpected) in 0.006 (0.008) seconds
Test Suite 'TrainingPlanV2LocalDataSourceOwnerTests' started at 2026-08-29 15:40:12.839.
Test Case '-[HavitalTests.TrainingPlanV2LocalDataSourceOwnerTests test_legacyCacheWithoutOwnerStamp_isClearedAndFallsThroughToNetwork]' started.
[AchievementRemoteDataSource] [ERROR] [FirebaseLogging] Achievements summary load failed
[AchievementRepositoryImpl] [ERROR] [AchievementRepository] fetchSummary failed: 登入憑證已過期
[TrainingPlanV2LocalDataSource] [INFO] [TrainingPlanV2LocalDS] legacy 快取無擁有者戳,整批丟棄改走網路
[TrainingPlanV2LocalDataSource] [INFO] [TrainingPlanV2LocalDS] All caches cleared
Test Case '-[HavitalTests.TrainingPlanV2LocalDataSourceOwnerTests test_legacyCacheWithoutOwnerStamp_isClearedAndFallsThroughToNetwork]' passed (0.005 seconds).
Test Case '-[HavitalTests.TrainingPlanV2LocalDataSourceOwnerTests test_legacyWeeklyOnlyBlobs_areDetectedAndCleared]' started.
[TrainingPlanV2LocalDataSource] [INFO] [TrainingPlanV2LocalDS] legacy 快取無擁有者戳,整批丟棄改走網路
[TrainingPlanV2LocalDataSource] [INFO] [TrainingPlanV2LocalDS] All caches cleared
Test Case '-[HavitalTests.TrainingPlanV2LocalDataSourceOwnerTests test_legacyWeeklyOnlyBlobs_areDetectedAndCleared]' passed (0.001 seconds).
Test Case '-[HavitalTests.TrainingPlanV2LocalDataSourceOwnerTests test_saveAfterLegacyBlob_doesNotAdoptOldWeeklyData]' started.
[TrainingPlanV2LocalDataSource] [INFO] [TrainingPlanV2LocalDS] save 前發現無戳 legacy 快取,先整批清掉再蓋戳
[TrainingPlanV2LocalDataSource] [INFO] [TrainingPlanV2LocalDS] All caches cleared
Test Case '-[HavitalTests.TrainingPlanV2LocalDataSourceOwnerTests test_saveAfterLegacyBlob_doesNotAdoptOldWeeklyData]' passed (0.002 seconds).
Test Suite 'TrainingPlanV2LocalDataSourceOwnerTests' passed at 2026-08-29 15:40:12.848.
	 Executed 3 tests, with 0 failures (0 unexpected) in 0.008 (0.008) seconds
Test Suite 'TrainingPlanV2RemoteDataSourceLangTests' started at 2026-08-29 15:40:12.848.
Test Case '-[HavitalTests.TrainingPlanV2RemoteDataSourceLangTests test_createOverviewForNonRace_appendsLangQuery]' started.
[TrainingPlanV2RemoteDataSource] [DEBUG] [TrainingPlanV2RemoteDS] Creating overview for beginner
[AuthSessionRepositoryImpl] [ERROR] [AuthSession] ❌ Failed to get ID Token: 登入憑證已過期
[FirebaseLogging] 上傳失敗: 登入憑證已過期
Test Case '-[HavitalTests.TrainingPlanV2RemoteDataSourceLangTests test_createOverviewForNonRace_appendsLangQuery]' passed (0.002 seconds).
Test Case '-[HavitalTests.TrainingPlanV2RemoteDataSourceLangTests test_createOverviewForRace_appendsLangQuery]' started.
[TrainingPlanV2RemoteDataSource] [DEBUG] [TrainingPlanV2RemoteDS] Creating overview for race: target_abc
Test Case '-[HavitalTests.TrainingPlanV2RemoteDataSourceLangTests test_createOverviewForRace_appendsLangQuery]' passed (0.002 seconds).
Test Case '-[HavitalTests.TrainingPlanV2RemoteDataSourceLangTests test_generateWeeklyPlan_appendsLangQuery]' started.
[TrainingPlanV2RemoteDataSource] [DEBUG] [TrainingPlanV2RemoteDS] Generating weekly plan for week 1
Test Case '-[HavitalTests.TrainingPlanV2RemoteDataSourceLangTests test_generateWeeklyPlan_appendsLangQuery]' passed (0.002 seconds).
Test Case '-[HavitalTests.TrainingPlanV2RemoteDataSourceLangTests test_getMethodologies_withoutTargetType_usesQuestionMarkLangQuery]' started.
[TrainingPlanV2RemoteDataSource] [DEBUG] [TrainingPlanV2RemoteDS] 🎯 Fetching methodologies for type: 'nil'
[TrainingPlanV2RemoteDataSource] [INFO] [TrainingPlanV2RemoteDS] 📡 API Request: GET /v2/methodologies?lang=en-US
Test Case '-[HavitalTests.TrainingPlanV2RemoteDataSourceLangTests test_getMethodologies_withoutTargetType_usesQuestionMarkLangQuery]' passed (0.001 seconds).
Test Case '-[HavitalTests.TrainingPlanV2RemoteDataSourceLangTests test_getMethodologies_withTargetType_usesAmpersandLangQuery]' started.
[TrainingPlanV2RemoteDataSource] [DEBUG] [TrainingPlanV2RemoteDS] 🎯 Fetching methodologies for type: 'race_run'
[TrainingPlanV2RemoteDataSource] [INFO] [TrainingPlanV2RemoteDS] 📡 API Request: GET /v2/methodologies?target_type=race_run&lang=en-US
Test Case '-[HavitalTests.TrainingPlanV2RemoteDataSourceLangTests test_getMethodologies_withTargetType_usesAmpersandLangQuery]' passed (0.001 seconds).
Test Case '-[HavitalTests.TrainingPlanV2RemoteDataSourceLangTests test_getOverview_doesNotAppendLangQuery]' started.
[TrainingPlanV2RemoteDataSource] [DEBUG] [TrainingPlanV2RemoteDS] Fetching active overview
Test Case '-[HavitalTests.TrainingPlanV2RemoteDataSourceLangTests test_getOverview_doesNotAppendLangQuery]' passed (0.001 seconds).
Test Case '-[HavitalTests.TrainingPlanV2RemoteDataSourceLangTests test_getTargetTypes_appendsLangQuery]' started.
[TrainingPlanV2RemoteDataSource] [DEBUG] [TrainingPlanV2RemoteDS] Fetching target types from /v2/target/types
Test Case '-[HavitalTests.TrainingPlanV2RemoteDataSourceLangTests test_getTargetTypes_appendsLangQuery]' passed (0.000 seconds).
Test Case '-[HavitalTests.TrainingPlanV2RemoteDataSourceLangTests test_getWeeklyPlan_doesNotAppendLangQuery]' started.
[TrainingPlanV2RemoteDataSource] [DEBUG] [TrainingPlanV2RemoteDS] Fetching weekly plan: plan_001
Test Case '-[HavitalTests.TrainingPlanV2RemoteDataSourceLangTests test_getWeeklyPlan_doesNotAppendLangQuery]' passed (0.000 seconds).
Test Case '-[HavitalTests.TrainingPlanV2RemoteDataSourceLangTests test_updateOverview_appendsLangQuery]' started.
[TrainingPlanV2RemoteDataSource] [DEBUG] [TrainingPlanV2RemoteDS] Updating overview: overview_001
Test Case '-[HavitalTests.TrainingPlanV2RemoteDataSourceLangTests test_updateOverview_appendsLangQuery]' passed (0.002 seconds).
Test Suite 'TrainingPlanV2RemoteDataSourceLangTests' passed at 2026-08-29 15:40:12.861.
	 Executed 9 tests, with 0 failures (0 unexpected) in 0.010 (0.012) seconds
Test Suite 'TrainingPlanV2RemoteDataSourceTests' started at 2026-08-29 15:40:12.861.
Test Case '-[HavitalTests.TrainingPlanV2RemoteDataSourceTests test_generateWeeklyPlan_networkError_throwsError]' started.
[TrainingPlanV2RemoteDataSource] [DEBUG] [TrainingPlanV2RemoteDS] Generating weekly plan for week 1
Test Case '-[HavitalTests.TrainingPlanV2RemoteDataSourceTests test_generateWeeklyPlan_networkError_throwsError]' passed (0.006 seconds).
Test Case '-[HavitalTests.TrainingPlanV2RemoteDataSourceTests test_getMethodologies_success_usesDTOAndReturnsEntities]' started.
[TrainingPlanV2RemoteDataSource] [DEBUG] [TrainingPlanV2RemoteDS] 🎯 Fetching methodologies for type: 'nil'
[TrainingPlanV2RemoteDataSource] [INFO] [TrainingPlanV2RemoteDS] 📡 API Request: GET /v2/methodologies?lang=en-US
[TrainingPlanV2RemoteDataSource] [INFO] [TrainingPlanV2RemoteDS] ✅ API Response: 2 methodologies - IDs: ["paceriz", "polarized"]
Test Case '-[HavitalTests.TrainingPlanV2RemoteDataSourceTests test_getMethodologies_success_usesDTOAndReturnsEntities]' passed (0.003 seconds).
Test Case '-[HavitalTests.TrainingPlanV2RemoteDataSourceTests test_getMethodologies_withTargetType_buildsCorrectPath]' started.
[TrainingPlanV2RemoteDataSource] [DEBUG] [TrainingPlanV2RemoteDS] 🎯 Fetching methodologies for type: 'race_run'
[TrainingPlanV2RemoteDataSource] [INFO] [TrainingPlanV2RemoteDS] 📡 API Request: GET /v2/methodologies?target_type=race_run&lang=en-US
[TrainingPlanV2RemoteDataSource] [INFO] [TrainingPlanV2RemoteDS] ✅ API Response: 2 methodologies - IDs: ["paceriz", "polarized"]
Test Case '-[HavitalTests.TrainingPlanV2RemoteDataSourceTests test_getMethodologies_withTargetType_buildsCorrectPath]' passed (0.001 seconds).
Test Case '-[HavitalTests.TrainingPlanV2RemoteDataSourceTests test_getOverview_success_returnsPlanOverviewV2DTO]' started.
[TrainingPlanV2RemoteDataSource] [DEBUG] [TrainingPlanV2RemoteDS] Fetching active overview
Test Case '-[HavitalTests.TrainingPlanV2RemoteDataSourceTests test_getOverview_success_returnsPlanOverviewV2DTO]' passed (0.000 seconds).
Test Case '-[HavitalTests.TrainingPlanV2RemoteDataSourceTests test_getPlanStatus_networkError_throwsError]' started.
[TrainingPlanV2RemoteDataSource] [DEBUG] [TrainingPlanV2RemoteDS] Fetching plan status from /v2/plan/status
Test Case '-[HavitalTests.TrainingPlanV2RemoteDataSourceTests test_getPlanStatus_networkError_throwsError]' passed (0.001 seconds).
Test Case '-[HavitalTests.TrainingPlanV2RemoteDataSourceTests test_getPlanStatus_success_returnsResponse]' started.
[TrainingPlanV2RemoteDataSource] [DEBUG] [TrainingPlanV2RemoteDS] Fetching plan status from /v2/plan/status
[TrainingPlanV2RemoteDataSource] [INFO] [TrainingPlanV2RemoteDS] ✅ Plan status fetched: currentWeek=3, nextAction=view_plan
Test Case '-[HavitalTests.TrainingPlanV2RemoteDataSourceTests test_getPlanStatus_success_returnsResponse]' passed (0.001 seconds).
Test Case '-[HavitalTests.TrainingPlanV2RemoteDataSourceTests test_getTargetTypes_emptyList_returnsEmptyEntities]' started.
[TrainingPlanV2RemoteDataSource] [DEBUG] [TrainingPlanV2RemoteDS] Fetching target types from /v2/target/types
[TrainingPlanV2RemoteDataSource] [INFO] [TrainingPlanV2RemoteDS] ✅ Fetched 0 target types
Test Case '-[HavitalTests.TrainingPlanV2RemoteDataSourceTests test_getTargetTypes_emptyList_returnsEmptyEntities]' passed (0.002 seconds).
Test Case '-[HavitalTests.TrainingPlanV2RemoteDataSourceTests test_getTargetTypes_success_usesDTOAndReturnsEntities]' started.
[TrainingPlanV2RemoteDataSource] [DEBUG] [TrainingPlanV2RemoteDS] Fetching target types from /v2/target/types
[TrainingPlanV2RemoteDataSource] [INFO] [TrainingPlanV2RemoteDS] ✅ Fetched 2 target types
Test Case '-[HavitalTests.TrainingPlanV2RemoteDataSourceTests test_getTargetTypes_success_usesDTOAndReturnsEntities]' passed (0.002 seconds).
Test Suite 'TrainingPlanV2RemoteDataSourceTests' passed at 2026-08-29 15:40:12.876.
	 Executed 8 tests, with 0 failures (0 unexpected) in 0.014 (0.015) seconds
Test Suite 'TrainingPlanV2RepositoryCooldownTests' started at 2026-08-29 15:40:12.876.
Test Case '-[HavitalTests.TrainingPlanV2RepositoryCooldownTests test_getPlanStatus_afterAppRestart_cachePresentButNoCooldownInMemory_triggersRefresh]' started.
[TrainingPlanV2RepositoryImpl] [DEBUG] [TrainingPlanV2Repo] Getting plan status (forceRefresh=false)
[TrainingPlanV2RepositoryImpl] [DEBUG] [TrainingPlanV2Repo] Plan status cache hit
[TrainingPlanV2RepositoryImpl] [INFO] [TrainingPlanV2Repo] ✅ Plan status (backgroundRefresh): week 1/12, nextAction=view_plan
Test Case '-[HavitalTests.TrainingPlanV2RepositoryCooldownTests test_getPlanStatus_afterAppRestart_cachePresentButNoCooldownInMemory_triggersRefresh]' passed (0.054 seconds).
Test Case '-[HavitalTests.TrainingPlanV2RepositoryCooldownTests test_getPlanStatus_backgroundRefreshFails_doesNotMarkCooldown]' started.
[TrainingPlanV2RepositoryImpl] [DEBUG] [TrainingPlanV2Repo] Getting plan status (forceRefresh=false)
[TrainingPlanV2RepositoryImpl] [DEBUG] [TrainingPlanV2Repo] Plan status cache hit
[TrainingPlanV2RepositoryImpl] [ERROR] [FirebaseLogging] [PlanStatus] backgroundRefresh failed: The operation couldn’t be completed. (NSURLErrorDomain error -1009.)
[AuthSessionRepositoryImpl] [ERROR] [AuthSession] ❌ Failed to get ID Token: 登入憑證已過期
[FirebaseLogging] 上傳失敗: 登入憑證已過期
[TrainingPlanV2RepositoryImpl] [DEBUG] [TrainingPlanV2Repo] Getting plan status (forceRefresh=false)
[TrainingPlanV2RepositoryImpl] [DEBUG] [TrainingPlanV2Repo] Plan status cache hit
[TrainingPlanV2RepositoryImpl] [INFO] [TrainingPlanV2Repo] ✅ Plan status (backgroundRefresh): week 7/12, nextAction=view_plan
[TrainingPlanV2RepositoryImpl] [DEBUG] [TrainingPlanV2Repo] Background refresh failed for plan status: noConnection
Test Case '-[HavitalTests.TrainingPlanV2RepositoryCooldownTests test_getPlanStatus_backgroundRefreshFails_doesNotMarkCooldown]' passed (0.207 seconds).
Test Case '-[HavitalTests.TrainingPlanV2RepositoryCooldownTests test_getPlanStatus_cacheHitCooldownExpired_triggersBackgroundRefresh]' started.
[TrainingPlanV2RepositoryImpl] [DEBUG] [TrainingPlanV2Repo] Getting plan status (forceRefresh=false)
[TrainingPlanV2RepositoryImpl] [DEBUG] [TrainingPlanV2Repo] Plan status cache hit
[TrainingPlanV2RepositoryImpl] [INFO] [TrainingPlanV2Repo] ✅ Plan status (backgroundRefresh): week 1/12, nextAction=view_plan
Test Case '-[HavitalTests.TrainingPlanV2RepositoryCooldownTests test_getPlanStatus_cacheHitCooldownExpired_triggersBackgroundRefresh]' passed (0.002 seconds).
Test Case '-[HavitalTests.TrainingPlanV2RepositoryCooldownTests test_getPlanStatus_cacheHitWithinCooldown_doesNotCallRemote]' started.
[TrainingPlanV2RepositoryImpl] [DEBUG] [TrainingPlanV2Repo] Getting plan status (forceRefresh=false)
[TrainingPlanV2RepositoryImpl] [DEBUG] [TrainingPlanV2Repo] Plan status cache hit
Test Case '-[HavitalTests.TrainingPlanV2RepositoryCooldownTests test_getPlanStatus_cacheHitWithinCooldown_doesNotCallRemote]' passed (0.103 seconds).
Test Case '-[HavitalTests.TrainingPlanV2RepositoryCooldownTests test_getPlanStatus_cacheMiss_callsRemoteWithoutCheckingCooldown]' started.
[TrainingPlanV2RepositoryImpl] [DEBUG] [TrainingPlanV2Repo] Getting plan status (forceRefresh=false)
[TrainingPlanV2RepositoryImpl] [INFO] [TrainingPlanV2Repo] ✅ Plan status (fetch): week 1/12, nextAction=view_plan
Test Case '-[HavitalTests.TrainingPlanV2RepositoryCooldownTests test_getPlanStatus_cacheMiss_callsRemoteWithoutCheckingCooldown]' passed (0.001 seconds).
Test Case '-[HavitalTests.TrainingPlanV2RepositoryCooldownTests test_getPlanStatus_forceRefresh_bypassesCooldownAndResetsTimer]' started.
[TrainingPlanV2RepositoryImpl] [DEBUG] [TrainingPlanV2Repo] Getting plan status (forceRefresh=true)
[TrainingPlanV2RepositoryImpl] [INFO] [TrainingPlanV2Repo] ✅ Plan status (forceRefresh): week 5/12, nextAction=view_plan
[TrainingPlanV2RepositoryImpl] [DEBUG] [TrainingPlanV2Repo] Getting plan status (forceRefresh=false)
[TrainingPlanV2RepositoryImpl] [DEBUG] [TrainingPlanV2Repo] Plan status cache hit
Test Case '-[HavitalTests.TrainingPlanV2RepositoryCooldownTests test_getPlanStatus_forceRefresh_bypassesCooldownAndResetsTimer]' passed (0.103 seconds).
Test Suite 'TrainingPlanV2RepositoryCooldownTests' passed at 2026-08-29 15:40:13.348.
	 Executed 6 tests, with 0 failures (0 unexpected) in 0.469 (0.472) seconds
Test Suite 'TrainingPlanV2RepositoryImplTests' started at 2026-08-29 15:40:13.349.
Test Case '-[HavitalTests.TrainingPlanV2RepositoryImplTests test_clearCache_clearsAllLayers]' started.
[TrainingPlanV2RepositoryImpl] [DEBUG] [TrainingPlanV2Repo] Clearing all caches
Test Case '-[HavitalTests.TrainingPlanV2RepositoryImplTests test_clearCache_clearsAllLayers]' passed (0.001 seconds).
Test Case '-[HavitalTests.TrainingPlanV2RepositoryImplTests test_generateWeeklyPlan_networkError_throwsDomainError]' started.
[TrainingPlanV2RepositoryImpl] [DEBUG] [TrainingPlanV2Repo] Generating weekly plan for week 2
[TrainingPlanV2RepositoryImpl] [ERROR] [FirebaseLogging] [WeeklyPlan] generate failed: 伺服器錯誤 500: Generation failed
[AuthSessionRepositoryImpl] [ERROR] [AuthSession] ❌ Failed to get ID Token: 登入憑證已過期
[FirebaseLogging] 上傳失敗: 登入憑證已過期
Test Case '-[HavitalTests.TrainingPlanV2RepositoryImplTests test_generateWeeklyPlan_networkError_throwsDomainError]' passed (0.018 seconds).
Test Case '-[HavitalTests.TrainingPlanV2RepositoryImplTests test_generateWeeklyPlan_success_savesAndInvalidatesCache]' started.
[TrainingPlanV2RepositoryImpl] [DEBUG] [TrainingPlanV2Repo] Generating weekly plan for week 4
[TrainingPlanV2RepositoryImpl] [INFO] [TrainingPlanV2Repo] Weekly plan generated and cached: week 4
Test Case '-[HavitalTests.TrainingPlanV2RepositoryImplTests test_generateWeeklyPlan_success_savesAndInvalidatesCache]' passed (0.005 seconds).
Test Case '-[HavitalTests.TrainingPlanV2RepositoryImplTests test_getOverview_cacheHit_doesNotCallRemote]' started.
[TrainingPlanV2RepositoryImpl] [DEBUG] [TrainingPlanV2Repo] getOverview
[TrainingPlanV2RepositoryImpl] [DEBUG] [TrainingPlanV2Repo] Overview cache stale
Test Case '-[HavitalTests.TrainingPlanV2RepositoryImplTests test_getOverview_cacheHit_doesNotCallRemote]' passed (0.001 seconds).
Test Case '-[HavitalTests.TrainingPlanV2RepositoryImplTests test_getOverview_success_savesToCache]' started.
[TrainingPlanV2RepositoryImpl] [DEBUG] [TrainingPlanV2Repo] getOverview
[TrainingPlanV2RepositoryImpl] [DEBUG] [TrainingPlanV2Repo] Overview cache miss, fetching from API
Test Case '-[HavitalTests.TrainingPlanV2RepositoryImplTests test_getOverview_success_savesToCache]' passed (0.004 seconds).
Test Case '-[HavitalTests.TrainingPlanV2RepositoryImplTests test_getPlanStatus_cacheHit_cooldownExpired_schedulesBackgroundRefresh]' started.
[TrainingPlanV2RepositoryImpl] [DEBUG] [TrainingPlanV2Repo] Getting plan status (forceRefresh=false)
[TrainingPlanV2RepositoryImpl] [DEBUG] [TrainingPlanV2Repo] Plan status cache hit
[TrainingPlanV2RepositoryImpl] [INFO] [TrainingPlanV2Repo] ✅ Plan status (backgroundRefresh): week 6/12, nextAction=view_plan
Test Case '-[HavitalTests.TrainingPlanV2RepositoryImplTests test_getPlanStatus_cacheHit_cooldownExpired_schedulesBackgroundRefresh]' passed (1.113 seconds).
Test Case '-[HavitalTests.TrainingPlanV2RepositoryImplTests test_getPlanStatus_cacheHit_returnsCachedAndDoesNotCallRemote]' started.
[TrainingPlanV2RepositoryImpl] [DEBUG] [TrainingPlanV2Repo] Getting plan status (forceRefresh=false)
[TrainingPlanV2RepositoryImpl] [DEBUG] [TrainingPlanV2Repo] Plan status cache hit
Test Case '-[HavitalTests.TrainingPlanV2RepositoryImplTests test_getPlanStatus_cacheHit_returnsCachedAndDoesNotCallRemote]' passed (0.103 seconds).
Test Case '-[HavitalTests.TrainingPlanV2RepositoryImplTests test_getPlanStatus_cacheMiss_fetchesFromAPI]' started.
[TrainingPlanV2RepositoryImpl] [DEBUG] [TrainingPlanV2Repo] Getting plan status (forceRefresh=false)
[TrainingPlanV2RepositoryImpl] [INFO] [TrainingPlanV2Repo] ✅ Plan status (fetch): week 1/12, nextAction=view_plan
Test Case '-[HavitalTests.TrainingPlanV2RepositoryImplTests test_getPlanStatus_cacheMiss_fetchesFromAPI]' passed (0.001 seconds).
Test Case '-[HavitalTests.TrainingPlanV2RepositoryImplTests test_getPlanStatus_forceRefresh_bypassesCache]' started.
[TrainingPlanV2RepositoryImpl] [DEBUG] [TrainingPlanV2Repo] Getting plan status (forceRefresh=true)
[TrainingPlanV2RepositoryImpl] [INFO] [TrainingPlanV2Repo] ✅ Plan status (forceRefresh): week 9/12, nextAction=view_plan
Test Case '-[HavitalTests.TrainingPlanV2RepositoryImplTests test_getPlanStatus_forceRefresh_bypassesCache]' passed (0.001 seconds).
Test Case '-[HavitalTests.TrainingPlanV2RepositoryImplTests test_getWeeklyPlan_notFound_propagatesError]' started.
[TrainingPlanV2RepositoryImpl] [DEBUG] [TrainingPlanV2Repo] getWeeklyPlan for week 3, overviewId: overview_001
[TrainingPlanV2RepositoryImpl] [DEBUG] [TrainingPlanV2Repo] Fetching from API with planId: overview_001_3
[TrainingPlanV2RepositoryImpl] [ERROR] [FirebaseLogging] [WeeklyPlan] fetch failed: 資源不存在: Weekly plan not found
Test Case '-[HavitalTests.TrainingPlanV2RepositoryImplTests test_getWeeklyPlan_notFound_propagatesError]' passed (0.001 seconds).
Test Suite 'TrainingPlanV2RepositoryImplTests' passed at 2026-08-29 15:40:14.602.
	 Executed 10 tests, with 0 failures (0 unexpected) in 1.249 (1.253) seconds
Test Suite 'TrainingPlanV2RepositoryRegressionTests' started at 2026-08-29 15:40:14.602.
Test Case '-[HavitalTests.TrainingPlanV2RepositoryRegressionTests test_getOverview_whenOnlyStaleCacheExistsAndAPIUnavailable_shouldReturnCachedOverview]' started.
[AuthSessionRepositoryImpl] [ERROR] [AuthSession] ❌ Failed to get ID Token: 登入憑證已過期
[FirebaseLogging] 上傳失敗: 登入憑證已過期
[TrainingPlanV2RepositoryImpl] [DEBUG] [TrainingPlanV2Repo] getOverview
[TrainingPlanV2RepositoryImpl] [DEBUG] [TrainingPlanV2Repo] Overview cache stale
Test Case '-[HavitalTests.TrainingPlanV2RepositoryRegressionTests test_getOverview_whenOnlyStaleCacheExistsAndAPIUnavailable_shouldReturnCachedOverview]' passed (0.018 seconds).
Test Case '-[HavitalTests.TrainingPlanV2RepositoryRegressionTests test_getWeeklyPlan_whenOnlyStaleCacheExistsAndAPIUnavailable_shouldReturnCachedPlan]' started.
[TrainingPlanV2RepositoryImpl] [DEBUG] [TrainingPlanV2Repo] getWeeklyPlan for week 1, overviewId: overview_001
[TrainingPlanV2RepositoryImpl] [DEBUG] [TrainingPlanV2Repo] Weekly plan cache stale for week 1
Test Case '-[HavitalTests.TrainingPlanV2RepositoryRegressionTests test_getWeeklyPlan_whenOnlyStaleCacheExistsAndAPIUnavailable_shouldReturnCachedPlan]' passed (0.010 seconds).
Test Suite 'TrainingPlanV2RepositoryRegressionTests' passed at 2026-08-29 15:40:14.631.
	 Executed 2 tests, with 0 failures (0 unexpected) in 0.028 (0.029) seconds
Test Suite 'TrainingPlanV2TargetUpdateTests' started at 2026-08-29 15:40:14.631.
Test Case '-[HavitalTests.TrainingPlanV2TargetUpdateTests test_pollPlanOverviewRegeneration_refreshesUntilCompleted]' started.
[AchievementsAPI] fetchSummary start path=/v2/achievements/summary
[AchievementRemoteDataSource] [INFO] [AchievementsAPI] fetchSummary start path=/v2/achievements/summary
[AuthSessionRepositoryImpl] [ERROR] [AuthSession] ❌ Failed to get ID Token: 登入憑證已過期
[AchievementsAPI] fetchSummary request failed path=/v2/achievements/summary error=AuthenticationError: 登入憑證已過期
[AchievementRemoteDataSource] [ERROR] [AchievementsAPI] fetchSummary request failed path=/v2/achievements/summary error=AuthenticationError: 登入憑證已過期
[AchievementRemoteDataSource] [ERROR] [FirebaseLogging] Achievements summary load failed
[AchievementRepositoryImpl] [ERROR] [AchievementRepository] fetchSummary failed: 登入憑證已過期
[WeeklyPlanLoader] [DEBUG] [WeeklyPlanLoader] ✅ planStatusResponse 已靜默更新
[AuthSessionRepositoryImpl] [ERROR] [AuthSession] ❌ Failed to get ID Token: 登入憑證已過期
[FirebaseLogging] 上傳失敗: 登入憑證已過期
Test Case '-[HavitalTests.TrainingPlanV2TargetUpdateTests test_pollPlanOverviewRegeneration_refreshesUntilCompleted]' passed (0.002 seconds).
Test Case '-[HavitalTests.TrainingPlanV2TargetUpdateTests test_refreshOverviewAfterTargetUpdate_clearsOverviewCacheAndForceRefreshesOverview]' started.
[AchievementsAPI] fetchSummary start path=/v2/achievements/summary
[AchievementRemoteDataSource] [INFO] [AchievementsAPI] fetchSummary start path=/v2/achievements/summary
[AuthSessionRepositoryImpl] [ERROR] [AuthSession] ❌ Failed to get ID Token: 登入憑證已過期
[AchievementsAPI] fetchSummary request failed path=/v2/achievements/summary error=AuthenticationError: 登入憑證已過期
[AchievementRemoteDataSource] [ERROR] [AchievementsAPI] fetchSummary request failed path=/v2/achievements/summary error=AuthenticationError: 登入憑證已過期
[WeeklyPlanLoader] [DEBUG] [WeeklyPlanLoader] 載入 Plan Status...
[AchievementRemoteDataSource] [ERROR] [FirebaseLogging] Achievements summary load failed
[WeeklyPlanLoader] [INFO] ━━━━━━━━━━━━━━━━━━━━━━━━━━━━━━━━━━━━━━━━
[AchievementRepositoryImpl] [ERROR] [AchievementRepository] fetchSummary failed: 登入憑證已過期
[WeeklyPlanLoader] [INFO] 📊 PLAN STATUS API 回應
[WeeklyPlanLoader] [INFO] ━━━━━━━━━━━━━━━━━━━━━━━━━━━━━━━━━━━━━━━━
[WeeklyPlanLoader] [INFO] 🔢 當前週數: 1 / 16
[WeeklyPlanLoader] [INFO] 🎯 下一步動作: create_plan
[WeeklyPlanLoader] [INFO] ⭐️ 可產生下週課表: YES ✅
[WeeklyPlanLoader] [INFO] 📝 當前週 Plan ID: 無
[WeeklyPlanLoader] [INFO] 📋 上週 Summary ID: 無
[WeeklyPlanLoader] [INFO] ━━━━━━━━━━━━━━━━━━━━━━━━━━━━━━━━━━━━━━━━
[AuthSessionRepositoryImpl] [ERROR] [AuthSession] ❌ Failed to get ID Token: 登入憑證已過期
[FirebaseLogging] 上傳失敗: 登入憑證已過期
Test Case '-[HavitalTests.TrainingPlanV2TargetUpdateTests test_refreshOverviewAfterTargetUpdate_clearsOverviewCacheAndForceRefreshesOverview]' passed (0.003 seconds).
Test Suite 'TrainingPlanV2TargetUpdateTests' passed at 2026-08-29 15:40:14.636.
	 Executed 2 tests, with 0 failures (0 unexpected) in 0.004 (0.005) seconds
Test Suite 'TrainingPlanViewModelTests' started at 2026-08-29 15:40:14.636.
Test Case '-[HavitalTests.TrainingPlanViewModelTests testCancelAdjustmentConfirmation_DelegatesToSummaryVM]' started.
[WeeklySummaryViewModel] [DEBUG] [WeeklySummaryVM] Adjustment confirmation cancelled
[TrainingPlanViewModel] [DEBUG] [TrainingPlanVM] selectedWeek 變更為 1，觸發 UI 更新
[TrainingPlanViewModel] [DEBUG] [TrainingPlanVM] showSummarySheet 變更為 false，觸發 UI 更新
[TrainingPlanViewModel] [DEBUG] [TrainingPlanVM] summaryState 變更為 empty，觸發 UI 更新
Test Case '-[HavitalTests.TrainingPlanViewModelTests testCancelAdjustmentConfirmation_DelegatesToSummaryVM]' passed (0.001 seconds).
Test Case '-[HavitalTests.TrainingPlanViewModelTests testClearWeeklySummary_ClearsSummaryVMState]' started.
[TrainingPlanViewModel] [DEBUG] ========================================
[TrainingPlanViewModel] [DEBUG] [TrainingPlanVM] 🔴 週回顧彈窗被關閉
[TrainingPlanViewModel] [DEBUG] [TrainingPlanVM] 檢查是否有待處理的調整項目
[TrainingPlanViewModel] [DEBUG] ========================================
[TrainingPlanViewModel] [DEBUG] [TrainingPlanVM] 無待處理的調整項目，直接清除 summaryVM 狀態
[WeeklySummaryViewModel] [DEBUG] [WeeklySummaryVM] Summary cleared
[TrainingPlanViewModel] [DEBUG] [TrainingPlanVM] selectedWeek 變更為 1，觸發 UI 更新
[TrainingPlanViewModel] [DEBUG] [TrainingPlanVM] showSummarySheet 變更為 false，觸發 UI 更新
[TrainingPlanViewModel] [DEBUG] [TrainingPlanVM] summaryState 變更為 empty，觸發 UI 更新
[TrainingPlanViewModel] [DEBUG] [TrainingPlanVM] showSummarySheet 變更為 true，觸發 UI 更新
[TrainingPlanViewModel] [DEBUG] [TrainingPlanVM] summaryState 變更為 empty，觸發 UI 更新
[TrainingPlanViewModel] [DEBUG] [TrainingPlanVM] showSummarySheet 變更為 false，觸發 UI 更新
Test Case '-[HavitalTests.TrainingPlanViewModelTests testClearWeeklySummary_ClearsSummaryVMState]' passed (0.001 seconds).
Test Case '-[HavitalTests.TrainingPlanViewModelTests testCreateWeeklySummary_DelegatesToSummaryVM]' started.
[TrainingPlanViewModel] [DEBUG] [TrainingPlanVM] Loading plan status (skipCache: true, shouldResetSelectedWeek: false)
[TrainingPlanViewModel] [ERROR] [TrainingPlanVM] Failed to load plan status: The operation couldn’t be completed. (paceriz_dev.TrainingPlanError error 5.)
[TrainingPlanViewModel] [DEBUG] [TrainingPlanVM] selectedWeek 變更為 1，觸發 UI 更新
[TrainingPlanViewModel] [DEBUG] [TrainingPlanVM] showSummarySheet 變更為 false，觸發 UI 更新
[TrainingPlanViewModel] [DEBUG] [TrainingPlanVM] summaryState 變更為 empty，觸發 UI 更新
[TrainingPlanViewModel] [DEBUG] [TrainingPlanVM] ✅ Plan status 已刷新（關閉週回顧後）
[TrainingPlanViewModel] [DEBUG] ========================================
[TrainingPlanViewModel] [DEBUG] [TrainingPlanVM] 📝 createWeeklySummary(weekNumber: 3) 被調用
[TrainingPlanViewModel] [DEBUG] [TrainingPlanVM] currentWeek: 1
[TrainingPlanViewModel] [DEBUG] [TrainingPlanVM] → 轉發到 summaryVM.createWeeklySummary
[TrainingPlanViewModel] [DEBUG] ========================================
[WeeklySummaryViewModel] [DEBUG] [WeeklySummaryVM] Creating summary for week 3
[TrainingPlanViewModel] [DEBUG] [TrainingPlanVM] summaryState 變更為 loading，觸發 UI 更新
[WeeklySummaryViewModel] [DEBUG] [WeeklySummaryVM] No adjustments, showing summary only
[TrainingPlanViewModel] [DEBUG] [TrainingPlanVM] summaryState 變更為 loaded，觸發 UI 更新
[TrainingPlanViewModel] [DEBUG] [TrainingPlanVM] showSummarySheet 變更為 true，觸發 UI 更新
Test Case '-[HavitalTests.TrainingPlanViewModelTests testCreateWeeklySummary_DelegatesToSummaryVM]' passed (0.001 seconds).
Test Case '-[HavitalTests.TrainingPlanViewModelTests testCurrentWeek_ReturnsFromWeeklyPlanVM]' started.
[TrainingPlanViewModel] [DEBUG] [TrainingPlanVM] selectedWeek 變更為 1，觸發 UI 更新
[TrainingPlanViewModel] [DEBUG] [TrainingPlanVM] showSummarySheet 變更為 false，觸發 UI 更新
[TrainingPlanViewModel] [DEBUG] [TrainingPlanVM] summaryState 變更為 empty，觸發 UI 更新
Test Case '-[HavitalTests.TrainingPlanViewModelTests testCurrentWeek_ReturnsFromWeeklyPlanVM]' passed (0.001 seconds).
Test Case '-[HavitalTests.TrainingPlanViewModelTests testDetermineNextPlanWeek_HasCurrentPlan_ReturnsNextWeek]' started.
[TrainingPlanViewModel] [DEBUG] ========================================
[TrainingPlanViewModel] [DEBUG] [TrainingPlanVM] 🧮 計算目標週數（Business Logic）
[TrainingPlanViewModel] [DEBUG] [TrainingPlanVM] currentWeek: 1
[TrainingPlanViewModel] [DEBUG] [TrainingPlanVM] pendingTargetWeek: nil
[TrainingPlanViewModel] [DEBUG] [TrainingPlanVM] current_week_plan_id: plan_123_1
[TrainingPlanViewModel] [DEBUG] [TrainingPlanVM] ✅ 決策邏輯 3: 當前週課表存在，產生下一週 = 2
[TrainingPlanViewModel] [DEBUG] [TrainingPlanVM] 🎯 最終決定：targetWeek = 2
[TrainingPlanViewModel] [DEBUG] ========================================
[TrainingPlanViewModel] [DEBUG] [TrainingPlanVM] selectedWeek 變更為 1，觸發 UI 更新
[TrainingPlanViewModel] [DEBUG] [TrainingPlanVM] showSummarySheet 變更為 false，觸發 UI 更新
[TrainingPlanViewModel] [DEBUG] [TrainingPlanVM] summaryState 變更為 empty，觸發 UI 更新
Test Case '-[HavitalTests.TrainingPlanViewModelTests testDetermineNextPlanWeek_HasCurrentPlan_ReturnsNextWeek]' passed (0.001 seconds).
Test Case '-[HavitalTests.TrainingPlanViewModelTests testDetermineNextPlanWeek_HasPendingWeek_ReturnsPendingWeek]' started.
[TrainingPlanViewModel] [DEBUG] ========================================
[TrainingPlanViewModel] [DEBUG] [TrainingPlanVM] 🧮 計算目標週數（Business Logic）
[TrainingPlanViewModel] [DEBUG] [TrainingPlanVM] currentWeek: 3
[TrainingPlanViewModel] [DEBUG] [TrainingPlanVM] pendingTargetWeek: 5
[TrainingPlanViewModel] [DEBUG] [TrainingPlanVM] current_week_plan_id: null
[TrainingPlanViewModel] [DEBUG] [TrainingPlanVM] ✅ 決策邏輯 1: 使用 pendingTargetWeek = 5
[TrainingPlanViewModel] [DEBUG] [TrainingPlanVM] 🎯 最終決定：targetWeek = 5
[TrainingPlanViewModel] [DEBUG] ========================================
[TrainingPlanViewModel] [DEBUG] [TrainingPlanVM] selectedWeek 變更為 1，觸發 UI 更新
[TrainingPlanViewModel] [DEBUG] [TrainingPlanVM] showSummarySheet 變更為 false，觸發 UI 更新
[TrainingPlanViewModel] [DEBUG] [TrainingPlanVM] summaryState 變更為 empty，觸發 UI 更新
Test Case '-[HavitalTests.TrainingPlanViewModelTests testDetermineNextPlanWeek_HasPendingWeek_ReturnsPendingWeek]' passed (0.001 seconds).
Test Case '-[HavitalTests.TrainingPlanViewModelTests testDetermineNextPlanWeek_NoPendingWeek_NoCurrentPlan_ReturnsCurrentWeek]' started.
[TrainingPlanViewModel] [DEBUG] ========================================
[TrainingPlanViewModel] [DEBUG] [TrainingPlanVM] 🧮 計算目標週數（Business Logic）
[TrainingPlanViewModel] [DEBUG] [TrainingPlanVM] currentWeek: 2
[TrainingPlanViewModel] [DEBUG] [TrainingPlanVM] pendingTargetWeek: nil
[TrainingPlanViewModel] [DEBUG] [TrainingPlanVM] current_week_plan_id: null
[TrainingPlanViewModel] [DEBUG] [TrainingPlanVM] ✅ 決策邏輯 2: 當前週課表不存在，產生當前週 = 2
[TrainingPlanViewModel] [DEBUG] [TrainingPlanVM] 🎯 最終決定：targetWeek = 2
[TrainingPlanViewModel] [DEBUG] ========================================
[TrainingPlanViewModel] [DEBUG] [TrainingPlanVM] selectedWeek 變更為 1，觸發 UI 更新
[TrainingPlanViewModel] [DEBUG] [TrainingPlanVM] showSummarySheet 變更為 false，觸發 UI 更新
[TrainingPlanViewModel] [DEBUG] [TrainingPlanVM] summaryState 變更為 empty，觸發 UI 更新
Test Case '-[HavitalTests.TrainingPlanViewModelTests testDetermineNextPlanWeek_NoPendingWeek_NoCurrentPlan_ReturnsCurrentWeek]' passed (0.001 seconds).
Test Case '-[HavitalTests.TrainingPlanViewModelTests testFetchWeekPlan_Error_UpdatesErrorStatus]' started.
[TrainingPlanViewModel] [DEBUG] [TrainingPlanVM] selectedWeek 變更為 1，觸發 UI 更新
[TrainingPlanViewModel] [DEBUG] [TrainingPlanVM] showSummarySheet 變更為 false，觸發 UI 更新
[TrainingPlanViewModel] [DEBUG] [TrainingPlanVM] summaryState 變更為 empty，觸發 UI 更新
[TrainingPlanViewModel] [DEBUG] [TrainingPlanVM] Fetching week plan for week 1
[TrainingPlanViewModel] [DEBUG] [TrainingPlanVM] 先刷新 plan status 以確保 currentWeek 正確
[TrainingPlanViewModel] [DEBUG] [TrainingPlanVM] Loading plan status (skipCache: true, shouldResetSelectedWeek: false)
[TrainingPlanViewModel] [ERROR] [TrainingPlanVM] Failed to load plan status: The operation couldn’t be completed. (paceriz_dev.TrainingPlanError error 0.)
[WeeklyPlanViewModel] [DEBUG] [WeeklyPlanVM] selectWeek(1) 被調用 - currentWeek: 1, selectedWeek: 1
[WeeklyPlanViewModel] [DEBUG] [WeeklyPlanVM] ✅ selectWeek 驗證通過,準備載入第 1 週計畫
[TrainingPlanViewModel] [DEBUG] [TrainingPlanVM] selectedWeek 變更為 1，觸發 UI 更新
[WeeklyPlanViewModel] [DEBUG] [WeeklyPlanVM] 📤 開始載入週計畫 - selectedWeek: 1, currentWeek: 1
[WeeklyPlanViewModel] [DEBUG] [WeeklyPlanVM] 🔄 載入計畫 - planId: plan_123_1
[WeeklyPlanViewModel] [DEBUG] [WeeklyPlanVM] ⚠️ Weekly plan not found: plan_123_1
[TrainingPlanViewModel] [DEBUG] [TrainingPlanVM] loadWorkoutsForCurrentWeek - selectedWeek: 1
[TrainingPlanViewModel] [DEBUG] [TrainingPlanVM] loadWorkoutsForCurrentWeek - trainingOverview: ✅ 存在
[TrainingPlanViewModel] [DEBUG] [TrainingPlanVM] loadWorkoutsForCurrentWeek - cachedAllWorkouts: 0 筆
[TrainingPlanViewModel] [DEBUG] [TrainingPlanVM] loadWorkoutsForCurrentWeek - overview.id: plan_123, createdAt: 2024-01-15T10:00:00Z
[TrainingPlanViewModel] [DEBUG] [TrainingPlanVM] Loading workouts from 2024-01-14 15:00:00 +0000 to 2024-01-21 14:59:59 +0000
[TrainingPlanViewModel] [DEBUG] [TrainingPlanVM] 記憶體緩存為空，從 Repository 載入
[LoadWeeklyWorkoutsUseCase] [DEBUG] [LoadWeeklyWorkoutsUseCase] Loading workouts from 2024-01-14 15:00:00 +0000 to 2024-01-21 14:59:59 +0000
[LoadWeeklyWorkoutsUseCase] [DEBUG] [LoadWeeklyWorkoutsUseCase] Found 0 workouts in week
[LoadWeeklyWorkoutsUseCase] [DEBUG] [LoadWeeklyWorkoutsUseCase] Grouped into days: []
[TrainingPlanViewModel] [DEBUG] [TrainingPlanVM] Grouped workouts: []
[TrainingPlanViewModel] [DEBUG] [TrainingPlanVM] Calculating metrics for week 1
[AggregateWorkoutMetricsUseCase] [DEBUG] [AggregateWorkoutMetricsUseCase] Calculating metrics from 2024-01-14 15:00:00 +0000 to 2024-01-21 14:59:59 +0000
[AggregateWorkoutMetricsUseCase] [DEBUG] [AggregateWorkoutMetricsUseCase] Distance: 0.0 km, Intensity - low: 0.0, medium: 0.0, high: 0.0
[TrainingPlanViewModel] [DEBUG] [TrainingPlanVM] Week metrics - Distance: 0.0 km, Intensity: low=0.0, medium=0.0, high=0.0
[TrainingPlanViewModel] [DEBUG] [TrainingPlanVM] ✅ Week 1 plan status updated
Test Case '-[HavitalTests.TrainingPlanViewModelTests testFetchWeekPlan_Error_UpdatesErrorStatus]' passed (0.002 seconds).
Test Case '-[HavitalTests.TrainingPlanViewModelTests testFetchWeekPlan_Success_UpdatesStatus]' started.
[TrainingPlanViewModel] [DEBUG] [TrainingPlanVM] selectedWeek 變更為 1，觸發 UI 更新
[TrainingPlanViewModel] [DEBUG] [TrainingPlanVM] showSummarySheet 變更為 false，觸發 UI 更新
[TrainingPlanViewModel] [DEBUG] [TrainingPlanVM] summaryState 變更為 empty，觸發 UI 更新
[TrainingPlanViewModel] [DEBUG] [TrainingPlanVM] Fetching week plan for week 1
[TrainingPlanViewModel] [DEBUG] [TrainingPlanVM] 先刷新 plan status 以確保 currentWeek 正確
[TrainingPlanViewModel] [DEBUG] [TrainingPlanVM] Loading plan status (skipCache: true, shouldResetSelectedWeek: false)
[TrainingPlanViewModel] [ERROR] [TrainingPlanVM] Failed to load plan status: The operation couldn’t be completed. (paceriz_dev.TrainingPlanError error 5.)
[WeeklyPlanViewModel] [DEBUG] [WeeklyPlanVM] selectWeek(1) 被調用 - currentWeek: 1, selectedWeek: 1
[WeeklyPlanViewModel] [DEBUG] [WeeklyPlanVM] ✅ selectWeek 驗證通過,準備載入第 1 週計畫
[TrainingPlanViewModel] [DEBUG] [TrainingPlanVM] selectedWeek 變更為 1，觸發 UI 更新
[WeeklyPlanViewModel] [DEBUG] [WeeklyPlanVM] 📤 開始載入週計畫 - selectedWeek: 1, currentWeek: 1
[WeeklyPlanViewModel] [DEBUG] [WeeklyPlanVM] 🔄 載入計畫 - planId: plan_123_1
[WeeklyPlanViewModel] [DEBUG] [WeeklyPlanVM] 📥 收到週計畫 - plan.id: plan_123_1, plan.weekOfPlan: 1
[WeeklyPlanViewModel] [DEBUG] [WeeklyPlanVM] 📥 計畫內容 - totalDistance: 30.0, days count: 1
[WeeklyPlanViewModel] [DEBUG] [WeeklyPlanVM] ✅ Weekly plan loaded: plan_123_1
[TrainingPlanViewModel] [DEBUG] [TrainingPlanVM] loadWorkoutsForCurrentWeek - selectedWeek: 1
[TrainingPlanViewModel] [DEBUG] [TrainingPlanVM] loadWorkoutsForCurrentWeek - trainingOverview: ✅ 存在
[TrainingPlanViewModel] [DEBUG] [TrainingPlanVM] loadWorkoutsForCurrentWeek - cachedAllWorkouts: 0 筆
[TrainingPlanViewModel] [DEBUG] [TrainingPlanVM] loadWorkoutsForCurrentWeek - overview.id: plan_123, createdAt: 2024-01-15T10:00:00Z
[TrainingPlanViewModel] [DEBUG] [TrainingPlanVM] Loading workouts from 2024-01-14 15:00:00 +0000 to 2024-01-21 14:59:59 +0000
[TrainingPlanViewModel] [DEBUG] [TrainingPlanVM] 記憶體緩存為空，從 Repository 載入
[LoadWeeklyWorkoutsUseCase] [DEBUG] [LoadWeeklyWorkoutsUseCase] Loading workouts from 2024-01-14 15:00:00 +0000 to 2024-01-21 14:59:59 +0000
[LoadWeeklyWorkoutsUseCase] [DEBUG] [LoadWeeklyWorkoutsUseCase] Found 0 workouts in week
[LoadWeeklyWorkoutsUseCase] [DEBUG] [LoadWeeklyWorkoutsUseCase] Grouped into days: []
[TrainingPlanViewModel] [DEBUG] [TrainingPlanVM] Grouped workouts: []
[TrainingPlanViewModel] [DEBUG] [TrainingPlanVM] Calculating metrics for week 1
[AggregateWorkoutMetricsUseCase] [DEBUG] [AggregateWorkoutMetricsUseCase] Calculating metrics from 2024-01-14 15:00:00 +0000 to 2024-01-21 14:59:59 +0000
[AggregateWorkoutMetricsUseCase] [DEBUG] [AggregateWorkoutMetricsUseCase] Distance: 0.0 km, Intensity - low: 0.0, medium: 0.0, high: 0.0
[TrainingPlanViewModel] [DEBUG] [TrainingPlanVM] Week metrics - Distance: 0.0 km, Intensity: low=0.0, medium=0.0, high=0.0
[TrainingPlanViewModel] [DEBUG] [TrainingPlanVM] ✅ Week 1 plan status updated
Test Case '-[HavitalTests.TrainingPlanViewModelTests testFetchWeekPlan_Success_UpdatesStatus]' passed (0.002 seconds).
Test Case '-[HavitalTests.TrainingPlanViewModelTests testFormatDistance_FormatsCorrectly]' started.
[TrainingPlanViewModel] [DEBUG] [TrainingPlanVM] selectedWeek 變更為 1，觸發 UI 更新
[TrainingPlanViewModel] [DEBUG] [TrainingPlanVM] showSummarySheet 變更為 false，觸發 UI 更新
[TrainingPlanViewModel] [DEBUG] [TrainingPlanVM] summaryState 變更為 empty，觸發 UI 更新
Test Case '-[HavitalTests.TrainingPlanViewModelTests testFormatDistance_FormatsCorrectly]' passed (0.000 seconds).
Test Case '-[HavitalTests.TrainingPlanViewModelTests testFormatPace_FormatsCorrectly]' started.
[TrainingPlanViewModel] [DEBUG] [TrainingPlanVM] selectedWeek 變更為 1，觸發 UI 更新
[TrainingPlanViewModel] [DEBUG] [TrainingPlanVM] showSummarySheet 變更為 false，觸發 UI 更新
[TrainingPlanViewModel] [DEBUG] [TrainingPlanVM] summaryState 變更為 empty，觸發 UI 更新
Test Case '-[HavitalTests.TrainingPlanViewModelTests testFormatPace_FormatsCorrectly]' passed (0.001 seconds).
Test Case '-[HavitalTests.TrainingPlanViewModelTests testGenerateNextWeekPlan_Success_UpdatesStatus]' started.
[TrainingPlanViewModel] [DEBUG] [TrainingPlanVM] selectedWeek 變更為 1，觸發 UI 更新
[TrainingPlanViewModel] [DEBUG] [TrainingPlanVM] showSummarySheet 變更為 false，觸發 UI 更新
[TrainingPlanViewModel] [DEBUG] [TrainingPlanVM] summaryState 變更為 empty，觸發 UI 更新
[TrainingPlanViewModel] [DEBUG] ========================================
[TrainingPlanViewModel] [DEBUG] [TrainingPlanVM] 🎯 generateNextWeekPlan(targetWeek: 2, forceGenerate: true) 被調用
[TrainingPlanViewModel] [DEBUG] [TrainingPlanVM] currentWeek: 1
[TrainingPlanViewModel] [DEBUG] [TrainingPlanVM] selectedWeek: 1
[TrainingPlanViewModel] [DEBUG] ========================================
[TrainingPlanViewModel] [DEBUG] [TrainingPlanVM] forceGenerate=true，跳過週回顧檢查，直接產生課表
[TrainingPlanViewModel] [DEBUG] [TrainingPlanVM] planStatus 設為 .loading
[TrainingPlanViewModel] [DEBUG] [TrainingPlanVM] 設置 selectedWeek = 2
[TrainingPlanViewModel] [DEBUG] [TrainingPlanVM] selectedWeek 變更為 2，觸發 UI 更新
[WeeklyPlanViewModel] [DEBUG] [WeeklyPlanVM] 📤 請求產生週計畫 - week: 2, targetWeek: 2, selectedWeek: 2
[WeeklyPlanViewModel] [DEBUG] [WeeklyPlanVM] 📥 收到週計畫 - plan.id: plan_123_2, plan.weekOfPlan: 2
[WeeklyPlanViewModel] [DEBUG] [WeeklyPlanVM] 📥 計畫內容 - totalDistance: 35.0, days count: 1
[WeeklyPlanViewModel] [DEBUG] [WeeklyPlanVM] Weekly plan generated: plan_123_2
[TrainingPlanViewModel] [DEBUG] [TrainingPlanVM] 產生第 2 週計畫完成
[TrainingPlanViewModel] [DEBUG] [TrainingPlanVM] ✅ planStatus 已更新為新課表 (selectedWeek: 2)
[TrainingPlanViewModel] [DEBUG] [TrainingPlanVM] Loading plan status (skipCache: true, shouldResetSelectedWeek: false)
[TrainingPlanViewModel] [DEBUG] [TrainingPlanVM] ✅ currentWeek 更新: 1 → 1
[TrainingPlanViewModel] [DEBUG] [TrainingPlanVM] selectedWeek preserved: 2
[TrainingPlanViewModel] [DEBUG] ========================================
[TrainingPlanViewModel] [DEBUG] [TrainingPlanVM] 📊 Plan Status API 回應:
[TrainingPlanViewModel] [DEBUG]   current_week: 1
[TrainingPlanViewModel] [DEBUG]   total_weeks: 12
[TrainingPlanViewModel] [DEBUG]   next_action: viewPlan
[TrainingPlanViewModel] [DEBUG]   can_generate_next_week: false
[TrainingPlanViewModel] [DEBUG]   current_week_plan_id: plan_123_1
[TrainingPlanViewModel] [DEBUG]   previous_week_summary_id: null
[TrainingPlanViewModel] [DEBUG]   next_week_info: null
[TrainingPlanViewModel] [DEBUG] ========================================
[TrainingPlanViewModel] [DEBUG] [TrainingPlanVM] loadWorkoutsForCurrentWeek - selectedWeek: 2
[TrainingPlanViewModel] [DEBUG] [TrainingPlanVM] loadWorkoutsForCurrentWeek - trainingOverview: ✅ 存在
[TrainingPlanViewModel] [DEBUG] [TrainingPlanVM] loadWorkoutsForCurrentWeek - cachedAllWorkouts: 0 筆
[TrainingPlanViewModel] [DEBUG] [TrainingPlanVM] loadWorkoutsForCurrentWeek - overview.id: plan_123, createdAt: 2024-01-15T10:00:00Z
[TrainingPlanViewModel] [DEBUG] [TrainingPlanVM] Loading workouts from 2024-01-21 15:00:00 +0000 to 2024-01-28 14:59:59 +0000
[TrainingPlanViewModel] [DEBUG] [TrainingPlanVM] 記憶體緩存為空，從 Repository 載入
[LoadWeeklyWorkoutsUseCase] [DEBUG] [LoadWeeklyWorkoutsUseCase] Loading workouts from 2024-01-21 15:00:00 +0000 to 2024-01-28 14:59:59 +0000
[LoadWeeklyWorkoutsUseCase] [DEBUG] [LoadWeeklyWorkoutsUseCase] Found 0 workouts in week
[LoadWeeklyWorkoutsUseCase] [DEBUG] [LoadWeeklyWorkoutsUseCase] Grouped into days: []
[TrainingPlanViewModel] [DEBUG] [TrainingPlanVM] Grouped workouts: []
[TrainingPlanViewModel] [DEBUG] [TrainingPlanVM] Calculating metrics for week 2
[AggregateWorkoutMetricsUseCase] [DEBUG] [AggregateWorkoutMetricsUseCase] Calculating metrics from 2024-01-21 15:00:00 +0000 to 2024-01-28 14:59:59 +0000
[AggregateWorkoutMetricsUseCase] [DEBUG] [AggregateWorkoutMetricsUseCase] Distance: 0.0 km, Intensity - low: 0.0, medium: 0.0, high: 0.0
[TrainingPlanViewModel] [DEBUG] [TrainingPlanVM] Week metrics - Distance: 0.0 km, Intensity: low=0.0, medium=0.0, high=0.0
[TrainingPlanViewModel] [DEBUG] [TrainingPlanVM] ✅ 最終確認 planStatus (selectedWeek: 2, state: loaded(paceriz_dev.WeeklyPlan(id: "plan_123_2", purpose: "Building week", weekOfPlan: 2, totalWeeks: 12, totalDistance: 35.0, totalDistanceReason: nil, designReason: nil, days: [paceriz_dev.TrainingDay(dayIndex: "1", dayTarget: "Easy 6km run", reason: nil, tips: nil, trainingType: "easy_run", trainingDetails: nil)], intensityTotalMinutes: nil, createdAtString: nil)))
Test Case '-[HavitalTests.TrainingPlanViewModelTests testGenerateNextWeekPlan_Success_UpdatesStatus]' passed (0.003 seconds).
Test Case '-[HavitalTests.TrainingPlanViewModelTests testGetDateForDay_NoOverview_ReturnsNil]' started.
[TrainingPlanViewModel] [ERROR] [TrainingPlanVM] No training overview available for date calculation
[TrainingPlanViewModel] [DEBUG] [TrainingPlanVM] selectedWeek 變更為 1，觸發 UI 更新
[TrainingPlanViewModel] [DEBUG] [TrainingPlanVM] showSummarySheet 變更為 false，觸發 UI 更新
[TrainingPlanViewModel] [DEBUG] [TrainingPlanVM] summaryState 變更為 empty，觸發 UI 更新
Test Case '-[HavitalTests.TrainingPlanViewModelTests testGetDateForDay_NoOverview_ReturnsNil]' passed (0.000 seconds).
Test Case '-[HavitalTests.TrainingPlanViewModelTests testInitialize_CreatePlanAction_SetsNoPlan]' started.
[TrainingPlanViewModel] [DEBUG] [TrainingPlanVM] selectedWeek 變更為 1，觸發 UI 更新
[TrainingPlanViewModel] [DEBUG] [TrainingPlanVM] showSummarySheet 變更為 false，觸發 UI 更新
[TrainingPlanViewModel] [DEBUG] [TrainingPlanVM] summaryState 變更為 empty，觸發 UI 更新
[TrainingPlanViewModel] [DEBUG] [TrainingPlanVM] 🚀 Starting initialization...
[TrainingPlanViewModel] [DEBUG] [TrainingPlanVM] Step 0: Ensuring workout data is loaded...
[TrainingPlanViewModel] [DEBUG] [TrainingPlanVM] ✅ Workout data refreshed via WorkoutRepository, cached 0 workouts
[TrainingPlanViewModel] [DEBUG] [TrainingPlanVM] Step 1: Loading plan status...
[TrainingPlanViewModel] [DEBUG] [TrainingPlanVM] Loading plan status (skipCache: false, shouldResetSelectedWeek: true)
[TrainingPlanViewModel] [DEBUG] [TrainingPlanVM] ✅ currentWeek 更新: 1 → 2
[TrainingPlanViewModel] [DEBUG] [TrainingPlanVM] selectedWeek reset to currentWeek: 2
[TrainingPlanViewModel] [DEBUG] ========================================
[TrainingPlanViewModel] [DEBUG] [TrainingPlanVM] 📊 Plan Status API 回應:
[TrainingPlanViewModel] [DEBUG]   current_week: 2
[TrainingPlanViewModel] [DEBUG]   total_weeks: 12
[TrainingPlanViewModel] [DEBUG]   next_action: createPlan
[TrainingPlanViewModel] [DEBUG]   can_generate_next_week: false
[TrainingPlanViewModel] [DEBUG]   current_week_plan_id: null
[TrainingPlanViewModel] [DEBUG]   previous_week_summary_id: null
[TrainingPlanViewModel] [DEBUG]   next_week_info: null
[TrainingPlanViewModel] [DEBUG] ========================================
[TrainingPlanViewModel] [DEBUG] [TrainingPlanVM] ✅ Plan status loaded: nextAction=createPlan
[TrainingPlanViewModel] [DEBUG] [TrainingPlanVM] Step 2: Loading training overview...
[TrainingPlanViewModel] [DEBUG] [TrainingPlanVM] selectedWeek 變更為 2，觸發 UI 更新
[WeeklyPlanViewModel] [DEBUG] [WeeklyPlanVM] Overview loaded: plan_123
[TrainingPlanViewModel] [DEBUG] [TrainingPlanVM] ✅ Training overview loaded: id=plan_123
[TrainingPlanViewModel] [DEBUG] [TrainingPlanVM] No plan to view (nextAction: createPlan)
[TrainingPlanViewModel] [DEBUG] [TrainingPlanVM] ✅ 初始化完成，通知監聽器已啟用
Test Case '-[HavitalTests.TrainingPlanViewModelTests testInitialize_CreatePlanAction_SetsNoPlan]' passed (0.001 seconds).
Test Case '-[HavitalTests.TrainingPlanViewModelTests testInitialize_NoStatus_SetsNoPlan]' started.
[TrainingPlanViewModel] [DEBUG] [TrainingPlanVM] selectedWeek 變更為 1，觸發 UI 更新
[TrainingPlanViewModel] [DEBUG] [TrainingPlanVM] showSummarySheet 變更為 false，觸發 UI 更新
[TrainingPlanViewModel] [DEBUG] [TrainingPlanVM] summaryState 變更為 empty，觸發 UI 更新
[TrainingPlanViewModel] [DEBUG] [TrainingPlanVM] 🚀 Starting initialization...
[TrainingPlanViewModel] [DEBUG] [TrainingPlanVM] Step 0: Ensuring workout data is loaded...
[TrainingPlanViewModel] [DEBUG] [TrainingPlanVM] ✅ Workout data refreshed via WorkoutRepository, cached 0 workouts
[TrainingPlanViewModel] [DEBUG] [TrainingPlanVM] Step 1: Loading plan status...
[TrainingPlanViewModel] [DEBUG] [TrainingPlanVM] Loading plan status (skipCache: false, shouldResetSelectedWeek: true)
[TrainingPlanViewModel] [ERROR] [TrainingPlanVM] Failed to load plan status: The operation couldn’t be completed. (paceriz_dev.TrainingPlanError error 5.)
[TrainingPlanViewModel] [ERROR] [TrainingPlanVM] ❌ No plan status response
Test Case '-[HavitalTests.TrainingPlanViewModelTests testInitialize_NoStatus_SetsNoPlan]' passed (0.001 seconds).
Test Case '-[HavitalTests.TrainingPlanViewModelTests testInitialize_WhenV2User_DoesNotCallV1Repository]' started.
[TrainingPlanViewModel] [DEBUG] [TrainingPlanVM] selectedWeek 變更為 1，觸發 UI 更新
[TrainingPlanViewModel] [DEBUG] [TrainingPlanVM] showSummarySheet 變更為 false，觸發 UI 更新
[TrainingPlanViewModel] [DEBUG] [TrainingPlanVM] summaryState 變更為 empty，觸發 UI 更新
[TrainingPlanViewModel] [DEBUG] [TrainingPlanVM] selectedWeek 變更為 1，觸發 UI 更新
[TrainingPlanViewModel] [DEBUG] [TrainingPlanVM] showSummarySheet 變更為 false，觸發 UI 更新
[TrainingPlanViewModel] [DEBUG] [TrainingPlanVM] summaryState 變更為 empty，觸發 UI 更新
[TrainingPlanViewModel] [WARN] [FirebaseLogging] v2_user_entered_v1_training_plan_vm
Test Case '-[HavitalTests.TrainingPlanViewModelTests testInitialize_WhenV2User_DoesNotCallV1Repository]' passed (0.001 seconds).
Test Case '-[HavitalTests.TrainingPlanViewModelTests testInitialize_WithViewPlanAction_LoadsAllData]' started.
[AuthSessionRepositoryImpl] [ERROR] [AuthSession] ❌ Failed to get ID Token: 登入憑證已過期
[FirebaseLogging] 上傳失敗: 登入憑證已過期
[TrainingPlanViewModel] [DEBUG] [TrainingPlanVM] selectedWeek 變更為 1，觸發 UI 更新
[TrainingPlanViewModel] [DEBUG] [TrainingPlanVM] showSummarySheet 變更為 false，觸發 UI 更新
[TrainingPlanViewModel] [DEBUG] [TrainingPlanVM] summaryState 變更為 empty，觸發 UI 更新
[TrainingPlanViewModel] [DEBUG] [TrainingPlanVM] 🚀 Starting initialization...
[TrainingPlanViewModel] [DEBUG] [TrainingPlanVM] Step 0: Ensuring workout data is loaded...
[TrainingPlanViewModel] [DEBUG] [TrainingPlanVM] ✅ Workout data refreshed via WorkoutRepository, cached 0 workouts
[TrainingPlanViewModel] [DEBUG] [TrainingPlanVM] Step 1: Loading plan status...
[TrainingPlanViewModel] [DEBUG] [TrainingPlanVM] Loading plan status (skipCache: false, shouldResetSelectedWeek: true)
[TrainingPlanViewModel] [DEBUG] [TrainingPlanVM] ✅ currentWeek 更新: 1 → 1
[TrainingPlanViewModel] [DEBUG] [TrainingPlanVM] selectedWeek reset to currentWeek: 1
[TrainingPlanViewModel] [DEBUG] ========================================
[TrainingPlanViewModel] [DEBUG] [TrainingPlanVM] 📊 Plan Status API 回應:
[TrainingPlanViewModel] [DEBUG]   current_week: 1
[TrainingPlanViewModel] [DEBUG]   total_weeks: 12
[TrainingPlanViewModel] [DEBUG]   next_action: viewPlan
[TrainingPlanViewModel] [DEBUG]   can_generate_next_week: false
[TrainingPlanViewModel] [DEBUG]   current_week_plan_id: plan_123_1
[TrainingPlanViewModel] [DEBUG]   previous_week_summary_id: null
[TrainingPlanViewModel] [DEBUG]   next_week_info: null
[TrainingPlanViewModel] [DEBUG] ========================================
[TrainingPlanViewModel] [DEBUG] [TrainingPlanVM] ✅ Plan status loaded: nextAction=viewPlan
[TrainingPlanViewModel] [DEBUG] [TrainingPlanVM] Step 2: Loading training overview...
[TrainingPlanViewModel] [DEBUG] [TrainingPlanVM] selectedWeek 變更為 1，觸發 UI 更新
[WeeklyPlanViewModel] [DEBUG] [WeeklyPlanVM] Overview loaded: plan_123
[TrainingPlanViewModel] [DEBUG] [TrainingPlanVM] ✅ Training overview loaded: id=plan_123
[TrainingPlanViewModel] [DEBUG] [TrainingPlanVM] Step 3: Loading weekly plan...
[WeeklyPlanViewModel] [DEBUG] [WeeklyPlanVM] 📤 開始載入週計畫 - selectedWeek: 1, currentWeek: 1
[WeeklyPlanViewModel] [DEBUG] [WeeklyPlanVM] 🔄 載入計畫 - planId: plan_123_1
[WeeklyPlanViewModel] [DEBUG] [WeeklyPlanVM] 📥 收到週計畫 - plan.id: plan_123_1, plan.weekOfPlan: 1
[WeeklyPlanViewModel] [DEBUG] [WeeklyPlanVM] 📥 計畫內容 - totalDistance: 30.0, days count: 1
[WeeklyPlanViewModel] [DEBUG] [WeeklyPlanVM] ✅ Weekly plan loaded: plan_123_1
[TrainingPlanViewModel] [DEBUG] [TrainingPlanVM] Step 4: Loading workouts for current week...
[TrainingPlanViewModel] [DEBUG] [TrainingPlanVM] loadWorkoutsForCurrentWeek - selectedWeek: 1
[TrainingPlanViewModel] [DEBUG] [TrainingPlanVM] loadWorkoutsForCurrentWeek - trainingOverview: ✅ 存在
[TrainingPlanViewModel] [DEBUG] [TrainingPlanVM] loadWorkoutsForCurrentWeek - cachedAllWorkouts: 0 筆
[TrainingPlanViewModel] [DEBUG] [TrainingPlanVM] loadWorkoutsForCurrentWeek - overview.id: plan_123, createdAt: 2024-01-15T10:00:00Z
[TrainingPlanViewModel] [DEBUG] [TrainingPlanVM] Loading workouts from 2024-01-14 15:00:00 +0000 to 2024-01-21 14:59:59 +0000
[TrainingPlanViewModel] [DEBUG] [TrainingPlanVM] 記憶體緩存為空，從 Repository 載入
[LoadWeeklyWorkoutsUseCase] [DEBUG] [LoadWeeklyWorkoutsUseCase] Loading workouts from 2024-01-14 15:00:00 +0000 to 2024-01-21 14:59:59 +0000
[LoadWeeklyWorkoutsUseCase] [DEBUG] [LoadWeeklyWorkoutsUseCase] Found 0 workouts in week
[LoadWeeklyWorkoutsUseCase] [DEBUG] [LoadWeeklyWorkoutsUseCase] Grouped into days: []
[TrainingPlanViewModel] [DEBUG] [TrainingPlanVM] Grouped workouts: []
[TrainingPlanViewModel] [DEBUG] [TrainingPlanVM] Calculating metrics for week 1
[AggregateWorkoutMetricsUseCase] [DEBUG] [AggregateWorkoutMetricsUseCase] Calculating metrics from 2024-01-14 15:00:00 +0000 to 2024-01-21 14:59:59 +0000
[AggregateWorkoutMetricsUseCase] [DEBUG] [AggregateWorkoutMetricsUseCase] Distance: 0.0 km, Intensity - low: 0.0, medium: 0.0, high: 0.0
[TrainingPlanViewModel] [DEBUG] [TrainingPlanVM] Week metrics - Distance: 0.0 km, Intensity: low=0.0, medium=0.0, high=0.0
[TrainingPlanViewModel] [DEBUG] [TrainingPlanVM] ✅ Workouts loaded: 0 workouts
[TrainingPlanViewModel] [DEBUG] [TrainingPlanVM] ✅ All data loaded, UI ready to display
[TrainingPlanViewModel] [DEBUG] [TrainingPlanVM] ✅ 初始化完成，通知監聽器已啟用
[TrainingPlanViewModel] [DEBUG] [TrainingPlanVM] Step 5: Re-loading workouts to fix race condition...
[TrainingPlanViewModel] [DEBUG] [TrainingPlanVM] loadWorkoutsForCurrentWeek - selectedWeek: 1
[TrainingPlanViewModel] [DEBUG] [TrainingPlanVM] loadWorkoutsForCurrentWeek - trainingOverview: ✅ 存在
[TrainingPlanViewModel] [DEBUG] [TrainingPlanVM] loadWorkoutsForCurrentWeek - cachedAllWorkouts: 0 筆
[TrainingPlanViewModel] [DEBUG] [TrainingPlanVM] loadWorkoutsForCurrentWeek - overview.id: plan_123, createdAt: 2024-01-15T10:00:00Z
[TrainingPlanViewModel] [DEBUG] [TrainingPlanVM] Loading workouts from 2024-01-14 15:00:00 +0000 to 2024-01-21 14:59:59 +0000
[TrainingPlanViewModel] [DEBUG] [TrainingPlanVM] 記憶體緩存為空，從 Repository 載入
[LoadWeeklyWorkoutsUseCase] [DEBUG] [LoadWeeklyWorkoutsUseCase] Loading workouts from 2024-01-14 15:00:00 +0000 to 2024-01-21 14:59:59 +0000
[LoadWeeklyWorkoutsUseCase] [DEBUG] [LoadWeeklyWorkoutsUseCase] Found 0 workouts in week
[LoadWeeklyWorkoutsUseCase] [DEBUG] [LoadWeeklyWorkoutsUseCase] Grouped into days: []
[TrainingPlanViewModel] [DEBUG] [TrainingPlanVM] Grouped workouts: []
[TrainingPlanViewModel] [DEBUG] [TrainingPlanVM] Calculating metrics for week 1
[AggregateWorkoutMetricsUseCase] [DEBUG] [AggregateWorkoutMetricsUseCase] Calculating metrics from 2024-01-14 15:00:00 +0000 to 2024-01-21 14:59:59 +0000
[AggregateWorkoutMetricsUseCase] [DEBUG] [AggregateWorkoutMetricsUseCase] Distance: 0.0 km, Intensity - low: 0.0, medium: 0.0, high: 0.0
[TrainingPlanViewModel] [DEBUG] [TrainingPlanVM] Week metrics - Distance: 0.0 km, Intensity: low=0.0, medium=0.0, high=0.0
[TrainingPlanViewModel] [DEBUG] [TrainingPlanVM] ✅ 競態條件修復：重新載入 workouts 完成，total=0
Test Case '-[HavitalTests.TrainingPlanViewModelTests testInitialize_WithViewPlanAction_LoadsAllData]' passed (0.004 seconds).
Test Case '-[HavitalTests.TrainingPlanViewModelTests testIsLoading_FalseWhenWeeklyPlanVMReady]' started.
[TrainingPlanViewModel] [DEBUG] [TrainingPlanVM] selectedWeek 變更為 1，觸發 UI 更新
[TrainingPlanViewModel] [DEBUG] [TrainingPlanVM] showSummarySheet 變更為 false，觸發 UI 更新
[TrainingPlanViewModel] [DEBUG] [TrainingPlanVM] summaryState 變更為 empty，觸發 UI 更新
[TrainingPlanViewModel] [DEBUG] [TrainingPlanVM] summaryState 變更為 empty，觸發 UI 更新
Test Case '-[HavitalTests.TrainingPlanViewModelTests testIsLoading_FalseWhenWeeklyPlanVMReady]' passed (0.000 seconds).
Test Case '-[HavitalTests.TrainingPlanViewModelTests testIsLoading_TrueWhenWeeklyPlanVMLoading]' started.
[TrainingPlanViewModel] [DEBUG] [TrainingPlanVM] selectedWeek 變更為 1，觸發 UI 更新
[TrainingPlanViewModel] [DEBUG] [TrainingPlanVM] showSummarySheet 變更為 false，觸發 UI 更新
[TrainingPlanViewModel] [DEBUG] [TrainingPlanVM] summaryState 變更為 empty，觸發 UI 更新
Test Case '-[HavitalTests.TrainingPlanViewModelTests testIsLoading_TrueWhenWeeklyPlanVMLoading]' passed (0.000 seconds).
Test Case '-[HavitalTests.TrainingPlanViewModelTests testIsToday_ReturnsFalseForYesterday]' started.
[TrainingPlanViewModel] [DEBUG] [TrainingPlanVM] selectedWeek 變更為 1，觸發 UI 更新
[TrainingPlanViewModel] [DEBUG] [TrainingPlanVM] showSummarySheet 變更為 false，觸發 UI 更新
[TrainingPlanViewModel] [DEBUG] [TrainingPlanVM] summaryState 變更為 empty，觸發 UI 更新
Test Case '-[HavitalTests.TrainingPlanViewModelTests testIsToday_ReturnsFalseForYesterday]' passed (0.000 seconds).
Test Case '-[HavitalTests.TrainingPlanViewModelTests testIsToday_ReturnsTrueForToday]' started.
[TrainingPlanViewModel] [DEBUG] [TrainingPlanVM] selectedWeek 變更為 1，觸發 UI 更新
[TrainingPlanViewModel] [DEBUG] [TrainingPlanVM] showSummarySheet 變更為 false，觸發 UI 更新
[TrainingPlanViewModel] [DEBUG] [TrainingPlanVM] summaryState 變更為 empty，觸發 UI 更新
Test Case '-[HavitalTests.TrainingPlanViewModelTests testIsToday_ReturnsTrueForToday]' passed (0.000 seconds).
Test Case '-[HavitalTests.TrainingPlanViewModelTests testLoadPlanStatus_Error_SetsNetworkError]' started.
[TrainingPlanViewModel] [DEBUG] [TrainingPlanVM] selectedWeek 變更為 1，觸發 UI 更新
[TrainingPlanViewModel] [DEBUG] [TrainingPlanVM] showSummarySheet 變更為 false，觸發 UI 更新
[TrainingPlanViewModel] [DEBUG] [TrainingPlanVM] summaryState 變更為 empty，觸發 UI 更新
[TrainingPlanViewModel] [DEBUG] [TrainingPlanVM] Loading plan status (skipCache: false, shouldResetSelectedWeek: false)
[TrainingPlanViewModel] [ERROR] [TrainingPlanVM] Failed to load plan status: The operation couldn’t be completed. (test error -1.)
Test Case '-[HavitalTests.TrainingPlanViewModelTests testLoadPlanStatus_Error_SetsNetworkError]' passed (0.001 seconds).
Test Case '-[HavitalTests.TrainingPlanViewModelTests testLoadPlanStatus_SkipCache_RefreshesPlanStatus]' started.
[TrainingPlanViewModel] [DEBUG] [TrainingPlanVM] selectedWeek 變更為 1，觸發 UI 更新
[TrainingPlanViewModel] [DEBUG] [TrainingPlanVM] showSummarySheet 變更為 false，觸發 UI 更新
[TrainingPlanViewModel] [DEBUG] [TrainingPlanVM] summaryState 變更為 empty，觸發 UI 更新
[TrainingPlanViewModel] [DEBUG] [TrainingPlanVM] Loading plan status (skipCache: true, shouldResetSelectedWeek: false)
[TrainingPlanViewModel] [DEBUG] [TrainingPlanVM] ✅ currentWeek 更新: 1 → 1
[TrainingPlanViewModel] [DEBUG] [TrainingPlanVM] selectedWeek preserved: 1
[TrainingPlanViewModel] [DEBUG] ========================================
[TrainingPlanViewModel] [DEBUG] [TrainingPlanVM] 📊 Plan Status API 回應:
[TrainingPlanViewModel] [DEBUG]   current_week: 1
[TrainingPlanViewModel] [DEBUG]   total_weeks: 12
[TrainingPlanViewModel] [DEBUG]   next_action: viewPlan
[TrainingPlanViewModel] [DEBUG]   can_generate_next_week: false
[TrainingPlanViewModel] [DEBUG]   current_week_plan_id: plan_123_1
[TrainingPlanViewModel] [DEBUG]   previous_week_summary_id: null
[TrainingPlanViewModel] [DEBUG]   next_week_info: null
[TrainingPlanViewModel] [DEBUG] ========================================
Test Case '-[HavitalTests.TrainingPlanViewModelTests testLoadPlanStatus_SkipCache_RefreshesPlanStatus]' passed (0.001 seconds).
Test Case '-[HavitalTests.TrainingPlanViewModelTests testLoadPlanStatus_Success_UpdatesState]' started.
[TrainingPlanViewModel] [DEBUG] [TrainingPlanVM] selectedWeek 變更為 1，觸發 UI 更新
[TrainingPlanViewModel] [DEBUG] [TrainingPlanVM] showSummarySheet 變更為 false，觸發 UI 更新
[TrainingPlanViewModel] [DEBUG] [TrainingPlanVM] summaryState 變更為 empty，觸發 UI 更新
[TrainingPlanViewModel] [DEBUG] [TrainingPlanVM] Loading plan status (skipCache: false, shouldResetSelectedWeek: false)
[TrainingPlanViewModel] [DEBUG] [TrainingPlanVM] ✅ currentWeek 更新: 1 → 1
[TrainingPlanViewModel] [DEBUG] [TrainingPlanVM] selectedWeek preserved: 1
[TrainingPlanViewModel] [DEBUG] ========================================
[TrainingPlanViewModel] [DEBUG] [TrainingPlanVM] 📊 Plan Status API 回應:
[TrainingPlanViewModel] [DEBUG]   current_week: 1
[TrainingPlanViewModel] [DEBUG]   total_weeks: 12
[TrainingPlanViewModel] [DEBUG]   next_action: viewPlan
[TrainingPlanViewModel] [DEBUG]   can_generate_next_week: false
[TrainingPlanViewModel] [DEBUG]   current_week_plan_id: plan_123_1
[TrainingPlanViewModel] [DEBUG]   previous_week_summary_id: null
[TrainingPlanViewModel] [DEBUG]   next_week_info: null
[TrainingPlanViewModel] [DEBUG] ========================================
Test Case '-[HavitalTests.TrainingPlanViewModelTests testLoadPlanStatus_Success_UpdatesState]' passed (0.001 seconds).
Test Case '-[HavitalTests.TrainingPlanViewModelTests testRefreshWeeklyPlan_Success_UpdatesAllData]' started.
[TrainingPlanViewModel] [DEBUG] [TrainingPlanVM] selectedWeek 變更為 1，觸發 UI 更新
[TrainingPlanViewModel] [DEBUG] [TrainingPlanVM] showSummarySheet 變更為 false，觸發 UI 更新
[TrainingPlanViewModel] [DEBUG] [TrainingPlanVM] summaryState 變更為 empty，觸發 UI 更新
[TrainingPlanViewModel] [DEBUG] [TrainingPlanVM] Refreshing weekly plan (manual: true)
[TrainingPlanViewModel] [DEBUG] [TrainingPlanVM] Loading plan status (skipCache: true, shouldResetSelectedWeek: false)
[TrainingPlanViewModel] [DEBUG] [TrainingPlanVM] ✅ currentWeek 更新: 1 → 1
[TrainingPlanViewModel] [DEBUG] [TrainingPlanVM] selectedWeek preserved: 1
[TrainingPlanViewModel] [DEBUG] ========================================
[TrainingPlanViewModel] [DEBUG] [TrainingPlanVM] 📊 Plan Status API 回應:
[TrainingPlanViewModel] [DEBUG]   current_week: 1
[TrainingPlanViewModel] [DEBUG]   total_weeks: 12
[TrainingPlanViewModel] [DEBUG]   next_action: viewPlan
[TrainingPlanViewModel] [DEBUG]   can_generate_next_week: false
[TrainingPlanViewModel] [DEBUG]   current_week_plan_id: plan_123_1
[TrainingPlanViewModel] [DEBUG]   previous_week_summary_id: null
[TrainingPlanViewModel] [DEBUG]   next_week_info: null
[TrainingPlanViewModel] [DEBUG] ========================================
[WeeklyPlanViewModel] [DEBUG] [WeeklyPlanVM] Successfully refreshed plan (silent: true, hadData: false)
[TrainingPlanViewModel] [DEBUG] [TrainingPlanVM] loadWorkoutsForCurrentWeek - selectedWeek: 1
[TrainingPlanViewModel] [DEBUG] [TrainingPlanVM] loadWorkoutsForCurrentWeek - trainingOverview: ✅ 存在
[TrainingPlanViewModel] [DEBUG] [TrainingPlanVM] loadWorkoutsForCurrentWeek - cachedAllWorkouts: 0 筆
[TrainingPlanViewModel] [DEBUG] [TrainingPlanVM] loadWorkoutsForCurrentWeek - overview.id: plan_123, createdAt: 2024-01-15T10:00:00Z
[TrainingPlanViewModel] [DEBUG] [TrainingPlanVM] Loading workouts from 2024-01-14 15:00:00 +0000 to 2024-01-21 14:59:59 +0000
[TrainingPlanViewModel] [DEBUG] [TrainingPlanVM] 記憶體緩存為空，從 Repository 載入
[LoadWeeklyWorkoutsUseCase] [DEBUG] [LoadWeeklyWorkoutsUseCase] Loading workouts from 2024-01-14 15:00:00 +0000 to 2024-01-21 14:59:59 +0000
[LoadWeeklyWorkoutsUseCase] [DEBUG] [LoadWeeklyWorkoutsUseCase] Found 0 workouts in week
[LoadWeeklyWorkoutsUseCase] [DEBUG] [LoadWeeklyWorkoutsUseCase] Grouped into days: []
[TrainingPlanViewModel] [DEBUG] [TrainingPlanVM] Grouped workouts: []
[TrainingPlanViewModel] [DEBUG] [TrainingPlanVM] Calculating metrics for week 1
[AggregateWorkoutMetricsUseCase] [DEBUG] [AggregateWorkoutMetricsUseCase] Calculating metrics from 2024-01-14 15:00:00 +0000 to 2024-01-21 14:59:59 +0000
[AggregateWorkoutMetricsUseCase] [DEBUG] [AggregateWorkoutMetricsUseCase] Distance: 0.0 km, Intensity - low: 0.0, medium: 0.0, high: 0.0
[TrainingPlanViewModel] [DEBUG] [TrainingPlanVM] Week metrics - Distance: 0.0 km, Intensity: low=0.0, medium=0.0, high=0.0
[TrainingPlanViewModel] [DEBUG] [TrainingPlanVM] ✅ Weekly plan refreshed (manual: true, hadData: false)
Test Case '-[HavitalTests.TrainingPlanViewModelTests testRefreshWeeklyPlan_Success_UpdatesAllData]' passed (0.002 seconds).
Test Case '-[HavitalTests.TrainingPlanViewModelTests testSelectedWeek_ReturnsFromWeeklyPlanVM]' started.
[TrainingPlanViewModel] [DEBUG] [TrainingPlanVM] selectedWeek 變更為 1，觸發 UI 更新
[TrainingPlanViewModel] [DEBUG] [TrainingPlanVM] showSummarySheet 變更為 false，觸發 UI 更新
[TrainingPlanViewModel] [DEBUG] [TrainingPlanVM] summaryState 變更為 empty，觸發 UI 更新
[TrainingPlanViewModel] [DEBUG] [TrainingPlanVM] selectedWeek 變更為 3，觸發 UI 更新
Test Case '-[HavitalTests.TrainingPlanViewModelTests testSelectedWeek_ReturnsFromWeeklyPlanVM]' passed (0.000 seconds).
Test Case '-[HavitalTests.TrainingPlanViewModelTests testTrainingOverview_ReturnsFromWeeklyPlanVM]' started.
[TrainingPlanViewModel] [DEBUG] [TrainingPlanVM] selectedWeek 變更為 1，觸發 UI 更新
[TrainingPlanViewModel] [DEBUG] [TrainingPlanVM] showSummarySheet 變更為 false，觸發 UI 更新
[TrainingPlanViewModel] [DEBUG] [TrainingPlanVM] summaryState 變更為 empty，觸發 UI 更新
Test Case '-[HavitalTests.TrainingPlanViewModelTests testTrainingOverview_ReturnsFromWeeklyPlanVM]' passed (0.000 seconds).
Test Case '-[HavitalTests.TrainingPlanViewModelTests testWeekdayName_ReturnsCorrectName]' started.
[TrainingPlanViewModel] [DEBUG] [TrainingPlanVM] selectedWeek 變更為 1，觸發 UI 更新
[TrainingPlanViewModel] [DEBUG] [TrainingPlanVM] showSummarySheet 變更為 false，觸發 UI 更新
[TrainingPlanViewModel] [DEBUG] [TrainingPlanVM] summaryState 變更為 empty，觸發 UI 更新
Test Case '-[HavitalTests.TrainingPlanViewModelTests testWeekdayName_ReturnsCorrectName]' passed (0.001 seconds).
Test Suite 'TrainingPlanViewModelTests' passed at 2026-08-29 15:40:14.674.
	 Executed 28 tests, with 0 failures (0 unexpected) in 0.031 (0.038) seconds
Test Suite 'TrainingReadinessViewModelTests' started at 2026-08-29 15:40:14.674.
Test Case '-[HavitalTests.TrainingReadinessViewModelTests testComputedProperties_WhenNoData_ReturnsFallbackValues]' started.
Test Case '-[HavitalTests.TrainingReadinessViewModelTests testComputedProperties_WhenNoData_ReturnsFallbackValues]' passed (0.003 seconds).
Test Case '-[HavitalTests.TrainingReadinessViewModelTests testDataStatusDescription_PrioritizesLoadingThenErrorThenDataState]' started.
Test Case '-[HavitalTests.TrainingReadinessViewModelTests testDataStatusDescription_PrioritizesLoadingThenErrorThenDataState]' passed (0.000 seconds).
Test Case '-[HavitalTests.TrainingReadinessViewModelTests testInit_SyncsInitialManagerState]' started.
Test Case '-[HavitalTests.TrainingReadinessViewModelTests testInit_SyncsInitialManagerState]' passed (0.000 seconds).
Test Case '-[HavitalTests.TrainingReadinessViewModelTests testMetricHelpers_AndFormattingWorkAsExpected]' started.
Test Case '-[HavitalTests.TrainingReadinessViewModelTests testMetricHelpers_AndFormattingWorkAsExpected]' passed (0.013 seconds).
Test Case '-[HavitalTests.TrainingReadinessViewModelTests testObserverBinding_UpdatesWhenManagerChanges]' started.
Test Case '-[HavitalTests.TrainingReadinessViewModelTests testObserverBinding_UpdatesWhenManagerChanges]' passed (0.052 seconds).
Test Suite 'TrainingReadinessViewModelTests' passed at 2026-08-29 15:40:14.743.
	 Executed 5 tests, with 0 failures (0 unexpected) in 0.069 (0.070) seconds
Test Suite 'TrainingRecordViewModelRefreshTests' started at 2026-08-29 15:40:14.744.
Test Case '-[HavitalTests.TrainingRecordViewModelRefreshTests testRefreshDoesNotTruncateAlreadyLoadedWorkouts]' started.
[TrainingRecordViewModel] [DEBUG] [TrainingRecordViewModel] 已從 Repository 同步 5 筆記錄
[TrainingRecordViewModel] [DEBUG] [TrainingRecordViewModel] 初始化完成 - Clean Architecture 模式
[TrainingRecordViewModel] [DEBUG] [TrainingRecordViewModel] loadWorkouts - 使用 Repository 雙軌緩存
[TrainingRecordViewModel] [DEBUG] [TrainingRecordViewModel] 載入完成，數量: 5
[TrainingRecordViewModel] [DEBUG] [TrainingRecordViewModel] 刷新完成，本次取得: 2，合併後總計: 5
[TrainingRecordViewModel] [DEBUG] [TrainingRecordViewModel] 被釋放
Test Case '-[HavitalTests.TrainingRecordViewModelRefreshTests testRefreshDoesNotTruncateAlreadyLoadedWorkouts]' passed (0.018 seconds).
Test Case '-[HavitalTests.TrainingRecordViewModelRefreshTests testRefreshDropsWorkoutsDeletedWithinRefreshedPage]' started.
[TrainingRecordViewModel] [DEBUG] [TrainingRecordViewModel] 已從 Repository 同步 5 筆記錄
[TrainingRecordViewModel] [DEBUG] [TrainingRecordViewModel] 初始化完成 - Clean Architecture 模式
[TrainingRecordViewModel] [DEBUG] [TrainingRecordViewModel] loadWorkouts - 使用 Repository 雙軌緩存
[TrainingRecordViewModel] [DEBUG] [TrainingRecordViewModel] 載入完成，數量: 5
[TrainingRecordViewModel] [DEBUG] [TrainingRecordViewModel] 刷新完成，本次取得: 3，合併後總計: 4
[TrainingRecordViewModel] [DEBUG] [TrainingRecordViewModel] 被釋放
Test Case '-[HavitalTests.TrainingRecordViewModelRefreshTests testRefreshDropsWorkoutsDeletedWithinRefreshedPage]' passed (0.014 seconds).
Test Case '-[HavitalTests.TrainingRecordViewModelRefreshTests testRefreshKeepsSameTimestampWorkoutOutsidePage]' started.
[TrainingRecordViewModel] [DEBUG] [TrainingRecordViewModel] 已從 Repository 同步 4 筆記錄
[TrainingRecordViewModel] [DEBUG] [TrainingRecordViewModel] 初始化完成 - Clean Architecture 模式
[TrainingRecordViewModel] [DEBUG] [TrainingRecordViewModel] loadWorkouts - 使用 Repository 雙軌緩存
[TrainingRecordViewModel] [DEBUG] [TrainingRecordViewModel] 載入完成，數量: 4
[TrainingRecordViewModel] [DEBUG] [TrainingRecordViewModel] 刷新完成，本次取得: 2，合併後總計: 4
[TrainingRecordViewModel] [DEBUG] [TrainingRecordViewModel] 被釋放
Test Case '-[HavitalTests.TrainingRecordViewModelRefreshTests testRefreshKeepsSameTimestampWorkoutOutsidePage]' passed (0.008 seconds).
Test Case '-[HavitalTests.TrainingRecordViewModelRefreshTests testRefreshMergesNewestWorkoutIntoExistingList]' started.
[TrainingRecordViewModel] [DEBUG] [TrainingRecordViewModel] 已從 Repository 同步 3 筆記錄
[TrainingRecordViewModel] [DEBUG] [TrainingRecordViewModel] 初始化完成 - Clean Architecture 模式
[TrainingRecordViewModel] [DEBUG] [TrainingRecordViewModel] loadWorkouts - 使用 Repository 雙軌緩存
[TrainingRecordViewModel] [DEBUG] [TrainingRecordViewModel] 載入完成，數量: 3
[TrainingRecordViewModel] [DEBUG] [TrainingRecordViewModel] 刷新完成，本次取得: 1，合併後總計: 4
[TrainingRecordViewModel] [DEBUG] [TrainingRecordViewModel] 被釋放
Test Case '-[HavitalTests.TrainingRecordViewModelRefreshTests testRefreshMergesNewestWorkoutIntoExistingList]' passed (0.005 seconds).
Test Case '-[HavitalTests.TrainingRecordViewModelRefreshTests testRefreshWithEmptyResponseKeepsExistingWorkouts]' started.
[TrainingRecordViewModel] [DEBUG] [TrainingRecordViewModel] 已從 Repository 同步 3 筆記錄
[TrainingRecordViewModel] [DEBUG] [TrainingRecordViewModel] 初始化完成 - Clean Architecture 模式
[TrainingRecordViewModel] [DEBUG] [TrainingRecordViewModel] loadWorkouts - 使用 Repository 雙軌緩存
[TrainingRecordViewModel] [DEBUG] [TrainingRecordViewModel] 載入完成，數量: 3
[TrainingRecordViewModel] [DEBUG] [TrainingRecordViewModel] 刷新完成，本次取得: 0，合併後總計: 3
[TrainingRecordViewModel] [DEBUG] [TrainingRecordViewModel] 被釋放
Test Case '-[HavitalTests.TrainingRecordViewModelRefreshTests testRefreshWithEmptyResponseKeepsExistingWorkouts]' passed (0.004 seconds).
Test Suite 'TrainingRecordViewModelRefreshTests' passed at 2026-08-29 15:40:14.794.
	 Executed 5 tests, with 0 failures (0 unexpected) in 0.050 (0.051) seconds
Test Suite 'TreadmillCorrectionTests' started at 2026-08-29 15:40:14.795.
Test Case '-[HavitalTests.TreadmillCorrectionTests testApplyTreadmillCorrection_BodyContainsRequiredFields]' started.
[WorkoutRemoteDataSource] [DEBUG] [WorkoutRemoteDataSource] applyTreadmillCorrection - id: workout_xyz
Test Case '-[HavitalTests.TreadmillCorrectionTests testApplyTreadmillCorrection_BodyContainsRequiredFields]' passed (0.003 seconds).
Test Case '-[HavitalTests.TreadmillCorrectionTests testApplyTreadmillCorrection_NetworkError_ThrowsError]' started.
[WorkoutRemoteDataSource] [DEBUG] [WorkoutRemoteDataSource] applyTreadmillCorrection - id: workout_err
Test Case '-[HavitalTests.TreadmillCorrectionTests testApplyTreadmillCorrection_NetworkError_ThrowsError]' passed (0.001 seconds).
Test Case '-[HavitalTests.TreadmillCorrectionTests testApplyTreadmillCorrection_OptionalFieldsAbsent_BodyOmitsNilKeys]' started.
[WorkoutRemoteDataSource] [DEBUG] [WorkoutRemoteDataSource] applyTreadmillCorrection - id: workout_xyz
Test Case '-[HavitalTests.TreadmillCorrectionTests testApplyTreadmillCorrection_OptionalFieldsAbsent_BodyOmitsNilKeys]' passed (0.000 seconds).
Test Case '-[HavitalTests.TreadmillCorrectionTests testApplyTreadmillCorrection_Repository_ClearsDetailCacheAndFiresRefreshSubject]' started.
[WorkoutLocalDataSource] [DEBUG] [WorkoutLocalDataSource] 初始化完成，緩存過期時間: 120.0 分鐘
[WorkoutRepositoryImpl] [DEBUG] [WorkoutRepositoryImpl] 初始化完成（雙數據源模式）
[WorkoutLocalDataSource] [DEBUG] [WorkoutLocalDataSource] saveWorkoutDetail(workout_cache_test) - 已保存到緩存
[WorkoutLocalDataSource] [DEBUG] [WorkoutLocalDataSource] getWorkoutDetail(workout_cache_test) - 緩存命中
[WorkoutRepositoryImpl] [DEBUG] [WorkoutRepositoryImpl] applyTreadmillCorrection - id: workout_cache_test
[WorkoutLocalDataSource] [DEBUG] [WorkoutLocalDataSource] clearWorkoutDetailCache(workout_cache_test) - 已清除詳情緩存
[WorkoutLocalDataSource] [DEBUG] [WorkoutLocalDataSource] saveWorkoutDetail(workout_cache_test) - 已保存到緩存
[WorkoutLocalDataSource] [DEBUG] [WorkoutLocalDataSource] removeWorkoutFromListCache(workout_cache_test) - 已從列表緩存移除
[WorkoutRepositoryImpl] [DEBUG] [WorkoutRepositoryImpl] applyTreadmillCorrection - 完成
[WorkoutLocalDataSource] [DEBUG] [WorkoutLocalDataSource] getWorkoutDetail(workout_cache_test) - 緩存命中
Test Case '-[HavitalTests.TreadmillCorrectionTests testApplyTreadmillCorrection_Repository_ClearsDetailCacheAndFiresRefreshSubject]' passed (0.011 seconds).
Test Case '-[HavitalTests.TreadmillCorrectionTests testApplyTreadmillCorrection_UsesCorrectPath]' started.
[WorkoutRemoteDataSource] [DEBUG] [WorkoutRemoteDataSource] applyTreadmillCorrection - id: workout_xyz
Test Case '-[HavitalTests.TreadmillCorrectionTests testApplyTreadmillCorrection_UsesCorrectPath]' passed (0.001 seconds).
Test Case '-[HavitalTests.TreadmillCorrectionTests testIsTreadmillCorrected_NilCorrection_ReturnsFalse]' started.
Test Case '-[HavitalTests.TreadmillCorrectionTests testIsTreadmillCorrected_NilCorrection_ReturnsFalse]' passed (0.000 seconds).
Test Case '-[HavitalTests.TreadmillCorrectionTests testIsTreadmillCorrected_TypeTreadmill_SourceUserCorrection_ReturnsTrue]' started.
Test Case '-[HavitalTests.TreadmillCorrectionTests testIsTreadmillCorrected_TypeTreadmill_SourceUserCorrection_ReturnsTrue]' passed (0.000 seconds).
Test Case '-[HavitalTests.TreadmillCorrectionTests testIsTreadmillCorrected_WrongSource_ReturnsFalse]' started.
Test Case '-[HavitalTests.TreadmillCorrectionTests testIsTreadmillCorrected_WrongSource_ReturnsFalse]' passed (0.000 seconds).
Test Case '-[HavitalTests.TreadmillCorrectionTests testIsTreadmillCorrected_WrongType_ReturnsFalse]' started.
Test Case '-[HavitalTests.TreadmillCorrectionTests testIsTreadmillCorrected_WrongType_ReturnsFalse]' passed (0.000 seconds).
Test Case '-[HavitalTests.TreadmillCorrectionTests testTreadmillCorrection_Decode_FullFields]' started.
Test Case '-[HavitalTests.TreadmillCorrectionTests testTreadmillCorrection_Decode_FullFields]' passed (0.000 seconds).
Test Case '-[HavitalTests.TreadmillCorrectionTests testTreadmillCorrection_Decode_OptionalFieldsAbsent_NilValues]' started.
Test Case '-[HavitalTests.TreadmillCorrectionTests testTreadmillCorrection_Decode_OptionalFieldsAbsent_NilValues]' passed (0.000 seconds).
Test Case '-[HavitalTests.TreadmillCorrectionTests testWorkoutV2Detail_Decode_ForcedIncludePreservesFalse]' started.
Test Case '-[HavitalTests.TreadmillCorrectionTests testWorkoutV2Detail_Decode_ForcedIncludePreservesFalse]' passed (0.002 seconds).
Test Case '-[HavitalTests.TreadmillCorrectionTests testWorkoutV2Detail_Decode_WithCorrectionField_CorrectionPresent]' started.
Test Case '-[HavitalTests.TreadmillCorrectionTests testWorkoutV2Detail_Decode_WithCorrectionField_CorrectionPresent]' passed (0.000 seconds).
Test Case '-[HavitalTests.TreadmillCorrectionTests testWorkoutV2Detail_Decode_WithoutCorrectionField_CorrectionIsNil]' started.
Test Case '-[HavitalTests.TreadmillCorrectionTests testWorkoutV2Detail_Decode_WithoutCorrectionField_CorrectionIsNil]' passed (0.000 seconds).
Test Suite 'TreadmillCorrectionTests' passed at 2026-08-29 15:40:14.818.
	 Executed 14 tests, with 0 failures (0 unexpected) in 0.021 (0.024) seconds
Test Suite 'UserPreferencesRepositoryImplTests' started at 2026-08-29 15:40:14.819.
Test Case '-[HavitalTests.UserPreferencesRepositoryImplTests testGetPreferences_CacheHit_ReturnsCachedData]' started.
[UserPreferencesRepositoryImpl] [DEBUG] [UserPreferencesRepo] getPreferences
[UserPreferencesRepositoryImpl] [DEBUG] [UserPreferencesRepo] Cache hit
[UserDefaultsAuthCache] [DEBUG] Auth cache expired or not found
Test Case '-[HavitalTests.UserPreferencesRepositoryImplTests testGetPreferences_CacheHit_ReturnsCachedData]' passed (0.000 seconds).
[UserDefaultsAuthCache] [DEBUG] Auth cache cleared
[AuthSessionRepositoryImpl] [DEBUG] [AuthSession] No valid cached user found
Test Case '-[HavitalTests.UserPreferencesRepositoryImplTests testGetPreferences_CacheMiss_FetchesFromRemote]' started.
[UserPreferencesRepositoryImpl] [DEBUG] [UserPreferencesRepo] Background refresh skipped — user logged out
[UserPreferencesRepositoryImpl] [DEBUG] [UserPreferencesRepo] getPreferences
[UserPreferencesRepositoryImpl] [DEBUG] [UserPreferencesRepo] Cache miss, fetching from API
Test Case '-[HavitalTests.UserPreferencesRepositoryImplTests testGetPreferences_CacheMiss_FetchesFromRemote]' passed (0.007 seconds).
Test Case '-[HavitalTests.UserPreferencesRepositoryImplTests testSaveVDOTData_UpdatesLocalData]' started.
[UserPreferencesRepositoryImpl] [DEBUG] [UserPreferencesRepo] Saving VDOT data
Test Case '-[HavitalTests.UserPreferencesRepositoryImplTests testSaveVDOTData_UpdatesLocalData]' passed (0.000 seconds).
Test Case '-[HavitalTests.UserPreferencesRepositoryImplTests testUpdateDataSource_UpdatesLocalData]' started.
[UserPreferencesRepositoryImpl] [DEBUG] [UserPreferencesRepo] Updating data source: Garmin
[VDOTManager] [INFO] [FirebaseLogging] VDOT 數據已清除
[VDOTManager] [INFO] [FirebaseLogging] VDOTManager 初始化
[VDOTManager] [DEBUG] VDOTManager: 本地緩存無數據
Test Case '-[HavitalTests.UserPreferencesRepositoryImplTests testUpdateDataSource_UpdatesLocalData]' passed (0.002 seconds).
Test Case '-[HavitalTests.UserPreferencesRepositoryImplTests testUpdateLanguagePreference_UpdatesRemoteAndLocal]' started.
[UserPreferencesRepositoryImpl] [DEBUG] [UserPreferencesRepo] Updating language: en
[HealthDataUploadManagerV2] [INFO] [FirebaseLogging] 設置健康數據同步
[LanguageManager] [INFO] [FirebaseLogging] Language bundle set for: en
[LanguageManager] [INFO] [FirebaseLogging] Language applied locally: en
Test Case '-[HavitalTests.UserPreferencesRepositoryImplTests testUpdateLanguagePreference_UpdatesRemoteAndLocal]' passed (0.003 seconds).
Test Case '-[HavitalTests.UserPreferencesRepositoryImplTests testUpdatePreferences_UpdatesRemoteAndLocalCache]' started.
[UserPreferencesRepositoryImpl] [DEBUG] [UserPreferencesRepo] Updating preferences
📤 [performUploadPendingData] 開始上傳待處理的健康數據
[AuthSessionRepositoryImpl] [ERROR] [AuthSession] ❌ Failed to get ID Token: Authentication token has expired.
🔐 [collectHealthDataForUpload] HRV 授權狀態: 1, 靜息心率授權狀態: 1
📤 [collectHealthDataForUpload] 總共 7 天，已上傳 0 天，待上傳 7 天
Test Case '-[HavitalTests.UserPreferencesRepositoryImplTests testUpdatePreferences_UpdatesRemoteAndLocalCache]' passed (0.001 seconds).
Test Suite 'UserPreferencesRepositoryImplTests' passed at 2026-08-29 15:40:14.834.
	 Executed 6 tests, with 0 failures (0 unexpected) in 0.014 (0.015) seconds
Test Suite 'UserPreferencesServiceTests' started at 2026-08-29 15:40:14.834.
Test Case '-[HavitalTests.UserPreferencesServiceTests testGetPreferencesDecodesAPIFieldsAndLeavesLocalFieldsNil]' started.
 HRV authorization status: 1
Test Case '-[HavitalTests.UserPreferencesServiceTests testGetPreferencesDecodesAPIFieldsAndLeavesLocalFieldsNil]' passed (0.001 seconds).
Test Case '-[HavitalTests.UserPreferencesServiceTests testUpdatePreferencesRejectsEmptyPayload]' started.
📊 [fetchRestingHeartRateData] 獲取到 0 筆靜息心率數據
 HRV raw samples count: 0, sources: []
📤 [collectHealthDataForUpload] 獲取到 0 筆 HRV 原始數據
📤 [collectHealthDataForUpload] 獲取到 0 筆靜息心率原始數據
📤 [collectHealthDataForUpload] 分組後有 0 天的 HRV 數據
📤 [collectHealthDataForUpload] 分組後有 0 天的靜息心率數據
📤 [collectHealthDataForUpload] 準備上傳 0 筆健康記錄
[HealthDataUploadManagerV2] [INFO] [FirebaseLogging] 收集健康數據完成
📤 [performUploadPendingData] 沒有需要上傳的數據
[HealthDataUploadManagerV2] [WARN] [FirebaseLogging] 背景同步任務註冊失敗: The operation couldn’t be completed. (BGTaskSchedulerErrorDomain error 1.)
Test Case '-[HavitalTests.UserPreferencesServiceTests testUpdatePreferencesRejectsEmptyPayload]' passed (0.002 seconds).
Test Case '-[HavitalTests.UserPreferencesServiceTests testUpdatePreferencesSendsOnlyProvidedFields]' started.
[HealthDataUploadManagerV2] [INFO] [FirebaseLogging] 檢測到健康數據更新
[UserPreferencesService] [INFO] 用戶偏好設定已更新: ["language": "ja-JP"]
Test Case '-[HavitalTests.UserPreferencesServiceTests testUpdatePreferencesSendsOnlyProvidedFields]' passed (0.002 seconds).
Test Suite 'UserPreferencesServiceTests' passed at 2026-08-29 15:40:14.839.
	 Executed 3 tests, with 0 failures (0 unexpected) in 0.004 (0.004) seconds
Test Suite 'UserProfileFeatureViewModelTests' started at 2026-08-29 15:40:14.839.
Test Case '-[HavitalTests.UserProfileFeatureViewModelTests testInitialize_Authenticated_LoadsData]' started.
📤 [performUploadRecentData] 開始上傳最近的健康數據
🔐 [collectHealthDataForUpload] HRV 授權狀態: 1, 靜息心率授權狀態: 1
📤 [collectHealthDataForUpload] 總共 7 天，已上傳 0 天，待上傳 7 天
 HRV authorization status: 1
 HRV raw samples count: 0, sources: []
📊 [fetchRestingHeartRateData] 獲取到 0 筆靜息心率數據
📤 [collectHealthDataForUpload] 獲取到 0 筆 HRV 原始數據
📤 [collectHealthDataForUpload] 獲取到 0 筆靜息心率原始數據
📤 [collectHealthDataForUpload] 分組後有 0 天的 HRV 數據
📤 [collectHealthDataForUpload] 分組後有 0 天的靜息心率數據
📤 [collectHealthDataForUpload] 準備上傳 0 筆健康記錄
[HealthDataUploadManagerV2] [INFO] [FirebaseLogging] 收集健康數據完成
📤 [performUploadRecentData] 沒有需要上傳的數據
[UserProfileFeatureViewModel] [DEBUG] [UserProfileVM] Initializing...
[UserProfileFeatureViewModel] [DEBUG] [UserProfileVM] Loading user profile (force: false)
[GetUserProfileUseCase] [DEBUG] [GetUserProfileUseCase] Fetching user profile (force: false)
[GetUserProfileUseCase] [DEBUG] [GetUserProfileUseCase] Success: Test User
[SyncUserPreferencesUseCase] [DEBUG] [SyncUserPreferencesUseCase] Syncing preferences from user data
📊 [forceRefreshHealthData] 強制刷新 14 天數據
[SyncUserPreferencesUseCase] [DEBUG] [SyncUserPreferencesUseCase] Data source synced: Apple Health
[SyncUserPreferencesUseCase] [DEBUG] [SyncUserPreferencesUseCase] Sync complete
[UserProfileFeatureViewModel] [DEBUG] [UserProfileVM] Profile loaded: Test User
[UserProfileFeatureViewModel] [DEBUG] [UserProfileVM] Loading heart rate zones
📊 [loadHealthDataForRange] 開始載入數據，天數: 14
[GetHeartRateZonesUseCase] [DEBUG] [GetHeartRateZonesUseCase] Fetching heart rate zones
[GetHeartRateZonesUseCase] [DEBUG] [GetHeartRateZonesUseCase] Success: 6 zones
[UserProfileFeatureViewModel] [DEBUG] [UserProfileVM] Loaded 6 zones
[UserProfileFeatureViewModel] [DEBUG] [UserProfileVM] Loading targets
[GetUserTargetsUseCase] [DEBUG] [GetUserTargetsUseCase] Fetching user targets
[GetUserTargetsUseCase] [DEBUG] [GetUserTargetsUseCase] Success: 2 targets
[UserProfileFeatureViewModel] [DEBUG] [UserProfileVM] Loaded 2 targets
[AuthSessionRepositoryImpl] [ERROR] [AuthSession] ❌ Failed to get ID Token: Authentication token has expired.
[VDOTManager] [DEBUG] VDOTManager: 本地緩存無數據
Test Case '-[HavitalTests.UserProfileFeatureViewModelTests testInitialize_Authenticated_LoadsData]' passed (0.004 seconds).
Test Case '-[HavitalTests.UserProfileFeatureViewModelTests testInitialize_Unauthenticated_DoesNotLoadData]' started.
📊 [loadHealthDataForRange] ❌ API 調用失敗: Authentication token has expired.
📊 [loadHealthDataForRange] 回退到本地 HealthKit 數據
[UserProfileFeatureViewModel] [DEBUG] [UserProfileVM] Initializing...
 HRV authorization status: 1
Test Case '-[HavitalTests.UserProfileFeatureViewModelTests testInitialize_Unauthenticated_DoesNotLoadData]' passed (0.001 seconds).
Test Case '-[HavitalTests.UserProfileFeatureViewModelTests testLoadHeartRateZones_UpdatesPublishedZones]' started.
[UserProfileFeatureViewModel] [DEBUG] [UserProfileVM] Loading heart rate zones
[GetHeartRateZonesUseCase] [DEBUG] [GetHeartRateZonesUseCase] Fetching heart rate zones
[GetHeartRateZonesUseCase] [DEBUG] [GetHeartRateZonesUseCase] Success: 6 zones
[UserProfileFeatureViewModel] [DEBUG] [UserProfileVM] Loaded 6 zones
Test Case '-[HavitalTests.UserProfileFeatureViewModelTests testLoadHeartRateZones_UpdatesPublishedZones]' passed (0.001 seconds).
 HRV raw samples count: 0, sources: []
Test Case '-[HavitalTests.UserProfileFeatureViewModelTests testLoadTargets_UpdatesPublishedTargets]' started.
📊 [getLocalHealthData] ✅ 返回 1 筆記錄（HRV: 0 天，RHR: 1 天）
[HealthDataUploadManagerV2] [WARN] [FirebaseLogging] 從 API 載入失敗，使用本地數據
[UserProfileFeatureViewModel] [DEBUG] [UserProfileVM] Loading targets
[GetUserTargetsUseCase] [DEBUG] [GetUserTargetsUseCase] Fetching user targets
[GetUserTargetsUseCase] [DEBUG] [GetUserTargetsUseCase] Success: 2 targets
[UserProfileFeatureViewModel] [DEBUG] [UserProfileVM] Loaded 2 targets
Test Case '-[HavitalTests.UserProfileFeatureViewModelTests testLoadTargets_UpdatesPublishedTargets]' passed (0.001 seconds).
Test Case '-[HavitalTests.UserProfileFeatureViewModelTests testLoadUserProfile_Failure_UpdatesErrorState]' started.
[UserProfileFeatureViewModel] [DEBUG] [UserProfileVM] Loading user profile (force: false)
[GetUserProfileUseCase] [DEBUG] [GetUserProfileUseCase] Fetching user profile (force: false)
[GetUserProfileUseCase] [ERROR] [GetUserProfileUseCase] Failed: The operation couldn’t be completed. (test error -1.)
[UserProfileFeatureViewModel] [ERROR] [UserProfileVM] Failed to load profile: Error Domain=test Code=-1 "(null)"
Test Case '-[HavitalTests.UserProfileFeatureViewModelTests testLoadUserProfile_Failure_UpdatesErrorState]' passed (0.003 seconds).
Test Case '-[HavitalTests.UserProfileFeatureViewModelTests testLoadUserProfile_Success_UpdatesState]' started.
[UserProfileFeatureViewModel] [DEBUG] [UserProfileVM] Loading user profile (force: false)
[GetUserProfileUseCase] [DEBUG] [GetUserProfileUseCase] Fetching user profile (force: false)
[GetUserProfileUseCase] [DEBUG] [GetUserProfileUseCase] Success: Test User
[SyncUserPreferencesUseCase] [DEBUG] [SyncUserPreferencesUseCase] Syncing preferences from user data
[SyncUserPreferencesUseCase] [DEBUG] [SyncUserPreferencesUseCase] Data source synced: Apple Health
[SyncUserPreferencesUseCase] [DEBUG] [SyncUserPreferencesUseCase] Sync complete
[UserProfileFeatureViewModel] [DEBUG] [UserProfileVM] Profile loaded: Test User
Test Case '-[HavitalTests.UserProfileFeatureViewModelTests testLoadUserProfile_Success_UpdatesState]' passed (0.001 seconds).
Test Case '-[HavitalTests.UserProfileFeatureViewModelTests testProfileIdentityDisplay_fallsBackToFirebaseEmailWhenProfileEmailIsBlank]' started.
Test Case '-[HavitalTests.UserProfileFeatureViewModelTests testProfileIdentityDisplay_fallsBackToFirebaseEmailWhenProfileEmailIsBlank]' passed (0.001 seconds).
Test Case '-[HavitalTests.UserProfileFeatureViewModelTests testProfileIdentityDisplay_showsApplePrivateRelayEmail]' started.
Test Case '-[HavitalTests.UserProfileFeatureViewModelTests testProfileIdentityDisplay_showsApplePrivateRelayEmail]' passed (0.000 seconds).
Test Case '-[HavitalTests.UserProfileFeatureViewModelTests testUserChangedEvent_ForceRefreshesProfileForNewAccount]' started.
[SubscriptionLocalDataSource] [DEBUG] [SubscriptionLocalDS] Cache cleared
[TargetLocalDataSource] [DEBUG] [TargetLocalDS] All caches cleared
[UserProfileLocalDataSource] [DEBUG] [UserProfileLocalDS] User profile cache cleared
[UserProfileLocalDataSource] [DEBUG] [UserProfileLocalDS] Targets cache cleared
[UserProfileLocalDataSource] [DEBUG] [UserProfileLocalDS] Heart rate zones cache cleared
[UserProfileLocalDataSource] [DEBUG] [UserProfileLocalDS] All caches cleared
[WorkoutV2CacheManager] [INFO] [FirebaseLogging] 所有 Workout V2 快取已清除
已清除儲存的週訓練回顧
[WeeklySummaryStorage] [INFO] [FirebaseLogging] 已清除週總結列表快取
[CacheEventBus] [INFO] [FirebaseLogging] 相關快取已清空
[CacheEventBus] [DEBUG] [CacheEventBus] 通知 1 個 event 訂閱者: dataChanged(paceriz_dev.DataType.user)
[UserProfileFeatureViewModel] [DEBUG] [UserProfileVM] 收到 dataChanged.user 事件，刷新目前帳號資料
[UserProfileFeatureViewModel] [DEBUG] [UserProfileVM] Loading user profile (force: true)
[GetUserProfileUseCase] [DEBUG] [GetUserProfileUseCase] Fetching user profile (force: true)
[GetUserProfileUseCase] [DEBUG] [GetUserProfileUseCase] Success: Test User
[SyncUserPreferencesUseCase] [DEBUG] [SyncUserPreferencesUseCase] Syncing preferences from user data
[SyncUserPreferencesUseCase] [DEBUG] [SyncUserPreferencesUseCase] Data source synced: Apple Health
[SyncUserPreferencesUseCase] [DEBUG] [SyncUserPreferencesUseCase] Sync complete
[UserProfileFeatureViewModel] [DEBUG] [UserProfileVM] Profile loaded: Test User
[UserProfileFeatureViewModel] [DEBUG] [UserProfileVM] Loading heart rate zones
[GetHeartRateZonesUseCase] [DEBUG] [GetHeartRateZonesUseCase] Fetching heart rate zones
[GetHeartRateZonesUseCase] [DEBUG] [GetHeartRateZonesUseCase] Success: 6 zones
[UserProfileFeatureViewModel] [DEBUG] [UserProfileVM] Loaded 6 zones
[UserProfileFeatureViewModel] [DEBUG] [UserProfileVM] Loading targets
[GetUserTargetsUseCase] [DEBUG] [GetUserTargetsUseCase] Fetching user targets
[GetUserTargetsUseCase] [DEBUG] [GetUserTargetsUseCase] Success: 2 targets
[UserProfileFeatureViewModel] [DEBUG] [UserProfileVM] Loaded 2 targets
[VDOTManager] [DEBUG] VDOTManager: 本地緩存無數據
[CalculateUserStatsUseCase] [DEBUG] [CalculateUserStatsUseCase] Calculating user statistics
[CalculateUserStatsUseCase] [DEBUG] [CalculateUserStatsUseCase] Calculating user statistics
[CalculateUserStatsUseCase] [DEBUG] [CalculateUserStatsUseCase] Success: stats calculated
[CalculateUserStatsUseCase] [DEBUG] [CalculateUserStatsUseCase] Success: stats calculated
Test Case '-[HavitalTests.UserProfileFeatureViewModelTests testUserChangedEvent_ForceRefreshesProfileForNewAccount]' passed (0.103 seconds).
Test Case '-[HavitalTests.UserProfileFeatureViewModelTests testUserLogoutEvent_ResetsUserScopedState]' started.
[UserProfileFeatureViewModel] [DEBUG] [UserProfileVM] Loading user profile (force: false)
[GetUserProfileUseCase] [DEBUG] [GetUserProfileUseCase] Fetching user profile (force: false)
[GetUserProfileUseCase] [DEBUG] [GetUserProfileUseCase] Success: Test User
[SyncUserPreferencesUseCase] [DEBUG] [SyncUserPreferencesUseCase] Syncing preferences from user data
[SyncUserPreferencesUseCase] [DEBUG] [SyncUserPreferencesUseCase] Data source synced: Apple Health
[SyncUserPreferencesUseCase] [DEBUG] [SyncUserPreferencesUseCase] Sync complete
[UserProfileFeatureViewModel] [DEBUG] [UserProfileVM] Profile loaded: Test User
[UserProfileFeatureViewModel] [DEBUG] [UserProfileVM] Loading heart rate zones
[GetHeartRateZonesUseCase] [DEBUG] [GetHeartRateZonesUseCase] Fetching heart rate zones
[GetHeartRateZonesUseCase] [DEBUG] [GetHeartRateZonesUseCase] Success: 6 zones
[UserProfileFeatureViewModel] [DEBUG] [UserProfileVM] Loaded 6 zones
[UserProfileFeatureViewModel] [DEBUG] [UserProfileVM] Loading targets
[GetUserTargetsUseCase] [DEBUG] [GetUserTargetsUseCase] Fetching user targets
[GetUserTargetsUseCase] [DEBUG] [GetUserTargetsUseCase] Success: 2 targets
[UserProfileFeatureViewModel] [DEBUG] [UserProfileVM] Loaded 2 targets
[VDOTManager] [DEBUG] VDOTManager: 本地緩存無數據
[SubscriptionLocalDataSource] [DEBUG] [SubscriptionLocalDS] Cache cleared
[TargetLocalDataSource] [DEBUG] [TargetLocalDS] All caches cleared
[TrainingPlanV2LocalDataSource] [INFO] [TrainingPlanV2LocalDS] All caches cleared
[UserProfileLocalDataSource] [DEBUG] [UserProfileLocalDS] User profile cache cleared
[UserProfileLocalDataSource] [DEBUG] [UserProfileLocalDS] Targets cache cleared
[UserProfileLocalDataSource] [DEBUG] [UserProfileLocalDS] Heart rate zones cache cleared
[UserProfileLocalDataSource] [DEBUG] [UserProfileLocalDS] All caches cleared
[WorkoutV2CacheManager] [INFO] [FirebaseLogging] 所有 Workout V2 快取已清除
已清除儲存的週訓練回顧
[WeeklySummaryStorage] [INFO] [FirebaseLogging] 已清除週總結列表快取
[CacheEventBus] [INFO] [FirebaseLogging] 所有快取已清空
[CalculateUserStatsUseCase] [DEBUG] [CalculateUserStatsUseCase] Calculating user statistics
[CalculateUserStatsUseCase] [DEBUG] [CalculateUserStatsUseCase] Calculating user statistics
[CacheEventBus] [DEBUG] [CacheEventBus] 通知 1 個 event 訂閱者: userLogout
[CalculateUserStatsUseCase] [DEBUG] [CalculateUserStatsUseCase] Success: stats calculated
[CalculateUserStatsUseCase] [DEBUG] [CalculateUserStatsUseCase] Success: stats calculated
[UserProfileFeatureViewModel] [DEBUG] [UserProfileVM] 收到 userLogout 事件，重置目前帳號資料
Test Case '-[HavitalTests.UserProfileFeatureViewModelTests testUserLogoutEvent_ResetsUserScopedState]' passed (0.105 seconds).
Test Suite 'UserProfileFeatureViewModelTests' passed at 2026-08-29 15:40:15.060.
	 Executed 10 tests, with 0 failures (0 unexpected) in 0.220 (0.222) seconds
Test Suite 'UserProfileRepositoryImplTests' started at 2026-08-29 15:40:15.061.
Test Case '-[HavitalTests.UserProfileRepositoryImplTests testGetHeartRateZones_CacheHit_ReturnsCachedZones]' started.
[UserProfileRepositoryImpl] [DEBUG] [UserProfileRepo] Getting heart rate zones
[UserProfileRepositoryImpl] [DEBUG] [UserProfileRepo] HR zones cache hit (6 zones)
Test Case '-[HavitalTests.UserProfileRepositoryImplTests testGetHeartRateZones_CacheHit_ReturnsCachedZones]' passed (0.002 seconds).
Test Case '-[HavitalTests.UserProfileRepositoryImplTests testGetHeartRateZones_CacheMiss_CalculatesFromProfile]' started.
[UserProfileRepositoryImpl] [DEBUG] [UserProfileRepo] Getting heart rate zones
[UserProfileRepositoryImpl] [DEBUG] [UserProfileRepo] getUserProfile
[UserProfileRepositoryImpl] [DEBUG] [UserProfileRepo] Cache hit
[UserDefaultsAuthCache] [DEBUG] Auth cache expired or not found
[UserDefaultsAuthCache] [DEBUG] Auth cache cleared
[AuthSessionRepositoryImpl] [DEBUG] [AuthSession] No valid cached user found
[UserProfileRepositoryImpl] [DEBUG] [UserProfileRepo] Background refresh skipped — user logged out
Test Case '-[HavitalTests.UserProfileRepositoryImplTests testGetHeartRateZones_CacheMiss_CalculatesFromProfile]' passed (0.017 seconds).
Test Case '-[HavitalTests.UserProfileRepositoryImplTests testGetTargets_FetchesFromRemote]' started.
[UserProfileRepositoryImpl] [DEBUG] [UserProfileRepo] Getting targets
Test Case '-[HavitalTests.UserProfileRepositoryImplTests testGetTargets_FetchesFromRemote]' passed (0.001 seconds).
Test Case '-[HavitalTests.UserProfileRepositoryImplTests testGetUserProfile_CacheHit_ReturnsCachedData]' started.
[UserProfileRepositoryImpl] [DEBUG] [UserProfileRepo] getUserProfile
[UserProfileRepositoryImpl] [DEBUG] [UserProfileRepo] Cache hit
[UserDefaultsAuthCache] [DEBUG] Auth cache expired or not found
[UserDefaultsAuthCache] [DEBUG] Auth cache cleared
[AuthSessionRepositoryImpl] [DEBUG] [AuthSession] No valid cached user found
Test Case '-[HavitalTests.UserProfileRepositoryImplTests testGetUserProfile_CacheHit_ReturnsCachedData]' passed (0.001 seconds).
[UserProfileRepositoryImpl] [DEBUG] [UserProfileRepo] Background refresh skipped — user logged out
Test Case '-[HavitalTests.UserProfileRepositoryImplTests testGetUserProfile_CacheMiss_FetchesFromRemote]' started.
[UserProfileRepositoryImpl] [DEBUG] [UserProfileRepo] getUserProfile
[UserProfileRepositoryImpl] [DEBUG] [UserProfileRepo] Cache miss, fetching from API
Test Case '-[HavitalTests.UserProfileRepositoryImplTests testGetUserProfile_CacheMiss_FetchesFromRemote]' passed (0.008 seconds).
Test Case '-[HavitalTests.UserProfileRepositoryImplTests testRefreshUserProfile_UpdatesCache]' started.
[UserProfileRepositoryImpl] [DEBUG] [UserProfileRepo] Force refresh
Test Case '-[HavitalTests.UserProfileRepositoryImplTests testRefreshUserProfile_UpdatesCache]' passed (0.001 seconds).
Test Case '-[HavitalTests.UserProfileRepositoryImplTests testUpdateUserProfile_InvalidatesCacheAndRefetches]' started.
[UserProfileRepositoryImpl] [DEBUG] [UserProfileRepo] Updating profile with 1 fields
Test Case '-[HavitalTests.UserProfileRepositoryImplTests testUpdateUserProfile_InvalidatesCacheAndRefetches]' passed (0.001 seconds).
Test Suite 'UserProfileRepositoryImplTests' passed at 2026-08-29 15:40:15.092.
	 Executed 7 tests, with 0 failures (0 unexpected) in 0.029 (0.031) seconds
Test Suite 'UserProfileRepositoryIntegrationTests' started at 2026-08-29 15:40:15.092.
Test Case '-[HavitalTests.UserProfileRepositoryIntegrationTests test_caching_shouldReturnCachedData]' started.
/Users/wubaizong/havital/apps/ios/Havital/.worktrees/t0306-app2-skeleton/HavitalTests/Integration/IntegrationTestBase.swift:39: -[HavitalTests.UserProfileRepositoryIntegrationTests test_caching_shouldReturnCachedData] : Test skipped - Set HAVITAL_REVIEWER_PASSCODE to run integration tests that depend on reviewer demo login.
Test Case '-[HavitalTests.UserProfileRepositoryIntegrationTests test_caching_shouldReturnCachedData]' skipped (0.005 seconds).
Test Case '-[HavitalTests.UserProfileRepositoryIntegrationTests test_calculateStatistics_shouldReturnStats]' started.
/Users/wubaizong/havital/apps/ios/Havital/.worktrees/t0306-app2-skeleton/HavitalTests/Integration/IntegrationTestBase.swift:39: -[HavitalTests.UserProfileRepositoryIntegrationTests test_calculateStatistics_shouldReturnStats] : Test skipped - Set HAVITAL_REVIEWER_PASSCODE to run integration tests that depend on reviewer demo login.
Test Case '-[HavitalTests.UserProfileRepositoryIntegrationTests test_calculateStatistics_shouldReturnStats]' skipped (0.001 seconds).
Test Case '-[HavitalTests.UserProfileRepositoryIntegrationTests test_getHeartRateZones_shouldReturnZonesIfAvailable]' started.
/Users/wubaizong/havital/apps/ios/Havital/.worktrees/t0306-app2-skeleton/HavitalTests/Integration/IntegrationTestBase.swift:39: -[HavitalTests.UserProfileRepositoryIntegrationTests test_getHeartRateZones_shouldReturnZonesIfAvailable] : Test skipped - Set HAVITAL_REVIEWER_PASSCODE to run integration tests that depend on reviewer demo login.
Test Case '-[HavitalTests.UserProfileRepositoryIntegrationTests test_getHeartRateZones_shouldReturnZonesIfAvailable]' skipped (0.001 seconds).
Test Case '-[HavitalTests.UserProfileRepositoryIntegrationTests test_getTargets_shouldReturnTargetsList]' started.
/Users/wubaizong/havital/apps/ios/Havital/.worktrees/t0306-app2-skeleton/HavitalTests/Integration/IntegrationTestBase.swift:39: -[HavitalTests.UserProfileRepositoryIntegrationTests test_getTargets_shouldReturnTargetsList] : Test skipped - Set HAVITAL_REVIEWER_PASSCODE to run integration tests that depend on reviewer demo login.
Test Case '-[HavitalTests.UserProfileRepositoryIntegrationTests test_getTargets_shouldReturnTargetsList]' skipped (0.001 seconds).
Test Case '-[HavitalTests.UserProfileRepositoryIntegrationTests test_getUserProfile_shouldReturnValidData]' started.
/Users/wubaizong/havital/apps/ios/Havital/.worktrees/t0306-app2-skeleton/HavitalTests/Integration/IntegrationTestBase.swift:39: -[HavitalTests.UserProfileRepositoryIntegrationTests test_getUserProfile_shouldReturnValidData] : Test skipped - Set HAVITAL_REVIEWER_PASSCODE to run integration tests that depend on reviewer demo login.
Test Case '-[HavitalTests.UserProfileRepositoryIntegrationTests test_getUserProfile_shouldReturnValidData]' skipped (0.001 seconds).
Test Case '-[HavitalTests.UserProfileRepositoryIntegrationTests test_refreshUserProfile_shouldReturnFreshData]' started.
/Users/wubaizong/havital/apps/ios/Havital/.worktrees/t0306-app2-skeleton/HavitalTests/Integration/IntegrationTestBase.swift:39: -[HavitalTests.UserProfileRepositoryIntegrationTests test_refreshUserProfile_shouldReturnFreshData] : Test skipped - Set HAVITAL_REVIEWER_PASSCODE to run integration tests that depend on reviewer demo login.
Test Case '-[HavitalTests.UserProfileRepositoryIntegrationTests test_refreshUserProfile_shouldReturnFreshData]' skipped (0.001 seconds).
Test Suite 'UserProfileRepositoryIntegrationTests' passed at 2026-08-29 15:40:15.103.
	 Executed 6 tests, with 6 tests skipped and 0 failures (0 unexpected) in 0.009 (0.011) seconds
Test Suite 'UserProfileViewModelIntegrationTests' started at 2026-08-29 15:40:15.103.
Test Case '-[HavitalTests.UserProfileViewModelIntegrationTests test_authenticationState_shouldReflectService]' started.
/Users/wubaizong/havital/apps/ios/Havital/.worktrees/t0306-app2-skeleton/HavitalTests/Integration/IntegrationTestBase.swift:39: -[HavitalTests.UserProfileViewModelIntegrationTests test_authenticationState_shouldReflectService] : Test skipped - Set HAVITAL_REVIEWER_PASSCODE to run integration tests that depend on reviewer demo login.
Test Case '-[HavitalTests.UserProfileViewModelIntegrationTests test_authenticationState_shouldReflectService]' skipped (0.001 seconds).
Test Case '-[HavitalTests.UserProfileViewModelIntegrationTests test_convenienceProperties_shouldWork]' started.
/Users/wubaizong/havital/apps/ios/Havital/.worktrees/t0306-app2-skeleton/HavitalTests/Integration/IntegrationTestBase.swift:39: -[HavitalTests.UserProfileViewModelIntegrationTests test_convenienceProperties_shouldWork] : Test skipped - Set HAVITAL_REVIEWER_PASSCODE to run integration tests that depend on reviewer demo login.
Test Case '-[HavitalTests.UserProfileViewModelIntegrationTests test_convenienceProperties_shouldWork]' skipped (0.002 seconds).
Test Case '-[HavitalTests.UserProfileViewModelIntegrationTests test_forceRefresh_shouldUpdateData]' started.
/Users/wubaizong/havital/apps/ios/Havital/.worktrees/t0306-app2-skeleton/HavitalTests/Integration/IntegrationTestBase.swift:39: -[HavitalTests.UserProfileViewModelIntegrationTests test_forceRefresh_shouldUpdateData] : Test skipped - Set HAVITAL_REVIEWER_PASSCODE to run integration tests that depend on reviewer demo login.
Test Case '-[HavitalTests.UserProfileViewModelIntegrationTests test_forceRefresh_shouldUpdateData]' skipped (0.001 seconds).
Test Case '-[HavitalTests.UserProfileViewModelIntegrationTests test_initialize_shouldLoadAllData]' started.
/Users/wubaizong/havital/apps/ios/Havital/.worktrees/t0306-app2-skeleton/HavitalTests/Integration/IntegrationTestBase.swift:39: -[HavitalTests.UserProfileViewModelIntegrationTests test_initialize_shouldLoadAllData] : Test skipped - Set HAVITAL_REVIEWER_PASSCODE to run integration tests that depend on reviewer demo login.
Test Case '-[HavitalTests.UserProfileViewModelIntegrationTests test_initialize_shouldLoadAllData]' skipped (0.001 seconds).
Test Case '-[HavitalTests.UserProfileViewModelIntegrationTests test_loadHeartRateZones_shouldUpdateState]' started.
/Users/wubaizong/havital/apps/ios/Havital/.worktrees/t0306-app2-skeleton/HavitalTests/Integration/IntegrationTestBase.swift:39: -[HavitalTests.UserProfileViewModelIntegrationTests test_loadHeartRateZones_shouldUpdateState] : Test skipped - Set HAVITAL_REVIEWER_PASSCODE to run integration tests that depend on reviewer demo login.
Test Case '-[HavitalTests.UserProfileViewModelIntegrationTests test_loadHeartRateZones_shouldUpdateState]' skipped (0.001 seconds).
Test Case '-[HavitalTests.UserProfileViewModelIntegrationTests test_loadTargets_shouldUpdateState]' started.
/Users/wubaizong/havital/apps/ios/Havital/.worktrees/t0306-app2-skeleton/HavitalTests/Integration/IntegrationTestBase.swift:39: -[HavitalTests.UserProfileViewModelIntegrationTests test_loadTargets_shouldUpdateState] : Test skipped - Set HAVITAL_REVIEWER_PASSCODE to run integration tests that depend on reviewer demo login.
Test Case '-[HavitalTests.UserProfileViewModelIntegrationTests test_loadTargets_shouldUpdateState]' skipped (0.001 seconds).
Test Case '-[HavitalTests.UserProfileViewModelIntegrationTests test_loadUserProfile_shouldUpdateState]' started.
/Users/wubaizong/havital/apps/ios/Havital/.worktrees/t0306-app2-skeleton/HavitalTests/Integration/IntegrationTestBase.swift:39: -[HavitalTests.UserProfileViewModelIntegrationTests test_loadUserProfile_shouldUpdateState] : Test skipped - Set HAVITAL_REVIEWER_PASSCODE to run integration tests that depend on reviewer demo login.
Test Case '-[HavitalTests.UserProfileViewModelIntegrationTests test_loadUserProfile_shouldUpdateState]' skipped (0.001 seconds).
Test Suite 'UserProfileViewModelIntegrationTests' passed at 2026-08-29 15:40:15.109.
	 Executed 7 tests, with 7 tests skipped and 0 failures (0 unexpected) in 0.005 (0.007) seconds
Test Suite 'UserSyncRequestEncodingTests' started at 2026-08-29 15:40:15.110.
Test Case '-[HavitalTests.UserSyncRequestEncodingTests test_encode_includesTopLevelLanguageAndKeepsDeviceLocaleSeparate]' started.
Test Case '-[HavitalTests.UserSyncRequestEncodingTests test_encode_includesTopLevelLanguageAndKeepsDeviceLocaleSeparate]' passed (0.003 seconds).
Test Case '-[HavitalTests.UserSyncRequestEncodingTests test_encode_omitsLanguageWhenNoPreferenceIsProvided]' started.
Test Case '-[HavitalTests.UserSyncRequestEncodingTests test_encode_omitsLanguageWhenNoPreferenceIsProvided]' passed (0.001 seconds).
Test Suite 'UserSyncRequestEncodingTests' passed at 2026-08-29 15:40:15.115.
	 Executed 2 tests, with 0 failures (0 unexpected) in 0.004 (0.005) seconds
Test Suite 'V1RepositoryGuardDecoratorTests' started at 2026-08-29 15:40:15.115.
Test Case '-[HavitalTests.V1RepositoryGuardDecoratorTests test_clearCache_v2User_passesThroughWithoutGuard]' started.
Test Case '-[HavitalTests.V1RepositoryGuardDecoratorTests test_clearCache_v2User_passesThroughWithoutGuard]' passed (0.000 seconds).
Test Case '-[HavitalTests.V1RepositoryGuardDecoratorTests test_coldStartRace_unknownVersion_defaultsV1_passesThrough]' started.
Test Case '-[HavitalTests.V1RepositoryGuardDecoratorTests test_coldStartRace_unknownVersion_defaultsV1_passesThrough]' passed (0.001 seconds).
Test Case '-[HavitalTests.V1RepositoryGuardDecoratorTests test_preloadData_v2User_passesThroughWithoutGuard]' started.
Test Case '-[HavitalTests.V1RepositoryGuardDecoratorTests test_preloadData_v2User_passesThroughWithoutGuard]' passed (0.000 seconds).
Test Case '-[HavitalTests.V1RepositoryGuardDecoratorTests test_v1User_createWeeklyPlan_passesThrough]' started.
Test Case '-[HavitalTests.V1RepositoryGuardDecoratorTests test_v1User_createWeeklyPlan_passesThrough]' passed (0.000 seconds).
Test Case '-[HavitalTests.V1RepositoryGuardDecoratorTests test_v1User_getOverview_passesThrough]' started.
Test Case '-[HavitalTests.V1RepositoryGuardDecoratorTests test_v1User_getOverview_passesThrough]' passed (0.000 seconds).
Test Case '-[HavitalTests.V1RepositoryGuardDecoratorTests test_v2User_allGuardedMethods_throwWithCorrectContext]' started.
[V1RepositoryGuardDecorator] [ERROR] [FirebaseLogging] v1_endpoint_blocked_for_v2_user
[V1RepositoryGuardDecorator] [ERROR] [FirebaseLogging] v1_endpoint_blocked_for_v2_user
[V1RepositoryGuardDecorator] [ERROR] [FirebaseLogging] v1_endpoint_blocked_for_v2_user
[V1RepositoryGuardDecorator] [ERROR] [FirebaseLogging] v1_endpoint_blocked_for_v2_user
[V1RepositoryGuardDecorator] [ERROR] [FirebaseLogging] v1_endpoint_blocked_for_v2_user
[V1RepositoryGuardDecorator] [ERROR] [FirebaseLogging] v1_endpoint_blocked_for_v2_user
[V1RepositoryGuardDecorator] [ERROR] [FirebaseLogging] v1_endpoint_blocked_for_v2_user
[V1RepositoryGuardDecorator] [ERROR] [FirebaseLogging] v1_endpoint_blocked_for_v2_user
[AuthSessionRepositoryImpl] [ERROR] [AuthSession] ❌ Failed to get ID Token: Authentication token has expired.
[AuthSessionRepositoryImpl] [ERROR] [AuthSession] ❌ Failed to get ID Token: Authentication token has expired.
[V1RepositoryGuardDecorator] [ERROR] [FirebaseLogging] v1_endpoint_blocked_for_v2_user
[V1RepositoryGuardDecorator] [ERROR] [FirebaseLogging] v1_endpoint_blocked_for_v2_user
[V1RepositoryGuardDecorator] [ERROR] [FirebaseLogging] v1_endpoint_blocked_for_v2_user
[V1RepositoryGuardDecorator] [ERROR] [FirebaseLogging] v1_endpoint_blocked_for_v2_user
[V1RepositoryGuardDecorator] [ERROR] [FirebaseLogging] v1_endpoint_blocked_for_v2_user
[AuthSessionRepositoryImpl] [ERROR] [AuthSession] ❌ Failed to get ID Token: Authentication token has expired.
[V1RepositoryGuardDecorator] [ERROR] [FirebaseLogging] v1_endpoint_blocked_for_v2_user
[AuthSessionRepositoryImpl] [ERROR] [AuthSession] ❌ Failed to get ID Token: Authentication token has expired.
[V1RepositoryGuardDecorator] [ERROR] [FirebaseLogging] v1_endpoint_blocked_for_v2_user
[FirebaseLogging] 上傳失敗: Authentication token has expired.
Test Case '-[HavitalTests.V1RepositoryGuardDecoratorTests test_v2User_allGuardedMethods_throwWithCorrectContext]' passed (0.001 seconds).
[FirebaseLogging] 上傳失敗: Authentication token has expired.
Test Case '-[HavitalTests.V1RepositoryGuardDecoratorTests test_v2User_createWeeklyPlan_throws_wrappedNotCalled]' started.
[V1RepositoryGuardDecorator] [ERROR] [FirebaseLogging] v1_endpoint_blocked_for_v2_user
[FirebaseLogging] 上傳失敗: Authentication token has expired.
[FirebaseLogging] 上傳失敗: Authentication token has expired.
Test Case '-[HavitalTests.V1RepositoryGuardDecoratorTests test_v2User_createWeeklyPlan_throws_wrappedNotCalled]' passed (0.000 seconds).
Test Case '-[HavitalTests.V1RepositoryGuardDecoratorTests test_v2User_getOverview_throwsIncorrectVersionRouting_wrappedNotCalled]' started.
[V1RepositoryGuardDecorator] [ERROR] [FirebaseLogging] v1_endpoint_blocked_for_v2_user
[AuthSessionRepositoryImpl] [ERROR] [AuthSession] ❌ Failed to get ID Token: Authentication token has expired.
[AuthSessionRepositoryImpl] [ERROR] [AuthSession] ❌ Failed to get ID Token: Authentication token has expired.
[AuthSessionRepositoryImpl] [ERROR] [AuthSession] ❌ Failed to get ID Token: Authentication token has expired.
[AuthSessionRepositoryImpl] [ERROR] [AuthSession] ❌ Failed to get ID Token: Authentication token has expired.
[AuthSessionRepositoryImpl] [ERROR] [AuthSession] ❌ Failed to get ID Token: Authentication token has expired.
[AuthSessionRepositoryImpl] [ERROR] [AuthSession] ❌ Failed to get ID Token: Authentication token has expired.
[AuthSessionRepositoryImpl] [ERROR] [AuthSession] ❌ Failed to get ID Token: Authentication token has expired.
[AuthSessionRepositoryImpl] [ERROR] [AuthSession] ❌ Failed to get ID Token: Authentication token has expired.
[AuthSessionRepositoryImpl] [ERROR] [AuthSession] ❌ Failed to get ID Token: Authentication token haTest Case '-[HavitalTests.V1RepositoryGuardDecoratorTests test_v2User_getOverview_throwsIncorrectVersionRouting_wrappedNotCalled]' passed (0.004 seconds).
s expired.
[AuthSessionRepositoryImpl] [ERROR] [AuthSession] ❌ Failed to get ID Token: Authentication token has expired.
[AuthSessionRepositoryImpl] [ERROR] [AuthSession] ❌ Failed to get ID Token: Authentication token has expired.
[AuthSessionRepositoryImpl] [ERROR] [AuthSession] ❌ Failed to get ID Token: Authentication token has expired.
[FirebaseLogging] 上傳失敗: Authentication token has expired.
[FirebaseLogging] 上傳失敗: Authentication token has expired.
[FirebaseLogging] 上傳失敗: Authentication token has expired.
[FirebaseLogging] 上傳失敗: Authentication token has expired.
[FirebaseLogging] 上傳失敗: Authentication token has expired.
[FirebaseLogging] 上傳失敗: Authentication token has expired.
[FirebaseLogging] 上傳失敗: Authentication token has expired.
[FirebaseLogging] 上傳失敗: AuthenticTest Case '-[HavitalTests.V1RepositoryGuardDecoratorTests test_v2User_getWeeklyPlan_throws]' started.
ation token has expired.
[FirebaseLogging] 上傳失敗: Authentication token has expired.
[FirebaseLogging] 上傳失敗: Authentication token has expired.
[FirebaseLogging] 上傳失敗: Authentication token has expired.
[FirebaseLogging] 上傳失敗: Authentication token has expired.
[V1RepositoryGuardDecorator] [ERROR] [FirebaseLogging] v1_endpoint_blocked_for_v2_user
[AuthSessionRepositoryImpl] [ERROR] [AuthSession] ❌ Failed to get ID Token: Authentication token has expired.
[FirebaseLogging] 上傳失敗: Authentication token has expired.
Test Case '-[HavitalTests.V1RepositoryGuardDecoratorTests test_v2User_getWeeklyPlan_throws]' passed (0.001 seconds).
Test Suite 'V1RepositoryGuardDecoratorTests' passed at 2026-08-29 15:40:15.125.
	 Executed 9 tests, with 0 failures (0 unexpected) in 0.009 (0.011) seconds
Test Suite 'V2FixtureExportHelpersTests' started at 2026-08-29 15:40:15.125.
Test Case '-[HavitalTests.V2FixtureExportHelpersTests testBuildMetaEnvelopeHashesUidAndRedactsResponsePayload]' started.
Test Case '-[HavitalTests.V2FixtureExportHelpersTests testBuildMetaEnvelopeHashesUidAndRedactsResponsePayload]' passed (0.001 seconds).
Test Case '-[HavitalTests.V2FixtureExportHelpersTests testRedactPIIRedactsNestedSensitiveKeys]' started.
Test Case '-[HavitalTests.V2FixtureExportHelpersTests testRedactPIIRedactsNestedSensitiveKeys]' passed (0.000 seconds).
Test Case '-[HavitalTests.V2FixtureExportHelpersTests testWriteFixtureFileCreatesReadableJSONOnDisk]' started.
Test Case '-[HavitalTests.V2FixtureExportHelpersTests testWriteFixtureFileCreatesReadableJSONOnDisk]' passed (0.001 seconds).
Test Suite 'V2FixtureExportHelpersTests' passed at 2026-08-29 15:40:15.128.
	 Executed 3 tests, with 0 failures (0 unexpected) in 0.002 (0.003) seconds
Test Suite 'VDOTChartViewModelTests' started at 2026-08-29 15:40:15.129.
Test Case '-[HavitalTests.VDOTChartViewModelTests testFetchVDOTData_WithFreshCache_DoesNotChangeState]' started.
[AuthSessionRepositoryImpl] [ERROR] [AuthSession] ❌ Failed to get ID Token: Authentication token has expired.
[FirebaseLogging] 上傳失敗: Authentication token has expired.
VDOT資料已保存到本地端
成功從本地端載入2筆VDOT資料
使用30分鐘內的本地緩存VDOT數據
Test Case '-[HavitalTests.VDOTChartViewModelTests testFetchVDOTData_WithFreshCache_DoesNotChangeState]' passed (0.006 seconds).
Test Case '-[HavitalTests.VDOTChartViewModelTests testGetVDOTForDate_ReturnsNearestPointNotAfterDate]' started.
VDOT資料已保存到本地端
成功從本地端載入2筆VDOT資料
Test Case '-[HavitalTests.VDOTChartViewModelTests testGetVDOTForDate_ReturnsNearestPointNotAfterDate]' passed (0.002 seconds).
Test Case '-[HavitalTests.VDOTChartViewModelTests testInit_LoadsLocalDataAndComputesStatistics]' started.
VDOT資料已保存到本地端
成功從本地端載入2筆VDOT資料
Test Case '-[HavitalTests.VDOTChartViewModelTests testInit_LoadsLocalDataAndComputesStatistics]' passed (0.002 seconds).
Test Suite 'VDOTChartViewModelTests' passed at 2026-08-29 15:40:15.139.
	 Executed 3 tests, with 0 failures (0 unexpected) in 0.010 (0.011) seconds
Test Suite 'VDOTModelsTests' started at 2026-08-29 15:40:15.139.
Test Case '-[HavitalTests.VDOTModelsTests testDecodesPaceAndLiveVDOTWithoutWeightVDOT]' started.
Test Case '-[HavitalTests.VDOTModelsTests testDecodesPaceAndLiveVDOTWithoutWeightVDOT]' passed (0.000 seconds).
Test Case '-[HavitalTests.VDOTModelsTests testLegacyDynamicVDOTMapsToPaceCompatibilityValue]' started.
Test Case '-[HavitalTests.VDOTModelsTests testLegacyDynamicVDOTMapsToPaceCompatibilityValue]' passed (0.000 seconds).
Test Suite 'VDOTModelsTests' passed at 2026-08-29 15:40:15.140.
	 Executed 2 tests, with 0 failures (0 unexpected) in 0.001 (0.001) seconds
Test Suite 'VdotNamingAndWorkoutRowRedesignACTests' started at 2026-08-29 15:40:15.140.
Test Case '-[HavitalTests.VdotNamingAndWorkoutRowRedesignACTests test_ac_vdot_name_01_main_label_consistent_across_locales]' started.
Test Case '-[HavitalTests.VdotNamingAndWorkoutRowRedesignACTests test_ac_vdot_name_01_main_label_consistent_across_locales]' passed (0.001 seconds).
Test Case '-[HavitalTests.VdotNamingAndWorkoutRowRedesignACTests test_ac_vdot_name_02_label_unified_to_vdot]' started.
Test Case '-[HavitalTests.VdotNamingAndWorkoutRowRedesignACTests test_ac_vdot_name_02_label_unified_to_vdot]' passed (0.000 seconds).
Test Case '-[HavitalTests.VdotNamingAndWorkoutRowRedesignACTests test_ac_vdot_name_03_chart_axis_uses_vdot]' started.
Test Case '-[HavitalTests.VdotNamingAndWorkoutRowRedesignACTests test_ac_vdot_name_03_chart_axis_uses_vdot]' passed (0.000 seconds).
Test Case '-[HavitalTests.VdotNamingAndWorkoutRowRedesignACTests test_ac_vdot_name_04_no_competitor_mention_in_description]' started.
Test Case '-[HavitalTests.VdotNamingAndWorkoutRowRedesignACTests test_ac_vdot_name_04_no_competitor_mention_in_description]' passed (0.001 seconds).
Test Case '-[HavitalTests.VdotNamingAndWorkoutRowRedesignACTests test_ac_vdot_name_04b_blog_link_present_and_valid]' started.
Test Case '-[HavitalTests.VdotNamingAndWorkoutRowRedesignACTests test_ac_vdot_name_04b_blog_link_present_and_valid]' passed (0.002 seconds).
Test Case '-[HavitalTests.VdotNamingAndWorkoutRowRedesignACTests test_ac_vdot_name_05_no_legacy_terms_in_zh_hant]' started.
Test Case '-[HavitalTests.VdotNamingAndWorkoutRowRedesignACTests test_ac_vdot_name_05_no_legacy_terms_in_zh_hant]' passed (0.013 seconds).
Test Case '-[HavitalTests.VdotNamingAndWorkoutRowRedesignACTests test_ac_vdot_name_06_keys_aligned_across_locales]' started.
Test Case '-[HavitalTests.VdotNamingAndWorkoutRowRedesignACTests test_ac_vdot_name_06_keys_aligned_across_locales]' passed (0.001 seconds).
Test Case '-[HavitalTests.VdotNamingAndWorkoutRowRedesignACTests test_ac_vdot_name_07_relative_date_format]' started.
/Users/wubaizong/havital/apps/ios/Havital/.worktrees/t0306-app2-skeleton/HavitalTests/SpecCompliance/VdotNamingAndWorkoutRowRedesignACTests.swift:139: -[HavitalTests.VdotNamingAndWorkoutRowRedesignACTests test_ac_vdot_name_07_relative_date_format] : Test skipped - AC-07 require XCUITest snapshot or Maestro flow; manual verify by simulator screenshot in zh/en/ja.
Test Case '-[HavitalTests.VdotNamingAndWorkoutRowRedesignACTests test_ac_vdot_name_07_relative_date_format]' skipped (0.001 seconds).
Test Case '-[HavitalTests.VdotNamingAndWorkoutRowRedesignACTests test_ac_vdot_name_08_pace_in_primary_layout]' started.
/Users/wubaizong/havital/apps/ios/Havital/.worktrees/t0306-app2-skeleton/HavitalTests/SpecCompliance/VdotNamingAndWorkoutRowRedesignACTests.swift:144: -[HavitalTests.VdotNamingAndWorkoutRowRedesignACTests test_ac_vdot_name_08_pace_in_primary_layout] : Test skipped - AC-08 是 layout 視覺權重，需 simulator 截圖人工驗證。
Test Case '-[HavitalTests.VdotNamingAndWorkoutRowRedesignACTests test_ac_vdot_name_08_pace_in_primary_layout]' skipped (0.000 seconds).
Test Case '-[HavitalTests.VdotNamingAndWorkoutRowRedesignACTests test_ac_vdot_name_09_show_when_running_with_vdot]' started.
/Users/wubaizong/havital/apps/ios/Havital/.worktrees/t0306-app2-skeleton/HavitalTests/SpecCompliance/VdotNamingAndWorkoutRowRedesignACTests.swift:150: -[HavitalTests.VdotNamingAndWorkoutRowRedesignACTests test_ac_vdot_name_09_show_when_running_with_vdot] : Test skipped - AC-09 由 WorkoutV2RowView snapshot 或 Maestro 驗證。
Test Case '-[HavitalTests.VdotNamingAndWorkoutRowRedesignACTests test_ac_vdot_name_09_show_when_running_with_vdot]' skipped (0.001 seconds).
Test Case '-[HavitalTests.VdotNamingAndWorkoutRowRedesignACTests test_ac_vdot_name_09b_hide_when_no_vdot]' started.
/Users/wubaizong/havital/apps/ios/Havital/.worktrees/t0306-app2-skeleton/HavitalTests/SpecCompliance/VdotNamingAndWorkoutRowRedesignACTests.swift:155: -[HavitalTests.VdotNamingAndWorkoutRowRedesignACTests test_ac_vdot_name_09b_hide_when_no_vdot] : Test skipped - 已實作於 WorkoutV2RowView.swift:42 (if let dynamicVdot)，由 snapshot 驗證視覺。
Test Case '-[HavitalTests.VdotNamingAndWorkoutRowRedesignACTests test_ac_vdot_name_09b_hide_when_no_vdot]' skipped (0.000 seconds).
Test Case '-[HavitalTests.VdotNamingAndWorkoutRowRedesignACTests test_ac_vdot_name_10_show_training_type_tag]' started.
/Users/wubaizong/havital/apps/ios/Havital/.worktrees/t0306-app2-skeleton/HavitalTests/SpecCompliance/VdotNamingAndWorkoutRowRedesignACTests.swift:160: -[HavitalTests.VdotNamingAndWorkoutRowRedesignACTests test_ac_vdot_name_10_show_training_type_tag] : Test skipped - 已實作於 WorkoutV2RowView.swift:30-37。snapshot 驗證視覺。
Test Case '-[HavitalTests.VdotNamingAndWorkoutRowRedesignACTests test_ac_vdot_name_10_show_training_type_tag]' skipped (0.001 seconds).
Test Case '-[HavitalTests.VdotNamingAndWorkoutRowRedesignACTests test_ac_vdot_name_10b_hide_training_type_when_no_match]' started.
/Users/wubaizong/havital/apps/ios/Havital/.worktrees/t0306-app2-skeleton/HavitalTests/SpecCompliance/VdotNamingAndWorkoutRowRedesignACTests.swift:165: -[HavitalTests.VdotNamingAndWorkoutRowRedesignACTests test_ac_vdot_name_10b_hide_training_type_when_no_match] : Test skipped - 已實作於 WorkoutV2RowView.swift:30 (if let trainingType)。
Test Case '-[HavitalTests.VdotNamingAndWorkoutRowRedesignACTests test_ac_vdot_name_10b_hide_training_type_when_no_match]' skipped (0.000 seconds).
Test Case '-[HavitalTests.VdotNamingAndWorkoutRowRedesignACTests test_ac_vdot_name_11_garmin_trademark_in_attribution]' started.
Test Case '-[HavitalTests.VdotNamingAndWorkoutRowRedesignACTests test_ac_vdot_name_11_garmin_trademark_in_attribution]' passed (0.000 seconds).
Test Case '-[HavitalTests.VdotNamingAndWorkoutRowRedesignACTests test_ac_vdot_name_12_apple_health_badge_present]' started.
/Users/wubaizong/havital/apps/ios/Havital/.worktrees/t0306-app2-skeleton/HavitalTests/SpecCompliance/VdotNamingAndWorkoutRowRedesignACTests.swift:182: -[HavitalTests.VdotNamingAndWorkoutRowRedesignACTests test_ac_vdot_name_12_apple_health_badge_present] : Test skipped - AC-12 由 WorkoutV2RowView snapshot / Maestro 驗證 Apple Health badge 存在。
Test Case '-[HavitalTests.VdotNamingAndWorkoutRowRedesignACTests test_ac_vdot_name_12_apple_health_badge_present]' skipped (0.001 seconds).
Test Case '-[HavitalTests.VdotNamingAndWorkoutRowRedesignACTests test_ac_vdot_name_13_badge_style_consistency]' started.
/Users/wubaizong/havital/apps/ios/Havital/.worktrees/t0306-app2-skeleton/HavitalTests/SpecCompliance/VdotNamingAndWorkoutRowRedesignACTests.swift:187: -[HavitalTests.VdotNamingAndWorkoutRowRedesignACTests test_ac_vdot_name_13_badge_style_consistency] : Test skipped - AC-13 由多筆混合資料來源 snapshot 比對驗證。
Test Case '-[HavitalTests.VdotNamingAndWorkoutRowRedesignACTests test_ac_vdot_name_13_badge_style_consistency]' skipped (0.000 seconds).
Test Case '-[HavitalTests.VdotNamingAndWorkoutRowRedesignACTests test_ac_vdot_name_13b_extensible_badge_design]' started.
/Users/wubaizong/havital/apps/ios/Havital/.worktrees/t0306-app2-skeleton/HavitalTests/SpecCompliance/VdotNamingAndWorkoutRowRedesignACTests.swift:194: -[HavitalTests.VdotNamingAndWorkoutRowRedesignACTests test_ac_vdot_name_13b_extensible_badge_design] : Test skipped - 已實作；新增 AppleHealthAttributionView 後 code review 即可確認。
Test Case '-[HavitalTests.VdotNamingAndWorkoutRowRedesignACTests test_ac_vdot_name_13b_extensible_badge_design]' skipped (0.001 seconds).
Test Case '-[HavitalTests.VdotNamingAndWorkoutRowRedesignACTests test_ac_vdot_name_14_locale_aware_rendering]' started.
/Users/wubaizong/havital/apps/ios/Havital/.worktrees/t0306-app2-skeleton/HavitalTests/SpecCompliance/VdotNamingAndWorkoutRowRedesignACTests.swift:199: -[HavitalTests.VdotNamingAndWorkoutRowRedesignACTests test_ac_vdot_name_14_locale_aware_rendering] : Test skipped - AC-14 由三語 simulator 截圖驗證。
Test Case '-[HavitalTests.VdotNamingAndWorkoutRowRedesignACTests test_ac_vdot_name_14_locale_aware_rendering]' skipped (0.001 seconds).
Test Case '-[HavitalTests.VdotNamingAndWorkoutRowRedesignACTests test_ac_vdot_name_15_main_screen_single_vdot]' started.
/Users/wubaizong/havital/apps/ios/Havital/.worktrees/t0306-app2-skeleton/HavitalTests/SpecCompliance/VdotNamingAndWorkoutRowRedesignACTests.swift:206: -[HavitalTests.VdotNamingAndWorkoutRowRedesignACTests test_ac_vdot_name_15_main_screen_single_vdot] : Test skipped - UserProfileFeatureViewModel:222 currentVDOT 已是單一值；由 simulator 截圖確認 label = 'VDOT'。
Test Case '-[HavitalTests.VdotNamingAndWorkoutRowRedesignACTests test_ac_vdot_name_15_main_screen_single_vdot]' skipped (0.000 seconds).
Test Case '-[HavitalTests.VdotNamingAndWorkoutRowRedesignACTests test_ac_vdot_name_16_detail_page_layout]' started.
/Users/wubaizong/havital/apps/ios/Havital/.worktrees/t0306-app2-skeleton/HavitalTests/SpecCompliance/VdotNamingAndWorkoutRowRedesignACTests.swift:211: -[HavitalTests.VdotNamingAndWorkoutRowRedesignACTests test_ac_vdot_name_16_detail_page_layout] : Test skipped - AC-16 由 VDOTChartView snapshot 驗證。
Test Case '-[HavitalTests.VdotNamingAndWorkoutRowRedesignACTests test_ac_vdot_name_16_detail_page_layout]' skipped (0.001 seconds).
Test Case '-[HavitalTests.VdotNamingAndWorkoutRowRedesignACTests test_ac_vdot_name_17_dead_code_removed]' started.
/Users/wubaizong/havital/apps/ios/Havital/.worktrees/t0306-app2-skeleton/HavitalTests/SpecCompliance/VdotNamingAndWorkoutRowRedesignACTests.swift:223: -[HavitalTests.VdotNamingAndWorkoutRowRedesignACTests test_ac_vdot_name_17_dead_code_removed] : Test skipped - AC-17 由 grep audit 驗證：WorkoutRowView.swift 已 git rm；WorkoutSummaryRow + CollapsedWorkoutSummary structs 已從 WorkoutSummaryRow.swift 刪除（保留 V2 structs）。
Test Case '-[HavitalTests.VdotNamingAndWorkoutRowRedesignACTests test_ac_vdot_name_17_dead_code_removed]' skipped (0.001 seconds).
Test Case '-[HavitalTests.VdotNamingAndWorkoutRowRedesignACTests test_ac_vdot_name_18_detail_view_dynamic_vdot_subname]' started.
/Users/wubaizong/havital/apps/ios/Havital/.worktrees/t0306-app2-skeleton/HavitalTests/SpecCompliance/VdotNamingAndWorkoutRowRedesignACTests.swift:230: -[HavitalTests.VdotNamingAndWorkoutRowRedesignACTests test_ac_vdot_name_18_detail_view_dynamic_vdot_subname] : Test skipped - AC-18 為 WorkoutDetailViewV2 視覺新增；snapshot / Maestro 驗證副名顯示。
Test Case '-[HavitalTests.VdotNamingAndWorkoutRowRedesignACTests test_ac_vdot_name_18_detail_view_dynamic_vdot_subname]' skipped (0.001 seconds).
Test Suite 'VdotNamingAndWorkoutRowRedesignACTests' passed at 2026-08-29 15:40:15.172.
	 Executed 22 tests, with 14 tests skipped and 0 failures (0 unexpected) in 0.026 (0.031) seconds
Test Suite 'WatchCompanionServiceTests' started at 2026-08-29 15:40:15.172.
Test Case '-[HavitalTests.WatchCompanionServiceTests test_authUserInfo_encodesAuthState]' started.
Test Case '-[HavitalTests.WatchCompanionServiceTests test_authUserInfo_encodesAuthState]' passed (0.001 seconds).
Test Case '-[HavitalTests.WatchCompanionServiceTests test_effectiveAvailability_definitiveStatesPassThroughWhileUnsettled]' started.
Test Case '-[HavitalTests.WatchCompanionServiceTests test_effectiveAvailability_definitiveStatesPassThroughWhileUnsettled]' passed (0.000 seconds).
Test Case '-[HavitalTests.WatchCompanionServiceTests test_effectiveAvailability_settledAppNotInstalled_staysAppNotInstalled]' started.
Test Case '-[HavitalTests.WatchCompanionServiceTests test_effectiveAvailability_settledAppNotInstalled_staysAppNotInstalled]' passed (0.000 seconds).
Test Case '-[HavitalTests.WatchCompanionServiceTests test_effectiveAvailability_transientAppNotInstalled_demotedToUnavailable]' started.
Test Case '-[HavitalTests.WatchCompanionServiceTests test_effectiveAvailability_transientAppNotInstalled_demotedToUnavailable]' passed (0.000 seconds).
Test Case '-[HavitalTests.WatchCompanionServiceTests test_resolvePendingSend_noPending_returnsNoPending]' started.
Test Case '-[HavitalTests.WatchCompanionServiceTests test_resolvePendingSend_noPending_returnsNoPending]' passed (0.000 seconds).
Test Case '-[HavitalTests.WatchCompanionServiceTests test_resolvePendingSend_pendingAndReady_retries]' started.
Test Case '-[HavitalTests.WatchCompanionServiceTests test_resolvePendingSend_pendingAndReady_retries]' passed (0.000 seconds).
Test Case '-[HavitalTests.WatchCompanionServiceTests test_resolvePendingSend_pendingButStillActivating_keepsWaiting]' started.
Test Case '-[HavitalTests.WatchCompanionServiceTests test_resolvePendingSend_pendingButStillActivating_keepsWaiting]' passed (0.000 seconds).
Test Case '-[HavitalTests.WatchCompanionServiceTests test_resolvePendingSend_pendingButTerminalState_fails]' started.
Test Case '-[HavitalTests.WatchCompanionServiceTests test_resolvePendingSend_pendingButTerminalState_fails]' passed (0.000 seconds).
Test Case '-[HavitalTests.WatchCompanionServiceTests test_resolvePendingSend_transientAppNotInstalled_keepsWaiting_thenRetriesOnSettle]' started.
Test Case '-[HavitalTests.WatchCompanionServiceTests test_resolvePendingSend_transientAppNotInstalled_keepsWaiting_thenRetriesOnSettle]' passed (0.001 seconds).
Test Case '-[HavitalTests.WatchCompanionServiceTests test_sendAvailability_afterActivate_transientNotInstalled_isUnavailableNotInstallPrompt]' started.
Test Case '-[HavitalTests.WatchCompanionServiceTests test_sendAvailability_afterActivate_transientNotInstalled_isUnavailableNotInstallPrompt]' passed (0.000 seconds).
Test Case '-[HavitalTests.WatchCompanionServiceTests test_sendTodayPlan_sendsImmediateMessageWhenWatchIsReachable]' started.
Test Case '-[HavitalTests.WatchCompanionServiceTests test_sendTodayPlan_sendsImmediateMessageWhenWatchIsReachable]' passed (0.008 seconds).
Test Case '-[HavitalTests.WatchCompanionServiceTests test_sendTodayPlan_updatesLatestContextAndQueuesFallbackTransfer]' started.
Test Case '-[HavitalTests.WatchCompanionServiceTests test_sendTodayPlan_updatesLatestContextAndQueuesFallbackTransfer]' passed (0.000 seconds).
Test Case '-[HavitalTests.WatchCompanionServiceTests test_sendTodayPlan_whenAppNotInstalled_reportsAppNotInstalled]' started.
[WatchCompanionService] [WARN] [WatchCompanion] sendTodayPlan blocked: availability=appNotInstalled
Test Case '-[HavitalTests.WatchCompanionServiceTests test_sendTodayPlan_whenAppNotInstalled_reportsAppNotInstalled]' passed (0.000 seconds).
Test Case '-[HavitalTests.WatchCompanionServiceTests test_sendTodayPlan_whenNotActivated_reportsNotReadyAndDoesNotTransfer]' started.
[WatchCompanionService] [WARN] [WatchCompanion] sendTodayPlan blocked: availability=unavailable
Test Case '-[HavitalTests.WatchCompanionServiceTests test_sendTodayPlan_whenNotActivated_reportsNotReadyAndDoesNotTransfer]' passed (0.000 seconds).
Test Case '-[HavitalTests.WatchCompanionServiceTests test_sendTodayPlan_whenWatchNotPaired_reportsNoWatch]' started.
[WatchCompanionService] [WARN] [WatchCompanion] sendTodayPlan blocked: availability=noWatch
Test Case '-[HavitalTests.WatchCompanionServiceTests test_sendTodayPlan_whenWatchNotPaired_reportsNoWatch]' passed (0.000 seconds).
Test Case '-[HavitalTests.WatchCompanionServiceTests test_todayPlanUserInfo_encodesPayloadWithExpectedType]' started.
Test Case '-[HavitalTests.WatchCompanionServiceTests test_todayPlanUserInfo_encodesPayloadWithExpectedType]' passed (0.000 seconds).
Test Suite 'WatchCompanionServiceTests' passed at 2026-08-29 15:40:15.189.
	 Executed 16 tests, with 0 failures (0 unexpected) in 0.014 (0.017) seconds
Test Suite 'WatchPlanProjectorTests' started at 2026-08-29 15:40:15.189.
Test Case '-[HavitalTests.WatchPlanProjectorTests test_backendDirectRunDTOs_projectDisplayableTopLevelSegment]' started.
Test Case '-[HavitalTests.WatchPlanProjectorTests test_backendDirectRunDTOs_projectDisplayableTopLevelSegment]' passed (0.000 seconds).
Test Case '-[HavitalTests.WatchPlanProjectorTests test_backendDurationOnlyRunDTO_projectsTimeSegment]' started.
Test Case '-[HavitalTests.WatchPlanProjectorTests test_backendDurationOnlyRunDTO_projectsTimeSegment]' passed (0.000 seconds).
Test Case '-[HavitalTests.WatchPlanProjectorTests test_backendIntervalDTO_projectsDistanceWorkAndStaticTimeRecovery]' started.
Test Case '-[HavitalTests.WatchPlanProjectorTests test_backendIntervalDTO_projectsDistanceWorkAndStaticTimeRecovery]' passed (0.000 seconds).
Test Case '-[HavitalTests.WatchPlanProjectorTests test_backendIntervalDTO_projectsTimeWorkAndDistanceRecovery]' started.
Test Case '-[HavitalTests.WatchPlanProjectorTests test_backendIntervalDTO_projectsTimeWorkAndDistanceRecovery]' passed (0.000 seconds).
Test Case '-[HavitalTests.WatchPlanProjectorTests test_backendIntervalDTOWithoutRecovery_projectsOnlyWorkRepeats]' started.
Test Case '-[HavitalTests.WatchPlanProjectorTests test_backendIntervalDTOWithoutRecovery_projectsOnlyWorkRepeats]' passed (0.000 seconds).
Test Case '-[HavitalTests.WatchPlanProjectorTests test_backendQualityRunDTOsWithoutSegments_projectDisplayableTopLevelSegment]' started.
Test Case '-[HavitalTests.WatchPlanProjectorTests test_backendQualityRunDTOsWithoutSegments_projectDisplayableTopLevelSegment]' passed (0.001 seconds).
Test Case '-[HavitalTests.WatchPlanProjectorTests test_backendSegmentDTOs_projectMainSegmentsAndFilterWarmupCooldown]' started.
Test Case '-[HavitalTests.WatchPlanProjectorTests test_backendSegmentDTOs_projectMainSegmentsAndFilterWarmupCooldown]' passed (0.000 seconds).
Test Case '-[HavitalTests.WatchPlanProjectorTests test_directRunWithTopLevelDistanceAndPace_projectsDisplayableSegment]' started.
Test Case '-[HavitalTests.WatchPlanProjectorTests test_directRunWithTopLevelDistanceAndPace_projectsDisplayableSegment]' passed (0.000 seconds).
Test Case '-[HavitalTests.WatchPlanProjectorTests test_intervalBlock_expandsToWorkRestPairs]' started.
Test Case '-[HavitalTests.WatchPlanProjectorTests test_intervalBlock_expandsToWorkRestPairs]' passed (0.000 seconds).
Test Case '-[HavitalTests.WatchPlanProjectorTests test_paceToSec_parsesMinutesSecondsWithOptionalUnitSuffix]' started.
Test Case '-[HavitalTests.WatchPlanProjectorTests test_paceToSec_parsesMinutesSecondsWithOptionalUnitSuffix]' passed (0.000 seconds).
Test Case '-[HavitalTests.WatchPlanProjectorTests test_segments_filterOutWarmupCooldown]' started.
Test Case '-[HavitalTests.WatchPlanProjectorTests test_segments_filterOutWarmupCooldown]' passed (0.000 seconds).
Test Suite 'WatchPlanProjectorTests' passed at 2026-08-29 15:40:15.196.
	 Executed 11 tests, with 0 failures (0 unexpected) in 0.004 (0.006) seconds
Test Suite 'WeekMetricsCalculatorTests' started at 2026-08-29 15:40:15.196.
Test Case '-[HavitalTests.WeekMetricsCalculatorTests test_groupWorkoutsByDay_emptyWorkouts_returnsEmpty]' started.
Test Case '-[HavitalTests.WeekMetricsCalculatorTests test_groupWorkoutsByDay_emptyWorkouts_returnsEmpty]' passed (0.000 seconds).
Test Case '-[HavitalTests.WeekMetricsCalculatorTests test_groupWorkoutsByDay_filtersNonRunningTypes]' started.
Test Case '-[HavitalTests.WeekMetricsCalculatorTests test_groupWorkoutsByDay_filtersNonRunningTypes]' passed (0.003 seconds).
Test Case '-[HavitalTests.WeekMetricsCalculatorTests test_groupWorkoutsByDay_filtersOutsideWeekRange]' started.
Test Case '-[HavitalTests.WeekMetricsCalculatorTests test_groupWorkoutsByDay_filtersOutsideWeekRange]' passed (0.001 seconds).
Test Case '-[HavitalTests.WeekMetricsCalculatorTests test_groupWorkoutsByDay_sortsByEndDateDesc]' started.
Test Case '-[HavitalTests.WeekMetricsCalculatorTests test_groupWorkoutsByDay_sortsByEndDateDesc]' passed (0.002 seconds).
Test Case '-[HavitalTests.WeekMetricsCalculatorTests test_metrics_aggregatesDistanceAndIntensity]' started.
Test Case '-[HavitalTests.WeekMetricsCalculatorTests test_metrics_aggregatesDistanceAndIntensity]' passed (0.001 seconds).
Test Case '-[HavitalTests.WeekMetricsCalculatorTests test_metrics_emptyWorkouts_returnsZero]' started.
Test Case '-[HavitalTests.WeekMetricsCalculatorTests test_metrics_emptyWorkouts_returnsZero]' passed (0.000 seconds).
Test Suite 'WeekMetricsCalculatorTests' passed at 2026-08-29 15:40:15.205.
	 Executed 6 tests, with 0 failures (0 unexpected) in 0.008 (0.009) seconds
Test Suite 'WeeklyAdjustmentSelectionACTests' started at 2026-08-29 15:40:15.205.
Test Case '-[HavitalTests.WeeklyAdjustmentSelectionACTests test_ac_wkadj_01_toggle_default_from_backend_apply]' started.
Test Case '-[HavitalTests.WeeklyAdjustmentSelectionACTests test_ac_wkadj_01_toggle_default_from_backend_apply]' passed (0.000 seconds).
Test Case '-[HavitalTests.WeeklyAdjustmentSelectionACTests test_ac_wkadj_02_toggle_off_does_not_affect_others]' started.
Test Case '-[HavitalTests.WeeklyAdjustmentSelectionACTests test_ac_wkadj_02_toggle_off_does_not_affect_others]' passed (0.000 seconds).
Test Case '-[HavitalTests.WeeklyAdjustmentSelectionACTests test_ac_wkadj_03_only_selected_indices_sent]' started.
Test Case '-[HavitalTests.WeeklyAdjustmentSelectionACTests test_ac_wkadj_03_only_selected_indices_sent]' passed (0.000 seconds).
Test Case '-[HavitalTests.WeeklyAdjustmentSelectionACTests test_ac_wkadj_04_all_off_sends_empty_array]' started.
Test Case '-[HavitalTests.WeeklyAdjustmentSelectionACTests test_ac_wkadj_04_all_off_sends_empty_array]' passed (0.000 seconds).
Test Case '-[HavitalTests.WeeklyAdjustmentSelectionACTests test_ac_wkadj_04b_no_items_does_not_call_api]' started.
Test Case '-[HavitalTests.WeeklyAdjustmentSelectionACTests test_ac_wkadj_04b_no_items_does_not_call_api]' passed (0.000 seconds).
Test Case '-[HavitalTests.WeeklyAdjustmentSelectionACTests test_ac_wkadj_05_empty_items_no_toggle]' started.
Test Case '-[HavitalTests.WeeklyAdjustmentSelectionACTests test_ac_wkadj_05_empty_items_no_toggle]' passed (0.000 seconds).
Test Case '-[HavitalTests.WeeklyAdjustmentSelectionACTests test_ac_wkadj_06_selected_count_reflects_open_toggles]' started.
Test Case '-[HavitalTests.WeeklyAdjustmentSelectionACTests test_ac_wkadj_06_selected_count_reflects_open_toggles]' passed (0.000 seconds).
Test Case '-[HavitalTests.WeeklyAdjustmentSelectionACTests test_ac_wkadj_07_selected_count_zero_when_all_off]' started.
Test Case '-[HavitalTests.WeeklyAdjustmentSelectionACTests test_ac_wkadj_07_selected_count_zero_when_all_off]' passed (0.000 seconds).
Test Case '-[HavitalTests.WeeklyAdjustmentSelectionACTests test_ac_wkadj_08_selected_count_updates_after_toggle]' started.
Test Case '-[HavitalTests.WeeklyAdjustmentSelectionACTests test_ac_wkadj_08_selected_count_updates_after_toggle]' passed (0.000 seconds).
Test Case '-[HavitalTests.WeeklyAdjustmentSelectionACTests test_ac_wkadj_09_impact_field_nonempty_for_fixture]' started.
Test Case '-[HavitalTests.WeeklyAdjustmentSelectionACTests test_ac_wkadj_09_impact_field_nonempty_for_fixture]' passed (0.000 seconds).
Test Case '-[HavitalTests.WeeklyAdjustmentSelectionACTests test_ac_wkadj_10_reset_to_defaults]' started.
Test Case '-[HavitalTests.WeeklyAdjustmentSelectionACTests test_ac_wkadj_10_reset_to_defaults]' passed (0.000 seconds).
Test Suite 'WeeklyAdjustmentSelectionACTests' passed at 2026-08-29 15:40:15.210.
	 Executed 11 tests, with 0 failures (0 unexpected) in 0.004 (0.006) seconds
Test Suite 'WeeklyMileageDialogBuilderTests' started at 2026-08-29 15:40:15.211.
Test Case '-[HavitalTests.WeeklyMileageDialogBuilderTests test_v1_empty_speaksNoRunRecord]' started.
[LanguageManager] [INFO] [FirebaseLogging] Language bundle set for: zh-Hant
Test Case '-[HavitalTests.WeeklyMileageDialogBuilderTests test_v1_empty_speaksNoRunRecord]' passed (0.000 seconds).
Test Case '-[HavitalTests.WeeklyMileageDialogBuilderTests test_v1_sumsDistance]' started.
[LanguageManager] [INFO] [FirebaseLogging] Language bundle set for: zh-Hant
Test Case '-[HavitalTests.WeeklyMileageDialogBuilderTests test_v1_sumsDistance]' passed (0.000 seconds).
Test Case '-[HavitalTests.WeeklyMileageDialogBuilderTests test_v2_empty_speaksNoTrainingRecord]' started.
[LanguageManager] [INFO] [FirebaseLogging] Language bundle set for: zh-Hant
Test Case '-[HavitalTests.WeeklyMileageDialogBuilderTests test_v2_empty_speaksNoTrainingRecord]' passed (0.000 seconds).
Test Case '-[HavitalTests.WeeklyMileageDialogBuilderTests test_v2_formatsPrecomputedKm]' started.
[LanguageManager] [INFO] [FirebaseLogging] Language bundle set for: zh-Hant
Test Case '-[HavitalTests.WeeklyMileageDialogBuilderTests test_v2_formatsPrecomputedKm]' passed (0.002 seconds).
Test Case '-[HavitalTests.WeeklyMileageDialogBuilderTests test_v2_roundsToOneDecimal]' started.
[LanguageManager] [INFO] [FirebaseLogging] Language bundle set for: zh-Hant
Test Case '-[HavitalTests.WeeklyMileageDialogBuilderTests test_v2_roundsToOneDecimal]' passed (0.000 seconds).
Test Case '-[HavitalTests.WeeklyMileageDialogBuilderTests test_v2_singleWorkout]' started.
[LanguageManager] [INFO] [FirebaseLogging] Language bundle set for: zh-Hant
Test Case '-[HavitalTests.WeeklyMileageDialogBuilderTests test_v2_singleWorkout]' passed (0.000 seconds).
Test Suite 'WeeklyMileageDialogBuilderTests' passed at 2026-08-29 15:40:15.216.
	 Executed 6 tests, with 0 failures (0 unexpected) in 0.004 (0.004) seconds
Test Suite 'WeeklyPlanDecodingTests' started at 2026-08-29 15:40:15.216.
Test Case '-[HavitalTests.WeeklyPlanDecodingTests testAllWeeklyPlanJSONs]' started.
Test Case '-[HavitalTests.WeeklyPlanDecodingTests testAllWeeklyPlanJSONs]' passed (0.030 seconds).
Test Case '-[HavitalTests.WeeklyPlanDecodingTests testV2BackwardCompatibility]' started.
Test Case '-[HavitalTests.WeeklyPlanDecodingTests testV2BackwardCompatibility]' passed (0.000 seconds).
Test Case '-[HavitalTests.WeeklyPlanDecodingTests testV3ClimateFieldsBackwardCompatibility]' started.
Test Case '-[HavitalTests.WeeklyPlanDecodingTests testV3ClimateFieldsBackwardCompatibility]' passed (0.000 seconds).
Test Case '-[HavitalTests.WeeklyPlanDecodingTests testV3CrossTrainingDecoding]' started.
Test Case '-[HavitalTests.WeeklyPlanDecodingTests testV3CrossTrainingDecoding]' passed (0.001 seconds).
Test Case '-[HavitalTests.WeeklyPlanDecodingTests testV3EasyRunDecoding]' started.
Test Case '-[HavitalTests.WeeklyPlanDecodingTests testV3EasyRunDecoding]' passed (0.000 seconds).
Test Case '-[HavitalTests.WeeklyPlanDecodingTests testV3IntervalWithVariantDecoding]' started.
Test Case '-[HavitalTests.WeeklyPlanDecodingTests testV3IntervalWithVariantDecoding]' passed (0.000 seconds).
Test Case '-[HavitalTests.WeeklyPlanDecodingTests testV3RestDecoding]' started.
Test Case '-[HavitalTests.WeeklyPlanDecodingTests testV3RestDecoding]' passed (0.000 seconds).
Test Case '-[HavitalTests.WeeklyPlanDecodingTests testV3StrengthDecoding]' started.
Test Case '-[HavitalTests.WeeklyPlanDecodingTests testV3StrengthDecoding]' passed (0.000 seconds).
Test Case '-[HavitalTests.WeeklyPlanDecodingTests testV3TempoWithSegmentsDecoding]' started.
Test Case '-[HavitalTests.WeeklyPlanDecodingTests testV3TempoWithSegmentsDecoding]' passed (0.000 seconds).
Test Suite 'WeeklyPlanDecodingTests' passed at 2026-08-29 15:40:15.250.
	 Executed 9 tests, with 0 failures (0 unexpected) in 0.033 (0.034) seconds
Test Suite 'WeeklyPlanFlowIntegrationTests' started at 2026-08-29 15:40:15.250.
Test Case '-[HavitalTests.WeeklyPlanFlowIntegrationTests test_fullSundayFlow_summaryThenPlan_endToEnd]' started.
[WeeklyPlanGenerator] [DEBUG] [WeeklyPlanGenerator] 需要先產生週回顧，再從回顧 sheet 產生下週課表
[WeeklySummaryCoordinator] [DEBUG] [WeeklySummaryCoordinator] 產生第 2 週摘要並顯示...
[WeeklyPlanLoader] [DEBUG] [WeeklyPlanLoader] ✅ planStatusResponse 已靜默更新
[WeeklySummaryCoordinator] [INFO] [WeeklySummaryCoordinator] ✅ 週摘要產生成功，顯示 sheet
[WeeklyPlanLoader] [DEBUG] [WeeklyPlanLoader] ✅ planStatusResponse 已靜默更新
[WeeklyPlanGenerator] [DEBUG] [WeeklyPlanGenerator] 開始產生第 3 週課表...
[WeeklyPlanLoader] [DEBUG] [WeeklyPlanLoader] 載入本週訓練記錄...
[WeeklyPlanLoader] [DEBUG] [WeeklyPlanLoader] 使用 Overview createdAt: 2026-08-29T06:40:15Z
[WeeklyPlanLoader] [DEBUG] [WeeklyPlanLoader] ✅ planStatusResponse 已靜默更新
[WeeklyPlanLoader] [DEBUG] [WeeklyPlanLoader] ✅ 訓練記錄載入完成: 0 筆
[WeeklyPlanGenerator] [DEBUG] [WeeklyPlanGenerator] ✅ 週課表產生成功: week=3
Test Case '-[HavitalTests.WeeklyPlanFlowIntegrationTests test_fullSundayFlow_summaryThenPlan_endToEnd]' passed (0.001 seconds).
Test Case '-[HavitalTests.WeeklyPlanFlowIntegrationTests test_monToSatFlow_generatesPreviousWeekSummary]' started.
[WeeklySummaryCoordinator] [DEBUG] [WeeklySummaryCoordinator] 產生第 1 週摘要並顯示...
[WeeklyPlanLoader] [DEBUG] [WeeklyPlanLoader] ✅ planStatusResponse 已靜默更新
[WeeklySummaryCoordinator] [INFO] [WeeklySummaryCoordinator] ✅ 週摘要產生成功，顯示 sheet
Test Case '-[HavitalTests.WeeklyPlanFlowIntegrationTests test_monToSatFlow_generatesPreviousWeekSummary]' passed (0.002 seconds).
Test Case '-[HavitalTests.WeeklyPlanFlowIntegrationTests test_resolveWeekAfterSummary_missingBackendInfo_fallsBackCorrectly]' started.
[WeeklyPlanLoader] [DEBUG] [WeeklyPlanLoader] ✅ planStatusResponse 已靜默更新
[WeeklyPlanLoader] [DEBUG] [WeeklyPlanLoader] ✅ planStatusResponse 已靜默更新
Test Case '-[HavitalTests.WeeklyPlanFlowIntegrationTests test_resolveWeekAfterSummary_missingBackendInfo_fallsBackCorrectly]' passed (0.000 seconds).
Test Case '-[HavitalTests.WeeklyPlanFlowIntegrationTests test_sundayFlow_generatesCurrentWeekSummaryThenNextWeekPlan]' started.
[WeeklyPlanGenerator] [DEBUG] [WeeklyPlanGenerator] 需要先產生週回顧，再從回顧 sheet 產生下週課表
[WeeklySummaryCoordinator] [DEBUG] [WeeklySummaryCoordinator] 產生第 2 週摘要並顯示...
[WeeklyPlanLoader] [DEBUG] [WeeklyPlanLoader] ✅ planStatusResponse 已靜默更新
[WeeklySummaryCoordinator] [INFO] [WeeklySummaryCoordinator] ✅ 週摘要產生成功，顯示 sheet
[WeeklyPlanLoader] [DEBUG] [WeeklyPlanLoader] ✅ planStatusResponse 已靜默更新
Test Case '-[HavitalTests.WeeklyPlanFlowIntegrationTests test_sundayFlow_generatesCurrentWeekSummaryThenNextWeekPlan]' passed (0.001 seconds).
Test Case '-[HavitalTests.WeeklyPlanFlowIntegrationTests test_weekToShow_monToSatFallback_respectsLastRequested]' started.
[WeeklySummaryCoordinator] [DEBUG] [WeeklySummaryCoordinator] 產生第 1 週摘要並顯示...
[WeeklySummaryCoordinator] [ERROR] [WeeklySummaryCoordinator] ❌ 週摘要產生失敗: 網路請求失敗: simulated
Test Case '-[HavitalTests.WeeklyPlanFlowIntegrationTests test_weekToShow_monToSatFallback_respectsLastRequested]' passed (0.001 seconds).
Test Case '-[HavitalTests.WeeklyPlanFlowIntegrationTests test_weekToShow_sundayFallback_usesLastRequestedNotCurrentMinusOne]' started.
[WeeklySummaryCoordinator] [DEBUG] [WeeklySummaryCoordinator] 產生第 2 週摘要並顯示...
[WeeklySummaryCoordinator] [ERROR] [WeeklySummaryCoordinator] ❌ 週摘要產生失敗: 網路請求失敗: simulated
Test Case '-[HavitalTests.WeeklyPlanFlowIntegrationTests test_weekToShow_sundayFallback_usesLastRequestedNotCurrentMinusOne]' passed (0.000 seconds).
Test Suite 'WeeklyPlanFlowIntegrationTests' passed at 2026-08-29 15:40:15.258.
	 Executed 6 tests, with 0 failures (0 unexpected) in 0.006 (0.007) seconds
Test Suite 'WeeklyPlanGeneratorTests' started at 2026-08-29 15:40:15.258.
Test Case '-[HavitalTests.WeeklyPlanGeneratorTests test_generateCurrentWeekPlan_rizoQuotaBlocks_callsOnRizoQuotaExceeded]' started.
[WeeklyPlanGenerator] [DEBUG] [WeeklyPlanGenerator] 使用者觸發產生第 2 週課表...
Test Case '-[HavitalTests.WeeklyPlanGeneratorTests test_generateCurrentWeekPlan_rizoQuotaBlocks_callsOnRizoQuotaExceeded]' passed (0.000 seconds).
Test Case '-[HavitalTests.WeeklyPlanGeneratorTests test_generateCurrentWeekPlan_subscriptionRequired_triggersPaywall]' started.
[WeeklyPlanGenerator] [DEBUG] [WeeklyPlanGenerator] 使用者觸發產生第 1 週課表...
Test Case '-[HavitalTests.WeeklyPlanGeneratorTests test_generateCurrentWeekPlan_subscriptionRequired_triggersPaywall]' passed (0.000 seconds).
Test Case '-[HavitalTests.WeeklyPlanGeneratorTests test_generateCurrentWeekPlan_success_setsPlanAndToast]' started.
[WeeklyPlanGenerator] [DEBUG] [WeeklyPlanGenerator] 使用者觸發產生第 1 週課表...
[WeeklyPlanLoader] [DEBUG] [WeeklyPlanLoader] 載入本週訓練記錄...
[WeeklyPlanLoader] [DEBUG] [WeeklyPlanLoader] 使用 Overview createdAt: 2026-08-29T06:40:15Z
[WeeklyPlanLoader] [DEBUG] [WeeklyPlanLoader] ✅ 訓練記錄載入完成: 0 筆
[WeeklyPlanGenerator] [DEBUG] [WeeklyPlanGenerator] ✅ 週課表產生成功: week=1
Test Case '-[HavitalTests.WeeklyPlanGeneratorTests test_generateCurrentWeekPlan_success_setsPlanAndToast]' passed (0.001 seconds).
Test Case '-[HavitalTests.WeeklyPlanGeneratorTests test_generateNextWeekPlan_requiresSummary_callsSummaryCoordinator]' started.
[WeeklyPlanGenerator] [DEBUG] [WeeklyPlanGenerator] 需要先產生週回顧，再從回顧 sheet 產生下週課表
[WeeklySummaryCoordinator] [DEBUG] [WeeklySummaryCoordinator] 產生第 2 週摘要並顯示...
[WeeklyPlanLoader] [DEBUG] [WeeklyPlanLoader] ✅ planStatusResponse 已靜默更新
[WeeklySummaryCoordinator] [INFO] [WeeklySummaryCoordinator] ✅ 週摘要產生成功，顯示 sheet
Test Case '-[HavitalTests.WeeklyPlanGeneratorTests test_generateNextWeekPlan_requiresSummary_callsSummaryCoordinator]' passed (0.001 seconds).
Test Case '-[HavitalTests.WeeklyPlanGeneratorTests test_generateWeeklyPlanDirectly_success_refreshesPlanStatusAndWorkouts]' started.
[WeeklyPlanGenerator] [DEBUG] [WeeklyPlanGenerator] 開始產生第 3 週課表...
[WeeklyPlanLoader] [DEBUG] [WeeklyPlanLoader] 載入本週訓練記錄...
[WeeklyPlanLoader] [DEBUG] [WeeklyPlanLoader] 使用 Overview createdAt: 2026-08-29T06:40:15Z
[WeeklyPlanLoader] [DEBUG] [WeeklyPlanLoader] ✅ planStatusResponse 已靜默更新
[WeeklyPlanLoader] [DEBUG] [WeeklyPlanLoader] ✅ 訓練記錄載入完成: 0 筆
[WeeklyPlanGenerator] [DEBUG] [WeeklyPlanGenerator] ✅ 週課表產生成功: week=3
Test Case '-[HavitalTests.WeeklyPlanGeneratorTests test_generateWeeklyPlanDirectly_success_refreshesPlanStatusAndWorkouts]' passed (0.001 seconds).
Test Case '-[HavitalTests.WeeklyPlanGeneratorTests test_updateOverview_success_clearsCacheAndReloadsStatus]' started.
[WeeklyPlanGenerator] [DEBUG] [WeeklyPlanGenerator] 更新訓練計畫概覽... startFromStage=base
[WeeklyPlanLoader] [DEBUG] [WeeklyPlanLoader] 載入 Plan Status...
[WeeklyPlanLoader] [INFO] ━━━━━━━━━━━━━━━━━━━━━━━━━━━━━━━━━━━━━━━━
[WeeklyPlanLoader] [INFO] 📊 PLAN STATUS API 回應
[WeeklyPlanLoader] [INFO] ━━━━━━━━━━━━━━━━━━━━━━━━━━━━━━━━━━━━━━━━
[WeeklyPlanLoader] [INFO] 🔢 當前週數: 1 / 12
[WeeklyPlanLoader] [INFO] 🎯 下一步動作: view_plan
[WeeklyPlanLoader] [INFO] ⭐️ 可產生下週課表: YES ✅
[WeeklyPlanLoader] [INFO] 📝 當前週 Plan ID: plan-1
[WeeklyPlanLoader] [INFO] 📋 上週 Summary ID: 無
[WeeklyPlanLoader] [INFO] 📅 下週資訊:
[WeeklyPlanLoader] [INFO]    - 週數: 2
[WeeklyPlanLoader] [INFO]    - 已有課表: 否
[WeeklyPlanLoader] [INFO]    - 可產生: 是
[WeeklyPlanLoader] [INFO] ━━━━━━━━━━━━━━━━━━━━━━━━━━━━━━━━━━━━━━━━
[WeeklyPlanGenerator] [INFO] [WeeklyPlanGenerator] ✅ 訓練計劃概覽已更新
Test Case '-[HavitalTests.WeeklyPlanGeneratorTests test_updateOverview_success_clearsCacheAndReloadsStatus]' passed (0.002 seconds).
Test Suite 'WeeklyPlanGeneratorTests' passed at 2026-08-29 15:40:15.265.
	 Executed 6 tests, with 0 failures (0 unexpected) in 0.006 (0.007) seconds
Test Suite 'WeeklyPlanLoaderTests' started at 2026-08-29 15:40:15.265.
Test Case '-[HavitalTests.WeeklyPlanLoaderTests test_backgroundRefreshWeeklyPlan_stalePlanId_discardsResult]' started.
[WeeklyPlanLoader] [DEBUG] [WeeklyPlanLoader] ⚡ 同步快取恢復（plan 優先）: week=1
[WeeklyPlanLoader] [INFO] [WeeklyPlanLoader] 📊 Status: week 1/12, nextAction=view_plan
[WeeklyPlanLoader] [DEBUG] [WeeklyPlanLoader] 載入週訓練預覽...
[WeeklyPlanLoader] [ERROR] [WeeklyPlanLoader] ⚠️ 週訓練預覽載入失敗（已忽略）: The operation couldn’t be completed. (paceriz_dev.TrainingPlanV2Error error 14.)
[WeeklyPlanLoader] [DEBUG] [WeeklyPlanLoader] ✅ Plan Overview 刷新成功: overview-1
[WeeklyPlanLoader] [DEBUG] [WeeklyPlanLoader] 處理 nextAction: view_plan
[WeeklyPlanLoader] [DEBUG] [WeeklyPlanLoader] 載入第 1 週課表...
[WeeklyPlanLoader] [DEBUG] [WeeklyPlanLoader] ✅ 週課表載入成功: week=1
[WeeklyPlanLoader] [DEBUG] [WeeklyPlanLoader] 載入本週訓練記錄...
[WeeklyPlanLoader] [DEBUG] [WeeklyPlanLoader] 使用 Overview createdAt: 2026-08-29T06:40:15Z
[WeeklyPlanLoader] [DEBUG] [WeeklyPlanLoader] ✅ Background refresh: Overview updated
[WeeklyPlanLoader] [DEBUG] [WeeklyPlanLoader] ✅ 訓練記錄載入完成: 0 筆
[WeeklyPlanLoader] [DEBUG] [WeeklyPlanLoader] ✅ 初始化完成
[WeeklyPlanLoader] [DEBUG] [WeeklyPlanLoader] 載入第 1 週課表...
[WeeklyPlanLoader] [DEBUG] [WeeklyPlanLoader] ✅ Background refresh: Weekly plan updated
[WeeklyPlanLoader] [DEBUG] [WeeklyPlanLoader] Background refresh: plan changed, discarding stale result
[WeeklyPlanLoader] [DEBUG] [WeeklyPlanLoader] ✅ 週課表載入成功: week=1
Test Case '-[HavitalTests.WeeklyPlanLoaderTests test_backgroundRefreshWeeklyPlan_stalePlanId_discardsResult]' passed (0.003 seconds).
Test Case '-[HavitalTests.WeeklyPlanLoaderTests test_handleNextAction_createPlan_setsNoWeeklyPlan]' started.
[WeeklyPlanLoader] [INFO] [WeeklyPlanLoader] 📊 Status: week 1/12, nextAction=create_plan
[WeeklyPlanLoader] [DEBUG] [WeeklyPlanLoader] 載入週訓練預覽...
[WeeklyPlanLoader] [DEBUG] [WeeklyPlanLoader] ✅ Background refresh: Weekly plan updated
[WeeklyPlanLoader] [ERROR] [WeeklyPlanLoader] ⚠️ 週訓練預覽載入失敗（已忽略）: The operation couldn’t be completed. (paceriz_dev.TrainingPlanV2Error error 14.)
[WeeklyPlanLoader] [DEBUG] [WeeklyPlanLoader] ✅ Plan Overview 刷新成功: overview-1
[WeeklyPlanLoader] [DEBUG] [WeeklyPlanLoader] 處理 nextAction: create_plan
[WeeklyPlanLoader] [DEBUG] [WeeklyPlanLoader] 等待使用者產生第 1 週課表
[WeeklyPlanLoader] [DEBUG] [WeeklyPlanLoader] ✅ 初始化完成
Test Case '-[HavitalTests.WeeklyPlanLoaderTests test_handleNextAction_createPlan_setsNoWeeklyPlan]' passed (0.001 seconds).
Test Case '-[HavitalTests.WeeklyPlanLoaderTests test_handleNextAction_createSummary_setsNeedsWeeklySummary]' started.
[WeeklyPlanLoader] [DEBUG] [WeeklyPlanLoader] ✅ Background refresh: Overview updated
[WeeklyPlanLoader] [INFO] [WeeklyPlanLoader] 📊 Status: week 2/12, nextAction=create_summary
[WeeklyPlanLoader] [DEBUG] [WeeklyPlanLoader] 載入週訓練預覽...
[WeeklyPlanLoader] [ERROR] [WeeklyPlanLoader] ⚠️ 週訓練預覽載入失敗（已忽略）: The operation couldn’t be completed. (paceriz_dev.TrainingPlanV2Error error 14.)
[WeeklyPlanLoader] [DEBUG] [WeeklyPlanLoader] ✅ Plan Overview 刷新成功: overview-1
[WeeklyPlanLoader] [DEBUG] [WeeklyPlanLoader] 處理 nextAction: create_summary
[WeeklyPlanLoader] [DEBUG] [WeeklyPlanLoader] 需先產生第 1 週回顧
[WeeklyPlanLoader] [DEBUG] [WeeklyPlanLoader] ✅ 初始化完成
Test Case '-[HavitalTests.WeeklyPlanLoaderTests test_handleNextAction_createSummary_setsNeedsWeeklySummary]' passed (0.001 seconds).
Test Case '-[HavitalTests.WeeklyPlanLoaderTests test_handleNextAction_viewPlan_callsLoadCurrentWeek]' started.
[WeeklyPlanLoader] [DEBUG] [WeeklyPlanLoader] ✅ Background refresh: Overview updated
[WeeklyPlanLoader] [DEBUG] [WeeklyPlanLoader] ⚡ 同步快取恢復（plan 優先）: week=1
[WeeklyPlanLoader] [INFO] [WeeklyPlanLoader] 📊 Status: week 1/12, nextAction=view_plan
[WeeklyPlanLoader] [DEBUG] [WeeklyPlanLoader] 載入週訓練預覽...
[WeeklyPlanLoader] [ERROR] [WeeklyPlanLoader] ⚠️ 週訓練預覽載入失敗（已忽略）: The operation couldn’t be completed. (paceriz_dev.TrainingPlanV2Error error 14.)
[WeeklyPlanLoader] [DEBUG] [WeeklyPlanLoader] ✅ Plan Overview 刷新成功: overview-1
[WeeklyPlanLoader] [DEBUG] [WeeklyPlanLoader] 處理 nextAction: view_plan
[WeeklyPlanLoader] [DEBUG] [WeeklyPlanLoader] 載入第 1 週課表...
[WeeklyPlanLoader] [DEBUG] [WeeklyPlanLoader] ✅ Background refresh: Overview updated
[WeeklyPlanLoader] [DEBUG] [WeeklyPlanLoader] ✅ 週課表載入成功: week=1
[WeeklyPlanLoader] [DEBUG] [WeeklyPlanLoader] 載入本週訓練記錄...
[WeeklyPlanLoader] [DEBUG] [WeeklyPlanLoader] 使用 Overview createdAt: 2026-08-29T06:40:15Z
[WeeklyPlanLoader] [DEBUG] [WeeklyPlanLoader] ✅ 訓練記錄載入完成: 0 筆
[WeeklyPlanLoader] [DEBUG] [WeeklyPlanLoader] ✅ 初始化完成
Test Case '-[HavitalTests.WeeklyPlanLoaderTests test_handleNextAction_viewPlan_callsLoadCurrentWeek]' passed (0.001 seconds).
Test Case '-[HavitalTests.WeeklyPlanLoaderTests test_initialize_reentryGuard]' started.
[WeeklyPlanLoader] [DEBUG] [WeeklyPlanLoader] ✅ Background refresh: Weekly plan updated
[WeeklyPlanLoader] [DEBUG] [WeeklyPlanLoader] ⚡ 同步快取恢復（plan 優先）: week=1
[WeeklyPlanLoader] [DEBUG] [WeeklyPlanLoader] ⏭️ 刷新進行中，跳過
[WeeklyPlanLoader] [INFO] [WeeklyPlanLoader] 📊 Status: week 1/12, nextAction=view_plan
[WeeklyPlanLoader] [DEBUG] [WeeklyPlanLoader] 載入週訓練預覽...
[WeeklyPlanLoader] [ERROR] [WeeklyPlanLoader] ⚠️ 週訓練預覽載入失敗（已忽略）: The operation couldn’t be completed. (paceriz_dev.TrainingPlanV2Error error 14.)
[WeeklyPlanLoader] [DEBUG] [WeeklyPlanLoader] ✅ Plan Overview 刷新成功: overview-1
[WeeklyPlanLoader] [DEBUG] [WeeklyPlanLoader] 處理 nextAction: view_plan
[WeeklyPlanLoader] [DEBUG] [WeeklyPlanLoader] 載入第 1 週課表...
[WeeklyPlanLoader] [DEBUG] [WeeklyPlanLoader] ✅ 週課表載入成功: week=1
[WeeklyPlanLoader] [DEBUG] [WeeklyPlanLoader] 載入本週訓練記錄...
[WeeklyPlanLoader] [DEBUG] [WeeklyPlanLoader] 使用 Overview createdAt: 2026-08-29T06:40:15Z
[WeeklyPlanLoader] [DEBUG] [WeeklyPlanLoader] ✅ Background refresh: Overview updated
[WeeklyPlanLoader] [DEBUG] [WeeklyPlanLoader] ✅ 訓練記錄載入完成: 0 筆
[WeeklyPlanLoader] [DEBUG] [WeeklyPlanLoader] ✅ 初始化完成
[WeeklyPlanLoader] [DEBUG] [WeeklyPlanLoader] ✅ Background refresh: Weekly plan updated
Test Case '-[HavitalTests.WeeklyPlanLoaderTests test_initialize_reentryGuard]' passed (0.002 seconds).
Test Case '-[HavitalTests.WeeklyPlanLoaderTests test_refresh_advancesSelectedWeek_whenCacheIsStaleAndUserHasNotNavigated]' started.
[WeeklyPlanLoader] [DEBUG] [WeeklyPlanLoader] ⚡ 同步快取恢復（plan 優先）: week=1
[WeeklyPlanLoader] [INFO] [WeeklyPlanLoader] 📊 Status: week 13/12, nextAction=view_plan
[WeeklyPlanLoader] [DEBUG] [WeeklyPlanLoader] 載入週訓練預覽...
[WeeklyPlanLoader] [ERROR] [WeeklyPlanLoader] ⚠️ 週訓練預覽載入失敗（已忽略）: The operation couldn’t be completed. (paceriz_dev.TrainingPlanV2Error error 14.)
[WeeklyPlanLoader] [DEBUG] [WeeklyPlanLoader] ✅ Plan Overview 刷新成功: overview-1
[WeeklyPlanLoader] [DEBUG] [WeeklyPlanLoader] 處理 nextAction: view_plan
[WeeklyPlanLoader] [DEBUG] [WeeklyPlanLoader] 載入第 13 週課表...
[WeeklyPlanLoader] [DEBUG] [WeeklyPlanLoader] ✅ Background refresh: Overview updated
[WeeklyPlanLoader] [DEBUG] [WeeklyPlanLoader] ✅ 週課表載入成功: week=13
[WeeklyPlanLoader] [DEBUG] [WeeklyPlanLoader] 載入本週訓練記錄...
[WeeklyPlanLoader] [DEBUG] [WeeklyPlanLoader] 使用 Overview createdAt: 2026-08-29T06:40:15Z
[WeeklyPlanLoader] [DEBUG] [WeeklyPlanLoader] ✅ 訓練記錄載入完成: 0 筆
[WeeklyPlanLoader] [DEBUG] [WeeklyPlanLoader] ✅ 初始化完成
Test Case '-[HavitalTests.WeeklyPlanLoaderTests test_refresh_advancesSelectedWeek_whenCacheIsStaleAndUserHasNotNavigated]' passed (0.001 seconds).
Test Case '-[HavitalTests.WeeklyPlanLoaderTests test_refreshFromAPI_noPlan_setsNoPlan]' started.
[WeeklyPlanLoader] [DEBUG] [WeeklyPlanLoader] ✅ Background refresh: Weekly plan updated
[UserDefaultsAuthCache] [DEBUG] Auth cache expired or not found
[UserDefaultsAuthCache] [DEBUG] Auth cache cleared
[AuthSessionRepositoryImpl] [DEBUG] [AuthSession] No valid cached user found
[WeeklyPlanLoader] [ERROR] [WeeklyPlanLoader] ❌ Plan Status 刷新失敗: 找不到資料: no plan
[WeeklyPlanLoader] [ERROR] [WeeklyPlanLoader] ❌ Plan Overview 刷新失敗: 找不到資料: no plan
Test Case '-[HavitalTests.WeeklyPlanLoaderTests test_refreshFromAPI_noPlan_setsNoPlan]' passed (0.008 seconds).
Test Case '-[HavitalTests.WeeklyPlanLoaderTests test_restoreFromCacheSync_hit_setsReadyState]' started.
[WeeklyPlanLoader] [DEBUG] [WeeklyPlanLoader] ⚡ 同步快取恢復（plan 優先）: week=2
[WeeklyPlanLoader] [INFO] [WeeklyPlanLoader] 📊 Status: week 2/12, nextAction=view_plan
[WeeklyPlanLoader] [DEBUG] [WeeklyPlanLoader] 載入週訓練預覽...
[WeeklyPlanLoader] [ERROR] [WeeklyPlanLoader] ⚠️ 週訓練預覽載入失敗（已忽略）: The operation couldn’t be completed. (paceriz_dev.TrainingPlanV2Error error 14.)
[WeeklyPlanLoader] [DEBUG] [WeeklyPlanLoader] ✅ Plan Overview 刷新成功: overview-1
[WeeklyPlanLoader] [DEBUG] [WeeklyPlanLoader] 處理 nextAction: view_plan
[WeeklyPlanLoader] [DEBUG] [WeeklyPlanLoader] 載入第 2 週課表...
[WeeklyPlanLoader] [DEBUG] [WeeklyPlanLoader] ✅ Background refresh: Overview updated
[WeeklyPlanLoader] [DEBUG] [WeeklyPlanLoader] ✅ 週課表載入成功: week=2
[WeeklyPlanLoader] [DEBUG] [WeeklyPlanLoader] 載入本週訓練記錄...
[WeeklyPlanLoader] [DEBUG] [WeeklyPlanLoader] 使用 Overview createdAt: 2026-08-29T06:40:15Z
[WeeklyPlanLoader] [DEBUG] [WeeklyPlanLoader] ✅ 訓練記錄載入完成: 0 筆
[WeeklyPlanLoader] [DEBUG] [WeeklyPlanLoader] ✅ 初始化完成
Test Case '-[HavitalTests.WeeklyPlanLoaderTests test_restoreFromCacheSync_hit_setsReadyState]' passed (0.001 seconds).
Test Case '-[HavitalTests.WeeklyPlanLoaderTests test_restoreFromCacheSync_miss_leavesLoading]' started.
[WeeklyPlanLoader] [DEBUG] [WeeklyPlanLoader] ✅ Background refresh: Weekly plan updated
[WeeklyPlanLoader] [ERROR] [WeeklyPlanLoader] ❌ Plan Overview 刷新失敗: The operation couldn’t be completed. (Test error -1.)
[WeeklyPlanLoader] [ERROR] [WeeklyPlanLoader] ❌ Plan Status 刷新失敗: The operation couldn’t be completed. (Test error -1.)
Test Case '-[HavitalTests.WeeklyPlanLoaderTests test_restoreFromCacheSync_miss_leavesLoading]' passed (0.001 seconds).
Test Case '-[HavitalTests.WeeklyPlanLoaderTests test_switchToWeek_notFound_setsNoWeeklyPlan]' started.
[WeeklyPlanLoader] [DEBUG] [WeeklyPlanLoader] 切換到第 5 週...
[WeeklyPlanLoader] [DEBUG] [WeeklyPlanLoader] 第 5 週課表尚未生成
Test Case '-[HavitalTests.WeeklyPlanLoaderTests test_switchToWeek_notFound_setsNoWeeklyPlan]' passed (0.000 seconds).
Test Case '-[HavitalTests.WeeklyPlanLoaderTests test_switchToWeek_success_loadsPlanForWeek]' started.
[WeeklyPlanLoader] [DEBUG] [WeeklyPlanLoader] 切換到第 3 週...
[WeeklyPlanLoader] [DEBUG] [WeeklyPlanLoader] 載入本週訓練記錄...
[WeeklyPlanLoader] [DEBUG] [WeeklyPlanLoader] 使用 Overview createdAt: 2026-08-29T06:40:15Z
[WeeklyPlanLoader] [DEBUG] [WeeklyPlanLoader] ✅ 訓練記錄載入完成: 0 筆
[WeeklyPlanLoader] [DEBUG] [WeeklyPlanLoader] ✅ 切換完成
Test Case '-[HavitalTests.WeeklyPlanLoaderTests test_switchToWeek_success_loadsPlanForWeek]' passed (0.001 seconds).
Test Suite 'WeeklyPlanLoaderTests' passed at 2026-08-29 15:40:15.287.
	 Executed 11 tests, with 0 failures (0 unexpected) in 0.020 (0.022) seconds
Test Suite 'WeeklyPlanMethodologyACTests' started at 2026-08-29 15:40:15.287.
Test Case '-[HavitalTests.WeeklyPlanMethodologyACTests test_ac_ios_testparity_inv_02_paceriz_base_fixture_satisfies_methodology_specific_rules]' started.
Test Case '-[HavitalTests.WeeklyPlanMethodologyACTests test_ac_ios_testparity_inv_02_paceriz_base_fixture_satisfies_methodology_specific_rules]' passed (0.001 seconds).
Test Case '-[HavitalTests.WeeklyPlanMethodologyACTests test_ac_ios_testparity_inv_02_paceriz_peak_fixture_surfaces_missing_race_pace_session]' started.
Test Case '-[HavitalTests.WeeklyPlanMethodologyACTests test_ac_ios_testparity_inv_02_paceriz_peak_fixture_surfaces_missing_race_pace_session]' passed (0.001 seconds).
Test Case '-[HavitalTests.WeeklyPlanMethodologyACTests test_ac_ios_testparity_inv_05_polarized_existing_fixture_passes_methodology_rules]' started.
Test Case '-[HavitalTests.WeeklyPlanMethodologyACTests test_ac_ios_testparity_inv_05_polarized_existing_fixture_passes_methodology_rules]' passed (0.000 seconds).
Test Case '-[HavitalTests.WeeklyPlanMethodologyACTests test_ac_ios_testparity_inv_06_current_weekly_fixtures_match_training_days_and_long_run_day]' started.
Test Case '-[HavitalTests.WeeklyPlanMethodologyACTests test_ac_ios_testparity_inv_06_current_weekly_fixtures_match_training_days_and_long_run_day]' passed (0.002 seconds).
Test Case '-[HavitalTests.WeeklyPlanMethodologyACTests test_ac_ios_testparity_struct_05_legacy_race_run_fixtures_flag_missing_heart_rate_ranges]' started.
Test Case '-[HavitalTests.WeeklyPlanMethodologyACTests test_ac_ios_testparity_struct_05_legacy_race_run_fixtures_flag_missing_heart_rate_ranges]' passed (0.001 seconds).
Test Case '-[HavitalTests.WeeklyPlanMethodologyACTests test_ac_ios_testparity_struct_07_beginner_conversion_fixture_flags_missing_intensity_totals]' started.
Test Case '-[HavitalTests.WeeklyPlanMethodologyACTests test_ac_ios_testparity_struct_07_beginner_conversion_fixture_flags_missing_intensity_totals]' passed (0.000 seconds).
Test Suite 'WeeklyPlanMethodologyACTests' passed at 2026-08-29 15:40:15.293.
	 Executed 6 tests, with 0 failures (0 unexpected) in 0.006 (0.007) seconds
Test Suite 'WeeklyPlanV2DecodingTests' started at 2026-08-29 15:40:15.294.
Test Case '-[HavitalTests.WeeklyPlanV2DecodingTests test_decode_climateAdjustedWeek_climateFieldsDecodeCorrectly]' started.
Test Case '-[HavitalTests.WeeklyPlanV2DecodingTests test_decode_climateAdjustedWeek_climateFieldsDecodeCorrectly]' passed (0.001 seconds).
Test Case '-[HavitalTests.WeeklyPlanV2DecodingTests test_decode_minimalRestDayOnly_succeeds]' started.
Test Case '-[HavitalTests.WeeklyPlanV2DecodingTests test_decode_minimalRestDayOnly_succeeds]' passed (0.000 seconds).
Test Case '-[HavitalTests.WeeklyPlanV2DecodingTests test_decode_missingOptionalFields_succeeds]' started.
Test Case '-[HavitalTests.WeeklyPlanV2DecodingTests test_decode_missingOptionalFields_succeeds]' passed (0.000 seconds).
Test Case '-[HavitalTests.WeeklyPlanV2DecodingTests test_decode_paceriz42kBaseWeek_allFieldsPopulated]' started.
Test Case '-[HavitalTests.WeeklyPlanV2DecodingTests test_decode_paceriz42kBaseWeek_allFieldsPopulated]' passed (0.000 seconds).
Test Case '-[HavitalTests.WeeklyPlanV2DecodingTests test_decode_paceriz42kBaseWeek_dayDetailsCorrect]' started.
Test Case '-[HavitalTests.WeeklyPlanV2DecodingTests test_decode_paceriz42kBaseWeek_dayDetailsCorrect]' passed (0.004 seconds).
Test Case '-[HavitalTests.WeeklyPlanV2DecodingTests test_decode_paceriz42kBaseWeek_intensityTotalMinutes]' started.
Test Case '-[HavitalTests.WeeklyPlanV2DecodingTests test_decode_paceriz42kBaseWeek_intensityTotalMinutes]' passed (0.000 seconds).
Test Case '-[HavitalTests.WeeklyPlanV2DecodingTests test_decode_peakWeek_intervalBlock]' started.
Test Case '-[HavitalTests.WeeklyPlanV2DecodingTests test_decode_peakWeek_intervalBlock]' passed (0.003 seconds).
Test Case '-[HavitalTests.WeeklyPlanV2DecodingTests test_decode_peakWeek_progressionSegments]' started.
Test Case '-[HavitalTests.WeeklyPlanV2DecodingTests test_decode_peakWeek_progressionSegments]' passed (0.001 seconds).
Test Case '-[HavitalTests.WeeklyPlanV2DecodingTests test_decode_polarizedBuildWeek_imperialUnits]' started.
Test Case '-[HavitalTests.WeeklyPlanV2DecodingTests test_decode_polarizedBuildWeek_imperialUnits]' passed (0.000 seconds).
Test Case '-[HavitalTests.WeeklyPlanV2DecodingTests test_decode_sessionWrapperFormat_extractsPrimaryFromSession]' started.
Test Case '-[HavitalTests.WeeklyPlanV2DecodingTests test_decode_sessionWrapperFormat_extractsPrimaryFromSession]' passed (0.013 seconds).
Test Case '-[HavitalTests.WeeklyPlanV2DecodingTests test_decode_sessionWrapperFormat_flatAndWrappedCoexist]' started.
Test Case '-[HavitalTests.WeeklyPlanV2DecodingTests test_decode_sessionWrapperFormat_flatAndWrappedCoexist]' passed (0.003 seconds).
Test Suite 'WeeklyPlanV2DecodingTests' passed at 2026-08-29 15:40:15.324.
	 Executed 11 tests, with 0 failures (0 unexpected) in 0.029 (0.030) seconds
Test Suite 'WeeklyPlanV2LifecycleFixtureMatrixTests' started at 2026-08-29 15:40:15.324.
Test Case '-[HavitalTests.WeeklyPlanV2LifecycleFixtureMatrixTests test_allWeeklyPlanFixturesDecodeMapAndRemainRenderSafe]' started.
Test Case '-[HavitalTests.WeeklyPlanV2LifecycleFixtureMatrixTests test_allWeeklyPlanFixturesDecodeMapAndRemainRenderSafe]' passed (0.002 seconds).
Test Case '-[HavitalTests.WeeklyPlanV2LifecycleFixtureMatrixTests test_currentFixtureMatrixCoversKnownLifecycleCombos]' started.
Test Case '-[HavitalTests.WeeklyPlanV2LifecycleFixtureMatrixTests test_currentFixtureMatrixCoversKnownLifecycleCombos]' passed (0.002 seconds).
Test Suite 'WeeklyPlanV2LifecycleFixtureMatrixTests' passed at 2026-08-29 15:40:15.329.
	 Executed 2 tests, with 0 failures (0 unexpected) in 0.004 (0.005) seconds
Test Suite 'WeeklyPlanV2MapperTests' started at 2026-08-29 15:40:15.329.
Test Case '-[HavitalTests.WeeklyPlanV2MapperTests test_entity_effectivePlanId]' started.
Test Case '-[HavitalTests.WeeklyPlanV2MapperTests test_entity_effectivePlanId]' passed (0.001 seconds).
Test Case '-[HavitalTests.WeeklyPlanV2MapperTests test_entity_effectiveWeek]' started.
Test Case '-[HavitalTests.WeeklyPlanV2MapperTests test_entity_effectiveWeek]' passed (0.001 seconds).
Test Case '-[HavitalTests.WeeklyPlanV2MapperTests test_mapper_climateFieldsPreservedAndEffectivePacePrefersAdjusted]' started.
Test Case '-[HavitalTests.WeeklyPlanV2MapperTests test_mapper_climateFieldsPreservedAndEffectivePacePrefersAdjusted]' passed (0.000 seconds).
Test Case '-[HavitalTests.WeeklyPlanV2MapperTests test_mapper_coreFields]' started.
Test Case '-[HavitalTests.WeeklyPlanV2MapperTests test_mapper_coreFields]' passed (0.001 seconds).
Test Case '-[HavitalTests.WeeklyPlanV2MapperTests test_mapper_dateParsingStandardISO8601]' started.
Test Case '-[HavitalTests.WeeklyPlanV2MapperTests test_mapper_dateParsingStandardISO8601]' passed (0.002 seconds).
Test Case '-[HavitalTests.WeeklyPlanV2MapperTests test_mapper_dateParsingWithFractionalSeconds]' started.
Test Case '-[HavitalTests.WeeklyPlanV2MapperTests test_mapper_dateParsingWithFractionalSeconds]' passed (0.001 seconds).
Test Case '-[HavitalTests.WeeklyPlanV2MapperTests test_mapper_dayDetailMapping_restDay]' started.
Test Case '-[HavitalTests.WeeklyPlanV2MapperTests test_mapper_dayDetailMapping_restDay]' passed (0.001 seconds).
Test Case '-[HavitalTests.WeeklyPlanV2MapperTests test_mapper_dayDetailMapping_runDay]' started.
Test Case '-[HavitalTests.WeeklyPlanV2MapperTests test_mapper_dayDetailMapping_runDay]' passed (0.012 seconds).
Test Case '-[HavitalTests.WeeklyPlanV2MapperTests test_mapper_dayDetailMapping_warmupCooldown]' started.
Test Case '-[HavitalTests.WeeklyPlanV2MapperTests test_mapper_dayDetailMapping_warmupCooldown]' passed (0.001 seconds).
Test Case '-[HavitalTests.WeeklyPlanV2MapperTests test_mapper_exerciseRepsConversion_intToString]' started.
Test Case '-[HavitalTests.WeeklyPlanV2MapperTests test_mapper_exerciseRepsConversion_intToString]' passed (0.001 seconds).
Test Case '-[HavitalTests.WeeklyPlanV2MapperTests test_mapper_idResolution_fallbackToId]' started.
Test Case '-[HavitalTests.WeeklyPlanV2MapperTests test_mapper_idResolution_fallbackToId]' passed (0.000 seconds).
Test Case '-[HavitalTests.WeeklyPlanV2MapperTests test_mapper_idResolution_planIdTakesPrecedence]' started.
Test Case '-[HavitalTests.WeeklyPlanV2MapperTests test_mapper_idResolution_planIdTakesPrecedence]' passed (0.001 seconds).
Test Case '-[HavitalTests.WeeklyPlanV2MapperTests test_mapper_imperialUnitsPreserved]' started.
Test Case '-[HavitalTests.WeeklyPlanV2MapperTests test_mapper_imperialUnitsPreserved]' passed (0.000 seconds).
Test Case '-[HavitalTests.WeeklyPlanV2MapperTests test_mapper_intervalBlockMapping]' started.
Test Case '-[HavitalTests.WeeklyPlanV2MapperTests test_mapper_intervalBlockMapping]' passed (0.004 seconds).
Test Suite 'WeeklyPlanV2MapperTests' passed at 2026-08-29 15:40:15.357.
	 Executed 14 tests, with 0 failures (0 unexpected) in 0.026 (0.028) seconds
Test Suite 'WeeklyPlanViewModelTests' started at 2026-08-29 15:40:15.357.
Test Case '-[HavitalTests.WeeklyPlanViewModelTests testAvailableWeeks_returnsCorrectRange]' started.
Test Case '-[HavitalTests.WeeklyPlanViewModelTests testAvailableWeeks_returnsCorrectRange]' passed (0.001 seconds).
Test Case '-[HavitalTests.WeeklyPlanViewModelTests testCurrentPlanId_ReturnsCorrectFormat]' started.
[WeeklyPlanViewModel] [DEBUG] [WeeklyPlanVM] Overview loaded: plan_123
Test Case '-[HavitalTests.WeeklyPlanViewModelTests testCurrentPlanId_ReturnsCorrectFormat]' passed (0.001 seconds).
Test Case '-[HavitalTests.WeeklyPlanViewModelTests testGenerateWeeklyPlan_Success_UpdatesState]' started.
[WeeklyPlanViewModel] [DEBUG] [WeeklyPlanVM] 📤 請求產生週計畫 - week: 1, targetWeek: 1, selectedWeek: 1
[WeeklyPlanViewModel] [DEBUG] [WeeklyPlanVM] 📥 收到週計畫 - plan.id: plan_123_1, plan.weekOfPlan: 1
[WeeklyPlanViewModel] [DEBUG] [WeeklyPlanVM] 📥 計畫內容 - totalDistance: 30.0, days count: 1
[WeeklyPlanViewModel] [DEBUG] [WeeklyPlanVM] Weekly plan generated: plan_123_1
Test Case '-[HavitalTests.WeeklyPlanViewModelTests testGenerateWeeklyPlan_Success_UpdatesState]' passed (0.001 seconds).
Test Case '-[HavitalTests.WeeklyPlanViewModelTests testGenerateWeeklyPlan_v2User_earlyReturn_noRepoCall]' started.
[WeeklyPlanViewModel] [ERROR] [FirebaseLogging] v2_user_entered_v1_viewmodel
Test Case '-[HavitalTests.WeeklyPlanViewModelTests testGenerateWeeklyPlan_v2User_earlyReturn_noRepoCall]' passed (0.000 seconds).
Test Case '-[HavitalTests.WeeklyPlanViewModelTests testInitialize_OverviewFailure_SetsError]' started.
[AuthSessionRepositoryImpl] [ERROR] [AuthSession] ❌ Failed to get ID Token: 登入憑證已過期
[FirebaseLogging] 上傳失敗: 登入憑證已過期
[WeeklyPlanViewModel] [DEBUG] [WeeklyPlanVM] Initializing...
Test Case '-[HavitalTests.WeeklyPlanViewModelTests testInitialize_OverviewFailure_SetsError]' passed (0.000 seconds).
Test Case '-[HavitalTests.WeeklyPlanViewModelTests testInitialize_Success_LoadsOverviewAndPlan]' started.
[WeeklyPlanViewModel] [DEBUG] [WeeklyPlanVM] Initializing...
[WeeklyPlanViewModel] [DEBUG] [WeeklyPlanVM] Overview loaded: plan_123
[WeeklyPlanViewModel] [DEBUG] [WeeklyPlanVM] 📤 開始載入週計畫 - selectedWeek: 1, currentWeek: 1
[WeeklyPlanViewModel] [DEBUG] [WeeklyPlanVM] 🔄 載入計畫 - planId: plan_123_1
[WeeklyPlanViewModel] [DEBUG] [WeeklyPlanVM] 📥 收到週計畫 - plan.id: plan_123_1, plan.weekOfPlan: 1
[WeeklyPlanViewModel] [DEBUG] [WeeklyPlanVM] 📥 計畫內容 - totalDistance: 30.0, days count: 1
[WeeklyPlanViewModel] [DEBUG] [WeeklyPlanVM] ✅ Weekly plan loaded: plan_123_1
Test Case '-[HavitalTests.WeeklyPlanViewModelTests testInitialize_Success_LoadsOverviewAndPlan]' passed (0.001 seconds).
Test Case '-[HavitalTests.WeeklyPlanViewModelTests testLoadOverview_v1User_normalFlow_noGuardTriggered]' started.
[WeeklyPlanViewModel] [DEBUG] [WeeklyPlanVM] Overview loaded: plan_123
Test Case '-[HavitalTests.WeeklyPlanViewModelTests testLoadOverview_v1User_normalFlow_noGuardTriggered]' passed (0.001 seconds).
Test Case '-[HavitalTests.WeeklyPlanViewModelTests testLoadOverview_v2User_earlyReturn_noRepoCall_overviewStateIsError]' started.
[WeeklyPlanViewModel] [ERROR] [FirebaseLogging] v2_user_entered_v1_viewmodel
[AuthSessionRepositoryImpl] [ERROR] [AuthSession] ❌ Failed to get ID Token: 登入憑證已過期
[FirebaseLogging] 上傳失敗: 登入憑證已過期
Test Case '-[HavitalTests.WeeklyPlanViewModelTests testLoadOverview_v2User_earlyReturn_noRepoCall_overviewStateIsError]' passed (0.001 seconds).
Test Case '-[HavitalTests.WeeklyPlanViewModelTests testLoadWeeklyPlan_NoPlanId_SetsEmpty]' started.
[WeeklyPlanViewModel] [DEBUG] [WeeklyPlanVM] 📤 開始載入週計畫 - selectedWeek: 1, currentWeek: 1
[WeeklyPlanViewModel] [DEBUG] [WeeklyPlanVM] ❌ No plan ID available - overviewState: loading
Test Case '-[HavitalTests.WeeklyPlanViewModelTests testLoadWeeklyPlan_NoPlanId_SetsEmpty]' passed (0.005 seconds).
Test Case '-[HavitalTests.WeeklyPlanViewModelTests testLoadWeeklyPlan_NotFound_SetsEmpty]' started.
[WeeklyPlanViewModel] [DEBUG] [WeeklyPlanVM] Overview loaded: plan_123
[WeeklyPlanViewModel] [DEBUG] [WeeklyPlanVM] 📤 開始載入週計畫 - selectedWeek: 1, currentWeek: 1
[WeeklyPlanViewModel] [DEBUG] [WeeklyPlanVM] 🔄 載入計畫 - planId: plan_123_1
[WeeklyPlanViewModel] [DEBUG] [WeeklyPlanVM] ⚠️ Weekly plan not found: plan_123_1
Test Case '-[HavitalTests.WeeklyPlanViewModelTests testLoadWeeklyPlan_NotFound_SetsEmpty]' passed (0.001 seconds).
Test Case '-[HavitalTests.WeeklyPlanViewModelTests testLoadWeeklyPlan_Success_UpdatesState]' started.
[WeeklyPlanViewModel] [DEBUG] [WeeklyPlanVM] Overview loaded: plan_123
[WeeklyPlanViewModel] [DEBUG] [WeeklyPlanVM] 📤 開始載入週計畫 - selectedWeek: 1, currentWeek: 1
[WeeklyPlanViewModel] [DEBUG] [WeeklyPlanVM] 🔄 載入計畫 - planId: plan_123_1
[WeeklyPlanViewModel] [DEBUG] [WeeklyPlanVM] 📥 收到週計畫 - plan.id: plan_123_1, plan.weekOfPlan: 1
[WeeklyPlanViewModel] [DEBUG] [WeeklyPlanVM] 📥 計畫內容 - totalDistance: 30.0, days count: 1
[WeeklyPlanViewModel] [DEBUG] [WeeklyPlanVM] ✅ Weekly plan loaded: plan_123_1
Test Case '-[HavitalTests.WeeklyPlanViewModelTests testLoadWeeklyPlan_Success_UpdatesState]' passed (0.001 seconds).
Test Case '-[HavitalTests.WeeklyPlanViewModelTests testLoadWeeklyPlan_v2User_earlyReturn_noRepoCall_stateIsIncorrectVersionRouting]' started.
[WeeklyPlanViewModel] [ERROR] [FirebaseLogging] v2_user_entered_v1_viewmodel
[AuthSessionRepositoryImpl] [ERROR] [AuthSession] ❌ Failed to get ID Token: 登入憑證已過期
[FirebaseLogging] 上傳失敗: 登入憑證已過期
Test Case '-[HavitalTests.WeeklyPlanViewModelTests testLoadWeeklyPlan_v2User_earlyReturn_noRepoCall_stateIsIncorrectVersionRouting]' passed (0.001 seconds).
Test Case '-[HavitalTests.WeeklyPlanViewModelTests testModifyWeeklyPlan_v2User_earlyReturn_noRepoCall]' started.
[WeeklyPlanViewModel] [ERROR] [FirebaseLogging] v2_user_entered_v1_viewmodel
[AuthSessionRepositoryImpl] [ERROR] [AuthSession] ❌ Failed to get ID Token: 登入憑證已過期
[FirebaseLogging] 上傳失敗: 登入憑證已過期
Test Case '-[HavitalTests.WeeklyPlanViewModelTests testModifyWeeklyPlan_v2User_earlyReturn_noRepoCall]' passed (0.001 seconds).
Test Case '-[HavitalTests.WeeklyPlanViewModelTests testRefreshWeeklyPlan_Success_ReloadsPlan]' started.
[WeeklyPlanViewModel] [DEBUG] [WeeklyPlanVM] Overview loaded: plan_123
[WeeklyPlanViewModel] [DEBUG] [WeeklyPlanVM] Successfully refreshed plan (silent: true, hadData: false)
Test Case '-[HavitalTests.WeeklyPlanViewModelTests testRefreshWeeklyPlan_Success_ReloadsPlan]' passed (0.001 seconds).
Test Case '-[HavitalTests.WeeklyPlanViewModelTests testRefreshWeeklyPlan_v2User_earlyReturn_noRepoCall]' started.
[WeeklyPlanViewModel] [ERROR] [FirebaseLogging] v2_user_entered_v1_viewmodel
[AuthSessionRepositoryImpl] [ERROR] [AuthSession] ❌ Failed to get ID Token: 登入憑證已過期
[FirebaseLogging] 上傳失敗: 登入憑證已過期
Test Case '-[HavitalTests.WeeklyPlanViewModelTests testRefreshWeeklyPlan_v2User_earlyReturn_noRepoCall]' passed (0.001 seconds).
Test Case '-[HavitalTests.WeeklyPlanViewModelTests testSelectWeek_InvalidWeek_DoesNothing]' started.
[WeeklyPlanViewModel] [DEBUG] [WeeklyPlanVM] selectWeek(6) 被調用 - currentWeek: 5, selectedWeek: 1
[WeeklyPlanViewModel] [DEBUG] [WeeklyPlanVM] ✅ selectWeek 驗證通過,準備載入第 6 週計畫
[WeeklyPlanViewModel] [DEBUG] [WeeklyPlanVM] 📤 開始載入週計畫 - selectedWeek: 6, currentWeek: 5
[WeeklyPlanViewModel] [DEBUG] [WeeklyPlanVM] ❌ No plan ID available - overviewState: loading
[WeeklyPlanViewModel] [DEBUG] [WeeklyPlanVM] selectWeek(0) 被調用 - currentWeek: 5, selectedWeek: 6
[WeeklyPlanViewModel] [ERROR] [WeeklyPlanVM] ❌ selectWeek 失敗 - week(0) 必須 >= 1
Test Case '-[HavitalTests.WeeklyPlanViewModelTests testSelectWeek_InvalidWeek_DoesNothing]' passed (0.001 seconds).
Test Case '-[HavitalTests.WeeklyPlanViewModelTests testSelectWeek_ValidWeek_ChangesSelectionAndLoads]' started.
[WeeklyPlanViewModel] [DEBUG] [WeeklyPlanVM] Overview loaded: plan_123
[WeeklyPlanViewModel] [DEBUG] [WeeklyPlanVM] selectWeek(2) 被調用 - currentWeek: 5, selectedWeek: 1
[WeeklyPlanViewModel] [DEBUG] [WeeklyPlanVM] ✅ selectWeek 驗證通過,準備載入第 2 週計畫
[WeeklyPlanViewModel] [DEBUG] [WeeklyPlanVM] 📤 開始載入週計畫 - selectedWeek: 2, currentWeek: 5
[WeeklyPlanViewModel] [DEBUG] [WeeklyPlanVM] 🔄 載入計畫 - planId: plan_123_2
[WeeklyPlanViewModel] [DEBUG] [WeeklyPlanVM] 📥 收到週計畫 - plan.id: plan_123_2, plan.weekOfPlan: 2
[WeeklyPlanViewModel] [DEBUG] [WeeklyPlanVM] 📥 計畫內容 - totalDistance: 35.0, days count: 1
[WeeklyPlanViewModel] [DEBUG] [WeeklyPlanVM] ✅ Weekly plan loaded: plan_123_2
Test Case '-[HavitalTests.WeeklyPlanViewModelTests testSelectWeek_ValidWeek_ChangesSelectionAndLoads]' passed (0.001 seconds).
Test Case '-[HavitalTests.WeeklyPlanViewModelTests testSWR_cancellation_doesNotSetBadge]' started.
[WeeklyPlanViewModel] [DEBUG] [WeeklyPlanVM] Overview loaded: plan_123
[WeeklyPlanViewModel] [DEBUG] [WeeklyPlanVM] 📤 開始載入週計畫 - selectedWeek: 1, currentWeek: 1
[WeeklyPlanViewModel] [DEBUG] [WeeklyPlanVM] 🔄 載入計畫 - planId: plan_123_1
[WeeklyPlanViewModel] [DEBUG] [WeeklyPlanVM] 📥 收到週計畫 - plan.id: plan_123_1, plan.weekOfPlan: 1
[WeeklyPlanViewModel] [DEBUG] [WeeklyPlanVM] 📥 計畫內容 - totalDistance: 30.0, days count: 1
[WeeklyPlanViewModel] [DEBUG] [WeeklyPlanVM] ✅ Weekly plan loaded: plan_123_1
Test Case '-[HavitalTests.WeeklyPlanViewModelTests testSWR_cancellation_doesNotSetBadge]' passed (0.001 seconds).
Test Case '-[HavitalTests.WeeklyPlanViewModelTests testSWR_decodeFailureWithCache_setsDebugBadge_keepsState]' started.
[WeeklyPlanViewModel] [DEBUG] [WeeklyPlanVM] Overview loaded: plan_123
[WeeklyPlanViewModel] [DEBUG] [WeeklyPlanVM] 📤 開始載入週計畫 - selectedWeek: 1, currentWeek: 1
[WeeklyPlanViewModel] [DEBUG] [WeeklyPlanVM] 🔄 載入計畫 - planId: plan_123_1
[WeeklyPlanViewModel] [DEBUG] [WeeklyPlanVM] 📥 收到週計畫 - plan.id: plan_123_1, plan.weekOfPlan: 1
[WeeklyPlanViewModel] [DEBUG] [WeeklyPlanVM] 📥 計畫內容 - totalDistance: 30.0, days count: 1
[WeeklyPlanViewModel] [DEBUG] [WeeklyPlanVM] ✅ Weekly plan loaded: plan_123_1
[WeeklyPlanViewModel] [ERROR] [FirebaseLogging] WeeklyPlan SWR refresh failed while cache kept
[AuthSessionRepositoryImpl] [ERROR] [AuthSession] ❌ Failed to get ID Token: 登入憑證已過期
[FirebaseLogging] 上傳失敗: 登入憑證已過期
Test Case '-[HavitalTests.WeeklyPlanViewModelTests testSWR_decodeFailureWithCache_setsDebugBadge_keepsState]' passed (0.001 seconds).
Test Case '-[HavitalTests.WeeklyPlanViewModelTests testUserLogout_ClearsState]' started.
[WeeklyPlanViewModel] [DEBUG] [WeeklyPlanVM] Overview loaded: plan_123
Test Case '-[HavitalTests.WeeklyPlanViewModelTests testUserLogout_ClearsState]' passed (0.001 seconds).
Test Suite 'WeeklyPlanViewModelTests' passed at 2026-08-29 15:40:15.378.
	 Executed 20 tests, with 0 failures (0 unexpected) in 0.017 (0.021) seconds
Test Suite 'WeeklyPreviewV2DecodingTests' started at 2026-08-29 15:40:15.378.
Test Case '-[HavitalTests.WeeklyPreviewV2DecodingTests test_decode_paceriz12Weeks_allStagesPresent]' started.
Test Case '-[HavitalTests.WeeklyPreviewV2DecodingTests test_decode_paceriz12Weeks_allStagesPresent]' passed (0.003 seconds).
Test Case '-[HavitalTests.WeeklyPreviewV2DecodingTests test_decode_paceriz12Weeks_peakPhaseMultipleQualityOptions]' started.
Test Case '-[HavitalTests.WeeklyPreviewV2DecodingTests test_decode_paceriz12Weeks_peakPhaseMultipleQualityOptions]' passed (0.000 seconds).
Test Case '-[HavitalTests.WeeklyPreviewV2DecodingTests test_decode_paceriz12Weeks_recoveryWeek]' started.
Test Case '-[HavitalTests.WeeklyPreviewV2DecodingTests test_decode_paceriz12Weeks_recoveryWeek]' passed (0.000 seconds).
Test Case '-[HavitalTests.WeeklyPreviewV2DecodingTests test_decode_paceriz12Weeks_topLevelFields]' started.
Test Case '-[HavitalTests.WeeklyPreviewV2DecodingTests test_decode_paceriz12Weeks_topLevelFields]' passed (0.000 seconds).
Test Case '-[HavitalTests.WeeklyPreviewV2DecodingTests test_decode_paceriz12Weeks_weekDetails]' started.
Test Case '-[HavitalTests.WeeklyPreviewV2DecodingTests test_decode_paceriz12Weeks_weekDetails]' passed (0.006 seconds).
Test Suite 'WeeklyPreviewV2DecodingTests' passed at 2026-08-29 15:40:15.389.
	 Executed 5 tests, with 0 failures (0 unexpected) in 0.010 (0.011) seconds
Test Suite 'WeeklySummaryCoordinatorTests' started at 2026-08-29 15:40:15.389.
Test Case '-[HavitalTests.WeeklySummaryCoordinatorTests test_createWeeklySummaryAndShow_failure_stillRecordsLastRequestedWeek]' started.
[WeeklySummaryCoordinator] [DEBUG] [WeeklySummaryCoordinator] 產生第 2 週摘要並顯示...
[WeeklySummaryCoordinator] [ERROR] [WeeklySummaryCoordinator] ❌ 週摘要產生失敗: 網路請求失敗: boom
Test Case '-[HavitalTests.WeeklySummaryCoordinatorTests test_createWeeklySummaryAndShow_failure_stillRecordsLastRequestedWeek]' passed (0.001 seconds).
Test Case '-[HavitalTests.WeeklySummaryCoordinatorTests test_createWeeklySummaryAndShow_setsLastRequestedWeek_monToSatScenario]' started.
[WeeklySummaryCoordinator] [DEBUG] [WeeklySummaryCoordinator] 產生第 1 週摘要並顯示...
[WeeklySummaryCoordinator] [INFO] [WeeklySummaryCoordinator] ✅ 週摘要產生成功，顯示 sheet
Test Case '-[HavitalTests.WeeklySummaryCoordinatorTests test_createWeeklySummaryAndShow_setsLastRequestedWeek_monToSatScenario]' passed (0.001 seconds).
Test Case '-[HavitalTests.WeeklySummaryCoordinatorTests test_createWeeklySummaryAndShow_setsLastRequestedWeek_sundayScenario]' started.
[WeeklySummaryCoordinator] [DEBUG] [WeeklySummaryCoordinator] 產生第 2 週摘要並顯示...
[WeeklySummaryCoordinator] [INFO] [WeeklySummaryCoordinator] ✅ 週摘要產生成功，顯示 sheet
Test Case '-[HavitalTests.WeeklySummaryCoordinatorTests test_createWeeklySummaryAndShow_setsLastRequestedWeek_sundayScenario]' passed (0.000 seconds).
Test Case '-[HavitalTests.WeeklySummaryCoordinatorTests test_createWeeklySummaryAndShow_success_showsSheet]' started.
[WeeklySummaryCoordinator] [DEBUG] [WeeklySummaryCoordinator] 產生第 2 週摘要並顯示...
[WeeklySummaryCoordinator] [INFO] [WeeklySummaryCoordinator] ✅ 週摘要產生成功，顯示 sheet
Test Case '-[HavitalTests.WeeklySummaryCoordinatorTests test_createWeeklySummaryAndShow_success_showsSheet]' passed (0.001 seconds).
Test Case '-[HavitalTests.WeeklySummaryCoordinatorTests test_debugGenerateForWeek_setsLastRequestedWeek]' started.
[WeeklySummaryCoordinator] [DEBUG] [WeeklySummaryCoordinator] 🐛 [DEBUG] Generating weekly summary for week 7
[WeeklySummaryCoordinator] [INFO] [WeeklySummaryCoordinator] ✅ [DEBUG] Weekly summary generated: summary-1
Test Case '-[HavitalTests.WeeklySummaryCoordinatorTests test_debugGenerateForWeek_setsLastRequestedWeek]' passed (0.000 seconds).
Test Case '-[HavitalTests.WeeklySummaryCoordinatorTests test_enforcementOn_noPremium_triggersUpsellAndSkipsSummary]' started.
[Subscription] State.update skipped (no change): status=none inGrace=false
[WeeklySummaryCoordinator] [DEBUG] [WeeklySummaryCoordinator] 產生第 2 週摘要...
[WeeklySummaryCoordinator] [DEBUG] [WeeklySummaryCoordinator] ⛔ 週回顧被 gate：顯示 weekly_review inline upsell card
Test Case '-[HavitalTests.WeeklySummaryCoordinatorTests test_enforcementOn_noPremium_triggersUpsellAndSkipsSummary]' passed (0.001 seconds).
Test Case '-[HavitalTests.WeeklySummaryCoordinatorTests test_fetchWeeklySummaries_success_populatesList]' started.
[WeeklySummaryCoordinator] [DEBUG] [WeeklySummaryCoordinator] fetchWeeklySummaries...
[WeeklySummaryCoordinator] [INFO] [WeeklySummaryCoordinator] ✅ fetchWeeklySummaries: 0 items
Test Case '-[HavitalTests.WeeklySummaryCoordinatorTests test_fetchWeeklySummaries_success_populatesList]' passed (0.000 seconds).
Test Case '-[HavitalTests.WeeklySummaryCoordinatorTests test_generateWeeklySummary_rizoQuotaBlocks_setsBanner]' started.
[WeeklySummaryCoordinator] [DEBUG] [WeeklySummaryCoordinator] 產生第 2 週摘要...
Test Case '-[HavitalTests.WeeklySummaryCoordinatorTests test_generateWeeklySummary_rizoQuotaBlocks_setsBanner]' passed (0.001 seconds).
Test Case '-[HavitalTests.WeeklySummaryCoordinatorTests test_generateWeeklySummary_setsLastRequestedWeekFromSelected]' started.
[WeeklySummaryCoordinator] [DEBUG] [WeeklySummaryCoordinator] 產生第 4 週摘要...
[WeeklySummaryCoordinator] [INFO] [WeeklySummaryCoordinator] ✅ 週摘要產生成功: summary-1
Test Case '-[HavitalTests.WeeklySummaryCoordinatorTests test_generateWeeklySummary_setsLastRequestedWeekFromSelected]' passed (0.000 seconds).
Test Case '-[HavitalTests.WeeklySummaryCoordinatorTests test_generateWeeklySummary_success_setsToastAndSummary]' started.
[WeeklySummaryCoordinator] [DEBUG] [WeeklySummaryCoordinator] 產生第 2 週摘要...
[WeeklySummaryCoordinator] [INFO] [WeeklySummaryCoordinator] ✅ 週摘要產生成功: summary-1
Test Case '-[HavitalTests.WeeklySummaryCoordinatorTests test_generateWeeklySummary_success_setsToastAndSummary]' passed (0.000 seconds).
Test Case '-[HavitalTests.WeeklySummaryCoordinatorTests test_loadWeeklySummary_setsLastRequestedWeek]' started.
[WeeklySummaryCoordinator] [DEBUG] [WeeklySummaryCoordinator] 載入第 3 週摘要...
[WeeklySummaryCoordinator] [DEBUG] [WeeklySummaryCoordinator] ✅ 週摘要載入成功: summary-1
Test Case '-[HavitalTests.WeeklySummaryCoordinatorTests test_loadWeeklySummary_setsLastRequestedWeek]' passed (0.000 seconds).
Test Case '-[HavitalTests.WeeklySummaryCoordinatorTests test_loadWeeklySummary_success]' started.
[WeeklySummaryCoordinator] [DEBUG] [WeeklySummaryCoordinator] 載入第 2 週摘要...
[WeeklySummaryCoordinator] [DEBUG] [WeeklySummaryCoordinator] ✅ 週摘要載入成功: summary-1
Test Case '-[HavitalTests.WeeklySummaryCoordinatorTests test_loadWeeklySummary_success]' passed (0.000 seconds).
Test Case '-[HavitalTests.WeeklySummaryCoordinatorTests test_viewHistoricalSummary_setsLastRequestedWeek]' started.
[WeeklySummaryCoordinator] [DEBUG] [WeeklySummaryCoordinator] 查看第 5 週的歷史回顧...
[WeeklySummaryCoordinator] [INFO] [WeeklySummaryCoordinator] ✅ 歷史週回顧載入成功，顯示 sheet
Test Case '-[HavitalTests.WeeklySummaryCoordinatorTests test_viewHistoricalSummary_setsLastRequestedWeek]' passed (0.000 seconds).
Test Case '-[HavitalTests.WeeklySummaryCoordinatorTests test_viewHistoricalSummary_subscriptionRequired_routesError]' started.
[WeeklySummaryCoordinator] [DEBUG] [WeeklySummaryCoordinator] 查看第 3 週的歷史回顧...
[WeeklySummaryCoordinator] [ERROR] [WeeklySummaryCoordinator] ❌ 歷史週回顧載入失敗: 需要訂閱
Test Case '-[HavitalTests.WeeklySummaryCoordinatorTests test_viewHistoricalSummary_subscriptionRequired_routesError]' passed (0.000 seconds).
Test Suite 'WeeklySummaryCoordinatorTests' passed at 2026-08-29 15:40:15.400.
	 Executed 14 tests, with 0 failures (0 unexpected) in 0.007 (0.011) seconds
Test Suite 'WeeklySummaryMethodologyACTests' started at 2026-08-29 15:40:15.419.
Test Case '-[HavitalTests.WeeklySummaryMethodologyACTests test_ac_ios_testparity_fixt_03_boundary_summary_fixtures_decode_successfully]' started.
Test Case '-[HavitalTests.WeeklySummaryMethodologyACTests test_ac_ios_testparity_fixt_03_boundary_summary_fixtures_decode_successfully]' passed (0.012 seconds).
Test Case '-[HavitalTests.WeeklySummaryMethodologyACTests test_ac_ios_testparity_fixt_03_full_summary_preserves_methodology_context]' started.
Test Case '-[HavitalTests.WeeklySummaryMethodologyACTests test_ac_ios_testparity_fixt_03_full_summary_preserves_methodology_context]' passed (0.001 seconds).
Test Case '-[HavitalTests.WeeklySummaryMethodologyACTests test_ac_ios_testparity_fixt_03_minimal_summary_allows_optional_blocks_to_be_absent]' started.
Test Case '-[HavitalTests.WeeklySummaryMethodologyACTests test_ac_ios_testparity_fixt_03_minimal_summary_allows_optional_blocks_to_be_absent]' passed (0.000 seconds).
Test Suite 'WeeklySummaryMethodologyACTests' passed at 2026-08-29 15:40:15.433.
	 Executed 3 tests, with 0 failures (0 unexpected) in 0.014 (0.014) seconds
Test Suite 'WeeklySummaryV1RestWeekDecodingTests' started at 2026-08-29 15:40:15.433.
Test Case '-[HavitalTests.WeeklySummaryV1RestWeekDecodingTests test_restWeek_decodes_without_throwing]' started.
Test Case '-[HavitalTests.WeeklySummaryV1RestWeekDecodingTests test_restWeek_decodes_without_throwing]' passed (0.005 seconds).
Test Suite 'WeeklySummaryV1RestWeekDecodingTests' passed at 2026-08-29 15:40:15.438.
	 Executed 1 test, with 0 failures (0 unexpected) in 0.005 (0.005) seconds
Test Suite 'WeeklySummaryV2DTODecodeTests' started at 2026-08-29 15:40:15.438.
Test Case '-[HavitalTests.WeeklySummaryV2DTODecodeTests test_missing_weekly_story_is_nil]' started.
Test Case '-[HavitalTests.WeeklySummaryV2DTODecodeTests test_missing_weekly_story_is_nil]' passed (0.000 seconds).
Test Case '-[HavitalTests.WeeklySummaryV2DTODecodeTests test_present_weekly_story_parsed]' started.
Test Case '-[HavitalTests.WeeklySummaryV2DTODecodeTests test_present_weekly_story_parsed]' passed (0.001 seconds).
Test Case '-[HavitalTests.WeeklySummaryV2DTODecodeTests test_unknown_thread_does_not_crash]' started.
Test Case '-[HavitalTests.WeeklySummaryV2DTODecodeTests test_unknown_thread_does_not_crash]' passed (0.000 seconds).
Test Case '-[HavitalTests.WeeklySummaryV2DTODecodeTests test_weekly_highlights_missing_or_null_arrays_default_to_empty]' started.
Test Case '-[HavitalTests.WeeklySummaryV2DTODecodeTests test_weekly_highlights_missing_or_null_arrays_default_to_empty]' passed (0.000 seconds).
Test Suite 'WeeklySummaryV2DTODecodeTests' passed at 2026-08-29 15:40:15.441.
	 Executed 4 tests, with 0 failures (0 unexpected) in 0.002 (0.003) seconds
Test Suite 'WeeklySummaryV2DecodingTests' started at 2026-08-29 15:40:15.441.
Test Case '-[HavitalTests.WeeklySummaryV2DecodingTests test_decode_adjustmentItemValue_acceptsEveryBackendShape]' started.
Test Case '-[HavitalTests.WeeklySummaryV2DecodingTests test_decode_adjustmentItemValue_acceptsEveryBackendShape]' passed (0.001 seconds).
Test Case '-[HavitalTests.WeeklySummaryV2DecodingTests test_decode_backendGoldenClosedLoop_raceWeekAdjustmentItem]' started.
Test Case '-[HavitalTests.WeeklySummaryV2DecodingTests test_decode_backendGoldenClosedLoop_raceWeekAdjustmentItem]' passed (0.002 seconds).
Test Case '-[HavitalTests.WeeklySummaryV2DecodingTests test_decode_fullSummary_coreFields]' started.
Test Case '-[HavitalTests.WeeklySummaryV2DecodingTests test_decode_fullSummary_coreFields]' passed (0.000 seconds).
Test Case '-[HavitalTests.WeeklySummaryV2DecodingTests test_decode_fullSummary_nextWeekAdjustments]' started.
Test Case '-[HavitalTests.WeeklySummaryV2DecodingTests test_decode_fullSummary_nextWeekAdjustments]' passed (0.000 seconds).
Test Case '-[HavitalTests.WeeklySummaryV2DecodingTests test_decode_fullSummary_planContext]' started.
Test Case '-[HavitalTests.WeeklySummaryV2DecodingTests test_decode_fullSummary_planContext]' passed (0.006 seconds).
Test Case '-[HavitalTests.WeeklySummaryV2DecodingTests test_decode_fullSummary_readinessSummary]' started.
Test Case '-[HavitalTests.WeeklySummaryV2DecodingTests test_decode_fullSummary_readinessSummary]' passed (0.018 seconds).
Test Case '-[HavitalTests.WeeklySummaryV2DecodingTests test_decode_fullSummary_restWeekRecommendation]' started.
Test Case '-[HavitalTests.WeeklySummaryV2DecodingTests test_decode_fullSummary_restWeekRecommendation]' passed (0.003 seconds).
Test Case '-[HavitalTests.WeeklySummaryV2DecodingTests test_decode_fullSummary_trainingAnalysis]' started.
Test Case '-[HavitalTests.WeeklySummaryV2DecodingTests test_decode_fullSummary_trainingAnalysis]' passed (0.012 seconds).
Test Case '-[HavitalTests.WeeklySummaryV2DecodingTests test_decode_fullSummary_trainingCompletion]' started.
Test Case '-[HavitalTests.WeeklySummaryV2DecodingTests test_decode_fullSummary_trainingCompletion]' passed (0.001 seconds).
Test Case '-[HavitalTests.WeeklySummaryV2DecodingTests test_decode_minimalSummary_onlyRequired]' started.
Test Case '-[HavitalTests.WeeklySummaryV2DecodingTests test_decode_minimalSummary_onlyRequired]' passed (0.000 seconds).
Test Suite 'WeeklySummaryV2DecodingTests' passed at 2026-08-29 15:40:15.487.
	 Executed 10 tests, with 0 failures (0 unexpected) in 0.045 (0.046) seconds
Test Suite 'WeeklySummaryV2EntityTests' started at 2026-08-29 15:40:15.487.
Test Case '-[HavitalTests.WeeklySummaryV2EntityTests test_weekly_story_entity_constructs]' started.
Test Case '-[HavitalTests.WeeklySummaryV2EntityTests test_weekly_story_entity_constructs]' passed (0.000 seconds).
Test Suite 'WeeklySummaryV2EntityTests' passed at 2026-08-29 15:40:15.488.
	 Executed 1 test, with 0 failures (0 unexpected) in 0.000 (0.001) seconds
Test Suite 'WeeklySummaryV2MapperTests' started at 2026-08-29 15:40:15.488.
Test Case '-[HavitalTests.WeeklySummaryV2MapperTests test_mapper_coreFieldMapping]' started.
Test Case '-[HavitalTests.WeeklySummaryV2MapperTests test_mapper_coreFieldMapping]' passed (0.001 seconds).
Test Case '-[HavitalTests.WeeklySummaryV2MapperTests test_mapper_minimalSummary_nilFieldsDefaultCorrectly]' started.
Test Case '-[HavitalTests.WeeklySummaryV2MapperTests test_mapper_minimalSummary_nilFieldsDefaultCorrectly]' passed (0.000 seconds).
Test Case '-[HavitalTests.WeeklySummaryV2MapperTests test_mapper_nextWeekAdjustmentsMapping]' started.
Test Case '-[HavitalTests.WeeklySummaryV2MapperTests test_mapper_nextWeekAdjustmentsMapping]' passed (0.001 seconds).
Test Case '-[HavitalTests.WeeklySummaryV2MapperTests test_mapper_planContextMapping]' started.
Test Case '-[HavitalTests.WeeklySummaryV2MapperTests test_mapper_planContextMapping]' passed (0.007 seconds).
Test Case '-[HavitalTests.WeeklySummaryV2MapperTests test_mapper_readinessSummaryMapping]' started.
Test Case '-[HavitalTests.WeeklySummaryV2MapperTests test_mapper_readinessSummaryMapping]' passed (0.021 seconds).
Test Case '-[HavitalTests.WeeklySummaryV2MapperTests test_mapper_restWeekRecommendationMapping]' started.
Test Case '-[HavitalTests.WeeklySummaryV2MapperTests test_mapper_restWeekRecommendationMapping]' passed (0.004 seconds).
Test Case '-[HavitalTests.WeeklySummaryV2MapperTests test_mapper_trainingCompletionMapping]' started.
Test Case '-[HavitalTests.WeeklySummaryV2MapperTests test_mapper_trainingCompletionMapping]' passed (0.001 seconds).
Test Case '-[HavitalTests.WeeklySummaryV2MapperTests test_maps_weekly_story]' started.
Test Case '-[HavitalTests.WeeklySummaryV2MapperTests test_maps_weekly_story]' passed (0.000 seconds).
Test Case '-[HavitalTests.WeeklySummaryV2MapperTests test_mapUserNlEditStatus_known_and_unknown]' started.
Test Case '-[HavitalTests.WeeklySummaryV2MapperTests test_mapUserNlEditStatus_known_and_unknown]' passed (0.000 seconds).
Test Case '-[HavitalTests.WeeklySummaryV2MapperTests test_nil_weekly_story_maps_nil]' started.
Test Case '-[HavitalTests.WeeklySummaryV2MapperTests test_nil_weekly_story_maps_nil]' passed (0.000 seconds).
Test Suite 'WeeklySummaryV2MapperTests' passed at 2026-08-29 15:40:15.525.
	 Executed 10 tests, with 0 failures (0 unexpected) in 0.035 (0.037) seconds
Test Suite 'WeeklySummaryV2ViewModelTests' started at 2026-08-29 15:40:15.525.
Test Case '-[HavitalTests.WeeklySummaryV2ViewModelTests testDebugGenerateWeeklySummary_firstWeekDoesNotCallAPI]' started.
[AchievementsAPI] fetchSummary start path=/v2/achievements/summary
[AchievementRemoteDataSource] [INFO] [AchievementsAPI] fetchSummary start path=/v2/achievements/summary
[AuthSessionRepositoryImpl] [ERROR] [AuthSession] ❌ Failed to get ID Token: 登入憑證已過期
[AchievementsAPI] fetchSummary request failed path=/v2/achievements/summary error=AuthenticationError: 登入憑證已過期
Test Case '-[HavitalTests.WeeklySummaryV2ViewModelTests testDebugGenerateWeeklySummary_firstWeekDoesNotCallAPI]' passed (0.001 seconds).
[AchievementRemoteDataSource] [ERROR] [AchievementsAPI] fetchSTest Case '-[HavitalTests.WeeklySummaryV2ViewModelTests testGenerateWeeklySummary_DataCorruption_SetsEmptyAndDoesNotBlock]' started.
ummary request failed path=/v2/achievements/summary error=AuthenticationError: 登入憑證已過期
[AchievementRemoteDataSource] [ERROR] [FirebaseLogging] Achievements summary load failed
[AchievementRepositoryImpl] [ERROR] [AchievementRepository] fetchSummary failed: 登入憑證已過期
[AchievementsAPI] fetchSummary start path=/v2/achievements/summary
[WeeklySummaryCoordinator] [DEBUG] [WeeklySummaryCoordinator] 產生第 1 週摘要...
[AchievementRemoteDataSource] [INFO] [AchievementsAPI] fetchSummary start path=/v2/achievements/summary
[AuthSessionRepositoryImpl] [ERROR] [AuthSession] ❌ Failed to get ID Token: 登入憑證已過期
[FirebaseLogging] 上傳失敗: 登入憑證已過期
[SubscriptionRepositoryImpl] [DEBUG] [SubscriptionRepositoryImpl] refreshStatus: bypassing cache
[SubscriptionRemoteDataSource] [DEBUG] [SubscriptionRemoteDS] fetchStatus: GET /api/v1/subscription/status
[AuthSessionRepositoryImpl] [ERROR] [AuthSession] ❌ Failed to get ID Token: 登入憑證已過期
[AuthSessionRepositoryImpl] [ERROR] [AuthSession] ❌ Failed to get ID Token: 登入憑證已過期
[AchievementsAPI] fetchSummary request failed path=/v2/achievements/summary error=AuthenticationError: 登入憑證已過期
[TrainingPlanV2ViewModel] [ERROR] [TrainingPlanV2VM] Failed to refresh subscription status: 登入憑證已過期
[AchievementRemoteDataSource] [ERROR] [AchievementsAPI] fetchSummary request failed path=/v2/achievements/summary error=AuthenticationError: 登入憑證已過期
[AchievementRemoteDataSource] [ERROR] [FirebaseLogging] Achievements summary load failed
[AchievementRepositoryImpl] [ERROR] [AchievementRepository] fetchSummary failed: 登入憑證已過期
[TrainingPlanV2ViewModel] [ERROR] [TrainingPlanV2VM] ⚠️ 週摘要產生 decode/schema mismatch: 資料損壞: decode mismatch
[AuthSessionRepositoryImpl] [ERROR] [AuthSession] ❌ Failed to get ID Token: 登入憑證已過期
[FirebaseLogging] 上傳失敗: 登入憑證已過期
Test Case '-[HavitalTests.WeeklySummaryV2ViewModelTests testGenerateWeeklySummary_DataCorruption_SetsEmptyAndDoesNotBlock]' passed (0.006 seconds).
Test Case '-[HavitalTests.WeeklySummaryV2ViewModelTests testGenerateWeeklySummary_Failure_SetsErrorState]' started.
[AchievementsAPI] fetchSummary start path=/v2/achievements/summary
[AchievementRemoteDataSource] [INFO] [AchievementsAPI] fetchSummary start path=/v2/achievements/summary
[WeeklySummaryCoordinator] [DEBUG] [WeeklySummaryCoordinator] 產生第 1 週摘要...
[SubscriptionRepositoryImpl] [DEBUG] [SubscriptionRepositoryImpl] refreshStatus: bypassing cache
[SubscriptionRemoteDataSource] [DEBUG] [SubscriptionRemoteDS] fetchStatus: GET /api/v1/subscription/status
[AuthSessionRepositoryImpl] [ERROR] [AuthSession] ❌ Failed to get ID Token: 登入憑證已過期
[AchievementsAPI] fetchSummary request failed path=/v2/achievements/summary error=AuthenticationError: 登入憑證已過期
[AuthSessionRepositoryImpl] [ERROR] [AuthSession] ❌ Failed to get ID Token: 登入憑證已過期
[AchievementRemoteDataSource] [ERROR] [AchievementsAPI] fetchSummary request failed path=/v2/achievements/summary error=AuthenticationError: 登入憑證已過期
[AchievementRemoteDataSource] [ERROR] [FirebaseLogging] Achievements summary load failed
[TrainingPlanV2ViewModel] [ERROR] [TrainingPlanV2VM] Failed to refresh subscription status: 登入憑證已過期
[AchievementRepositoryImpl] [ERROR] [AchievementRepository] fetchSummary failed: 登入憑證已過期
[AuthSessionRepositoryImpl] [ERROR] [AuthSession] ❌ Failed to get ID Token: 登入憑證已過期
[FirebaseLogging] 上傳失敗: 登入憑證已過期
[WeeklySummaryCoordinator] [ERROR] [WeeklySummaryCoordinator] ❌ 週摘要產生失敗: 伺服器錯誤 (500): Server error
Test Case '-[HavitalTests.WeeklySummaryV2ViewModelTests testGenerateWeeklySummary_Failure_SetsErrorState]' passed (0.002 seconds).
Test Case '-[HavitalTests.WeeklySummaryV2ViewModelTests testGenerateWeeklySummary_Success_SetsLoadedStateAndToast]' started.
[AchievementsAPI] fetchSummary start path=/v2/achievements/summary
[AchievementRemoteDataSource] [INFO] [AchievementsAPI] fetchSummary start path=/v2/achievements/summary
[WeeklySummaryCoordinator] [DEBUG] [WeeklySummaryCoordinator] 產生第 1 週摘要...
[SubscriptionRepositoryImpl] [DEBUG] [SubscriptionRepositoryImpl] refreshStatus: bypassing cache
[SubscriptionRemoteDataSource] [DEBUG] [SubscriptionRemoteDS] fetchStatus: GET /api/v1/subscription/status
[AuthSessionRepositoryImpl] [ERROR] [AuthSession] ❌ Failed to get ID Token: 登入憑證已過期
[AchievementsAPI] fetchSummary request failed path=/v2/achievements/summary error=AuthenticationError: 登入憑證已過期
[AuthSessionRepositoryImpl] [ERROR] [AuthSession] ❌ Failed to get ID Token: 登入憑證已過期
[AchievementRemoteDataSource] [ERROR] [AchievementsAPI] fetchSummary request failed path=/v2/achievements/summary error=AuthenticationError: 登入憑證已過期
[AchievementRemoteDataSource] [ERROR] [FirebaseLogging] Achievements summary load failed
[TrainingPlanV2ViewModel] [ERROR] [TrainingPlanV2VM] Failed to refresh subscription status: 登入憑證已過期
[AchievementRepositoryImpl] [ERROR] [AchievementRepository] fetchSummary failed: 登入憑證已過期
[WeeklySummaryCoordinator] [INFO] [WeeklySummaryCoordinator] ✅ 週摘要產生成功: generated_1
[AuthSessionRepositoryImpl] [ERROR] [AuthSession] ❌ Failed to get ID Token: 登入憑證已過期
[FirebaseLogging] 上傳失敗: 登入憑證已過期
Test Case '-[HavitalTests.WeeklySummaryV2ViewModelTests testGenerateWeeklySummary_Success_SetsLoadedStateAndToast]' passed (0.001 seconds).
Test Case '-[HavitalTests.WeeklySummaryV2ViewModelTests testLoadWeeklySummary_DataCorruption_SetsEmptyAndDoesNotBlock]' started.
[AchievementsAPI] fetchSummary start path=/v2/achievements/summary
[WeeklySummaryCoordinator] [DEBUG] [WeeklySummaryCoordinator] 載入第 1 週摘要...
[AchievementRemoteDataSource] [INFO] [AchievementsAPI] fetchSummary start path=/v2/achievements/summary
[AuthSessionRepositoryImpl] [ERROR] [AuthSession] ❌ Failed to get ID Token: 登入憑證已過期
[TrainingPlanV2ViewModel] [ERROR] [TrainingPlanV2VM] ⚠️ 週摘要載入 decode/schema mismatch: 資料損壞: decode mismatch
[AchievementsAPI] fetchSummary request failed path=/v2/achievements/summary error=AuthenticationError: 登入憑證已過期
[AchievementRemoteDataSource] [ERROR] [AchievementsAPI] fetchSummary request failed path=/v2/achievements/summary error=AuthenticationError: 登入憑證已過期
[AchievementRemoteDataSource] [ERROR] [FirebaseLogging] Achievements summary load failed
[AchievementRepositoryImpl] [ERROR] [AchievementRepository] fetchSummary failed: 登入憑證已過期
Test Case '-[HavitalTests.WeeklySummaryV2ViewModelTests testLoadWeeklySummary_DataCorruption_SetsEmptyAndDoesNotBlock]' passed (0.001 seconds).
Test Case '-[HavitalTests.WeeklySummaryV2ViewModelTests testLoadWeeklySummary_DomainError_SetsErrorState]' started.
[AuthSessionRepositoryImpl] [ERROR] [AuthSession] ❌ Failed to get ID Token: 登入憑證已過期
[FirebaseLogging] 上傳失敗: 登入憑證已過期
[AchievementsAPI] fetchSummary start path=/v2/achievements/summary
[WeeklySummaryCoordinator] [DEBUG] [WeeklySummaryCoordinator] 載入第 1 週摘要...
[AchievementRemoteDataSource] [INFO] [AchievementsAPI] fetchSummary start path=/v2/achievements/summary
[WeeklySummaryCoordinator] [ERROR] [WeeklySummaryCoordinator] ❌ 週摘要載入失敗: 網路請求失敗: Network unavailable
[AuthSessionRepositoryImpl] [ERROR] [AuthSession] ❌ Failed to get ID Token: 登入憑證已過期
[AchievementsAPI] fetchSummary request failed path=/v2/achievements/summary error=AuthenticationError: 登入憑證已過期
[AchievementRemoteDataSource] [ERROR] [AchievementsAPI] fetchSummary request failed path=/v2/achievements/summary error=AuthenticationError: 登入憑證已過期
[AchievementRemoteDataSource] [ERROR] [FirebaseLogging] Achievements summary load failed
[AchievementRepositoryImpl] [ERROR] [AchievementRepository] fetchSummary failed: 登入憑證已過期
[AuthSessionRepositoryImpl] [ERROR] [AuthSession] ❌ Failed to get ID Token: 登入憑證已過期
[FirebaseLogging] 上傳失敗: 登入憑證已過期
Test Case '-[HavitalTests.WeeklySummaryV2ViewModelTests testLoadWeeklySummary_DomainError_SetsErrorState]' passed (0.001 seconds).
Test Case '-[HavitalTests.WeeklySummaryV2ViewModelTests testLoadWeeklySummary_NonDomainError_MapsToUnknown]' started.
[AchievementsAPI] fetchSummary start path=/v2/achievements/summary
[WeeklySummaryCoordinator] [DEBUG] [WeeklySummaryCoordinator] 載入第 1 週摘要...
[AchievementRemoteDataSource] [INFO] [AchievementsAPI] fetchSummary start path=/v2/achievements/summary
[WeeklySummaryCoordinator] [ERROR] [WeeklySummaryCoordinator] ❌ 週摘要載入失敗: Unknown error
[AuthSessionRepositoryImpl] [ERROR] [AuthSession] ❌ Failed to get ID Token: 登入憑證已過期
[AchievementsAPI] fetchSummary request failed path=/v2/achievements/summary error=AuthenticationError: 登入憑證已過\346Test Case '-[HavitalTests.WeeklySummaryV2ViewModelTests testLoadWeeklySummary_NonDomainError_MapsToUnknown]' passed (0.001 seconds).
\234\237
[AchievementRemoteDataSource] [ERROR] [AchievementsAPI] fetchSummary request failed path=/v2/achievements/summary error=AuthenticationError: 登入憑證已過期
[AchievementRemoteDataSource] [ERROR] [FirebaseLogging] Achievements summary load failed
[AchievementRepositoryImpl] [ERROR] [AchievementRepository] fetchSummary failed: 登入憑證已過期
Test Case '-[HavitalTests.WeeklySummaryV2ViewModelTests testLoadWeeklySummary_PreservesAllSummaryFields]' started.
[AuthSessionRepositoryImpl] [ERROR] [AuthSession] ❌ Failed to get ID Token: 登入憑證已過期
[FirebaseLogging] 上傳失敗: 登入憑證已過期
[AchievementsAPI] fetchSummary start path=/v2/achievements/summary
[AchievementRemoteDataSource] [INFO] [AchievementsAPI] fetchSummary start path=/v2/achievements/summary
[WeeklySummaryCoordinator] [DEBUG] [WeeklySummaryCoordinator] 載入第 1 週摘要...
[WeeklySummaryCoordinator] [DEBUG] [WeeklySummaryCoordinator] ✅ 週摘要載入成功: summary_test_1
[AuthSessionRepositoryImpl] [ERROR] [AuthSession] ❌ Failed to get ID Token: 登入憑證已過期
[AchievementsAPI] fetchSummary request failed path=/v2/achievements/summary error=AuthenticationError: 登入憑證已過期
[AchievementRemoteDataSource] [ERROR] [AchievementsAPI] fetchSummary request failed path=/v2/achievements/summary error=AuthenticationError: 登入憑證已過期
[AchievementRemoteDataSource] [ERROR] [FirebaseLogging] Achievements summary load failed
[AchievementRepositoryImpl] [ERROR] [AchievementRepository] fetchSummary failed: 登入憑證已過期
[AuthSessionRepositoryImpl] [ERROR] [AuthSession] ❌ Failed to get ID Token: 登入憑證已過期
[FirebaseLogging] 上傳失敗: 登入憑證已過期
Test Case '-[HavitalTests.WeeklySummaryV2ViewModelTests testLoadWeeklySummary_PreservesAllSummaryFields]' passed (0.007 seconds).
Test Case '-[HavitalTests.WeeklySummaryV2ViewModelTests testLoadWeeklySummary_Success_SetsLoadedState]' started.
[AchievementsAPI] fetchSummary start path=/v2/achievements/summary
[AchievementRemoteDataSource] [INFO] [AchievementsAPI] fetchSummary start path=/v2/achievements/summary
[WeeklySummaryCoordinator] [DEBUG] [WeeklySummaryCoordinator] 載入第 1 週摘要...
[WeeklySummaryCoordinator] [DEBUG] [WeeklySummaryCoordinator] ✅ 週摘要載入成功: summary_test_1
[AuthSessionRepositoryImpl] [ERROR] [AuthSession] ❌ Failed to get ID Token: 登入憑證已過期
[AchievementsAPI] fetchSummary request failed path=/v2/achievements/summary error=AuthenticationError: 登入憑證已過期
[AchievementRemoteDataSource] [ERROR] [AchievementsAPI] fetchSummary request failed path=/v2/achievements/summary error=AuthenticationError: 登入憑證已過期
[AchievementRemoteDataSource] [ERROR] [FirebaseLogging] Achievements summary load failed
[AchievementRepositoryImpl] [ERROR] [AchievementRepository] fetchSummary failed: 登入憑證已過期
Test Case '-[HavitalTests.WeeklySummaryV2ViewModelTests testLoadWeeklySummary_Success_SetsLoadedState]' passed (0.001 seconds).
Test Case '-[HavitalTests.WeeklySummaryV2ViewModelTests testLoadWeeklySummary_TransitionsFromLoadingToLoaded]' started.
[AuthSessionRepositoryImpl] [ERROR] [AuthSession] ❌ Failed to get ID Token: 登入憑證已過期
[FirebaseLogging] 上傳失敗: 登入憑證已過期
[AchievementsAPI] fetchSummary start path=/v2/achievements/summary
[AchievementRemoteDataSource] [INFO] [AchievementsAPI] fetchSummary start path=/v2/achievements/summary
[WeeklySummaryCoordinator] [DEBUG] [WeeklySummaryCoordinator] 載入第 1 週摘要...
[WeeklySummaryCoordinator] [DEBUG] [WeeklySummaryCoordinator] ✅ 週摘要載入成功: summary_test_1
[AuthSessionRepositoryImpl] [ERROR] [AuthSession] ❌ Failed to get ID Token: 登入憑證已過期
[AchievementsAPI] fetchSummary request failed path=/v2/achievements/summary error=AuthenticationError: 登入憑證已過期
[AchievementRemoteDataSource] [ERROR] [AchievementsAPI] fetchSummary request failed path=/v2/achievements/summary error=AuthenticationError: 登入憑證已過期
[AchievementRemoteDataSource] [ERROR] [FirebaseLogging] Achievements summary load failed
[AchievementRepositoryImpl] [ERROR] [AchievementRepository] fetchSummary failed: 登入憑證已過期
Test Case '-[HavitalTests.WeeklySummaryV2ViewModelTests testLoadWeeklySummary_TransitionsFromLoadingToLoaded]' passed (0.001 seconds).
Test Case '-[HavitalTests.WeeklySummaryV2ViewModelTests testNextWeekButtonVisibility_showsWhenNextWeekCanGenerate_evenIfCurrentWeekPlanIsNotReady]' started.
[AuthSessionRepositoryImpl] [ERROR] [AuthSession] ❌ Failed to get ID Token: 登入憑證已過期
[FirebaseLogging] 上傳失敗: 登入憑證已過期
[AchievementsAPI] fetchSummary start path=/v2/achievements/summary
[AchievementRemoteDataSource] [INFO] [AchievementsAPI] fetchSummary start path=/v2/achievements/summary
Test Case '-[HavitalTests.WeeklySummaryV2ViewModelTests testNextWeekButtonVisibility_showsWhenNextWeekCanGenerate_evenIfCurrentWeekPlanIsNotReady]' passed (0.000 seconds).
Test Case '-[HavitalTests.WeeklySummaryV2ViewModelTests testPreviousWeeklySummaryWeek_returnsNilForFirstWeek]' started.
[AuthSessionRepositoryImpl] [ERROR] [AuthSession] ❌ Failed to get ID Token: 登入憑證已過期
[AchievementsAPI] fetchSummary request failed path=/v2/achievements/summary error=AuthenticationError: 登入憑證已過期
[AchievementRemoteDataSource] [ERROR] [AchievementsAPI] fetchSummary request failed path=/v2/achievements/summary error=AuthenticationError: 登入憑證已過期
[AchievementRemoteDataSource] [ERROR] [FirebaseLogging] Achievements summary load failed
[AchievementsAPI] fetchSummary start path=/v2/achievements/summary
Test Case '-[HavitalTests.WeeklySummaryV2ViewModelTests testPreviousWeeklySummaryWeek_returnsNilForFirstWeek]' passed (0.000 seconds).
[AchievementRemoteDataSource] [INFO] [AchievementsAPI] fetchSummary start path=/v2/achievements/summary
[AchievementRepositoryImpl] [ERROR] [AchievementRepository] fetchSummary failed: 登入憑證已過期
Test Case '-[HavitalTests.WeeklySummaryV2ViewModelTests testPreviousWeeklySummaryWeek_returnsPreviousWeekAfterWeekOne]' started.
[AuthSessionRepositoryImpl] [ERROR] [AuthSession] ❌ Failed to get ID Token: 登入憑證已過期
[AuthSessionRepositoryImpl] [ERROR] [AuthSession] ❌ Failed to get ID Token: 登入憑證已過期
[FirebaseLogging] 上傳失敗: 登入憑證已過期
[AchievementsAPI] fetchSummary request failed path=/v2/achievements/summary error=AuthenticationError: 登入憑證已過期
[AchievementsAPI] fetchSummary start path=/v2/achievements/summary
[AchievementRemoteDataSource] [ERROR] [AchievementsAPI] fetchSummary request failed path=/v2/achievements/summary error=AuthenticationError: 登入憑證已過期
[AchievementRemoteDataSource] [INFO] [AchievementsAPI] fetchSummary start path=/v2/achievements/summary
Test Case '-[HavitalTests.WeeklySummaryV2ViewModelTests testPreviousWeeklySummaryWeek_returnsPreviousWeekAfterWeekOne]' passed (0.000 seconds).
[AchievementRemoteDataSource] [ERROR] [FirebaseLogging] Achievements summary load failed
[AchievementRepositoryImpl] [ERROR] [AchievementRepository]Test Case '-[HavitalTests.WeeklySummaryV2ViewModelTests testRefreshWeeklyPlan_whenViewingNextWeek_refreshesSelectedWeekInsteadOfCurrentWeek]' started.
 fetchSummary failed: 登入憑證已過期
[AuthSessionRepositoryImpl] [ERROR] [AuthSession] ❌ Failed to get ID Token: 登入憑證已過期
[AuthSessionRepositoryImpl] [ERROR] [AuthSession] ❌ Failed to get ID Token: 登入憑證已過期
[AchievementsAPI] fetchSummary request failed path=/v2/achievements/summary error=AuthenticationError: 登入憑證已過期
[FirebaseLogging] 上傳失敗: 登入憑證已過期
[AchievementRemoteDataSource] [ERROR] [AchievementsAPI] fetchSummary request failed path=/v2/achievements/summary error=AuthenticationError: 登入憑證已過期
[AchievementRemoteDataSource] [ERROR] [FirebaseLogging] Achievements summary load failed
[AchievementRepositoryImpl] [ERROR] [AchievementRepository] fetchSummary failed: 登入憑證已過期
[AchievementsAPI] fetchSummary start path=/v2/achievements/summary
[AchievementRemoteDataSource] [INFO] [AchievementsAPI] fetchSummary start path=/v2/achievements/summary
[WeeklyPlanLoader] [DEBUG] [WeeklyPlanLoader] 刷新週課表（顯示中週數: 2，當前週數: 1）...
[WeeklyPlanLoader] [DEBUG] [WeeklyPlanLoader] ✅ planStatusResponse 已靜默更新
[AuthSessionRepositoryImpl] [ERROR] [AuthSession] ❌ Failed to get ID Token: 登入憑證已過期
[AuthSessionRepositoryImpl] [ERROR] [AuthSession] ❌ Failed to get ID Token: 登入憑證已過期
[FirebaseLogging] 上傳失敗: 登入憑證已過期
[AchievementsAPI] fetchSummary request failed path=/v2/achievements/summary error=AuthenticationError: 登入憑證已過期
[AchievementRemoteDataSource] [ERROR] [AchievementsAPI] fetchSummary request failed path=/v2/achievements/summary error=AuthenticationError: 登入憑證已過期
[WeeklyPlanLoader] [DEBUG] [WeeklyPlanLoader] ✅ 已強制刷新第 2 週課表
[WeeklyPlanLoader] [DEBUG] [WeeklyPlanLoader] 載入本週訓練記錄...
[AchievementRemoteDataSource] [ERROR] [FirebaseLogging] Achievements summary load failed
[AchievementRepositoryImpl] [ERROR] [AchievementRepository] fetchSummary failed: 登入憑證已過期
[WeeklyPlanLoader] [DEBUG] [WeeklyPlanLoader] 使用 Overview createdAt: 2026-01-01T00:00:00Z
[AuthSessionRepositoryImpl] [ERROR] [AuthSession] ❌ Failed to get ID Token: 登入憑證已過期
[WeeklyPlanLoader] [DEBUG] [WeeklyPlanLoader] ✅ 訓練記錄載入完成: 0 筆
[FirebaseLogging] 上傳失敗: 登入憑證已過期
[WeeklyPlanLoader] [DEBUG] [WeeklyPlanLoader] ✅ 刷新完成
Test Case '-[HavitalTests.WeeklySummaryV2ViewModelTests testRefreshWeeklyPlan_whenViewingNextWeek_refreshesSelectedWeekInsteadOfCurrentWeek]' passed (0.003 seconds).
Test Case '-[HavitalTests.WeeklySummaryV2ViewModelTests testResolveWeekToGenerateAfterSummary_FallbacksToSummaryPlusOne_WhenBackendMissing]' started.
[AchievementsAPI] fetchSummary start path=/v2/achievements/summary
[AchievementRemoteDataSource] [INFO] [AchievementsAPI] fetchSummary start path=/v2/achievements/summary
[WeeklyPlanLoader] [ERROR] [WeeklyPlanLoader] ⚠️ planStatusResponse 更新失敗（已忽略）: The operation couldn’t be completed. (paceriz_dev.TrainingPlanV2Error error 14.)
[AuthSessionRepositoryImpl] [ERROR] [AuthSession] ❌ Failed to get ID Token: 登入憑證已過期
[AchievementsAPI] fetchSummary request failed path=/v2/achievements/summary error=AuthenticationError: 登入憑證已過期
[AchievementRemoteDataSource] [ERROR] [AchievementsAPI] fetchSummary request failed path=/v2/achievements/summary error=AuthenticationError: 登入憑證已過期
[AchievementRemoteDataSource] [ERROR] [FirebaseLogging] Achievements summary load failed
Test Case '-[HavitalTests.WeeklySummaryV2ViewModelTests testResolveWeekToGenerateAfterSummary_FallbacksToSummaryPlusOne_WhenBackendMissing]' passed (0.001 seconds).
[AchievementRepositoryImpl] [ERROR] [AchievementRepository] fetchSummary faTest Case '-[HavitalTests.WeeklySummaryV2ViewModelTests testResolveWeekToGenerateAfterSummary_MonToSatFlow_UsesBackendWeek]' started.
iled: 登入憑證已過期
[AuthSessionRepositoryImpl] [ERROR] [AuthSession] ❌ Failed to get ID Token: 登入憑證已過期
[FirebaseLogging] 上傳失敗: 登入憑證已過期
[AchievementsAPI] fetchSummary start path=/v2/achievements/summary
[AchievementRemoteDataSource] [INFO] [AchievementsAPI] fetchSummary start path=/v2/achievements/summary
[WeeklyPlanLoader] [ERROR] [WeeklyPlanLoader] ⚠️ planStatusResponse 更新失敗（已忽略）: The operation couldn’t be completed. (paceriz_dev.TrainingPlanV2Error error 14.)
[AuthSessionRepositoryImpl] [ERROR] [AuthSession] ❌ Failed to get ID Token: 登入憑證已過期
[AchievementsAPI] fetchSummary request failed path=/v2/achievements/summary error=AuthenticationError: 登入憑證已過期
[AchievementRemoteDataSource] [ERROR] [AchievementsAPI] fetchSummary request failed path=/v2/achievements/summary error=AuthenticationError: 登入憑證已過期
[AchievementRemoteDataSource] [ERROR] [FirebaseLogging] Achievements summary load failed
Test Case '-[HavitalTests.WeeklySummaryV2ViewModelTests testResolveWeekToGenerateAfterSummary_MonToSatFlow_UsesBackendWeek]' passed (0.001 seconds).
[AchievementRepositoryImTest Case '-[HavitalTests.WeeklySummaryV2ViewModelTests testResolveWeekToGenerateAfterSummary_PrefersBackendWeek_WhenAvailable]' started.
pl] [ERROR] [AchievementRepository] fetchSummary failed: 登入憑證已過期
[AuthSessionRepositoryImpl] [ERROR] [AuthSession] ❌ Failed to get ID Token: 登入憑證已過期
[FirebaseLogging] 上傳失敗: 登入憑證已過期
[AchievementsAPI] fetchSummary start path=/v2/achievements/summary
[WeeklyPlanLoader] [ERROR] [WeeklyPlanLoader] ⚠️ planStatusResponse 更新失敗（已忽略）: The operation couldn’t be completed. (paceriz_dev.TrainingPlanV2Error error 14.)
[AchievementRemoteDataSource] [INFO] [AchievementsAPI] fetchSummary start path=/v2/achievements/summary
[AuthSessionRepositoryImpl] [ERROR] [AuthSession] ❌ Failed to get ID Token: 登入憑證已過期
[AchievementsAPI] fetchSummary request failed path=/v2/achievements/summary error=AuthenticationError: 登入憑證已過期
[AchievementRemoteDataSource] [ERROR] [AchievementsAPI] fetchSummary request failed path=/v2/achievements/summary error=AuthenticationError: 登入憑證已過期
[AchievementRemoteDataSource] [ERROR] [FirebaseLogging] Achievements summary load failed
[AchievementRepositoryImpl] [ERROR] [AchievementRepository] fetchSummary failed: 登入憑證已過期
Test Case '-[HavitalTests.WeeklySummaryV2ViewModelTests testResolveWeekToGenerateAfterSummary_PrefersBackendWeek_WhenAvailable]' passed (0.001 seconds).
Test Case '-[HavitalTests.WeeklySummaryV2ViewModelTests testResolveWeekToGenerateAfterSummary_UsesBackendNextWeekInfo_OnSundayLikeState]' started.
[AuthSessionRepositoryImpl] [ERROR] [AuthSession] ❌ Failed to get ID Token: 登入憑證已過期
[FirebaseLogging] 上傳失敗: 登入憑證已過期
[AchievementsAPI] fetchSummary start path=/v2/achievements/summary
[WeeklyPlanLoader] [ERROR] [WeeklyPlanLoader] ⚠️ planStatusResponse 更新失敗（已忽略）: The operation couldn’t be completed. (paceriz_dev.TrainingPlanV2Error error 14.)
[AchievementRemoteDataSource] [INFO] [AchievementsAPI] fetchSummary start path=/v2/achievements/summary
[AuthSessionRepositoryImpl] [ERROR] [AuthSession] ❌ Failed to get ID Token: 登入憑證已過期
[AchievementsAPI] fetchSummary request failed path=/v2/achievements/summary error=AuthenticationError: 登入憑證已過期
[AchievementRemoteDataSource] [ERROR] [AchievementsAPI] fetchSummary request failed path=/v2/achievements/summary error=AuthenticationError: 登入憑證已過期
[AchievementRemoteDataSource] [ERROR] [FirebaseLogging] Achievements summary load failed
[AchievementRepositoryImpl] [ERROR] [AchievementRepository] fetchSummary failed: 登入憑證已過期
Test Case '-[HavitalTests.WeeklySummaryV2ViewModelTests testResolveWeekToGenerateAfterSummary_UsesBackendNextWeekInfo_OnSundayLikeState]' passed (0.001 seconds).
Test Suite 'WeeklySummaryV2ViewModelTests' passed at 2026-08-29 15:40:15.556.
	 Executed 18 tests, with 0 failures (0 unexpected) in 0.027 (0.032) seconds
Test Suite 'WeeklySummaryViewModelTests' started at 2026-08-29 15:40:15.557.
Test Case '-[HavitalTests.WeeklySummaryViewModelTests testCancelAdjustmentConfirmation]' started.
[AuthSessionRepositoryImpl] [ERROR] [AuthSession] ❌ Failed to get ID Token: 登入憑證已過期
[FirebaseLogging] 上傳失敗: 登入憑證已過期
[WeeklySummaryViewModel] [DEBUG] [WeeklySummaryVM] Adjustment confirmation cancelled
Test Case '-[HavitalTests.WeeklySummaryViewModelTests testCancelAdjustmentConfirmation]' passed (0.001 seconds).
Test Case '-[HavitalTests.WeeklySummaryViewModelTests testClearSummary]' started.
[WeeklySummaryViewModel] [DEBUG] [WeeklySummaryVM] Creating summary for week -1
[WeeklySummaryViewModel] [DEBUG] [WeeklySummaryVM] No adjustments, showing summary only
[WeeklySummaryViewModel] [DEBUG] [WeeklySummaryVM] Summary cleared
Test Case '-[HavitalTests.WeeklySummaryViewModelTests testClearSummary]' passed (0.021 seconds).
Test Case '-[HavitalTests.WeeklySummaryViewModelTests testConfirmAdjustments_MissingData]' started.
[WeeklySummaryViewModel] [ERROR] [WeeklySummaryVM] Missing summary ID or target week
Test Case '-[HavitalTests.WeeklySummaryViewModelTests testConfirmAdjustments_MissingData]' passed (0.001 seconds).
Test Case '-[HavitalTests.WeeklySummaryViewModelTests testConfirmAdjustments_Success]' started.
[WeeklySummaryViewModel] [DEBUG] [WeeklySummaryVM] Confirming 1 adjustments for week 5
[WeeklySummaryViewModel] [DEBUG] [WeeklySummaryVM] Adjustments updated: 1
Test Case '-[HavitalTests.WeeklySummaryViewModelTests testConfirmAdjustments_Success]' passed (0.001 seconds).
Test Case '-[HavitalTests.WeeklySummaryViewModelTests testCreateWeeklySummary_Error]' started.
[WeeklySummaryViewModel] [DEBUG] [WeeklySummaryVM] Creating summary for week -1
[WeeklySummaryViewModel] [ERROR] [WeeklySummaryVM] Failed to create summary: The operation couldn’t be completed. (paceriz_dev.TrainingPlanError error 4.)
Test Case '-[HavitalTests.WeeklySummaryViewModelTests testCreateWeeklySummary_Error]' passed (0.004 seconds).
Test Case '-[HavitalTests.WeeklySummaryViewModelTests testCreateWeeklySummary_NoAdjustments_ShowsSummarySheet]' started.
[WeeklySummaryViewModel] [DEBUG] [WeeklySummaryVM] Creating summary for week -1
[WeeklySummaryViewModel] [DEBUG] [WeeklySummaryVM] No adjustments, showing summary only
Test Case '-[HavitalTests.WeeklySummaryViewModelTests testCreateWeeklySummary_NoAdjustments_ShowsSummarySheet]' passed (0.001 seconds).
Test Case '-[HavitalTests.WeeklySummaryViewModelTests testCreateWeeklySummary_Success]' started.
[WeeklySummaryViewModel] [DEBUG] [WeeklySummaryVM] Creating summary for week 3
[WeeklySummaryViewModel] [DEBUG] [WeeklySummaryVM] No adjustments, showing summary only
Test Case '-[HavitalTests.WeeklySummaryViewModelTests testCreateWeeklySummary_Success]' passed (0.001 seconds).
Test Case '-[HavitalTests.WeeklySummaryViewModelTests testCreateWeeklySummary_WithAdjustments_ShowsSummaryFirst]' started.
[WeeklySummaryViewModel] [DEBUG] [WeeklySummaryVM] Creating summary for week 4
[WeeklySummaryViewModel] [DEBUG] [WeeklySummaryVM] 2 adjustments pending, will show after user views summary
Test Case '-[HavitalTests.WeeklySummaryViewModelTests testCreateWeeklySummary_WithAdjustments_ShowsSummaryFirst]' passed (0.000 seconds).
Test Case '-[HavitalTests.WeeklySummaryViewModelTests testGetLastWeekRangeString]' started.
Test Case '-[HavitalTests.WeeklySummaryViewModelTests testGetLastWeekRangeString]' passed (0.000 seconds).
Test Case '-[HavitalTests.WeeklySummaryViewModelTests testLoadWeeklySummaries_Empty]' started.
[WeeklySummaryViewModel] [DEBUG] [WeeklySummaryVM] Loaded 0 summaries
Test Case '-[HavitalTests.WeeklySummaryViewModelTests testLoadWeeklySummaries_Empty]' passed (0.001 seconds).
Test Case '-[HavitalTests.WeeklySummaryViewModelTests testLoadWeeklySummaries_Success]' started.
[WeeklySummaryViewModel] [DEBUG] [WeeklySummaryVM] Loaded 2 summaries
Test Case '-[HavitalTests.WeeklySummaryViewModelTests testLoadWeeklySummaries_Success]' passed (0.000 seconds).
Test Case '-[HavitalTests.WeeklySummaryViewModelTests testRetryCreateWeeklySummary_UsesForceUpdate]' started.
[WeeklySummaryViewModel] [DEBUG] [WeeklySummaryVM] Retrying summary creation (force update)
Test Case '-[HavitalTests.WeeklySummaryViewModelTests testRetryCreateWeeklySummary_UsesForceUpdate]' passed (0.000 seconds).
Test Suite 'WeeklySummaryViewModelTests' passed at 2026-08-29 15:40:15.588.
	 Executed 12 tests, with 0 failures (0 unexpected) in 0.030 (0.032) seconds
Test Suite 'WorkoutDetailUnitConversionTests' started at 2026-08-29 15:40:15.588.
Test Case '-[HavitalTests.WorkoutDetailUnitConversionTests testPaceFallsBackToMovingDurationBeforeElapsedDuration]' started.
[WorkoutDetailViewModelV2] [DEBUG] [WorkoutDetailViewModelV2] 初始化完成 - workout: moving-duration-fallback
Test Case '-[HavitalTests.WorkoutDetailUnitConversionTests testPaceFallsBackToMovingDurationBeforeElapsedDuration]' passed (0.006 seconds).
Test Case '-[HavitalTests.WorkoutDetailUnitConversionTests testPacePrefersBackendAveragePaceWhenElapsedDurationIncludesPause]' started.
[WorkoutDetailViewModelV2] [DEBUG] [WorkoutDetailViewModelV2] 初始化完成 - workout: garmin-paused-run
Test Case '-[HavitalTests.WorkoutDetailUnitConversionTests testPacePrefersBackendAveragePaceWhenElapsedDurationIncludesPause]' passed (0.000 seconds).
Test Case '-[HavitalTests.WorkoutDetailUnitConversionTests testPaceUsesMinutesPerMileWhenUnitSystemIsImperial]' started.
[WorkoutDetailViewModelV2] [DEBUG] [WorkoutDetailViewModelV2] 初始化完成 - workout: workout-imperial-pace
Test Case '-[HavitalTests.WorkoutDetailUnitConversionTests testPaceUsesMinutesPerMileWhenUnitSystemIsImperial]' passed (0.001 seconds).
Test Suite 'WorkoutDetailUnitConversionTests' passed at 2026-08-29 15:40:15.596.
	 Executed 3 tests, with 0 failures (0 unexpected) in 0.007 (0.008) seconds
Test Suite 'WorkoutGroupingTests' started at 2026-08-29 15:40:15.596.
Test Case '-[HavitalTests.WorkoutGroupingTests testFallbackMethod_CalculatesDayIndex]' started.
✅ 测试日期: 2026-08-29 06:40:15 +0000
✅ weekday: 7
✅ dayIndex: 6
Test Case '-[HavitalTests.WorkoutGroupingTests testFallbackMethod_CalculatesDayIndex]' passed (0.000 seconds).
Test Case '-[HavitalTests.WorkoutGroupingTests testWeekDateService_AdjacentWeeks_DifferBy7Days]' started.
✅ 第1周第1天: 2023-12-31 15:00:00 +0000
✅ 第2周第1天: 2024-01-07 15:00:00 +0000
✅ 相差天数: 7
Test Case '-[HavitalTests.WorkoutGroupingTests testWeekDateService_AdjacentWeeks_DifferBy7Days]' passed (0.001 seconds).
Test Case '-[HavitalTests.WorkoutGroupingTests testWeekDateService_DaysMap_Contains7Days]' started.
✅ daysMap 包含 7 天
Test Case '-[HavitalTests.WorkoutGroupingTests testWeekDateService_DaysMap_Contains7Days]' passed (0.000 seconds).
Test Case '-[HavitalTests.WorkoutGroupingTests testWeekDateService_DifferentWeeks_ProduceDifferentDateRanges]' started.
✅ 第1周范围: 2023-12-31 15:00:00 +0000 ~ 2024-01-07 14:59:59 +0000
✅ 第3周范围: 2024-01-14 15:00:00 +0000 ~ 2024-01-21 14:59:59 +0000
✅ 第1周第1天: 2023-12-31 15:00:00 +0000
✅ 第3周第1天: 2024-01-14 15:00:00 +0000
Test Case '-[HavitalTests.WorkoutGroupingTests testWeekDateService_DifferentWeeks_ProduceDifferentDateRanges]' passed (0.001 seconds).
Test Case '-[HavitalTests.WorkoutGroupingTests testWorkoutMatching_FindsCorrectDayIndex]' started.
✅ 目标日期: 2024-01-02 15:00:00 +0000
✅ 匹配到 dayIndex: 3
Test Case '-[HavitalTests.WorkoutGroupingTests testWorkoutMatching_FindsCorrectDayIndex]' passed (0.000 seconds).
Test Suite 'WorkoutGroupingTests' passed at 2026-08-29 15:40:15.600.
	 Executed 5 tests, with 0 failures (0 unexpected) in 0.003 (0.004) seconds
Test Suite 'WorkoutListViewModelTests' started at 2026-08-29 15:40:15.601.
Test Case '-[HavitalTests.WorkoutListViewModelTests test_deleteWorkout_publishesEventBus]' started.
[WorkoutListViewModel] [DEBUG] [WorkoutListVM] deleteWorkout - id: 1
[WorkoutV2CacheManager] [INFO] [FirebaseLogging] 所有 Workout V2 快取已清除
[CacheEventBus] [INFO] [FirebaseLogging] 相關快取已清空
[WorkoutListViewModel] [DEBUG] [WorkoutListVM] ✅ Deleted workout: 1
[CacheEventBus] [DEBUG] [CacheEventBus] 通知 42 個 event 訂閱者: dataChanged(paceriz_dev.DataType.workouts)
[WorkoutListViewModel] [DEBUG] [WorkoutListVM] 收到 dataChanged.workouts 事件，從緩存更新 UI
[WorkoutListViewModel] [DEBUG] [WorkoutListVM] ✅ UI 已更新，數量: 0
[CacheEventBus] [DEBUG] [CacheEventBus] 通知 1 個 identifier 訂閱者: dataChanged(paceriz_dev.DataType.workouts)
Test Case '-[HavitalTests.WorkoutListViewModelTests test_deleteWorkout_publishesEventBus]' passed (0.003 seconds).
Test Case '-[HavitalTests.WorkoutListViewModelTests test_repositoryRefreshSignal_republishesToEventBus]' started.
[WorkoutListViewModel] [DEBUG] [WorkoutListVM] 收到 Repository workoutsDidRefresh → republish EventBus
[WorkoutV2CacheManager] [INFO] [FirebaseLogging] 所有 Workout V2 快取已清除
[CacheEventBus] [INFO] [FirebaseLogging] 相關快取已清空
[CacheEventBus] [DEBUG] [CacheEventBus] 通知 43 個 event 訂閱者: dataChanged(paceriz_dev.DataType.workouts)
[WorkoutListViewModel] [DEBUG] [WorkoutListVM] 收到 dataChanged.workouts 事件，從緩存更新 UI
[WorkoutListViewModel] [DEBUG] [WorkoutListVM] ✅ UI 已更新，數量: 0
[CacheEventBus] [DEBUG] [CacheEventBus] 通知 1 個 identifier 訂閱者: dataChanged(paceriz_dev.DataType.workouts)
Test Case '-[HavitalTests.WorkoutListViewModelTests test_repositoryRefreshSignal_republishesToEventBus]' passed (0.002 seconds).
Test Case '-[HavitalTests.WorkoutListViewModelTests testDeleteWorkout_Success]' started.
[WorkoutListViewModel] [DEBUG] [WorkoutListVM] loadWorkouts - forceRefresh: false
[WorkoutListViewModel] [DEBUG] [WorkoutListVM] ✅ Loaded 2 workouts
[WorkoutListViewModel] [DEBUG] [WorkoutListVM] deleteWorkout - id: 1
[WorkoutV2CacheManager] [INFO] [FirebaseLogging] 所有 Workout V2 快取已清除
[CacheEventBus] [INFO] [FirebaseLogging] 相關快取已清空
[WorkoutListViewModel] [DEBUG] [WorkoutListVM] ✅ Deleted workout: 1
[CacheEventBus] [DEBUG] [CacheEventBus] 通知 44 個 event 訂閱者: dataChanged(paceriz_dev.DataType.workouts)
Test Case '-[HavitalTests.WorkoutListViewModelTests testDeleteWorkout_Success]' passed (0.001 seconds).
Test Case '-[HavitalTests.WorkoutListViewModelTests testLoadWorkouts_Failure]' started.
[WorkoutListViewModel] [DEBUG] [WorkoutListVM] loadWorkouts - forceRefresh: false
[WorkoutListViewModel] [ERROR] [WorkoutListVM] ❌ Load failed: The operation couldn’t be completed. (TestError error -1.)
Test Case '-[HavitalTests.WorkoutListViewModelTests testLoadWorkouts_Failure]' passed (0.001 seconds).
Test Case '-[HavitalTests.WorkoutListViewModelTests testLoadWorkouts_Success]' started.
[WorkoutListViewModel] [DEBUG] [WorkoutListVM] loadWorkouts - forceRefresh: false
[WorkoutListViewModel] [DEBUG] [WorkoutListVM] ✅ Loaded 2 workouts
Test Case '-[HavitalTests.WorkoutListViewModelTests testLoadWorkouts_Success]' passed (0.001 seconds).
Test Case '-[HavitalTests.WorkoutListViewModelTests testViewModel_Initialized]' started.
Test Case '-[HavitalTests.WorkoutListViewModelTests testViewModel_Initialized]' passed (0.004 seconds).
Test Suite 'WorkoutListViewModelTests' passed at 2026-08-29 15:40:15.613.
	 Executed 6 tests, with 0 failures (0 unexpected) in 0.011 (0.012) seconds
Test Suite 'WorkoutLocalDataSourceTests' started at 2026-08-29 15:40:15.613.
Test Case '-[HavitalTests.WorkoutLocalDataSourceTests testCacheIdentifier_ReturnsCorrectValue]' started.
[CacheEventBus] [INFO] [FirebaseLogging] 快取管理器已註冊
[CacheEventBus] [INFO] [FirebaseLogging] 快取管理器已註冊
[CacheEventBus] [INFO] [FirebaseLogging] 快取管理器已註冊
[CacheEventBus] [INFO] [FirebaseLogging] 快取管理器已註冊
[WorkoutLocalDataSource] [DEBUG] [WorkoutLocalDataSource] 初始化完成，緩存過期時間: 120.0 分鐘
[WorkoutLocalDataSource] [DEBUG] [WorkoutLocalDataSource] clearAll - 所有緩存已清空
[WorkoutLocalDataSource] [DEBUG] [WorkoutLocalDataSource] clearAll - 所有緩存已清空
Test Case '-[HavitalTests.WorkoutLocalDataSourceTests testCacheIdentifier_ReturnsCorrectValue]' passed (0.001 seconds).
Test Case '-[HavitalTests.WorkoutLocalDataSourceTests testClearAll_RemovesAllCaches]' started.
[CacheEventBus] [INFO] [FirebaseLogging] 快取管理器已註冊
[CacheEventBus] [INFO] [FirebaseLogging] 快取管理器已註冊
[CacheEventBus] [INFO] [FirebaseLogging] 快取管理器已註冊
[CacheEventBus] [INFO] [FirebaseLogging] 快取管理器已註冊
[WorkoutLocalDataSource] [DEBUG] [WorkoutLocalDataSource] 初始化完成，緩存過期時間: 120.0 分鐘
[WorkoutLocalDataSource] [DEBUG] [WorkoutLocalDataSource] clearAll - 所有緩存已清空
[WorkoutLocalDataSource] [DEBUG] [WorkoutLocalDataSource] saveWorkouts - 已保存 5 條記錄到緩存
[WorkoutLocalDataSource] [DEBUG] [WorkoutLocalDataSource] saveWorkout(workout_single) - 已保存到緩存
[WorkoutLocalDataSource] [DEBUG] [WorkoutLocalDataSource] clearAll - 所有緩存已清空
[WorkoutLocalDataSource] [DEBUG] [WorkoutLocalDataSource] 無緩存數據
[WorkoutLocalDataSource] [DEBUG] [WorkoutLocalDataSource] getWorkout(workout_single) - 緩存已過期
[WorkoutLocalDataSource] [DEBUG] [WorkoutLocalDataSource] clearAll - 所有緩存已清空
Test Case '-[HavitalTests.WorkoutLocalDataSourceTests testClearAll_RemovesAllCaches]' passed (0.002 seconds).
Test Case '-[HavitalTests.WorkoutLocalDataSourceTests testClearCache_ClearsAllData]' started.
[CacheEventBus] [INFO] [FirebaseLogging] 快取管理器已註冊
[CacheEventBus] [INFO] [FirebaseLogging] 快取管理器已註冊
[CacheEventBus] [INFO] [FirebaseLogging] 快取管理器已註冊
[CacheEventBus] [INFO] [FirebaseLogging] 快取管理器已註冊
[WorkoutLocalDataSource] [DEBUG] [WorkoutLocalDataSource] 初始化完成，緩存過期時間: 120.0 分鐘
[WorkoutLocalDataSource] [DEBUG] [WorkoutLocalDataSource] clearAll - 所有緩存已清空
[WorkoutLocalDataSource] [DEBUG] [WorkoutLocalDataSource] saveWorkouts - 已保存 3 條記錄到緩存
[WorkoutLocalDataSource] [DEBUG] [WorkoutLocalDataSource] clearAll - 所有緩存已清空
[WorkoutLocalDataSource] [DEBUG] [WorkoutLocalDataSource] 無緩存數據
[WorkoutLocalDataSource] [DEBUG] [WorkoutLocalDataSource] clearAll - 所有緩存已清空
Test Case '-[HavitalTests.WorkoutLocalDataSourceTests testClearCache_ClearsAllData]' passed (0.001 seconds).
Test Case '-[HavitalTests.WorkoutLocalDataSourceTests testConcurrentSaveAndGet_DoesNotCrash]' started.
[CacheEventBus] [INFO] [FirebaseLogging] 快取管理器已註冊
[CacheEventBus] [INFO] [FirebaseLogging] 快取管理器已註冊
[CacheEventBus] [INFO] [FirebaseLogging] 快取管理器已註冊
[CacheEventBus] [INFO] [FirebaseLogging] 快取管理器已註冊
[WorkoutLocalDataSource] [DEBUG] [WorkoutLocalDataSource] 初始化完成，緩存過期時間: 120.0 分鐘
[WorkoutLocalDataSource] [DEBUG] [WorkoutLocalDataSource] clearAll - 所有緩存已清空
[WorkoutLocalDataSource] [DEBUG] [WorkoutLocalDataSource] 無緩存數據
[WorkoutLocalDataSource] [DEBUG] [WorkoutLocalDataSource] 無緩存數據
[WorkoutLocalDataSource] [DEBUG] [WorkoutLocalDataSource] saveWorkouts - 已保存 5 條記錄到緩存
[WorkoutLocalDataSource] [DEBUG] [WorkoutLocalDataSource] saveWorkouts - 已保存 5 條記錄到緩存
[WorkoutLocalDataSource] [DEBUG] [WorkoutLocalDataSource] saveWorkouts - 已保存 5 條記錄到緩存
[WorkoutLocalDataSource] [DEBUG] [WorkoutLocalDataSource] saveWorkouts - 已保存 5 條記錄到緩存
[WorkoutLocalDataSource] [DEBUG] [WorkoutLocalDataSource] 緩存有效，數量: 5
[WorkoutLocalDataSource] [DEBUG] [WorkoutLocalDataSource] saveWorkouts - 已保存 5 條記錄到緩存
[WorkoutLocalDataSource] [DEBUG] [WorkoutLocalDataSource] saveWorkouts - 已保存 5 條記錄到緩存
[WorkoutLocalDataSource] [DEBUG] [WorkoutLocalDataSource] saveWorkouts - 已保存 5 條記錄到緩存
[WorkoutLocalDataSource] [DEBUG] [WorkoutLocalDataSource] saveWorkouts - 已保存 5 條記錄到緩存
[WorkoutLocalDataSource] [DEBUG] [WorkoutLocalDataSource] saveWorkouts - 已保存 5 條記錄到緩存
[WorkoutLocalDataSource] [DEBUG] [WorkoutLocalDataSource] saveWorkouts - 已保存 5 條記錄到緩存
[WorkoutLocalDataSource] [DEBUG] [WorkoutLocalDataSource] saveWorkouts - 已保存 5 條記錄到緩存
[WorkoutLocalDataSource] [DEBUG] [WorkoutLocalDataSource] 緩存有效，數量: 5
[WorkoutLocalDataSource] [DEBUG] [WorkoutLocalDataSource] 緩存有效，數量: 5
[WorkoutLocalDataSource] [DEBUG] [WorkoutLocalDataSource] 緩存有效，數量: 5
[WorkoutLocalDataSource] [DEBUG] [WorkoutLocalDataSource] 緩存有效，數量: 5
[WorkoutLocalDataSource] [DEBUG] [WorkoutLocalDataSource] saveWorkouts - 已保存 5 條記錄到緩存
[WorkoutLocalDataSource] [DEBUG] [WorkoutLocalDataSource] saveWorkouts - 已保存 5 條記錄到緩存
[WorkoutLocalDataSource] [DEBUG] [WorkoutLocalDataSource] saveWorkouts - 已保存 5 條記錄到緩存
[WorkoutLocalDataSource] [DEBUG] [WorkoutLocalDataSource] saveWorkouts - 已保存 5 條記錄到緩存
[WorkoutLocalDataSource] [DEBUG] [WorkoutLocalDataSource] saveWorkouts - 已保存 5 條記錄到緩存
[WorkoutLocalDataSource] [DEBUG] [WorkoutLocalDataSource] 緩存有效，數量: 5
[WorkoutLocalDataSource] [DEBUG] [WorkoutLocalDataSource] 緩存有效，數量: 5
[WorkoutLocalDataSource] [DEBUG] [WorkoutLocalDataSource] saveWorkouts - 已保存 5 條記錄到緩存
[WorkoutLocalDataSource] [DEBUG] [WorkoutLocalDataSource] saveWorkouts - 已保存 5 條記錄到緩存
[WorkoutLocalDataSource] [DEBUG] [WorkoutLocalDataSource] saveWorkouts - 已保存 5 條記錄到緩存
[WorkoutLocalDataSource] [DEBUG] [WorkoutLocalDataSource] 緩存有效，數量: 5
[WorkoutLocalDataSource] [DEBUG] [WorkoutLocalDataSource] 緩存有效，數量: 5
[WorkoutLocalDataSource] [DEBUG] [WorkoutLocalDataSource] 緩存有效，數量: 5
[WorkoutLocalDataSource] [DEBUG] [WorkoutLocalDataSource] 緩存有效，數量: 5
[WorkoutLocalDataSource] [DEBUG] [WorkoutLocalDataSource] saveWorkouts - 已保存 5 條記錄到緩存
[WorkoutLocalDataSource] [DEBUG] [WorkoutLocalDataSource] saveWorkouts - 已保存 5 條記錄到緩存
[WorkoutLocalDataSource] [DEBUG] [WorkoutLocalDataSource] saveWorkouts - 已保存 5 條記錄到緩存
[WorkoutLocalDataSource] [DEBUG] [WorkoutLocalDataSource] saveWorkouts - 已保存 5 條記錄到緩存
[WorkoutLocalDataSource] [DEBUG] [WorkoutLocalDataSource] saveWorkouts - 已保存 5 條記錄到緩存
[WorkoutLocalDataSource] [DEBUG] [WorkoutLocalDataSource] saveWorkouts - 已保存 5 條記錄到緩存
[WorkoutLocalDataSource] [DEBUG] [WorkoutLocalDataSource] saveWorkouts - 已保存 5 條記錄到緩存
[WorkoutLocalDataSource] [DEBUG] [WorkoutLocalDataSource] saveWorkouts - 已保存 5 條記錄到緩存
[WorkoutLocalDataSource] [DEBUG] [WorkoutLocalDataSource] saveWorkouts - 已保存 5 條記錄到緩存
[WorkoutLocalDataSource] [DEBUG] [WorkoutLocalDataSource] 緩存有效，數量: 5
[WorkoutLocalDataSource] [DEBUG] [WorkoutLocalDataSource] 緩存有效，數量: 5
[WorkoutLocalDataSource] [DEBUG] [WorkoutLocalDataSource] 緩存有效，數量: 5
[WorkoutLocalDataSource] [DEBUG] [WorkoutLocalDataSource] saveWorkouts - 已保存 5 條記錄到緩存
[WorkoutLocalDataSource] [DEBUG] [WorkoutLocalDataSource] saveWorkouts - 已保存 5 條記錄到緩存
[WorkoutLocalDataSource] [DEBUG] [WorkoutLocalDataSource] saveWorkouts - 已保存 5 條記錄到緩存
[WorkoutLocalDataSource] [DEBUG] [WorkoutLocalDataSource] saveWorkouts - 已保存 5 條記錄到緩存
[WorkoutLocalDataSource] [DEBUG] [WorkoutLocalDataSource] 緩存有效，數量: 5
[WorkoutLocalDataSource] [DEBUG] [WorkoutLocalDataSource] saveWorkouts - 已保存 5 條記錄到緩存
[WorkoutLocalDataSource] [DEBUG] [WorkoutLocalDataSource] saveWorkouts - 已保存 5 條記錄到緩存
[WorkoutLocalDataSource] [DEBUG] [WorkoutLocalDataSource] saveWorkouts - 已保存 5 條記錄到緩存
[WorkoutLocalDataSource] [DEBUG] [WorkoutLocalDataSource] saveWorkouts - 已保存 5 條記錄到緩存
[WorkoutLocalDataSource] [DEBUG] [WorkoutLocalDataSource] saveWorkouts - 已保存 5 條記錄到緩存
[WorkoutLocalDataSource] [DEBUG] [WorkoutLocalDataSource] 緩存有效，數量: 5
[WorkoutLocalDataSource] [DEBUG] [WorkoutLocalDataSource] 緩存有效，數量: 5
[WorkoutLocalDataSource] [DEBUG] [WorkoutLocalDataSource] 緩存有效，數量: 5
[WorkoutLocalDataSource] [DEBUG] [WorkoutLocalDataSource] 緩存有效，數量: 5
[WorkoutLocalDataSource] [DEBUG] [WorkoutLocalDataSource] 緩存有效，數量: 5
[WorkoutLocalDataSource] [DEBUG] [WorkoutLocalDataSource] saveWorkouts - 已保存 5 條記錄到緩存
[WorkoutLocalDataSource] [DEBUG] [WorkoutLocalDataSource] saveWorkouts - 已保存 5 條記錄到緩存
[WorkoutLocalDataSource] [DEBUG] [WorkoutLocalDataSource] saveWorkouts - 已保存 5 條記錄到緩存
[WorkoutLocalDataSource] [DEBUG] [WorkoutLocalDataSource] 緩存有效，數量: 5
[WorkoutLocalDataSource] [DEBUG] [WorkoutLocalDataSource] 緩存有效，數量: 5
[WorkoutLocalDataSource] [DEBUG] [WorkoutLocalDataSource] 緩存有效，數量: 5
[WorkoutLocalDataSource] [DEBUG] [WorkoutLocalDataSource] 緩存有效，數量: 5
[WorkoutLocalDataSource] [DEBUG] [WorkoutLocalDataSource] saveWorkouts - 已保存 5 條記錄到緩存
[WorkoutLocalDataSource] [DEBUG] [WorkoutLocalDataSource] saveWorkouts - 已保存 5 條記錄到緩存
[WorkoutLocalDataSource] [DEBUG] [WorkoutLocalDataSource] saveWorkouts - 已保存 5 條記錄到緩存
[WorkoutLocalDataSource] [DEBUG] [WorkoutLocalDataSource] saveWorkouts - 已保存 5 條記錄到緩存
[WorkoutLocalDataSource] [DEBUG] [WorkoutLocalDataSource] 緩存有效，數量: 5
[WorkoutLocalDataSource] [DEBUG] [WorkoutLocalDataSource] saveWorkouts - 已保存 5 條記錄到緩存
[WorkoutLocalDataSource] [DEBUG] [WorkoutLocalDataSource] saveWorkouts - 已保存 5 條記錄到緩存
[WorkoutLocalDataSource] [DEBUG] [WorkoutLocalDataSource] saveWorkouts - 已保存 5 條記錄到緩存
[WorkoutLocalDataSource] [DEBUG] [WorkoutLocalDataSource] saveWorkouts - 已保存 5 條記錄到緩存
[WorkoutLocalDataSource] [DEBUG] [WorkoutLocalDataSource] saveWorkouts - 已保存 5 條記錄到緩存
[WorkoutLocalDataSource] [DEBUG] [WorkoutLocalDataSource] saveWorkouts - 已保存 5 條記錄到緩存
[WorkoutLocalDataSource] [DEBUG] [WorkoutLocalDataSource] saveWorkouts - 已保存 5 條記錄到緩存
[WorkoutLocalDataSource] [DEBUG] [WorkoutLocalDataSource] 緩存有效，數量: 5
[WorkoutLocalDataSource] [DEBUG] [WorkoutLocalDataSource] 緩存有效，數量: 5
[WorkoutLocalDataSource] [DEBUG] [WorkoutLocalDataSource] 緩存有效，數量: 5
[WorkoutLocalDataSource] [DEBUG] [WorkoutLocalDataSource] 緩存有效，數量: 5
[WorkoutLocalDataSource] [DEBUG] [WorkoutLocalDataSource] 緩存有效，數量: 5
[WorkoutLocalDataSource] [DEBUG] [WorkoutLocalDataSource] 緩存有效，數量: 5
[WorkoutLocalDataSource] [DEBUG] [WorkoutLocalDataSource] saveWorkouts - 已保存 5 條記錄到緩存
[WorkoutLocalDataSource] [DEBUG] [WorkoutLocalDataSource] saveWorkouts - 已保存 5 條記錄到緩存
[WorkoutLocalDataSource] [DEBUG] [WorkoutLocalDataSource] saveWorkouts - 已保存 5 條記錄到緩存
[WorkoutLocalDataSource] [DEBUG] [WorkoutLocalDataSource] saveWorkouts - 已保存 5 條記錄到緩存
[WorkoutLocalDataSource] [DEBUG] [WorkoutLocalDataSource] saveWorkouts - 已保存 5 條記錄到緩存
[WorkoutLocalDataSource] [DEBUG] [WorkoutLocalDataSource] 緩存有效，數量: 5
[WorkoutLocalDataSource] [DEBUG] [WorkoutLocalDataSource] saveWorkouts - 已保存 5 條記錄到緩存
[WorkoutLocalDataSource] [DEBUG] [WorkoutLocalDataSource] saveWorkouts - 已保存 5 條記錄到緩存
[WorkoutLocalDataSource] [DEBUG] [WorkoutLocalDataSource] saveWorkouts - 已保存 5 條記錄到緩存
[WorkoutLocalDataSource] [DEBUG] [WorkoutLocalDataSource] saveWorkouts - 已保存 5 條記錄到緩存
[WorkoutLocalDataSource] [DEBUG] [WorkoutLocalDataSource] 緩存有效，數量: 5
[WorkoutLocalDataSource] [DEBUG] [WorkoutLocalDataSource] saveWorkouts - 已保存 5 條記錄到緩存
[WorkoutLocalDataSource] [DEBUG] [WorkoutLocalDataSource] 緩存有效，數量: 5
[WorkoutLocalDataSource] [DEBUG] [WorkoutLocalDataSource] 緩存有效，數量: 5
[WorkoutLocalDataSource] [DEBUG] [WorkoutLocalDataSource] saveWorkouts - 已保存 5 條記錄到緩存
[WorkoutLocalDataSource] [DEBUG] [WorkoutLocalDataSource] saveWorkouts - 已保存 5 條記錄到緩存
[WorkoutLocalDataSource] [DEBUG] [WorkoutLocalDataSource] saveWorkouts - 已保存 5 條記錄到緩存
[WorkoutLocalDataSource] [DEBUG] [WorkoutLocalDataSource] saveWorkouts - 已保存 5 條記錄到緩存
[WorkoutLocalDataSource] [DEBUG] [WorkoutLocalDataSource] saveWorkouts - 已保存 5 條記錄到緩存
[WorkoutLocalDataSource] [DEBUG] [WorkoutLocalDataSource] saveWorkouts - 已保存 5 條記錄到緩存
[WorkoutLocalDataSource] [DEBUG] [WorkoutLocalDataSource] saveWorkouts - 已保存 5 條記錄到緩存
[WorkoutLocalDataSource] [DEBUG] [WorkoutLocalDataSource] 緩存有效，數量: 5
[WorkoutLocalDataSource] [DEBUG] [WorkoutLocalDataSource] 緩存有效，數量: 5
[WorkoutLocalDataSource] [DEBUG] [WorkoutLocalDataSource] 緩存有效，數量: 5
[WorkoutLocalDataSource] [DEBUG] [WorkoutLocalDataSource] saveWorkouts - 已保存 5 條記錄到緩存
[WorkoutLocalDataSource] [DEBUG] [WorkoutLocalDataSource] 緩存有效，數量: 5
[WorkoutLocalDataSource] [DEBUG] [WorkoutLocalDataSource] 緩存有效，數量: 5
[WorkoutLocalDataSource] [DEBUG] [WorkoutLocalDataSource] saveWorkouts - 已保存 5 條記錄到緩存
[WorkoutLocalDataSource] [DEBUG] [WorkoutLocalDataSource] 緩存有效，數量: 5
[WorkoutLocalDataSource] [DEBUG] [WorkoutLocalDataSource] 緩存有效，數量: 5
[WorkoutLocalDataSource] [DEBUG] [WorkoutLocalDataSource] saveWorkouts - 已保存 5 條記錄到緩存
[WorkoutLocalDataSource] [DEBUG] [WorkoutLocalDataSource] 緩存有效，數量: 5
[WorkoutLocalDataSource] [DEBUG] [WorkoutLocalDataSource] 緩存有效，數量: 5
[WorkoutLocalDataSource] [DEBUG] [WorkoutLocalDataSource] saveWorkouts - 已保存 5 條記錄到緩存
[WorkoutLocalDataSource] [DEBUG] [WorkoutLocalDataSource] 緩存有效，數量: 5
[WorkoutLocalDataSource] [DEBUG] [WorkoutLocalDataSource] saveWorkouts - 已保存 5 條記錄到緩存
[WorkoutLocalDataSource] [DEBUG] [WorkoutLocalDataSource] saveWorkouts - 已保存 5 條記錄到緩存
[WorkoutLocalDataSource] [DEBUG] [WorkoutLocalDataSource] saveWorkouts - 已保存 5 條記錄到緩存
[WorkoutLocalDataSource] [DEBUG] [WorkoutLocalDataSource] 緩存有效，數量: 5
[WorkoutLocalDataSource] [DEBUG] [WorkoutLocalDataSource] 緩存有效，數量: 5
[WorkoutLocalDataSource] [DEBUG] [WorkoutLocalDataSource] 緩存有效，數量: 5
[WorkoutLocalDataSource] [DEBUG] [WorkoutLocalDataSource] 緩存有效，數量: 5
[WorkoutLocalDataSource] [DEBUG] [WorkoutLocalDataSource] saveWorkouts - 已保存 5 條記錄到緩存
[WorkoutLocalDataSource] [DEBUG] [WorkoutLocalDataSource] 緩存有效，數量: 5
[WorkoutLocalDataSource] [DEBUG] [WorkoutLocalDataSource] saveWorkouts - 已保存 5 條記錄到緩存
[WorkoutLocalDataSource] [DEBUG] [WorkoutLocalDataSource] 緩存有效，數量: 5
[WorkoutLocalDataSource] [DEBUG] [WorkoutLocalDataSource] 緩存有效，數量: 5
[WorkoutLocalDataSource] [DEBUG] [WorkoutLocalDataSource] saveWorkouts - 已保存 5 條記錄到緩存
[WorkoutLocalDataSource] [DEBUG] [WorkoutLocalDataSource] saveWorkouts - 已保存 5 條記錄到緩存
[WorkoutLocalDataSource] [DEBUG] [WorkoutLocalDataSource] 緩存有效，數量: 5
[WorkoutLocalDataSource] [DEBUG] [WorkoutLocalDataSource] 緩存有效，數量: 5
[WorkoutLocalDataSource] [DEBUG] [WorkoutLocalDataSource] saveWorkouts - 已保存 5 條記錄到緩存
[WorkoutLocalDataSource] [DEBUG] [WorkoutLocalDataSource] 緩存有效，數量: 5
[WorkoutLocalDataSource] [DEBUG] [WorkoutLocalDataSource] saveWorkouts - 已保存 5 條記錄到緩存
[WorkoutLocalDataSource] [DEBUG] [WorkoutLocalDataSource] clearAll - 所有緩存已清空
[WorkoutLocalDataSource] [DEBUG] [WorkoutLocalDataSource] saveWorkouts - 已保存 5 條記錄到緩存
Test Case '-[HavitalTests.WorkoutLocalDataSourceTests testConcurrentSaveAndGet_DoesNotCrash]' passed (0.025 seconds).
[WorkoutLocalDataSource] [DEBUG] [WorkoutLocalDataSource] saveWorkouts - 已保存 5 條記錄到緩存
[WorkoutLocalDataSource] [DEBUG] [WorkoutLocalDataSource] 緩存有效，數量: 5
[WorkoutLocalDataSource] [DEBUG] [WorkoutLocalDataSource] 緩存有效，數量: 5
[WorkoutLocalDataSource] [DEBUG] [WorkoutLocalDataSource] 緩存有效，數量: 5
Test Case '-[HavitalTests.WorkoutLocalDataSourceTests testDeleteWorkout_RemovesFromCache]' started.
[WorkoutLocalDataSource] [DEBUG] [WorkoutLocalDataSource] saveWorkouts - 已保存 5 條記錄到緩存
[CacheEventBus] [INFO] [FirebaseLogging] 快取管理器已註冊
[CacheEventBus] [INFO] [FirebaseLogging] 快取管理器已註冊
[CacheEventBus] [INFO] [FirebaseLogging] 快取管理器已註冊
[CacheEventBus] [INFO] [FirebaseLogging] 快取管理器已註冊
[WorkoutLocalDataSource] [DEBUG] [WorkoutLocalDataSource] 初始化完成，緩存過期時間: 120.0 分鐘
[WorkoutLocalDataSource] [DEBUG] [WorkoutLocalDataSource] saveWorkouts - 已保存 5 條記錄到緩存
[WorkoutLocalDataSource] [DEBUG] [WorkoutLocalDataSource] 緩存有效，數量: 5
[WorkoutLocalDataSource] [DEBUG] [WorkoutLocalDataSource] clearAll - 所有緩存已清空
[WorkoutLocalDataSource] [DEBUG] [WorkoutLocalDataSource] 緩存有效，數量: 5
[WorkoutLocalDataSource] [DEBUG] [WorkoutLocalDataSource] 緩存有效，數量: 5
[WorkoutLocalDataSource] [DEBUG] [WorkoutLocalDataSource] 緩存有效，數量: 5
[WorkoutLocalDataSource] [DEBUG] [WorkoutLocalDataSource] 緩存有效，數量: 5
[WorkoutLocalDataSource] [DEBUG] [WorkoutLocalDataSource] saveWorkout(workout_123) - 已保存到緩存
[WorkoutLocalDataSource] [DEBUG] [WorkoutLocalDataSource] saveWorkouts - 已保存 5 條記錄到緩存
[WorkoutLocalDataSource] [DEBUG] [WorkoutLocalDataSource] deleteWorkout(workout_123) - 已從詳情緩存刪除
[WorkoutLocalDataSource] [DEBUG] [WorkoutLocalDataSource] saveWorkouts - 已保存 5 條記錄到緩存
[WorkoutLocalDataSource] [DEBUG] [WorkoutLocalDataSource] deleteWorkout(workout_123) - 已從列表緩存刪除
[WorkoutLocalDataSource] [DEBUG] [WorkoutLocalDataSource] 緩存有效，數量: 5
[WorkoutLocalDataSource] [DEBUG] [WorkoutLocalDataSource] 緩存有效，數量: 5
[WorkoutLocalDataSource] [DEBUG] [WorkoutLocalDataSource] 緩存有效，數量: 5
[WorkoutLocalDataSource] [DEBUG] [WorkoutLocalDataSource] saveWorkouts - 已保存 5 條記錄到緩存
[WorkoutLocalDataSource] [DEBUG] [WorkoutLocalDataSource] saveWorkouts - 已保存 5 條記錄到緩存
[WorkoutLocalDataSource] [DEBUG] [WorkoutLocalDataSource] saveWorkouts - 已保存 5 條記錄到緩存
[WorkoutLocalDataSource] [DEBUG] [WorkoutLocalDataSource] 緩存有效，數量: 5
[WorkoutLocalDataSource] [DEBUG] [WorkoutLocalDataSource] saveWorkouts - 已保存 5 條記錄到緩存
[WorkoutLocalDataSource] [DEBUG] [WorkoutLocalDataSource] getWorkout(workout_123) - 緩存已過期
[WorkoutLocalDataSource] [DEBUG] [WorkoutLocalDataSource] 緩存有效，數量: 5
[WorkoutLocalDataSource] [DEBUG] [WorkoutLocalDataSource] 緩存有效，數量: 5
[WorkoutLocalDataSource] [DEBUG] [WorkoutLocalDataSource] 緩存有效，數量: 5
[WorkoutLocalDataSource] [DEBUG] [WorkoutLocalDataSource] clearAll - 所有緩存已清空
[WorkoutLocalDataSource] [DEBUG] [WorkoutLocalDataSource] 緩存有效，數量: 5
[WorkoutLocalDataSource] [DEBUG] [WorkoutLocalDataSource] 緩存有效，數量: 5
[WorkoutLocalDataSource] [DEBUG] [WorkoutLocalDataSource] saveWorkouts - 已保存 5 條記錄到緩存
[WorkoutLocalDataSource] [DEBUG] [WorkoutLocalDataSource] 緩存有效，數量: 5
Test Case '-[HavitalTests.WorkoutLocalDataSourceTests testDeleteWorkout_RemovesFromCache]' passed (0.003 seconds).
[WorkoutLocalDataSource] [DEBUG] [WorkoutLocalDataSource] 緩存有效，數量: 5
[WorkoutLocalDataSource] [DEBUG] [WorkoutLocalDataSource] saveWorkouts - 已保存 5 條記錄到緩存
Test Case '-[HavitalTests.WorkoutLocalDataSourceTests testDeleteWorkout_RemovesFromListCache]' started.
[WorkoutLocalDataSource] [DEBUG] [WorkoutLocalDataSource] 緩存有效，數量: 5
[WorkoutLocalDataSource] [DEBUG] [WorkoutLocalDataSource] 緩存有效，數量: 5
[WorkoutLocalDataSource] [DEBUG] [WorkoutLocalDataSource] 緩存有效，數量: 5
[CacheEventBus] [INFO] [FirebaseLogging] 快取管理器已註冊
[CacheEventBus] [INFO] [FirebaseLogging] 快取管理器已註冊
[CacheEventBus] [INFO] [FirebaseLogging] 快取管理器已註冊
[CacheEventBus] [INFO] [FirebaseLogging] 快取管理器已註冊
[WorkoutLocalDataSource] [DEBUG] [WorkoutLocalDataSource] 初始化完成，緩存過期時間: 120.0 分鐘
[WorkoutLocalDataSource] [DEBUG] [WorkoutLocalDataSource] saveWorkouts - 已保存 5 條記錄到緩存
[WorkoutLocalDataSource] [DEBUG] [WorkoutLocalDataSource] saveWorkouts - 已保存 5 條記錄到緩存
[WorkoutLocalDataSource] [DEBUG] [WorkoutLocalDataSource] clearAll - 所有緩存已清空
[WorkoutLocalDataSource] [DEBUG] [WorkoutLocalDataSource] 緩存有效，數量: 5
[WorkoutLocalDataSource] [DEBUG] [WorkoutLocalDataSource] 緩存有效，數量: 5
[WorkoutLocalDataSource] [DEBUG] [WorkoutLocalDataSource] 緩存有效，數量: 5
[WorkoutLocalDataSource] [DEBUG] [WorkoutLocalDataSource] saveWorkouts - 已保存 5 條記錄到緩存
[WorkoutLocalDataSource] [DEBUG] [WorkoutLocalDataSource] saveWorkouts - 已保存 5 條記錄到緩存
[WorkoutLocalDataSource] [DEBUG] [WorkoutLocalDataSource] deleteWorkout(workout_2) - 已從詳情緩存刪除
[WorkoutLocalDataSource] [DEBUG] [WorkoutLocalDataSource] saveWorkouts - 已保存 5 條記錄到緩存
[WorkoutLocalDataSource] [DEBUG] [WorkoutLocalDataSource] 緩存有效，數量: 5
[WorkoutLocalDataSource] [DEBUG] [WorkoutLocalDataSource] 緩存有效，數量: 5
[WorkoutLocalDataSource] [DEBUG] [WorkoutLocalDataSource] 緩存有效，數量: 5
[WorkoutLocalDataSource] [DEBUG] [WorkoutLocalDataSource] 緩存有效，數量: 5
[WorkoutLocalDataSource] [DEBUG] [WorkoutLocalDataSource] 緩存有效，數量: 5
[WorkoutLocalDataSource] [DEBUG] [WorkoutLocalDataSource] 緩存有效，數量: 5
[WorkoutLocalDataSource] [DEBUG] [WorkoutLocalDataSource] saveWorkouts - 已保存 5 條記錄到緩存
[WorkoutLocalDataSource] [DEBUG] [WorkoutLocalDataSource] deleteWorkout(workout_2) - 已從列表緩存刪除
[WorkoutLocalDataSource] [DEBUG] [WorkoutLocalDataSource] 緩存有效，數量: 5
[WorkoutLocalDataSource] [DEBUG] [WorkoutLocalDataSource] 緩存有效，數量: 5
[WorkoutLocalDataSource] [DEBUG] [WorkoutLocalDataSource] 緩存有效，數量: 4
[WorkoutLocalDataSource] [DEBUG] [WorkoutLocalDataSource] 緩存有效，數量: 5
[WorkoutLocalDataSource] [DEBUG] [WorkoutLocalDataSource] 緩存有效，數量: 5
[WorkoutLocalDataSource] [DEBUG] [WorkoutLocalDataSource] 緩存有效，數量: 5
[WorkoutLocalDataSource] [DEBUG] [WorkoutLocalDataSource] 緩存有效，數量: 5
[WorkoutLocalDataSource] [DEBUG] [WorkoutLocalDataSource] saveWorkouts - 已保存 5 條記錄到緩存
[WorkoutLocalDataSource] [DEBUG] [WorkoutLocalDataSource] clearAll - 所有緩存已清空
Test Case '-[HavitalTests.WorkoutLocalDataSourceTests testDeleteWorkout_RemovesFromListCache]' passed (0.003 seconds).
[WorkoutLocalDataSource] [DEBUG] [WorkoutLocalDataSource] saveWorkouts - 已保存 5 條記錄到緩存
Test Case '-[HavitalTests.WorkoutLocalDataSourceTests testDeleteWorkout_WhenNotInCache_DoesNotCrash]' started.
[CacheEventBus] [INFO] [FirebaseLogging] 快取管理器已註冊
[CacheEventBus] [INFO] [FirebaseLogging] 快取管理器已註冊
[CacheEventBus] [INFO] [FirebaseLogging] 快取管理器已註冊
[CacheEventBus] [INFO] [FirebaseLogging] 快取管理器已註冊
[WorkoutLocalDataSource] [DEBUG] [WorkoutLocalDataSource] 初始化完成，緩存過期時間: 120.0 分鐘
[WorkoutLocalDataSource] [DEBUG] [WorkoutLocalDataSource] clearAll - 所有緩存已清空
[WorkoutLocalDataSource] [DEBUG] [WorkoutLocalDataSource] deleteWorkout(non_existent_workout) - 已從詳情緩存刪除
[WorkoutLocalDataSource] [DEBUG] [WorkoutLocalDataSource] 緩存有效，數量: 5
[WorkoutLocalDataSource] [DEBUG] [WorkoutLocalDataSource] 緩存有效，數量: 5
[WorkoutLocalDataSource] [DEBUG] [WorkoutLocalDataSource] deleteWorkout(non_existent_workout) - 已從列表緩存刪除
[WorkoutLocalDataSource] [DEBUG] [WorkoutLocalDataSource] clearAll - 所有緩存已清空
[WorkoutLocalDataSource] [DEBUG] [WorkoutLocalDataSource] 緩存有效，數量: 5
[WorkoutLocalDataSource] [DEBUG] [WorkoutLocalDataSource] 緩存有效，數量: 5
[WorkoutLocalDataSource] [DEBUG] [WorkoutLocalDataSource] 緩存有效，數量: 5
[WorkoutLocalDataSource] [DEBUG] [WorkoutLocalDataSource] 緩存有效，數量: 5
Test Case '-[HavitalTests.WorkoutLocalDataSourceTests testDeleteWorkout_WhenNotInCache_DoesNotCrash]' passed (0.000 seconds).
Test Case '-[HavitalTests.WorkoutLocalDataSourceTests testFindWorkoutInList_WhenCacheEmpty_ReturnsNil]' started.
[CacheEventBus] [INFO] [FirebaseLogging] 快取管理器已註冊
[CacheEventBus] [INFO] [FirebaseLogging] 快取管理器已註冊
[CacheEventBus] [INFO] [FirebaseLogging] 快取管理器已註冊
[CacheEventBus] [INFO] [FirebaseLogging] 快取管理器已註冊
[WorkoutLocalDataSource] [DEBUG] [WorkoutLocalDataSource] 初始化完成，緩存過期時間: 120.0 分鐘
[WorkoutLocalDataSource] [DEBUG] [WorkoutLocalDataSource] clearAll - 所有緩存已清空
[WorkoutLocalDataSource] [DEBUG] [WorkoutLocalDataSource] 無緩存數據
[WorkoutLocalDataSource] [DEBUG] [WorkoutLocalDataSource] clearAll - 所有緩存已清空
Test Case '-[HavitalTests.WorkoutLocalDataSourceTests testFindWorkoutInList_WhenCacheEmpty_ReturnsNil]' passed (0.001 seconds).
Test Case '-[HavitalTests.WorkoutLocalDataSourceTests testFindWorkoutInList_WhenExists_ReturnsWorkout]' started.
[CacheEventBus] [INFO] [FirebaseLogging] 快取管理器已註冊
[CacheEventBus] [INFO] [FirebaseLogging] 快取管理器已註冊
[CacheEventBus] [INFO] [FirebaseLogging] 快取管理器已註冊
[CacheEventBus] [INFO] [FirebaseLogging] 快取管理器已註冊
[WorkoutLocalDataSource] [DEBUG] [WorkoutLocalDataSource] 初始化完成，緩存過期時間: 120.0 分鐘
[WorkoutLocalDataSource] [DEBUG] [WorkoutLocalDataSource] clearAll - 所有緩存已清空
[WorkoutLocalDataSource] [DEBUG] [WorkoutLocalDataSource] saveWorkouts - 已保存 5 條記錄到緩存
[WorkoutLocalDataSource] [DEBUG] [WorkoutLocalDataSource] 緩存有效，數量: 5
[WorkoutLocalDataSource] [DEBUG] [WorkoutLocalDataSource] clearAll - 所有緩存已清空
Test Case '-[HavitalTests.WorkoutLocalDataSourceTests testFindWorkoutInList_WhenExists_ReturnsWorkout]' passed (0.005 seconds).
Test Case '-[HavitalTests.WorkoutLocalDataSourceTests testFindWorkoutInList_WhenNotExists_ReturnsNil]' started.
[CacheEventBus] [INFO] [FirebaseLogging] 快取管理器已註冊
[CacheEventBus] [INFO] [FirebaseLogging] 快取管理器已註冊
[CacheEventBus] [INFO] [FirebaseLogging] 快取管理器已註冊
[CacheEventBus] [INFO] [FirebaseLogging] 快取管理器已註冊
[WorkoutLocalDataSource] [DEBUG] [WorkoutLocalDataSource] 初始化完成，緩存過期時間: 120.0 分鐘
[WorkoutLocalDataSource] [DEBUG] [WorkoutLocalDataSource] clearAll - 所有緩存已清空
[WorkoutLocalDataSource] [DEBUG] [WorkoutLocalDataSource] saveWorkouts - 已保存 5 條記錄到緩存
[WorkoutLocalDataSource] [DEBUG] [WorkoutLocalDataSource] 緩存有效，數量: 5
[WorkoutLocalDataSource] [DEBUG] [WorkoutLocalDataSource] clearAll - 所有緩存已清空
Test Case '-[HavitalTests.WorkoutLocalDataSourceTests testFindWorkoutInList_WhenNotExists_ReturnsNil]' passed (0.001 seconds).
Test Case '-[HavitalTests.WorkoutLocalDataSourceTests testFindWorkoutInList_WithEmptyID_ReturnsNil]' started.
[CacheEventBus] [INFO] [FirebaseLogging] 快取管理器已註冊
[CacheEventBus] [INFO] [FirebaseLogging] 快取管理器已註冊
[CacheEventBus] [INFO] [FirebaseLogging] 快取管理器已註冊
[CacheEventBus] [INFO] [FirebaseLogging] 快取管理器已註冊
[WorkoutLocalDataSource] [DEBUG] [WorkoutLocalDataSource] 初始化完成，緩存過期時間: 120.0 分鐘
[WorkoutLocalDataSource] [DEBUG] [WorkoutLocalDataSource] clearAll - 所有緩存已清空
[WorkoutLocalDataSource] [DEBUG] [WorkoutLocalDataSource] saveWorkouts - 已保存 5 條記錄到緩存
[WorkoutLocalDataSource] [DEBUG] [WorkoutLocalDataSource] 緩存有效，數量: 5
[WorkoutLocalDataSource] [DEBUG] [WorkoutLocalDataSource] clearAll - 所有緩存已清空
Test Case '-[HavitalTests.WorkoutLocalDataSourceTests testFindWorkoutInList_WithEmptyID_ReturnsNil]' passed (0.001 seconds).
Test Case '-[HavitalTests.WorkoutLocalDataSourceTests testGetCacheSize_AfterSaving_ReturnsNonZero]' started.
[CacheEventBus] [INFO] [FirebaseLogging] 快取管理器已註冊
[CacheEventBus] [INFO] [FirebaseLogging] 快取管理器已註冊
[CacheEventBus] [INFO] [FirebaseLogging] 快取管理器已註冊
[CacheEventBus] [INFO] [FirebaseLogging] 快取管理器已註冊
[WorkoutLocalDataSource] [DEBUG] [WorkoutLocalDataSource] 初始化完成，緩存過期時間: 120.0 分鐘
[WorkoutLocalDataSource] [DEBUG] [WorkoutLocalDataSource] clearAll - 所有緩存已清空
[WorkoutLocalDataSource] [DEBUG] [WorkoutLocalDataSource] saveWorkouts - 已保存 5 條記錄到緩存
[WorkoutLocalDataSource] [DEBUG] [WorkoutLocalDataSource] clearAll - 所有緩存已清空
Test Case '-[HavitalTests.WorkoutLocalDataSourceTests testGetCacheSize_AfterSaving_ReturnsNonZero]' passed (0.001 seconds).
Test Case '-[HavitalTests.WorkoutLocalDataSourceTests testGetCacheSize_WhenEmpty_ReturnsZero]' started.
[CacheEventBus] [INFO] [FirebaseLogging] 快取管理器已註冊
[CacheEventBus] [INFO] [FirebaseLogging] 快取管理器已註冊
[CacheEventBus] [INFO] [FirebaseLogging] 快取管理器已註冊
[CacheEventBus] [INFO] [FirebaseLogging] 快取管理器已註冊
[WorkoutLocalDataSource] [DEBUG] [WorkoutLocalDataSource] 初始化完成，緩存過期時間: 120.0 分鐘
[WorkoutLocalDataSource] [DEBUG] [WorkoutLocalDataSource] clearAll - 所有緩存已清空
[WorkoutLocalDataSource] [DEBUG] [WorkoutLocalDataSource] clearAll - 所有緩存已清空
Test Case '-[HavitalTests.WorkoutLocalDataSourceTests testGetCacheSize_WhenEmpty_ReturnsZero]' passed (0.001 seconds).
Test Case '-[HavitalTests.WorkoutLocalDataSourceTests testGetCacheStats_ReturnsCorrectSizes]' started.
[CacheEventBus] [INFO] [FirebaseLogging] 快取管理器已註冊
[CacheEventBus] [INFO] [FirebaseLogging] 快取管理器已註冊
[CacheEventBus] [INFO] [FirebaseLogging] 快取管理器已註冊
[CacheEventBus] [INFO] [FirebaseLogging] 快取管理器已註冊
[WorkoutLocalDataSource] [DEBUG] [WorkoutLocalDataSource] 初始化完成，緩存過期時間: 120.0 分鐘
[WorkoutLocalDataSource] [DEBUG] [WorkoutLocalDataSource] clearAll - 所有緩存已清空
[WorkoutLocalDataSource] [DEBUG] [WorkoutLocalDataSource] saveWorkouts - 已保存 5 條記錄到緩存
[WorkoutLocalDataSource] [DEBUG] [WorkoutLocalDataSource] clearAll - 所有緩存已清空
Test Case '-[HavitalTests.WorkoutLocalDataSourceTests testGetCacheStats_ReturnsCorrectSizes]' passed (0.001 seconds).
Test Case '-[HavitalTests.WorkoutLocalDataSourceTests testGetWorkout_WhenCacheEmpty_ReturnsNil]' started.
[CacheEventBus] [INFO] [FirebaseLogging] 快取管理器已註冊
[CacheEventBus] [INFO] [FirebaseLogging] 快取管理器已註冊
[CacheEventBus] [INFO] [FirebaseLogging] 快取管理器已註冊
[CacheEventBus] [INFO] [FirebaseLogging] 快取管理器已註冊
[WorkoutLocalDataSource] [DEBUG] [WorkoutLocalDataSource] 初始化完成，緩存過期時間: 120.0 分鐘
[WorkoutLocalDataSource] [DEBUG] [WorkoutLocalDataSource] clearAll - 所有緩存已清空
[WorkoutLocalDataSource] [DEBUG] [WorkoutLocalDataSource] getWorkout(workout_123) - 緩存已過期
[WorkoutLocalDataSource] [DEBUG] [WorkoutLocalDataSource] clearAll - 所有緩存已清空
Test Case '-[HavitalTests.WorkoutLocalDataSourceTests testGetWorkout_WhenCacheEmpty_ReturnsNil]' passed (0.001 seconds).
Test Case '-[HavitalTests.WorkoutLocalDataSourceTests testGetWorkouts_WhenCacheEmpty_ReturnsNil]' started.
[CacheEventBus] [INFO] [FirebaseLogging] 快取管理器已註冊
[CacheEventBus] [INFO] [FirebaseLogging] 快取管理器已註冊
[CacheEventBus] [INFO] [FirebaseLogging] 快取管理器已註冊
[CacheEventBus] [INFO] [FirebaseLogging] 快取管理器已註冊
[WorkoutLocalDataSource] [DEBUG] [WorkoutLocalDataSource] 初始化完成，緩存過期時間: 120.0 分鐘
[WorkoutLocalDataSource] [DEBUG] [WorkoutLocalDataSource] clearAll - 所有緩存已清空
[WorkoutLocalDataSource] [DEBUG] [WorkoutLocalDataSource] 無緩存數據
[WorkoutLocalDataSource] [DEBUG] [WorkoutLocalDataSource] clearAll - 所有緩存已清空
Test Case '-[HavitalTests.WorkoutLocalDataSourceTests testGetWorkouts_WhenCacheEmpty_ReturnsNil]' passed (0.000 seconds).
Test Case '-[HavitalTests.WorkoutLocalDataSourceTests testIsExpired_WhenBothCachesExpired_ReturnsTrue]' started.
[CacheEventBus] [INFO] [FirebaseLogging] 快取管理器已註冊
[CacheEventBus] [INFO] [FirebaseLogging] 快取管理器已註冊
[CacheEventBus] [INFO] [FirebaseLogging] 快取管理器已註冊
[CacheEventBus] [INFO] [FirebaseLogging] 快取管理器已註冊
[WorkoutLocalDataSource] [DEBUG] [WorkoutLocalDataSource] 初始化完成，緩存過期時間: 120.0 分鐘
[WorkoutLocalDataSource] [DEBUG] [WorkoutLocalDataSource] clearAll - 所有緩存已清空
[WorkoutLocalDataSource] [DEBUG] [WorkoutLocalDataSource] clearAll - 所有緩存已清空
[WorkoutLocalDataSource] [DEBUG] [WorkoutLocalDataSource] clearAll - 所有緩存已清空
Test Case '-[HavitalTests.WorkoutLocalDataSourceTests testIsExpired_WhenBothCachesExpired_ReturnsTrue]' passed (0.000 seconds).
Test Case '-[HavitalTests.WorkoutLocalDataSourceTests testIsExpired_WhenCacheFresh_ReturnsFalse]' started.
[CacheEventBus] [INFO] [FirebaseLogging] 快取管理器已註冊
[CacheEventBus] [INFO] [FirebaseLogging] 快取管理器已註冊
[CacheEventBus] [INFO] [FirebaseLogging] 快取管理器已註冊
[CacheEventBus] [INFO] [FirebaseLogging] 快取管理器已註冊
[WorkoutLocalDataSource] [DEBUG] [WorkoutLocalDataSource] 初始化完成，緩存過期時間: 120.0 分鐘
[WorkoutLocalDataSource] [DEBUG] [WorkoutLocalDataSource] clearAll - 所有緩存已清空
[WorkoutLocalDataSource] [DEBUG] [WorkoutLocalDataSource] saveWorkouts - 已保存 3 條記錄到緩存
[WorkoutLocalDataSource] [DEBUG] [WorkoutLocalDataSource] clearAll - 所有緩存已清空
Test Case '-[HavitalTests.WorkoutLocalDataSourceTests testIsExpired_WhenCacheFresh_ReturnsFalse]' passed (0.001 seconds).
Test Case '-[HavitalTests.WorkoutLocalDataSourceTests testSaveWorkout_ThenGet_ReturnsWorkout]' started.
[CacheEventBus] [INFO] [FirebaseLogging] 快取管理器已註冊
[CacheEventBus] [INFO] [FirebaseLogging] 快取管理器已註冊
[CacheEventBus] [INFO] [FirebaseLogging] 快取管理器已註冊
[CacheEventBus] [INFO] [FirebaseLogging] 快取管理器已註冊
[WorkoutLocalDataSource] [DEBUG] [WorkoutLocalDataSource] 初始化完成，緩存過期時間: 120.0 分鐘
[WorkoutLocalDataSource] [DEBUG] [WorkoutLocalDataSource] clearAll - 所有緩存已清空
[WorkoutLocalDataSource] [DEBUG] [WorkoutLocalDataSource] saveWorkout(workout_123) - 已保存到緩存
[WorkoutLocalDataSource] [DEBUG] [WorkoutLocalDataSource] getWorkout(workout_123) - 緩存命中
[WorkoutLocalDataSource] [DEBUG] [WorkoutLocalDataSource] clearAll - 所有緩存已清空
Test Case '-[HavitalTests.WorkoutLocalDataSourceTests testSaveWorkout_ThenGet_ReturnsWorkout]' passed (0.001 seconds).
Test Case '-[HavitalTests.WorkoutLocalDataSourceTests testSaveWorkouts_OverwritesPreviousCache]' started.
[CacheEventBus] [INFO] [FirebaseLogging] 快取管理器已註冊
[CacheEventBus] [INFO] [FirebaseLogging] 快取管理器已註冊
[CacheEventBus] [INFO] [FirebaseLogging] 快取管理器已註冊
[CacheEventBus] [INFO] [FirebaseLogging] 快取管理器已註冊
[WorkoutLocalDataSource] [DEBUG] [WorkoutLocalDataSource] 初始化完成，緩存過期時間: 120.0 分鐘
[WorkoutLocalDataSource] [DEBUG] [WorkoutLocalDataSource] clearAll - 所有緩存已清空
[WorkoutLocalDataSource] [DEBUG] [WorkoutLocalDataSource] saveWorkouts - 已保存 3 條記錄到緩存
[WorkoutLocalDataSource] [DEBUG] [WorkoutLocalDataSource] saveWorkouts - 已保存 5 條記錄到緩存
[WorkoutLocalDataSource] [DEBUG] [WorkoutLocalDataSource] 緩存有效，數量: 5
[WorkoutLocalDataSource] [DEBUG] [WorkoutLocalDataSource] clearAll - 所有緩存已清空
Test Case '-[HavitalTests.WorkoutLocalDataSourceTests testSaveWorkouts_OverwritesPreviousCache]' passed (0.001 seconds).
Test Case '-[HavitalTests.WorkoutLocalDataSourceTests testSaveWorkouts_ThenGet_ReturnsWorkouts]' started.
[CacheEventBus] [INFO] [FirebaseLogging] 快取管理器已註冊
[CacheEventBus] [INFO] [FirebaseLogging] 快取管理器已註冊
[CacheEventBus] [INFO] [FirebaseLogging] 快取管理器已註冊
[CacheEventBus] [INFO] [FirebaseLogging] 快取管理器已註冊
[WorkoutLocalDataSource] [DEBUG] [WorkoutLocalDataSource] 初始化完成，緩存過期時間: 120.0 分鐘
[WorkoutLocalDataSource] [DEBUG] [WorkoutLocalDataSource] clearAll - 所有緩存已清空
[WorkoutLocalDataSource] [DEBUG] [WorkoutLocalDataSource] saveWorkouts - 已保存 5 條記錄到緩存
[WorkoutLocalDataSource] [DEBUG] [WorkoutLocalDataSource] 緩存有效，數量: 5
[WorkoutLocalDataSource] [DEBUG] [WorkoutLocalDataSource] clearAll - 所有緩存已清空
Test Case '-[HavitalTests.WorkoutLocalDataSourceTests testSaveWorkouts_ThenGet_ReturnsWorkouts]' passed (0.002 seconds).
Test Case '-[HavitalTests.WorkoutLocalDataSourceTests testSaveWorkouts_WithEmptyArray_SavesSuccessfully]' started.
[CacheEventBus] [INFO] [FirebaseLogging] 快取管理器已註冊
[CacheEventBus] [INFO] [FirebaseLogging] 快取管理器已註冊
[CacheEventBus] [INFO] [FirebaseLogging] 快取管理器已註冊
[CacheEventBus] [INFO] [FirebaseLogging] 快取管理器已註冊
[WorkoutLocalDataSource] [DEBUG] [WorkoutLocalDataSource] 初始化完成，緩存過期時間: 120.0 分鐘
[WorkoutLocalDataSource] [DEBUG] [WorkoutLocalDataSource] clearAll - 所有緩存已清空
[WorkoutLocalDataSource] [DEBUG] [WorkoutLocalDataSource] saveWorkouts - 已保存 0 條記錄到緩存
[WorkoutLocalDataSource] [DEBUG] [WorkoutLocalDataSource] 緩存有效，數量: 0
[WorkoutLocalDataSource] [DEBUG] [WorkoutLocalDataSource] clearAll - 所有緩存已清空
Test Case '-[HavitalTests.WorkoutLocalDataSourceTests testSaveWorkouts_WithEmptyArray_SavesSuccessfully]' passed (0.001 seconds).
Test Case '-[HavitalTests.WorkoutLocalDataSourceTests testUpsertWorkouts_ExistingId_UpdatesNoDuplicate]' started.
[CacheEventBus] [INFO] [FirebaseLogging] 快取管理器已註冊
[CacheEventBus] [INFO] [FirebaseLogging] 快取管理器已註冊
[CacheEventBus] [INFO] [FirebaseLogging] 快取管理器已註冊
[CacheEventBus] [INFO] [FirebaseLogging] 快取管理器已註冊
[WorkoutLocalDataSource] [DEBUG] [WorkoutLocalDataSource] 初始化完成，緩存過期時間: 120.0 分鐘
[WorkoutLocalDataSource] [DEBUG] [WorkoutLocalDataSource] clearAll - 所有緩存已清空
[WorkoutLocalDataSource] [DEBUG] [WorkoutLocalDataSource] saveWorkouts - 已保存 3 條記錄到緩存
[WorkoutLocalDataSource] [DEBUG] [WorkoutLocalDataSource] 緩存有效，數量: 3
[WorkoutLocalDataSource] [DEBUG] [WorkoutLocalDataSource] upsertWorkouts - 合併 1 筆，總計 3 筆
[WorkoutLocalDataSource] [DEBUG] [WorkoutLocalDataSource] 緩存有效，數量: 3
[WorkoutLocalDataSource] [DEBUG] [WorkoutLocalDataSource] clearAll - 所有緩存已清空
Test Case '-[HavitalTests.WorkoutLocalDataSourceTests testUpsertWorkouts_ExistingId_UpdatesNoDuplicate]' passed (0.003 seconds).
Test Case '-[HavitalTests.WorkoutLocalDataSourceTests testUpsertWorkouts_NewIds_AreAdded]' started.
[CacheEventBus] [INFO] [FirebaseLogging] 快取管理器已註冊
[CacheEventBus] [INFO] [FirebaseLogging] 快取管理器已註冊
[CacheEventBus] [INFO] [FirebaseLogging] 快取管理器已註冊
[CacheEventBus] [INFO] [FirebaseLogging] 快取管理器已註冊
[WorkoutLocalDataSource] [DEBUG] [WorkoutLocalDataSource] 初始化完成，緩存過期時間: 120.0 分鐘
[WorkoutLocalDataSource] [DEBUG] [WorkoutLocalDataSource] clearAll - 所有緩存已清空
[WorkoutLocalDataSource] [DEBUG] [WorkoutLocalDataSource] saveWorkouts - 已保存 3 條記錄到緩存
[WorkoutLocalDataSource] [DEBUG] [WorkoutLocalDataSource] 緩存有效，數量: 3
[WorkoutLocalDataSource] [DEBUG] [WorkoutLocalDataSource] upsertWorkouts - 合併 1 筆，總計 4 筆
[WorkoutLocalDataSource] [DEBUG] [WorkoutLocalDataSource] 緩存有效，數量: 4
[WorkoutLocalDataSource] [DEBUG] [WorkoutLocalDataSource] clearAll - 所有緩存已清空
Test Case '-[HavitalTests.WorkoutLocalDataSourceTests testUpsertWorkouts_NewIds_AreAdded]' passed (0.003 seconds).
Test Case '-[HavitalTests.WorkoutLocalDataSourceTests testUpsertWorkouts_SmallBatch_DoesNotShrinkCache]' started.
[CacheEventBus] [INFO] [FirebaseLogging] 快取管理器已註冊
[CacheEventBus] [INFO] [FirebaseLogging] 快取管理器已註冊
[CacheEventBus] [INFO] [FirebaseLogging] 快取管理器已註冊
[CacheEventBus] [INFO] [FirebaseLogging] 快取管理器已註冊
[WorkoutLocalDataSource] [DEBUG] [WorkoutLocalDataSource] 初始化完成，緩存過期時間: 120.0 分鐘
[WorkoutLocalDataSource] [DEBUG] [WorkoutLocalDataSource] clearAll - 所有緩存已清空
[WorkoutLocalDataSource] [DEBUG] [WorkoutLocalDataSource] saveWorkouts - 已保存 20 條記錄到緩存
[WorkoutLocalDataSource] [DEBUG] [WorkoutLocalDataSource] 緩存有效，數量: 20
[WorkoutLocalDataSource] [DEBUG] [WorkoutLocalDataSource] upsertWorkouts - 合併 1 筆，總計 20 筆
[WorkoutLocalDataSource] [DEBUG] [WorkoutLocalDataSource] 緩存有效，數量: 20
[WorkoutLocalDataSource] [DEBUG] [WorkoutLocalDataSource] clearAll - 所有緩存已清空
Test Case '-[HavitalTests.WorkoutLocalDataSourceTests testUpsertWorkouts_SmallBatch_DoesNotShrinkCache]' passed (0.009 seconds).
Test Suite 'WorkoutLocalDataSourceTests' passed at 2026-08-29 15:40:15.688.
	 Executed 25 tests, with 0 failures (0 unexpected) in 0.071 (0.075) seconds
Test Suite 'WorkoutMapperTests' started at 2026-08-29 15:40:15.688.
Test Case '-[HavitalTests.WorkoutMapperTests testIsValid_WithEmptyID_ReturnsFalse]' started.
[WorkoutMapper] [ERROR] [WorkoutMapper] 驗證失敗：ID 為空
Test Case '-[HavitalTests.WorkoutMapperTests testIsValid_WithEmptyID_ReturnsFalse]' passed (0.000 seconds).
Test Case '-[HavitalTests.WorkoutMapperTests testIsValid_WithValidWorkout_ReturnsTrue]' started.
Test Case '-[HavitalTests.WorkoutMapperTests testIsValid_WithValidWorkout_ReturnsTrue]' passed (0.000 seconds).
Test Case '-[HavitalTests.WorkoutMapperTests testIsValid_WithZeroDuration_ReturnsFalse]' started.
[WorkoutMapper] [ERROR] [WorkoutMapper] 驗證失敗：時長為 0
Test Case '-[HavitalTests.WorkoutMapperTests testIsValid_WithZeroDuration_ReturnsFalse]' passed (0.000 seconds).
Test Case '-[HavitalTests.WorkoutMapperTests testSanitize_ReturnsWorkout]' started.
Test Case '-[HavitalTests.WorkoutMapperTests testSanitize_ReturnsWorkout]' passed (0.000 seconds).
Test Case '-[HavitalTests.WorkoutMapperTests testToAdvancedMetrics_WithFullMetrics_ConvertsCorrectly]' started.
Test Case '-[HavitalTests.WorkoutMapperTests testToAdvancedMetrics_WithFullMetrics_ConvertsCorrectly]' passed (0.014 seconds).
Test Case '-[HavitalTests.WorkoutMapperTests testToAdvancedMetrics_WithNilInput_ReturnsNil]' started.
Test Case '-[HavitalTests.WorkoutMapperTests testToAdvancedMetrics_WithNilInput_ReturnsNil]' passed (0.000 seconds).
Test Case '-[HavitalTests.WorkoutMapperTests testToBasicMetrics_WithFullMetrics_ConvertsCorrectly]' started.
Test Case '-[HavitalTests.WorkoutMapperTests testToBasicMetrics_WithFullMetrics_ConvertsCorrectly]' passed (0.005 seconds).
Test Case '-[HavitalTests.WorkoutMapperTests testToBasicMetrics_WithNilInput_ReturnsNil]' started.
Test Case '-[HavitalTests.WorkoutMapperTests testToBasicMetrics_WithNilInput_ReturnsNil]' passed (0.000 seconds).
Test Case '-[HavitalTests.WorkoutMapperTests testToIntensityMinutes_WithValidData_ConvertsCorrectly]' started.
Test Case '-[HavitalTests.WorkoutMapperTests testToIntensityMinutes_WithValidData_ConvertsCorrectly]' passed (0.000 seconds).
Test Case '-[HavitalTests.WorkoutMapperTests testToUploadRequest_WithValidWorkout_CreatesCorrectRequest]' started.
Test Case '-[HavitalTests.WorkoutMapperTests testToUploadRequest_WithValidWorkout_CreatesCorrectRequest]' passed (0.000 seconds).
Test Case '-[HavitalTests.WorkoutMapperTests testToWorkoutV2_WithFullData_ConvertsCorrectly]' started.
Test Case '-[HavitalTests.WorkoutMapperTests testToWorkoutV2_WithFullData_ConvertsCorrectly]' passed (0.000 seconds).
Test Case '-[HavitalTests.WorkoutMapperTests testToWorkoutV2_WithMinimalData_HandlesNilGracefully]' started.
Test Case '-[HavitalTests.WorkoutMapperTests testToWorkoutV2_WithMinimalData_HandlesNilGracefully]' passed (0.000 seconds).
Test Case '-[HavitalTests.WorkoutMapperTests testToZoneDistribution_WithValidData_ConvertsCorrectly]' started.
Test Case '-[HavitalTests.WorkoutMapperTests testToZoneDistribution_WithValidData_ConvertsCorrectly]' passed (0.000 seconds).
Test Suite 'WorkoutMapperTests' passed at 2026-08-29 15:40:15.714.
	 Executed 13 tests, with 0 failures (0 unexpected) in 0.024 (0.026) seconds
Test Suite 'WorkoutReflectionGateTests' started at 2026-08-29 15:40:15.714.
Test Case '-[HavitalTests.WorkoutReflectionGateTests test_shouldAutoPrompt_alreadyPrompted_returnsFalse]' started.
Test Case '-[HavitalTests.WorkoutReflectionGateTests test_shouldAutoPrompt_alreadyPrompted_returnsFalse]' passed (0.000 seconds).
Test Case '-[HavitalTests.WorkoutReflectionGateTests test_shouldAutoPrompt_detailNotLoaded_returnsFalse]' started.
Test Case '-[HavitalTests.WorkoutReflectionGateTests test_shouldAutoPrompt_detailNotLoaded_returnsFalse]' passed (0.000 seconds).
Test Case '-[HavitalTests.WorkoutReflectionGateTests test_shouldAutoPrompt_hasRPE_returnsFalse]' started.
Test Case '-[HavitalTests.WorkoutReflectionGateTests test_shouldAutoPrompt_hasRPE_returnsFalse]' passed (0.000 seconds).
Test Case '-[HavitalTests.WorkoutReflectionGateTests test_shouldAutoPrompt_noRPE_detailLoaded_notYetPrompted_returnsTrue]' started.
Test Case '-[HavitalTests.WorkoutReflectionGateTests test_shouldAutoPrompt_noRPE_detailLoaded_notYetPrompted_returnsTrue]' passed (0.000 seconds).
Test Suite 'WorkoutReflectionGateTests' passed at 2026-08-29 15:40:15.716.
	 Executed 4 tests, with 0 failures (0 unexpected) in 0.001 (0.002) seconds
Test Suite 'WorkoutRemoteDataSourceTests' started at 2026-08-29 15:40:15.716.
Test Case '-[HavitalTests.WorkoutRemoteDataSourceTests testDeleteWorkout_BuildsCorrectPath]' started.
[WorkoutRemoteDataSource] [DEBUG] [WorkoutRemoteDataSource] deleteWorkout - id: workout_to_delete
Test Case '-[HavitalTests.WorkoutRemoteDataSourceTests testDeleteWorkout_BuildsCorrectPath]' passed (0.001 seconds).
Test Case '-[HavitalTests.WorkoutRemoteDataSourceTests testDeleteWorkout_Success_CompletesWithoutError]' started.
[WorkoutRemoteDataSource] [DEBUG] [WorkoutRemoteDataSource] deleteWorkout - id: workout_123
Test Case '-[HavitalTests.WorkoutRemoteDataSourceTests testDeleteWorkout_Success_CompletesWithoutError]' passed (0.000 seconds).
Test Case '-[HavitalTests.WorkoutRemoteDataSourceTests testFetchRecentWorkouts_UsesDefaultPageSize]' started.
[WorkoutRemoteDataSource] [DEBUG] [WorkoutRemoteDataSource] fetchWorkoutsPage - path: /v2/workouts?page_size=20
Test Case '-[HavitalTests.WorkoutRemoteDataSourceTests testFetchRecentWorkouts_UsesDefaultPageSize]' passed (0.003 seconds).
Test Case '-[HavitalTests.WorkoutRemoteDataSourceTests testFetchWorkout_BuildsCorrectPath]' started.
[WorkoutRemoteDataSource] [DEBUG] [WorkoutRemoteDataSource] fetchWorkout - id: workout_123
Test Case '-[HavitalTests.WorkoutRemoteDataSourceTests testFetchWorkout_BuildsCorrectPath]' passed (0.000 seconds).
Test Case '-[HavitalTests.WorkoutRemoteDataSourceTests testFetchWorkout_ParserError_ThrowsError]' started.
[WorkoutRemoteDataSource] [DEBUG] [WorkoutRemoteDataSource] fetchWorkout - id: workout_123
Test Case '-[HavitalTests.WorkoutRemoteDataSourceTests testFetchWorkout_ParserError_ThrowsError]' passed (0.002 seconds).
Test Case '-[HavitalTests.WorkoutRemoteDataSourceTests testFetchWorkout_Success_ReturnsWorkout]' started.
[WorkoutRemoteDataSource] [DEBUG] [WorkoutRemoteDataSource] fetchWorkout - id: workout_123
Test Case '-[HavitalTests.WorkoutRemoteDataSourceTests testFetchWorkout_Success_ReturnsWorkout]' passed (0.001 seconds).
Test Case '-[HavitalTests.WorkoutRemoteDataSourceTests testFetchWorkouts_NetworkError_ThrowsError]' started.
[WorkoutRemoteDataSource] [DEBUG] [WorkoutRemoteDataSource] fetchWorkoutsPage - path: /v2/workouts
Test Case '-[HavitalTests.WorkoutRemoteDataSourceTests testFetchWorkouts_NetworkError_ThrowsError]' passed (0.000 seconds).
Test Case '-[HavitalTests.WorkoutRemoteDataSourceTests testFetchWorkouts_Success_ReturnsWorkouts]' started.
[WorkoutRemoteDataSource] [DEBUG] [WorkoutRemoteDataSource] fetchWorkoutsPage - path: /v2/workouts?page_size=10
Test Case '-[HavitalTests.WorkoutRemoteDataSourceTests testFetchWorkouts_Success_ReturnsWorkouts]' passed (0.000 seconds).
Test Case '-[HavitalTests.WorkoutRemoteDataSourceTests testFetchWorkouts_WithoutParameters_BuildsCorrectPath]' started.
[WorkoutRemoteDataSource] [DEBUG] [WorkoutRemoteDataSource] fetchWorkoutsPage - path: /v2/workouts
Test Case '-[HavitalTests.WorkoutRemoteDataSourceTests testFetchWorkouts_WithoutParameters_BuildsCorrectPath]' passed (0.000 seconds).
Test Case '-[HavitalTests.WorkoutRemoteDataSourceTests testFetchWorkouts_WithPageSizeAndCursor_BuildsCorrectPath]' started.
[WorkoutRemoteDataSource] [DEBUG] [WorkoutRemoteDataSource] fetchWorkoutsPage - path: /v2/workouts?page_size=10&cursor=abc123
Test Case '-[HavitalTests.WorkoutRemoteDataSourceTests testFetchWorkouts_WithPageSizeAndCursor_BuildsCorrectPath]' passed (0.008 seconds).
Test Case '-[HavitalTests.WorkoutRemoteDataSourceTests testFetchWorkoutStats_BuildsCorrectPath]' started.
[WorkoutRemoteDataSource] [DEBUG] [WorkoutRemoteDataSource] fetchWorkoutStats - days: 30, weeks: default
Test Case '-[HavitalTests.WorkoutRemoteDataSourceTests testFetchWorkoutStats_BuildsCorrectPath]' passed (0.001 seconds).
Test Case '-[HavitalTests.WorkoutRemoteDataSourceTests testFetchWorkoutStats_Success_ReturnsStats]' started.
[WorkoutRemoteDataSource] [DEBUG] [WorkoutRemoteDataSource] fetchWorkoutStats - days: 30, weeks: default
Test Case '-[HavitalTests.WorkoutRemoteDataSourceTests testFetchWorkoutStats_Success_ReturnsStats]' passed (0.000 seconds).
Test Case '-[HavitalTests.WorkoutRemoteDataSourceTests testFetchWorkoutStats_Success_UnwrapsProductionEnvelope]' started.
[WorkoutRemoteDataSource] [DEBUG] [WorkoutRemoteDataSource] fetchWorkoutStats - days: 30, weeks: 8
Test Case '-[HavitalTests.WorkoutRemoteDataSourceTests testFetchWorkoutStats_Success_UnwrapsProductionEnvelope]' passed (0.000 seconds).
Test Case '-[HavitalTests.WorkoutRemoteDataSourceTests testUploadWorkout_NetworkError_ThrowsError]' started.
[WorkoutRemoteDataSource] [DEBUG] [WorkoutRemoteDataSource] uploadWorkout - provider: apple_health
Test Case '-[HavitalTests.WorkoutRemoteDataSourceTests testUploadWorkout_NetworkError_ThrowsError]' passed (0.005 seconds).
Test Case '-[HavitalTests.WorkoutRemoteDataSourceTests testUploadWorkout_Success_ReturnsResponse]' started.
[WorkoutRemoteDataSource] [DEBUG] [WorkoutRemoteDataSource] uploadWorkout - provider: apple_health
Test Case '-[HavitalTests.WorkoutRemoteDataSourceTests testUploadWorkout_Success_ReturnsResponse]' passed (0.001 seconds).
Test Case '-[HavitalTests.WorkoutRemoteDataSourceTests testUploadWorkout_UsesCorrectEndpoint]' started.
[WorkoutRemoteDataSource] [DEBUG] [WorkoutRemoteDataSource] uploadWorkout - provider: apple_health
Test Case '-[HavitalTests.WorkoutRemoteDataSourceTests testUploadWorkout_UsesCorrectEndpoint]' passed (0.001 seconds).
Test Suite 'WorkoutRemoteDataSourceTests' passed at 2026-08-29 15:40:15.744.
	 Executed 16 tests, with 0 failures (0 unexpected) in 0.025 (0.027) seconds
Test Suite 'WorkoutRepositoryImplPublisherTests' started at 2026-08-29 15:40:15.744.
Test Case '-[HavitalTests.WorkoutRepositoryImplPublisherTests test_workoutsDidRefresh_sendsAfterBackgroundRefresh]' started.
[CacheEventBus] [INFO] [FirebaseLogging] 快取管理器已註冊
[CacheEventBus] [INFO] [FirebaseLogging] 快取管理器已註冊
[CacheEventBus] [INFO] [FirebaseLogging] 快取管理器已註冊
[CacheEventBus] [INFO] [FirebaseLogging] 快取管理器已註冊
[WorkoutLocalDataSource] [DEBUG] [WorkoutLocalDataSource] 初始化完成，緩存過期時間: 120.0 分鐘
[WorkoutRepositoryImpl] [DEBUG] [WorkoutRepositoryImpl] 初始化完成（雙數據源模式）
[WorkoutLocalDataSource] [DEBUG] [WorkoutLocalDataSource] saveWorkouts - 已保存 1 條記錄到緩存
[WorkoutRepositoryImpl] [DEBUG] [WorkoutRepositoryImpl] invalidateRefreshCooldown - 收到推播，重置 cooldown
[WorkoutRepositoryImpl] [DEBUG] [WorkoutRepositoryImpl] getWorkouts - limit: nil, offset: nil
[WorkoutLocalDataSource] [DEBUG] [WorkoutLocalDataSource] 緩存有效，數量: 1
[WorkoutRepositoryImpl] [DEBUG] [WorkoutRepositoryImpl] Track A - 返回緩存數據，數量: 1
[WorkoutLocalDataSource] [DEBUG] [WorkoutLocalDataSource] 緩存有效，數量: 1
[WorkoutLocalDataSource] [DEBUG] [WorkoutLocalDataSource] upsertWorkouts - 合併 2 筆，總計 3 筆
[WorkoutLocalDataSource] [DEBUG] [WorkoutLocalDataSource] savePagination - has_more: false, next_cursor: nil
[WorkoutRepositoryImpl] [DEBUG] [WorkoutRepositoryImpl] Track B - 訓練列表 背景刷新完成，數量: 2，has_more: false
Test Case '-[HavitalTests.WorkoutRepositoryImplPublisherTests test_workoutsDidRefresh_sendsAfterBackgroundRefresh]' passed (0.003 seconds).
Test Suite 'WorkoutRepositoryImplPublisherTests' passed at 2026-08-29 15:40:15.747.
	 Executed 1 test, with 0 failures (0 unexpected) in 0.003 (0.003) seconds
Test Suite 'WorkoutRepositoryTests' started at 2026-08-29 15:40:15.747.
Test Case '-[HavitalTests.WorkoutRepositoryTests testMockRepository_Initialized]' started.
Test Case '-[HavitalTests.WorkoutRepositoryTests testMockRepository_Initialized]' passed (0.004 seconds).
Test Case '-[HavitalTests.WorkoutRepositoryTests testPlaceholder_TestsNeedRefactoring]' started.
Test Case '-[HavitalTests.WorkoutRepositoryTests testPlaceholder_TestsNeedRefactoring]' passed (0.000 seconds).
Test Suite 'WorkoutRepositoryTests' passed at 2026-08-29 15:40:15.753.
	 Executed 2 tests, with 0 failures (0 unexpected) in 0.005 (0.005) seconds
Test Suite 'WorkoutUploadDataCombinationTests' started at 2026-08-29 15:40:15.753.
Test Case '-[HavitalTests.WorkoutUploadDataCombinationTests test_garminSync_noDistanceNoHeartRate]' started.
Test Case '-[HavitalTests.WorkoutUploadDataCombinationTests test_garminSync_noDistanceNoHeartRate]' passed (0.000 seconds).
Test Case '-[HavitalTests.WorkoutUploadDataCombinationTests test_normalFiveKRun_fiveLaps]' started.
Test Case '-[HavitalTests.WorkoutUploadDataCombinationTests test_normalFiveKRun_fiveLaps]' passed (0.000 seconds).
Test Case '-[HavitalTests.WorkoutUploadDataCombinationTests test_pausedWorkout_gapInOffsets]' started.
Test Case '-[HavitalTests.WorkoutUploadDataCombinationTests test_pausedWorkout_gapInOffsets]' passed (0.000 seconds).
Test Case '-[HavitalTests.WorkoutUploadDataCombinationTests test_supplementalLap_missingData]' started.
Test Case '-[HavitalTests.WorkoutUploadDataCombinationTests test_supplementalLap_missingData]' passed (0.000 seconds).
Test Case '-[HavitalTests.WorkoutUploadDataCombinationTests test_supplementalLap_negativeMissingDistance_shouldNotCreate]' started.
Test Case '-[HavitalTests.WorkoutUploadDataCombinationTests test_supplementalLap_negativeMissingDistance_shouldNotCreate]' passed (0.000 seconds).
Test Case '-[HavitalTests.WorkoutUploadDataCombinationTests test_supplementalLap_zeroMissingDistance]' started.
Test Case '-[HavitalTests.WorkoutUploadDataCombinationTests test_supplementalLap_zeroMissingDistance]' passed (0.000 seconds).
Test Case '-[HavitalTests.WorkoutUploadDataCombinationTests test_veryShortWorkout]' started.
Test Case '-[HavitalTests.WorkoutUploadDataCombinationTests test_veryShortWorkout]' passed (0.000 seconds).
Test Suite 'WorkoutUploadDataCombinationTests' passed at 2026-08-29 15:40:15.756.
	 Executed 7 tests, with 0 failures (0 unexpected) in 0.002 (0.003) seconds
Test Suite 'WorkoutUploadErrorNoiseFilteringACTests' started at 2026-08-29 15:40:15.756.
Test Case '-[HavitalTests.WorkoutUploadErrorNoiseFilteringACTests test_ac_workout_log_01_device_locked_healthkit_skip_is_not_error]' started.
Test Case '-[HavitalTests.WorkoutUploadErrorNoiseFilteringACTests test_ac_workout_log_01_device_locked_healthkit_skip_is_not_error]' passed (0.001 seconds).
Test Case '-[HavitalTests.WorkoutUploadErrorNoiseFilteringACTests test_ac_workout_log_02_non_locked_healthkit_failures_still_report]' started.
Test Case '-[HavitalTests.WorkoutUploadErrorNoiseFilteringACTests test_ac_workout_log_02_non_locked_healthkit_failures_still_report]' passed (0.000 seconds).
Test Case '-[HavitalTests.WorkoutUploadErrorNoiseFilteringACTests test_ac_workout_log_03_cancelled_upload_is_short_circuited]' started.
Test Case '-[HavitalTests.WorkoutUploadErrorNoiseFilteringACTests test_ac_workout_log_03_cancelled_upload_is_short_circuited]' passed (0.004 seconds).
Test Case '-[HavitalTests.WorkoutUploadErrorNoiseFilteringACTests test_ac_workout_log_04_non_cancelled_errors_keep_reporting]' started.
Test Case '-[HavitalTests.WorkoutUploadErrorNoiseFilteringACTests test_ac_workout_log_04_non_cancelled_errors_keep_reporting]' passed (0.002 seconds).
Test Case '-[HavitalTests.WorkoutUploadErrorNoiseFilteringACTests test_ac_workout_log_05_recoverable_events_do_not_duplicate_logs]' started.
Test Case '-[HavitalTests.WorkoutUploadErrorNoiseFilteringACTests test_ac_workout_log_05_recoverable_events_do_not_duplicate_logs]' passed (0.000 seconds).
Test Suite 'WorkoutUploadErrorNoiseFilteringACTests' passed at 2026-08-29 15:40:15.766.
	 Executed 5 tests, with 0 failures (0 unexpected) in 0.008 (0.010) seconds
Test Suite 'WorkoutUploadFailureDispositionACTests' started at 2026-08-29 15:40:15.766.
Test Case '-[HavitalTests.WorkoutUploadFailureDispositionACTests test_ac_workout_log_06_only_data_validation_failure_is_permanent]' started.
Test Case '-[HavitalTests.WorkoutUploadFailureDispositionACTests test_ac_workout_log_06_only_data_validation_failure_is_permanent]' passed (0.000 seconds).
Test Case '-[HavitalTests.WorkoutUploadFailureDispositionACTests test_ac_workout_log_07_permanent_failure_stops_at_max_attempts]' started.
Test Case '-[HavitalTests.WorkoutUploadFailureDispositionACTests test_ac_workout_log_07_permanent_failure_stops_at_max_attempts]' passed (0.000 seconds).
Test Case '-[HavitalTests.WorkoutUploadFailureDispositionACTests test_ac_workout_log_07_transient_cooldown_backs_off_and_caps]' started.
Test Case '-[HavitalTests.WorkoutUploadFailureDispositionACTests test_ac_workout_log_07_transient_cooldown_backs_off_and_caps]' passed (0.000 seconds).
Test Case '-[HavitalTests.WorkoutUploadFailureDispositionACTests test_ac_workout_log_07_transient_failure_is_never_permanently_abandoned]' started.
Test Case '-[HavitalTests.WorkoutUploadFailureDispositionACTests test_ac_workout_log_07_transient_failure_is_never_permanently_abandoned]' passed (0.000 seconds).
Test Case '-[HavitalTests.WorkoutUploadFailureDispositionACTests test_ac_workout_log_08_legacy_failure_record_without_kind_is_transient]' started.
Test Case '-[HavitalTests.WorkoutUploadFailureDispositionACTests test_ac_workout_log_08_legacy_failure_record_without_kind_is_transient]' passed (0.000 seconds).
Test Case '-[HavitalTests.WorkoutUploadFailureDispositionACTests test_ac_workout_log_09_error_descriptions_are_distinguishable]' started.
Test Case '-[HavitalTests.WorkoutUploadFailureDispositionACTests test_ac_workout_log_09_error_descriptions_are_distinguishable]' passed (0.001 seconds).
Test Case '-[HavitalTests.WorkoutUploadFailureDispositionACTests test_ac_workout_log_09_skip_and_untried_are_not_recorded_as_failures]' started.
Test Case '-[HavitalTests.WorkoutUploadFailureDispositionACTests test_ac_workout_log_09_skip_and_untried_are_not_recorded_as_failures]' passed (0.001 seconds).
Test Case '-[HavitalTests.WorkoutUploadFailureDispositionACTests test_ac_workout_log_09_transient_batch_failure_is_recorded_as_transient]' started.
Test Case '-[HavitalTests.WorkoutUploadFailureDispositionACTests test_ac_workout_log_09_transient_batch_failure_is_recorded_as_transient]' passed (0.000 seconds).
Test Suite 'WorkoutUploadFailureDispositionACTests' passed at 2026-08-29 15:40:15.772.
	 Executed 8 tests, with 0 failures (0 unexpected) in 0.004 (0.005) seconds
Test Suite 'WorkoutUploadFailureLedgerOwnerPathTests' started at 2026-08-29 15:40:15.772.
Test Case '-[HavitalTests.WorkoutUploadFailureLedgerOwnerPathTests test_batch_upload_skip_does_not_enter_the_ledger]' started.
🗑️ [WorkoutUploadTracker] 已清除所有失敗記錄
數據來源已切換為: Garmin
[HealthDataUploadManagerV2] [INFO] [FirebaseLogging] 設置健康數據同步
[VDOTManager] [INFO] [FirebaseLogging] VDOT 數據已清除
[VDOTManager] [INFO] [FirebaseLogging] VDOTManager 初始化
[HealthDataUploadManagerV2] [INFO] [FirebaseLogging] Garmin 健康數據同步設置完成（無輪詢）
🚨 批次上傳開始：1 筆 workout，將暫停通知避免頻繁 API 調用
📤 [批次上傳] 正在處理 1/1 - run_1700345600_0
[VDOTManager] [DEBUG] VDOTManager: 本地緩存無數據
🚀 [TaskRegistry] 開始上傳任務 - WorkoutID: run_1700345600_0, Force: false, RetryHeartRate: false
🔄 [TaskRegistry] 執行上傳操作 - WorkoutID: run_1700345600_0
[AppleHealthWorkoutUploadService] [WARN] [FirebaseLogging] 上傳跳過：資料來源非 Apple Health
[AuthSessionRepositoryImpl] [ERROR] [AuthSession] ❌ Failed to get ID Token: 登入憑證已過期
[AuthSessionRepositoryImpl] [ERROR] [AuthSession] ❌ Failed to get ID Token: 登入憑證已過期
[FirebaseLogging] 上傳失敗: 登入憑證已過期
ℹ️ [批次上傳] run_1700345600_0 skipped this round, no upload attempted
🗑️ [WorkoutUploadTracker] 已清除所有失敗記錄
數據來源已切換為: Apple Health
Test Case '-[HavitalTests.WorkoutUploadFailureLedgerOwnerPathTests test_batch_upload_skip_does_not_enter_the_ledger]' passed (0.004 seconds).
Test Case '-[HavitalTests.WorkoutUploadFailureLedgerOwnerPathTests test_batch_upload_validation_failure_is_recorded_exactly_once_as_permanent]' started.
🗑️ [WorkoutUploadTracker] 已清除所有失敗記錄
[HealthDataUploadManagerV2] [INFO] [FirebaseLogging] 設置健康數據同步
📤 [performUploadPendingData] 開始上傳待處理的健康數據
[VDOTManager] [INFO] [FirebaseLogging] VDOT 數據已清除
[VDOTManager] [INFO] [FirebaseLogging] VDOTManager 初始化
[VDOTManager] [DEBUG] VDOTManager: 本地緩存無數據
🔐 [collectHealthDataForUpload] HRV 授權狀態: 1, 靜息心率授權狀態: 1
📤 [collectHealthDataForUpload] 總共 7 天，已上傳 0 天，待上傳 7 天
數據來源已切換為: Apple Health
[VDOTManager] [INFO] [FirebaseLogging] VDOT 數據已清除
[HealthDataUploadManagerV2] [INFO] [FirebaseLogging] 設置健康數據同步
[VDOTManager] [INFO] [FirebaseLogging] VDOTManager 初始化
🚨 批次上傳開始：1 筆 workout，將暫停通知避免頻繁 API 調用
[DataManageable] 數據載入中，跳過重複調用: upload_pending_health_data
📤 [批次上傳] 正在處理 1/1 - run_1700432000_0
[VDOTManager] [DEBUG] VDOTManager: 本地緩存無數據
🚀 [TaskRegistry] 開始上傳任務 - WorkoutID: run_1700432000_0, Force: false, RetryHeartRate: false
🔄 [TaskRegistry] 執行上傳操作 - WorkoutID: run_1700432000_0
[DataManageable] 數據載入中，跳過重複調用: load_vdot_data
 HRV authorization status: 1
[AppleHealthWorkoutUploadService] [WARN] [FirebaseLogging] 上傳跳過：運動持續時間為 0
[HealthDataUploadManagerV2] [WARN] [FirebaseLogging] 背景同步任務註冊失敗: The operation couldn’t be completed. (BGTaskSchedulerErrorDomain error 1.)
[AuthSessionRepositoryImpl] [ERROR] [AuthSession] ❌ Failed to get ID Token: 登入憑證已過期
[AuthSessionRepositoryImpl] [ERROR] [AuthSession] ❌ Failed to get ID Token: 登入憑證已過期
📊 [fetchRestingHeartRateData] 獲取到 0 筆靜息心率數據
[FirebaseLogging] 上傳失敗: 登入憑證已過期
🚨 [WorkoutUploadTracker] 記錄上傳失敗: 1700432000_1700432000_37
   - 重試次數: 1/3
   - 失敗原因: 無效的運動數據
[AppleHealthWorkoutUploadService] [ERROR] [FirebaseLogging] Workout 上傳失敗
❌ [批次上傳] run_1700432000_0 上傳失敗: 無效的運動數據
[AuthSessionRepositoryImpl] [ERROR] [AuthSession] ❌ Failed to get ID Token: 登入憑證已過期
[FirebaseLogging] 上傳失敗: 登入憑證已過期
[HealthDataUploadManagerV2] [INFO] [FirebaseLogging] 檢測到健康數據更新
[DataManageable] 數據載入中，跳過重複調用: upload_recent_health_data
 HRV raw samples count: 0, sources: []
📊 [forceRefreshHealthData] 強制刷新 14 天數據
📤 [collectHealthDataForUpload] 獲取到 0 筆 HRV 原始數據
📤 [collectHealthDataForUpload] 獲取到 0 筆靜息心率原始數據
📤 [collectHealthDataForUpload] 分組後有 0 天的 HRV 數據
📤 [collectHealthDataForUpload] 分組後有 0 天的靜息心率數據
📤 [collectHealthDataForUpload] 準備上傳 0 筆健康記錄
[HealthDataUploadManagerV2] [INFO] [FirebaseLogging] 收集健康數據完成
📤 [performUploadPendingData] 沒有需要上傳的數據
🗑️ [WorkoutUploadTracker] 已清除所有失敗記錄
數據來源已切換為: Apple Health
Test Case '-[HavitalTests.WorkoutUploadFailureLedgerOwnerPathTests test_batch_upload_validation_failure_is_recorded_exactly_once_as_permanent]' passed (0.005 seconds).
Test Case '-[HavitalTests.WorkoutUploadFailureLedgerOwnerPathTests test_persisted_legacy_record_without_kind_is_released]' started.
🗑️ [WorkoutUploadTracker] 已清除所有失敗記錄
✅ [WorkoutUploadTracker] Workout 1700259200_1700261000_37 可以重試上傳 (transient，第 6 次)
🗑️ [WorkoutUploadTracker] 已清除所有失敗記錄
數據來源已切換為: Apple Health
Test Case '-[HavitalTests.WorkoutUploadFailureLedgerOwnerPathTests test_persisted_legacy_record_without_kind_is_released]' passed (0.001 seconds).
Test Case '-[HavitalTests.WorkoutUploadFailureLedgerOwnerPathTests test_persisted_permanent_failures_stop_at_max_attempts]' started.
🗑️ [WorkoutUploadTracker] 已清除所有失敗記錄
🚨 [WorkoutUploadTracker] 記錄上傳失敗: 1700172800_1700174600_37
   - 重試次數: 1/3
   - 失敗原因: validation
✅ [WorkoutUploadTracker] Workout 1700172800_1700174600_37 可以重試上傳 (permanent，第 2 次)
🚨 [WorkoutUploadTracker] 記錄上傳失敗: 1700172800_1700174600_37
   - 重試次數: 2/3
   - 失敗原因: validation
✅ [WorkoutUploadTracker] Workout 1700172800_1700174600_37 可以重試上傳 (permanent，第 3 次)
🚨 [WorkoutUploadTracker] 記錄上傳失敗: 1700172800_1700174600_37
   - 重試次數: 3/3
   - 失敗原因: validation
⚠️ [WorkoutUploadTracker] Workout 1700172800_1700174600_37 資料驗證失敗已達上限 (3/3)，停止上傳
✅ [WorkoutUploadTracker] 清除失敗記錄: 1700172800_1700174600_37
🗑️ [WorkoutUploadTracker] 已清除所有失敗記錄
數據來源已切換為: Apple Health
Test Case '-[HavitalTests.WorkoutUploadFailureLedgerOwnerPathTests test_persisted_permanent_failures_stop_at_max_attempts]' passed (0.003 seconds).
Test Case '-[HavitalTests.WorkoutUploadFailureLedgerOwnerPathTests test_persisted_transient_failures_never_stop_being_retryable]' started.
🗑️ [WorkoutUploadTracker] 已清除所有失敗記錄
🚨 [WorkoutUploadTracker] 記錄上傳失敗: 1700086400_1700088200_37
   - 重試次數: 1/3
   - 失敗原因: timeout
✅ [WorkoutUploadTracker] Workout 1700086400_1700088200_37 可以重試上傳 (transient，第 2 次)
🚨 [WorkoutUploadTracker] 記錄上傳失敗: 1700086400_1700088200_37
   - 重試次數: 2/3
   - 失敗原因: timeout
✅ [WorkoutUploadTracker] Workout 1700086400_1700088200_37 可以重試上傳 (transient，第 3 次)
🚨 [WorkoutUploadTracker] 記錄上傳失敗: 1700086400_1700088200_37
   - 重試次數: 3/3
   - 失敗原因: timeout
✅ [WorkoutUploadTracker] Workout 1700086400_1700088200_37 可以重試上傳 (transient，第 4 次)
🚨 [WorkoutUploadTracker] 記錄上傳失敗: 1700086400_1700088200_37
   - 重試次數: 4/3
   - 失敗原因: timeout
✅ [WorkoutUploadTracker] Workout 1700086400_1700088200_37 可以重試上傳 (transient，第 5 次)
🚨 [WorkoutUploadTracker] 記錄上傳失敗: 1700086400_1700088200_37
   - 重試次數: 5/3
   - 失敗原因: timeout
✅ [WorkoutUploadTracker] Workout 1700086400_1700088200_37 可以重試上傳 (transient，第 6 次)
🚨 [WorkoutUploadTracker] 記錄上傳失敗: 1700086400_1700088200_37
   - 重試次數: 6/3
   - 失敗原因: timeout
✅ [WorkoutUploadTracker] Workout 1700086400_1700088200_37 可以重試上傳 (transient，第 7 次)
⚠️ [WorkoutUploadTracker] Workout 1700086400_1700088200_37 在冷卻期內，還需等待 359 分鐘
🗑️ [WorkoutUploadTracker] 已清除所有失敗記錄
數據來源已切換為: Apple Health
Test Case '-[HavitalTests.WorkoutUploadFailureLedgerOwnerPathTests test_persisted_transient_failures_never_stop_being_retryable]' passed (0.003 seconds).
Test Case '-[HavitalTests.WorkoutUploadFailureLedgerOwnerPathTests test_single_upload_owner_writes_the_ledger_exactly_once]' started.
🗑️ [WorkoutUploadTracker] 已清除所有失敗記錄
📊 [loadHealthDataForRange] 開始載入數據，天數: 14
[HealthDataUploadManagerV2] [INFO] [FirebaseLogging] 設置健康數據同步
[VDOTManager] [INFO] [FirebaseLogging] VDOT 數據已清除
[VDOTManager] [INFO] [FirebaseLogging] VDOTManager 初始化
[HealthDataUploadManagerV2] [INFO] [FirebaseLogging] 設置健康數據同步
[VDOTManager] [DEBUG] VDOTManager: 本地緩存無數據
[HealthDataUploadManagerV2] [INFO] [FirebaseLogging] 設置健康數據同步
[VDOTManager] [INFO] [FirebaseLogging] VDOT 數據已清除
[VDOTManager] [INFO] [FirebaseLogging] VDOT 數據已清除
[HealthDataUploadManagerV2] [INFO] [FirebaseLogging] 設置健康數據同步
[VDOTManager] [INFO] [FirebaseLogging] VDOTManager 初始化
[VDOTManager] [INFO] [FirebaseLogging] VDOTManager 初始化
[VDOTManager] [INFO] [FirebaseLogging] VDOT 數據已清除
[VDOTManager] [DEBUG] VDOTManager: 本地緩存無數據
[VDOTManager] [DEBUG] VDOTManager: 本地緩存無數據
[VDOTManager] [INFO] [FirebaseLogging] VDOTManager 初始化
[VDOTManager] [INFO] [FirebaseLogging] VDOT 數據已清除
數據來源已切換為: Apple Health
[VDOTManager] [DEBUG] VDOTManager: 本地緩存無數據
[AuthSessionRepositoryImpl] [ERROR] [AuthSession] ❌ Failed to get ID Token: 登入憑證已過期
[HealthDataUploadManagerV2] [INFO] [FirebaseLogging] 設置健康數據同步
[VDOTManager] [INFO] [FirebaseLogging] VDOTManager 初始化
🚀 [TaskRegistry] 開始上傳任務 - WorkoutID: run_1700518400_0, Force: false, RetryHeartRate: false
🔄 [TaskRegistry] 執行上傳操作 - WorkoutID: run_1700518400_0
[VDOTManager] [DEBUG] VDOTManager: 本地緩存無數據
[DataManageable] 數據載入中，跳過重複調用: load_vdot_data
[DataManageable] 數據載入中，跳過重複調用: load_vdot_data
[HealthDataUploadManagerV2] [WARN] [FirebaseLogging] 背景同步任務註冊失敗: The operation couldn’t be completed. (BGTaskSchedulerErrorDomain error 1.)
[DataManageable] 數據載入中，跳過重複調用: load_vdot_data
[DataManageable] 數據載入中，跳過重複調用: upload_pending_health_data
📊 [loadHealthDataForRange] ❌ API 調用失敗: 登入憑證已過期
📊 [loadHealthDataForRange] 回退到本地 HealthKit 數據
[DataManageable] 數據載入中，跳過重複調用: load_vdot_data
[AppleHealthWorkoutUploadService] [WARN] [FirebaseLogging] 上傳跳過：運動持續時間為 0
[HealthDataUploadManagerV2] [WARN] [FirebaseLogging] 背景同步任務註冊失敗: The operation couldn’t be completed. (BGTaskSchedulerErrorDomain error 1.)
📤 [performUploadPendingData] 開始上傳待處理的健康數據
📤 [performUploadPendingData] 開始上傳待處理的健康數據
🚨 [WorkoutUploadTracker] 記錄上傳失敗: 1700518400_1700518400_37
   - 重試次數: 1/3
   - 失敗原因: 無效的運動數據
📤 [performUploadPendingData] 開始上傳待處理的健康數據
[HealthDataUploadManagerV2] [WARN] [FirebaseLogging] 背景同步任務註冊失敗: The operation couldn’t be completed. (BGTaskSchedulerErrorDomain error 1.)
📤 [performUploadPendingData] 開始上傳待處理的健康數據
[HealthDataUploadManagerV2] [WARN] [FirebaseLogging] 背景同步任務註冊失敗: The operation couldn’t be completed. (BGTaskSchedulerErrorDomain error 1.)
[AuthSessionRepositoryImpl] [ERROR] [AuthSession] ❌ Failed to get ID Token: 登入憑證已過期
[AuthSessionRepositoryImpl] [ERROR] [AuthSession] ❌ Failed to get ID Token: 登入憑證已過期
[FirebaseLogging] 上傳失敗: 登入憑證已過期
[HealthDataUploadManagerV2] [WARN] [FirebaseLogging] 背景同步任務註冊失敗: The operation couldn’t be completed. (BGTaskSchedulerErrorDomain error 1.)
 HRV authorization status: 1
🔐 [collectHealthDataForUpload] HRV 授權狀態: 1, 靜息心率授權狀態: 1
📤 [collectHealthDataForUpload] 總共 7 天，已上傳 0 天，待上傳 7 天
🗑️ [WorkoutUploadTracker] 已清除所有失敗記錄
數據來源已切換為: Apple Health
Test Case '-[HavitalTests.WorkoutUploadFailureLedgerOwnerPathTests test_single_upload_owner_writes_the_ledger_exactly_once]' passed (0.005 seconds).
Test Suite 'WorkoutUploadFailureLedgerOwnerPathTests' passed at 2026-08-29 15:40:15.794.
	 Executed 6 tests, with 0 failures (0 unexpected) in 0.021 (0.022) seconds
Test Suite 'ZoneNamingModelTests' started at 2026-08-29 15:40:15.794.
Test Case '-[HavitalTests.ZoneNamingModelTests test_hrZone3_isMarathon_not_threshold]' started.
Test Case '-[HavitalTests.ZoneNamingModelTests test_hrZone3_isMarathon_not_threshold]' passed (0.000 seconds).
Test Case '-[HavitalTests.ZoneNamingModelTests test_hrZone3_marathonBand_below_zone4_thresholdBand]' started.
Test Case '-[HavitalTests.ZoneNamingModelTests test_hrZone3_marathonBand_below_zone4_thresholdBand]' passed (0.000 seconds).
Test Case '-[HavitalTests.ZoneNamingModelTests test_hrZone3_marathonName_localizesToMarathonText]' started.
Test Case '-[HavitalTests.ZoneNamingModelTests test_hrZone3_marathonName_localizesToMarathonText]' passed (0.000 seconds).
 HRV raw samples count: 0, sources: []
Test Case '-[HavitalTests.ZoneNamingModelTests test_hrZone4_isThreshold]' started.
Test Case '-[HavitalTests.ZoneNamingModelTests test_hrZone4_isThreshold]' passed (0.000 seconds).
Test Case '-[HavitalTests.ZoneNamingModelTests test_paceZone_marathon_isModerateBand]' started.
Test Case '-[HavitalTests.ZoneNamingModelTests test_paceZone_marathon_isModerateBand]' passed (0.000 seconds).
Test Case '-[HavitalTests.ZoneNamingModelTests test_paceZone_tempo_isMarathonBand]' started.
Test Case '-[HavitalTests.ZoneNamingModelTests test_paceZone_tempo_isMarathonBand]' passed (0.000 seconds).
Test Case '-[HavitalTests.ZoneNamingModelTests test_paceZone_threshold_fasterThan_marathon]' started.
Test Case '-[HavitalTests.ZoneNamingModelTests test_paceZone_threshold_fasterThan_marathon]' passed (0.000 seconds).
Test Case '-[HavitalTests.ZoneNamingModelTests test_paceZone_threshold_isThresholdBand]' started.
Test Case '-[HavitalTests.ZoneNamingModelTests test_paceZone_threshold_isThresholdBand]' passed (0.000 seconds).
Test Suite 'ZoneNamingModelTests' passed at 2026-08-29 15:40:15.798.
	 Executed 8 tests, with 0 failures (0 unexpected) in 0.003 (0.004) seconds
Test Suite 'HavitalTests.xctest' passed at 2026-08-29 15:40:15.800.
	 Executed 2056 tests, with 38 tests skipped and 0 failures (0 unexpected) in 27.863 (28.383) seconds
Test Suite 'Selected tests' passed at 2026-08-29 15:40:15.800.
	 Executed 2056 tests, with 38 tests skipped and 0 failures (0 unexpected) in 27.863 (28.384) seconds
🔐 [collectHealthDataForUpload] HRV 授權狀態: 1, 靜息心率授權狀態: 1
📤 [collectHealthDataForUpload] 總共 7 天，已上傳 0 天，待上傳 7 天
🔐 [collectHealthDataForUpload] HRV 授權狀態: 1, 靜息心率授權狀態: 1
📤 [collectHealthDataForUpload] 總共 7 天，已上傳 0 天，待上傳 7 天
🔐 [collectHealthDataForUpload] HRV 授權狀態: 1, 靜息心率授權狀態: 1
📤 [collectHealthDataForUpload] 總共 7 天，已上傳 0 天，待上傳 7 天
[HealthDataUploadManagerV2] [INFO] [FirebaseLogging] 檢測到健康數據更新
[HealthDataUploadManagerV2] [INFO] [FirebaseLogging] 設置健康數據同步
[HealthDataUploadManagerV2] [INFO] [FirebaseLogging] 檢測到健康數據更新
[HealthDataUploadManagerV2] [INFO] [FirebaseLogging] 檢測到健康數據更新
[HealthDataUploadManagerV2] [INFO] [FirebaseLogging] 檢測到健康數據更新
 HRV authorization status: 1
[VDOTManager] [INFO] [FirebaseLogging] VDOT 數據已清除
[VDOTManager] [INFO] [FirebaseLogging] VDOTManager 初始化
[HealthDataUploadManagerV2] [INFO] [FirebaseLogging] 檢測到健康數據更新
[VDOTManager] [DEBUG] VDOTManager: 本地緩存無數據
📊 [fetchRestingHeartRateData] 獲取到 0 筆靜息心率數據
📊 [getLocalHealthData] ✅ 返回 1 筆記錄（HRV: 0 天，RHR: 1 天）
[HealthDataUploadManagerV2] [WARN] [FirebaseLogging] 從 API 載入失敗，使用本地數據
[DataManageable] 數據載入中，跳過重複調用: upload_pending_health_data
[DataManageable] 數據載入中，跳過重複調用: upload_recent_health_data
[DataManageable] 數據載入中，跳過重複調用: upload_recent_health_data
[DataManageable] 數據載入中，跳過重複調用: upload_recent_health_data
[DataManageable] 數據載入中，跳過重複調用: upload_recent_health_data
[DataManageable] 數據載入中，跳過重複調用: upload_recent_health_data
[HealthDataUploadManagerV2] [WARN] [FirebaseLogging] 背景同步任務註冊失敗: The operation couldn’t be completed. (BGTaskSchedulerErrorDomain error 1.)
 HRV authorization status: 1
 HRV authorization status: 1
 HRV authorization status: 1
📊 [forceRefreshHealthData] 強制刷新 14 天數據
📊 [forceRefreshHealthData] 強制刷新 14 天數據
📊 [forceRefreshHealthData] 強制刷新 14 天數據
📊 [forceRefreshHealthData] 強制刷新 14 天數據
📊 [loadHealthDataForRange] 開始載入數據，天數: 14
📊 [loadHealthDataForRange] 開始載入數據，天數: 14
📊 [loadHealthDataForRange] 開始載入數據，天數: 14
[AuthSessionRepositoryImpl] [ERROR] [AuthSession] ❌ Failed to get ID Token: 登入憑證已過期
📊 [loadHealthDataForRange] 開始載入數據，天數: 14
📊 [loadHealthDataForRange] 開始載入數據，天數: 14
[AuthSessionRepositoryImpl] [ERROR] [AuthSession] ❌ Failed to get ID Token: 登入憑證已過期
[AuthSessionRepositoryImpl] [ERROR] [AuthSession] ❌ Failed to get ID Token: 登入憑證已過期
[AuthSessionRepositoryImpl] [ERROR] [AuthSession] ❌ Failed to get ID Token: 登入憑證已過期
[AuthSessionRepositoryImpl] [ERROR] [AuthSession] ❌ Failed to get ID Token: 登入憑證已過期
📊 [loadHealthDataForRange] ❌ API 調用失敗: 登入憑證已過期
📊 [loadHealthDataForRange] 回退到本地 HealthKit 數據
 HRV raw samples count: 0, sources: []
📊 [loadHealthDataForRange] ❌ API 調用失敗: 登入憑證已過期
📊 [loadHealthDataForRange] 回退到本地 HealthKit 數據
📊 [loadHealthDataForRange] ❌ API 調用失敗: 登入憑證已過期
📊 [loadHealthDataForRange] 回退到本地 HealthKit 數據
📊 [loadHealthDataForRange] ❌ API 調用失敗: 登入憑證已過期
📊 [loadHealthDataForRange] 回退到本地 HealthKit 數據
📤 [collectHealthDataForUpload] 獲取到 0 筆 HRV 原始數據
📤 [collectHealthDataForUpload] 獲取到 0 筆靜息心率原始數據
📤 [collectHealthDataForUpload] 分組後有 0 天的 HRV 數據
📤 [collectHealthDataForUpload] 分組後有 0 天的靜息心率數據
[AuthSessionRepositoryImpl] [ERROR] [AuthSession] ❌ Failed to get ID Token: 登入憑證已過期
📤 [collectHealthDataForUpload] 準備上傳 0 筆健康記錄
📊 [fetchRestingHeartRateData] 獲取到 0 筆靜息心率數據
 HRV authorization status: 1
[HealthDataUploadManagerV2] [INFO] [FirebaseLogging] 收集健康數據完成
📤 [performUploadPendingData] 沒有需要上傳的數據
📊 [loadHealthDataForRange] ❌ API 調用失敗: 登入憑證已過期
📊 [loadHealthDataForRange] 回退到本地 HealthKit 數據
📊 [fetchRestingHeartRateData] 獲取到 0 筆靜息心率數據
📊 [fetchRestingHeartRateData] 獲取到 0 筆靜息心率數據
 HRV raw samples count: 0, sources: []
 HRV raw samples count: 0, sources: []
📤 [collectHealthDataForUpload] 獲取到 0 筆 HRV 原始數據
📤 [collectHealthDataForUpload] 獲取到 0 筆靜息心率原始數據
 HRV authorization status: 1
 HRV authorization status: 1
 HRV authorization status: 1
 HRV authorization status: 1
 HRV raw samples count: 0, sources: []
📤 [collectHealthDataForUpload] 分組後有 0 天的 HRV 數據
📤 [collectHealthDataForUpload] 分組後有 0 天的靜息心率數據
📤 [collectHealthDataForUpload] 準備上傳 0 筆健康記錄
[HealthDataUploadManagerV2] [INFO] [FirebaseLogging] 收集健康數據完成
📤 [performUploadPendingData] 沒有需要上傳的數據
📤 [collectHealthDataForUpload] 獲取到 0 筆 HRV 原始數據
📤 [collectHealthDataForUpload] 獲取到 0 筆靜息心率原始數據
📤 [collectHealthDataForUpload] 分組後有 0 天的 HRV 數據
📤 [collectHealthDataForUpload] 分組後有 0 天的靜息心率數據
📤 [collectHealthDataForUpload] 準備上傳 0 筆健康記錄
[HealthDataUploadManagerV2] [INFO] [FirebaseLogging] 收集健康數據完成
📤 [performUploadPendingData] 沒有需要上傳的數據
[HealthDataUploadManagerV2] [INFO] [FirebaseLogging] 檢測到健康數據更新
📤 [collectHealthDataForUpload] 獲取到 0 筆 HRV 原始數據
📤 [collectHealthDataForUpload] 獲取到 0 筆靜息心率原始數據
📤 [collectHealthDataForUpload] 分組後有 0 天的 HRV 數據
📤 [collectHealthDataForUpload] 分組後有 0 天的靜息心率數據
📤 [collectHealthDataForUpload] 準備上傳 0 筆健康記錄
[HealthDataUploadManagerV2] [INFO] [FirebaseLogging] 收集健康數據完成
📤 [performUploadPendingData] 沒有需要上傳的數據
[HealthDataUploadManagerV2] [WARN] [FirebaseLogging] 背景同步任務註冊失敗: The operation couldn’t be completed. (BGTaskSchedulerErrorDomain error 1.)
📤 [performUploadRecentData] 開始上傳最近的健康數據
🔐 [collectHealthDataForUpload] HRV 授權狀態: 1, 靜息心率授權狀態: 1
📤 [collectHealthDataForUpload] 總共 7 天，已上傳 0 天，待上傳 7 天
 HRV raw samples count: 0, sources: []
📊 [getLocalHealthData] ✅ 返回 1 筆記錄（HRV: 0 天，RHR: 1 天）
 HRV raw samples count: 0, sources: []
[HealthDataUploadManagerV2] [WARN] [FirebaseLogging] 從 API 載入失敗，使用本地數據
📊 [getLocalHealthData] ✅ 返回 1 筆記錄（HRV: 0 天，RHR: 1 天）
 HRV authorization status: 1
[HealthDataUploadManagerV2] [WARN] [FirebaseLogging] 從 API 載入失敗，使用本地數據
 HRV raw samples count: 0, sources: []
📊 [getLocalHealthData] ✅ 返回 1 筆記錄（HRV: 0 天，RHR: 1 天）
[HealthDataUploadManagerV2] [WARN] [FirebaseLogging] 從 API 載入失敗，使用本地數據
 HRV raw samples count: 0, sources: []
📊 [getLocalHealthData] ✅ 返回 1 筆記錄（HRV: 0 天，RHR: 1 天）
 HRV raw samples count: 0, sources: []
[HealthDataUploadManagerV2] [WARN] [FirebaseLogging] 從 API 載入失敗，使用本地數據
📊 [getLocalHealthData] ✅ 返回 1 筆記錄（HRV: 0 天，RHR: 1 天）
[HealthDataUploadManagerV2] [WARN] [FirebaseLogging] 從 API 載入失敗，使用本地數據
📊 [fetchRestingHeartRateData] 獲取到 0 筆靜息心率數據
 HRV raw samples count: 0, sources: []
[HealthDataUploadManagerV2] [INFO] [FirebaseLogging] 檢測到健康數據更新
📤 [collectHealthDataForUpload] 獲取到 0 筆 HRV 原始數據
📤 [collectHealthDataForUpload] 獲取到 0 筆靜息心率原始數據
📤 [collectHealthDataForUpload] 分組後有 0 天的 HRV 數據
📤 [collectHealthDataForUpload] 分組後有 0 天的靜息心率數據
📤 [collectHealthDataForUpload] 準備上傳 0 筆健康記錄
[HealthDataUploadManagerV2] [INFO] [FirebaseLogging] 收集健康數據完成
📤 [performUploadRecentData] 沒有需要上傳的數據
[DataManageable] 數據載入中，跳過重複調用: upload_recent_health_data
📊 [forceRefreshHealthData] 強制刷新 14 天數據
📊 [forceRefreshHealthData] 強制刷新 14 天數據
📊 [loadHealthDataForRange] 開始載入數據，天數: 14
📊 [loadHealthDataForRange] 開始載入數據，天數: 14
[AuthSessionRepositoryImpl] [ERROR] [AuthSession] ❌ Failed to get ID Token: 登入憑證已過期
[AuthSessionRepositoryImpl] [ERROR] [AuthSession] ❌ Failed to get ID Token: 登入憑證已過期
2026-08-29 15:40:16.192 xcodebuild[35012:239935566] [MT] IDETestOperationsObserverDebug: 32.700 elapsed -- Testing started completed.
2026-08-29 15:40:16.192 xcodebuild[35012:239935566] [MT] IDETestOperationsObserverDebug: 0.000 sec, +0.000 sec -- start
2026-08-29 15:40:16.192 xcodebuild[35012:239935566] [MT] IDETestOperationsObserverDebug: 32.700 sec, +32.700 sec -- end

Test session results, code coverage, and logs:
	/tmp/havital-xcodebuild/derivedData/Logs/Test/Test-Havital-2026.08.29_15-39-26-+0900.xcresult

** TEST SUCCEEDED **

Testing started
